12715 segments, 862 chunks, 16,039,136 characters, 862 spawn files
  c01  1 sources  11 segments  19,455 chars: BURSEVI
  c02  1 sources  11 segments  19,229 chars: BURSEVI
  c03  1 sources  11 segments  19,692 chars: BURSEVI
  c04  1 sources  11 segments  19,539 chars: BURSEVI
  c05  1 sources  12 segments  19,847 chars: BURSEVI
  c06  1 sources  12 segments  18,524 chars: BURSEVI
  c07  1 sources  14 segments  19,462 chars: BURSEVI
  c08  1 sources  12 segments  19,164 chars: BURSEVI
  c09  1 sources  12 segments  18,709 chars: BURSEVI
  c10  1 sources  12 segments  18,688 chars: BURSEVI
  c11  1 sources  13 segments  19,939 chars: BURSEVI
  c12  1 sources  12 segments  19,919 chars: BURSEVI
  c13  1 sources  12 segments  19,058 chars: BURSEVI
  c14  1 sources  15 segments  19,710 chars: BURSEVI
  c15  1 sources  14 segments  19,909 chars: BURSEVI
  c16  1 sources  12 segments  18,452 chars: BURSEVI
  c17  1 sources  13 segments  18,007 chars: BURSEVI
  c18  1 sources  10 segments  18,439 chars: BURSEVI
  c19  1 sources  12 segments  19,282 chars: BURSEVI
  c20  1 sources  12 segments  19,334 chars: BURSEVI
  c21  1 sources  11 segments  18,473 chars: BURSEVI
  c22  1 sources  12 segments  18,966 chars: BURSEVI
  c23  1 sources  14 segments  18,631 chars: BURSEVI
  c24  1 sources  12 segments  19,275 chars: BURSEVI
  c25  1 sources  13 segments  18,381 chars: BURSEVI
  c26  1 sources  13 segments  18,799 chars: BURSEVI
  c27  1 sources  14 segments  19,919 chars: BURSEVI
  c28  1 sources  14 segments  19,351 chars: BURSEVI
  c29  1 sources  12 segments  14,792 chars: BURSEVI
  c30  1 sources  15 segments  18,554 chars: QASHANI
  c31  1 sources  20 segments  19,913 chars: QASHANI
  c32  1 sources  17 segments  18,754 chars: QASHANI
  c33  1 sources  18 segments  19,590 chars: QASHANI
  c34  1 sources  19 segments  18,866 chars: QASHANI
  c35  1 sources  12 segments  10,246 chars: QASHANI
  c36  1 sources   9 segments  18,040 chars: QUSHAYRI
  c37  1 sources   9 segments  19,928 chars: QUSHAYRI
  c38  1 sources   9 segments  19,335 chars: QUSHAYRI
  c39  1 sources   7 segments  18,834 chars: QUSHAYRI
  c40  1 sources   3 segments   9,709 chars: QUSHAYRI
  c41  1 sources  42 segments  19,863 chars: SULAMI
  c42  1 sources  35 segments  19,740 chars: SULAMI
  c43  1 sources  38 segments  19,987 chars: SULAMI
  c44  1 sources  38 segments  18,448 chars: SULAMI
  c45  1 sources  42 segments  17,473 chars: TUSTARI
  c46  1 sources  23 segments  19,638 chars: AKHFASH
  c47  1 sources   3 segments   2,555 chars: AKHFASH
  c48  1 sources  14 segments  19,080 chars: FARRA
  c49  1 sources  14 segments  18,380 chars: FARRA
  c50  1 sources  15 segments  19,748 chars: FARRA
  c51  1 sources   5 segments   6,392 chars: FARRA
  c52  1 sources  74 segments  19,783 chars: IBNQUTAYBA-GHARIB
  c53  1 sources  69 segments  13,979 chars: IBNQUTAYBA-GHARIB
  c54  1 sources  25 segments  19,444 chars: MAJAZ
  c55  1 sources  16 segments  12,681 chars: MAJAZ
  c56  1 sources   9 segments  18,437 chars: NAHHAS
  c57  1 sources  11 segments  18,830 chars: NAHHAS
  c58  1 sources  11 segments  19,128 chars: NAHHAS
  c59  1 sources  11 segments  19,047 chars: NAHHAS
  c60  1 sources  11 segments  19,106 chars: NAHHAS
  c61  1 sources   8 segments  15,321 chars: NAHHAS
  c62  1 sources  19 segments  19,430 chars: SAMIN-DURR
  c63  1 sources  20 segments  19,290 chars: SAMIN-DURR
  c64  1 sources  17 segments  18,499 chars: SAMIN-DURR
  c65  1 sources  21 segments  19,502 chars: SAMIN-DURR
  c66  1 sources  23 segments  19,063 chars: SAMIN-DURR
  c67  1 sources  23 segments  19,633 chars: SAMIN-DURR
  c68  1 sources  21 segments  18,390 chars: SAMIN-DURR
  c69  1 sources  17 segments  19,299 chars: SAMIN-DURR
  c70  1 sources  20 segments  19,552 chars: SAMIN-DURR
  c71  1 sources  21 segments  19,287 chars: SAMIN-DURR
  c72  1 sources  24 segments  19,796 chars: SAMIN-DURR
  c73  1 sources  24 segments  19,217 chars: SAMIN-DURR
  c74  1 sources  24 segments  19,673 chars: SAMIN-DURR
  c75  1 sources  20 segments  19,503 chars: SAMIN-DURR
  c76  1 sources  21 segments  19,770 chars: SAMIN-DURR
  c77  1 sources  21 segments  18,520 chars: SAMIN-DURR
  c78  1 sources  27 segments  19,684 chars: SAMIN-DURR
  c79  1 sources  23 segments  19,571 chars: SAMIN-DURR
  c80  1 sources  23 segments  19,564 chars: SAMIN-DURR
  c81  1 sources  22 segments  19,034 chars: SAMIN-DURR
  c82  1 sources  22 segments  19,055 chars: SAMIN-DURR
  c83  1 sources  17 segments  19,251 chars: SAMIN-DURR
  c84  1 sources  10 segments   8,275 chars: SAMIN-DURR
  c85  1 sources  16 segments  19,809 chars: ZAJJAJ
  c86  1 sources  16 segments  19,343 chars: ZAJJAJ
  c87  1 sources  20 segments  19,380 chars: ZAJJAJ
  c88  1 sources  19 segments  19,379 chars: ZAJJAJ
  c89  1 sources  18 segments  19,626 chars: ZAJJAJ
  c90  1 sources  19 segments  18,928 chars: ZAJJAJ
  c91  1 sources  18 segments  19,930 chars: ZAJJAJ
  c92  1 sources  13 segments  13,826 chars: ZAJJAJ
  c93  1 sources  45 segments  19,857 chars: ASAD-NOTES
  c94  1 sources  50 segments  19,226 chars: ASAD-NOTES
  c95  1 sources  46 segments  19,902 chars: ASAD-NOTES
  c96  1 sources  42 segments  19,327 chars: ASAD-NOTES
  c97  1 sources  48 segments  19,736 chars: ASAD-NOTES
  c98  1 sources  48 segments  19,457 chars: ASAD-NOTES
  c99  1 sources  50 segments  19,681 chars: ASAD-NOTES
  c100  1 sources  35 segments  19,801 chars: ASAD-NOTES
  c101  1 sources  49 segments  19,511 chars: ASAD-NOTES
  c102  1 sources  43 segments  19,924 chars: ASAD-NOTES
  c103  1 sources  48 segments  19,287 chars: ASAD-NOTES
  c104  1 sources  49 segments  19,836 chars: ASAD-NOTES
  c105  1 sources  41 segments  17,772 chars: ASAD-NOTES
  c106  1 sources   8 segments  11,788 chars: SAMARRAI-LAMASAT-HALAQAT
  c107  1 sources   6 segments  19,268 chars: ISLAHI-TADABBUR
  c108  1 sources   6 segments  16,665 chars: ISLAHI-TADABBUR
  c109  1 sources   6 segments  19,501 chars: ISLAHI-TADABBUR
  c110  1 sources   6 segments  19,686 chars: ISLAHI-TADABBUR
  c111  1 sources   5 segments  16,813 chars: ISLAHI-TADABBUR
  c112  1 sources   6 segments  18,306 chars: ISLAHI-TADABBUR
  c113  1 sources   6 segments  19,193 chars: ISLAHI-TADABBUR
  c114  1 sources   6 segments  18,566 chars: ISLAHI-TADABBUR
  c115  1 sources   6 segments  18,463 chars: ISLAHI-TADABBUR
  c116  1 sources   5 segments  17,874 chars: ISLAHI-TADABBUR
  c117  1 sources   5 segments  17,941 chars: ISLAHI-TADABBUR
  c118  1 sources   2 segments   7,272 chars: ISLAHI-TADABBUR
  c119  1 sources  16 segments  19,249 chars: FARISI-HUJJA
  c120  1 sources  16 segments  19,131 chars: FARISI-HUJJA
  c121  1 sources  15 segments  19,567 chars: FARISI-HUJJA
  c122  1 sources  17 segments  19,855 chars: FARISI-HUJJA
  c123  1 sources  18 segments  19,824 chars: FARISI-HUJJA
  c124  1 sources  19 segments  18,855 chars: FARISI-HUJJA
  c125  1 sources   7 segments  10,056 chars: FARISI-HUJJA
  c126  1 sources  13 segments  19,299 chars: IBNJINNI-MUHTASAB
  c127  1 sources   2 segments   3,513 chars: IBNJINNI-MUHTASAB
  c128  1 sources  21 segments  19,860 chars: IBNKHALAWAYH-HUJJA
  c129  1 sources  13 segments  12,394 chars: IBNKHALAWAYH-HUJJA
  c130  1 sources  14 segments  18,999 chars: IBNMUJAHID
  c131  1 sources  10 segments  12,386 chars: IBNMUJAHID
  c132  1 sources  87 segments  19,973 chars: QIRAAT-ER
  c133  1 sources  72 segments  19,807 chars: QIRAAT-ER
  c134  1 sources  75 segments  19,940 chars: QIRAAT-ER
  c135  1 sources  68 segments  19,956 chars: QIRAAT-ER
  c136  1 sources  75 segments  19,689 chars: QIRAAT-ER
  c137  1 sources   5 segments   1,696 chars: QIRAAT-ER
  c138  1 sources  37 segments  18,420 chars: ABDURRAZZAQ
  c139  1 sources  39 segments  19,803 chars: ABDURRAZZAQ
  c140  1 sources  38 segments  19,917 chars: ABDURRAZZAQ
  c141  1 sources  53 segments  18,202 chars: ABDURRAZZAQ
  c142  1 sources  10 segments  18,884 chars: ABUHAYYAN-FULL
  c143  1 sources  11 segments  19,808 chars: ABUHAYYAN-FULL
  c144  1 sources  10 segments  19,393 chars: ABUHAYYAN-FULL
  c145  1 sources  11 segments  19,586 chars: ABUHAYYAN-FULL
  c146  1 sources  11 segments  18,840 chars: ABUHAYYAN-FULL
  c147  1 sources  10 segments  17,797 chars: ABUHAYYAN-FULL
  c148  1 sources  10 segments  19,672 chars: ABUHAYYAN-FULL
  c149  1 sources  11 segments  19,845 chars: ABUHAYYAN-FULL
  c150  1 sources  10 segments  19,159 chars: ABUHAYYAN-FULL
  c151  1 sources  10 segments  19,357 chars: ABUHAYYAN-FULL
  c152  1 sources  10 segments  18,559 chars: ABUHAYYAN-FULL
  c153  1 sources  10 segments  18,757 chars: ABUHAYYAN-FULL
  c154  1 sources  10 segments  19,614 chars: ABUHAYYAN-FULL
  c155  1 sources  10 segments  18,220 chars: ABUHAYYAN-FULL
  c156  1 sources  11 segments  19,401 chars: ABUHAYYAN-FULL
  c157  1 sources  10 segments  18,584 chars: ABUHAYYAN-FULL
  c158  1 sources  11 segments  19,053 chars: ABUHAYYAN-FULL
  c159  1 sources  10 segments  18,169 chars: ABUHAYYAN-FULL
  c160  1 sources  11 segments  19,774 chars: ABUHAYYAN-FULL
  c161  1 sources  10 segments  18,711 chars: ABUHAYYAN-FULL
  c162  1 sources  10 segments  18,054 chars: ABUHAYYAN-FULL
  c163  1 sources   2 segments   3,850 chars: ABUHAYYAN-FULL
  c164  1 sources  10 segments  18,583 chars: ALUSI-FULL
  c165  1 sources  10 segments  19,510 chars: ALUSI-FULL
  c166  1 sources  10 segments  18,574 chars: ALUSI-FULL
  c167  1 sources  12 segments  18,105 chars: ALUSI-FULL
  c168  1 sources  10 segments  19,606 chars: ALUSI-FULL
  c169  1 sources  10 segments  19,219 chars: ALUSI-FULL
  c170  1 sources  10 segments  19,737 chars: ALUSI-FULL
  c171  1 sources   9 segments  19,064 chars: ALUSI-FULL
  c172  1 sources   9 segments  19,968 chars: ALUSI-FULL
  c173  1 sources  10 segments  18,650 chars: ALUSI-FULL
  c174  1 sources  10 segments  19,079 chars: ALUSI-FULL
  c175  1 sources  13 segments  19,610 chars: ALUSI-FULL
  c176  1 sources  10 segments  19,569 chars: ALUSI-FULL
  c177  1 sources  11 segments  19,896 chars: ALUSI-FULL
  c178  1 sources  13 segments  19,063 chars: ALUSI-FULL
  c179  1 sources  11 segments  19,455 chars: ALUSI-FULL
  c180  1 sources  12 segments  19,905 chars: ALUSI-FULL
  c181  1 sources  11 segments  19,229 chars: ALUSI-FULL
  c182  1 sources  11 segments  19,357 chars: ALUSI-FULL
  c183  1 sources  13 segments  19,146 chars: ALUSI-FULL
  c184  1 sources   8 segments  16,847 chars: ALUSI-FULL
  c185  1 sources   7 segments  19,289 chars: ALUSI-FULL
  c186  1 sources   9 segments  19,476 chars: ALUSI-FULL
  c187  1 sources   9 segments  18,860 chars: ALUSI-FULL
  c188  1 sources  10 segments  19,361 chars: ALUSI-FULL
  c189  1 sources  10 segments  19,516 chars: ALUSI-FULL
  c190  1 sources   9 segments  18,732 chars: ALUSI-FULL
  c191  1 sources   9 segments  18,963 chars: ALUSI-FULL
  c192  1 sources   7 segments  19,396 chars: ALUSI-FULL
  c193  1 sources  10 segments  19,962 chars: ALUSI-FULL
  c194  1 sources   9 segments  19,757 chars: ALUSI-FULL
  c195  1 sources   9 segments  18,568 chars: ALUSI-FULL
  c196  1 sources  11 segments  19,209 chars: ALUSI-FULL
  c197  1 sources   9 segments  19,438 chars: ALUSI-FULL
  c198  1 sources  11 segments  18,901 chars: ALUSI-FULL
  c199  1 sources  12 segments  18,324 chars: ALUSI-FULL
  c200  1 sources  10 segments  17,077 chars: ALUSI-FULL
  c201  1 sources   7 segments  17,556 chars: ALUSI-FULL
  c202  1 sources   8 segments  18,980 chars: ALUSI-FULL
  c203  1 sources  13 segments  19,774 chars: ALUSI-FULL
  c204  1 sources  11 segments  18,931 chars: ALUSI-FULL
  c205  1 sources  10 segments  19,881 chars: ALUSI-FULL
  c206  1 sources   9 segments  19,462 chars: ALUSI-FULL
  c207  1 sources  10 segments  19,242 chars: ALUSI-FULL
  c208  1 sources  10 segments  17,721 chars: ALUSI-FULL
  c209  1 sources   8 segments  17,843 chars: ALUSI-FULL
  c210  1 sources   8 segments  18,916 chars: ALUSI-FULL
  c211  1 sources   8 segments  19,203 chars: ALUSI-FULL
  c212  1 sources  11 segments  19,922 chars: ALUSI-FULL
  c213  1 sources   9 segments  18,215 chars: ALUSI-FULL
  c214  1 sources  10 segments  18,970 chars: ALUSI-FULL
  c215  1 sources  12 segments  18,331 chars: ALUSI-FULL
  c216  1 sources   8 segments  19,575 chars: ALUSI-FULL
  c217  1 sources  14 segments  19,739 chars: ALUSI-FULL
  c218  1 sources  10 segments  19,089 chars: ALUSI-FULL
  c219  1 sources   8 segments  19,100 chars: ALUSI-FULL
  c220  1 sources  11 segments  19,582 chars: ALUSI-FULL
  c221  1 sources  12 segments  19,529 chars: ALUSI-FULL
  c222  1 sources  10 segments  19,832 chars: ALUSI-FULL
  c223  1 sources  12 segments  19,205 chars: ALUSI-FULL
  c224  1 sources  13 segments  19,368 chars: ALUSI-FULL
  c225  1 sources  11 segments  18,325 chars: ALUSI-FULL
  c226  1 sources   9 segments  18,889 chars: ALUSI-FULL
  c227  1 sources   7 segments  18,421 chars: ALUSI-FULL
  c228  1 sources  10 segments  19,893 chars: ALUSI-FULL
  c229  1 sources  12 segments  18,383 chars: ALUSI-FULL
  c230  1 sources  10 segments  19,200 chars: ALUSI-FULL
  c231  1 sources  11 segments  18,477 chars: ALUSI-FULL
  c232  1 sources   9 segments  18,857 chars: ALUSI-FULL
  c233  1 sources  10 segments  18,805 chars: ALUSI-FULL
  c234  1 sources   7 segments  17,209 chars: ALUSI-FULL
  c235  1 sources  10 segments  18,399 chars: ALUSI-FULL
  c236  1 sources  14 segments  19,801 chars: ALUSI-FULL
  c237  1 sources  13 segments  19,547 chars: ALUSI-FULL
  c238  1 sources  11 segments  19,493 chars: ALUSI-FULL
  c239  1 sources  10 segments  19,004 chars: ALUSI-FULL
  c240  1 sources  11 segments  18,748 chars: ALUSI-FULL
  c241  1 sources  14 segments  18,282 chars: ALUSI-FULL
  c242  1 sources   9 segments  19,276 chars: ALUSI-FULL
  c243  1 sources  14 segments  19,296 chars: ALUSI-FULL
  c244  1 sources  12 segments  17,750 chars: ALUSI-FULL
  c245  1 sources  14 segments  19,373 chars: ALUSI-FULL
  c246  1 sources  12 segments  18,726 chars: ALUSI-FULL
  c247  1 sources  11 segments  19,428 chars: ALUSI-FULL
  c248  1 sources  11 segments  18,401 chars: ALUSI-FULL
  c249  1 sources  10 segments  18,252 chars: ALUSI-FULL
  c250  1 sources  11 segments  17,492 chars: ALUSI-FULL
  c251  1 sources  15 segments  19,192 chars: ALUSI-FULL
  c252  1 sources   6 segments  10,651 chars: ALUSI-FULL
  c253  1 sources  21 segments  19,288 chars: BAGHAWI-FULL
  c254  1 sources  18 segments  18,910 chars: BAGHAWI-FULL
  c255  1 sources  21 segments  19,525 chars: BAGHAWI-FULL
  c256  1 sources  20 segments  19,238 chars: BAGHAWI-FULL
  c257  1 sources  17 segments  19,166 chars: BAGHAWI-FULL
  c258  1 sources  20 segments  19,258 chars: BAGHAWI-FULL
  c259  1 sources  21 segments  19,185 chars: BAGHAWI-FULL
  c260  1 sources  19 segments  18,606 chars: BAGHAWI-FULL
  c261  1 sources  18 segments  19,849 chars: BAGHAWI-FULL
  c262  1 sources  20 segments  19,637 chars: BAGHAWI-FULL
  c263  1 sources  18 segments  18,400 chars: BAGHAWI-FULL
  c264  1 sources  20 segments  19,374 chars: BAGHAWI-FULL
  c265  1 sources  20 segments  19,122 chars: BAGHAWI-FULL
  c266  1 sources  22 segments  19,623 chars: BAGHAWI-FULL
  c267  1 sources  19 segments  19,707 chars: BAGHAWI-FULL
  c268  1 sources   8 segments   6,533 chars: BAGHAWI-FULL
  c269  1 sources  21 segments  19,510 chars: BAYDAWI-FULL
  c270  1 sources  29 segments  19,903 chars: BAYDAWI-FULL
  c271  1 sources  30 segments  18,124 chars: BAYDAWI-FULL
  c272  1 sources  26 segments  19,897 chars: BAYDAWI-FULL
  c273  1 sources  26 segments  19,408 chars: BAYDAWI-FULL
  c274  1 sources  25 segments  19,861 chars: BAYDAWI-FULL
  c275  1 sources  30 segments  19,980 chars: BAYDAWI-FULL
  c276  1 sources  22 segments  18,323 chars: BAYDAWI-FULL
  c277  1 sources  30 segments  19,779 chars: BAYDAWI-FULL
  c278  1 sources  35 segments  19,776 chars: BAYDAWI-FULL
  c279  1 sources  29 segments  18,965 chars: BAYDAWI-FULL
  c280  1 sources  10 segments  19,779 chars: BIQAI-FULL
  c281  1 sources   8 segments  18,030 chars: BIQAI-FULL
  c282  1 sources   7 segments  18,673 chars: BIQAI-FULL
  c283  1 sources   6 segments  16,468 chars: BIQAI-FULL
  c284  1 sources   8 segments  19,060 chars: BIQAI-FULL
  c285  1 sources   7 segments  18,278 chars: BIQAI-FULL
  c286  1 sources   8 segments  18,419 chars: BIQAI-FULL
  c287  1 sources   7 segments  17,814 chars: BIQAI-FULL
  c288  1 sources   7 segments  17,416 chars: BIQAI-FULL
  c289  1 sources   7 segments  18,940 chars: BIQAI-FULL
  c290  1 sources   8 segments  18,437 chars: BIQAI-FULL
  c291  1 sources   8 segments  19,699 chars: BIQAI-FULL
  c292  1 sources   8 segments  19,284 chars: BIQAI-FULL
  c293  1 sources   7 segments  17,669 chars: BIQAI-FULL
  c294  1 sources   8 segments  19,384 chars: BIQAI-FULL
  c295  1 sources   9 segments  19,547 chars: BIQAI-FULL
  c296  1 sources   7 segments  19,609 chars: BIQAI-FULL
  c297  1 sources   8 segments  18,525 chars: BIQAI-FULL
  c298  1 sources   8 segments  18,078 chars: BIQAI-FULL
  c299  1 sources   6 segments  16,510 chars: BIQAI-FULL
  c300  1 sources   8 segments  19,342 chars: BIQAI-FULL
  c301  1 sources   9 segments  19,483 chars: BIQAI-FULL
  c302  1 sources   7 segments  18,552 chars: BIQAI-FULL
  c303  1 sources   6 segments  17,843 chars: BIQAI-FULL
  c304  1 sources   7 segments  17,127 chars: BIQAI-FULL
  c305  1 sources   9 segments  19,789 chars: BIQAI-FULL
  c306  1 sources   6 segments  18,396 chars: BIQAI-FULL
  c307  1 sources   7 segments  19,723 chars: BIQAI-FULL
  c308  1 sources   9 segments  19,965 chars: BIQAI-FULL
  c309  1 sources   8 segments  18,308 chars: BIQAI-FULL
  c310  1 sources   8 segments  19,029 chars: BIQAI-FULL
  c311  1 sources   7 segments  17,838 chars: BIQAI-FULL
  c312  1 sources   9 segments  19,093 chars: BIQAI-FULL
  c313  1 sources   9 segments  19,246 chars: BIQAI-FULL
  c314  1 sources   2 segments   4,658 chars: BIQAI-FULL
  c315  1 sources  12 segments  18,914 chars: DURR-FULL
  c316  1 sources  12 segments  19,302 chars: DURR-FULL
  c317  1 sources  12 segments  19,332 chars: DURR-FULL
  c318  1 sources  13 segments  19,955 chars: DURR-FULL
  c319  1 sources  12 segments  19,330 chars: DURR-FULL
  c320  1 sources  12 segments  19,740 chars: DURR-FULL
  c321  1 sources  11 segments  18,643 chars: DURR-FULL
  c322  1 sources  12 segments  19,975 chars: DURR-FULL
  c323  1 sources  11 segments  18,986 chars: DURR-FULL
  c324  1 sources  11 segments  18,371 chars: DURR-FULL
  c325  1 sources  11 segments  18,560 chars: DURR-FULL
  c326  1 sources  12 segments  19,392 chars: DURR-FULL
  c327  1 sources  12 segments  19,789 chars: DURR-FULL
  c328  1 sources  12 segments  18,751 chars: DURR-FULL
  c329  1 sources  11 segments  19,091 chars: DURR-FULL
  c330  1 sources  11 segments  18,390 chars: DURR-FULL
  c331  1 sources  12 segments  19,864 chars: DURR-FULL
  c332  1 sources  12 segments  18,598 chars: DURR-FULL
  c333  1 sources  12 segments  18,372 chars: DURR-FULL
  c334  1 sources  11 segments  18,535 chars: DURR-FULL
  c335  1 sources  11 segments  18,367 chars: DURR-FULL
  c336  1 sources  10 segments  16,219 chars: DURR-FULL
  c337  1 sources  18 segments  18,579 chars: IBNABIHATIM
  c338  1 sources  14 segments  19,487 chars: IBNABIHATIM
  c339  1 sources  17 segments  19,493 chars: IBNABIHATIM
  c340  1 sources  18 segments  19,837 chars: IBNABIHATIM
  c341  1 sources  17 segments  19,780 chars: IBNABIHATIM
  c342  1 sources  16 segments  19,581 chars: IBNABIHATIM
  c343  1 sources  15 segments  19,422 chars: IBNABIHATIM
  c344  1 sources  14 segments  15,021 chars: IBNABIHATIM
  c345  1 sources  12 segments  19,498 chars: IBNASHUR-FULL
  c346  1 sources  15 segments  19,965 chars: IBNASHUR-FULL
  c347  1 sources  13 segments  19,974 chars: IBNASHUR-FULL
  c348  1 sources  13 segments  19,622 chars: IBNASHUR-FULL
  c349  1 sources  18 segments  19,418 chars: IBNASHUR-FULL
  c350  1 sources  14 segments  19,424 chars: IBNASHUR-FULL
  c351  1 sources  14 segments  19,128 chars: IBNASHUR-FULL
  c352  1 sources  19 segments  19,572 chars: IBNASHUR-FULL
  c353  1 sources  12 segments  19,739 chars: IBNASHUR-FULL
  c354  1 sources  13 segments  19,190 chars: IBNASHUR-FULL
  c355  1 sources  12 segments  19,215 chars: IBNASHUR-FULL
  c356  1 sources  15 segments  19,892 chars: IBNASHUR-FULL
  c357  1 sources  13 segments  19,843 chars: IBNASHUR-FULL
  c358  1 sources  15 segments  19,287 chars: IBNASHUR-FULL
  c359  1 sources  13 segments  19,887 chars: IBNASHUR-FULL
  c360  1 sources  11 segments  18,580 chars: IBNASHUR-FULL
  c361  1 sources  13 segments  19,935 chars: IBNASHUR-FULL
  c362  1 sources  12 segments  18,144 chars: IBNASHUR-FULL
  c363  1 sources  11 segments  18,477 chars: IBNASHUR-FULL
  c364  1 sources  11 segments  18,670 chars: IBNASHUR-FULL
  c365  1 sources  13 segments  18,844 chars: IBNASHUR-FULL
  c366  1 sources  15 segments  19,985 chars: IBNASHUR-FULL
  c367  1 sources  13 segments  19,689 chars: IBNASHUR-FULL
  c368  1 sources  14 segments  19,608 chars: IBNASHUR-FULL
  c369  1 sources  14 segments  19,054 chars: IBNASHUR-FULL
  c370  1 sources  16 segments  19,872 chars: IBNASHUR-FULL
  c371  1 sources  15 segments  19,562 chars: IBNASHUR-FULL
  c372  1 sources  12 segments  19,878 chars: IBNASHUR-FULL
  c373  1 sources  14 segments  19,628 chars: IBNASHUR-FULL
  c374  1 sources  12 segments  18,335 chars: IBNASHUR-FULL
  c375  1 sources  13 segments  19,454 chars: IBNASHUR-FULL
  c376  1 sources  13 segments  18,482 chars: IBNASHUR-FULL
  c377  1 sources  10 segments  18,616 chars: IBNASHUR-FULL
  c378  1 sources  11 segments  17,668 chars: IBNASHUR-FULL
  c379  1 sources  12 segments  19,619 chars: IBNASHUR-FULL
  c380  1 sources   9 segments  13,025 chars: IBNASHUR-FULL
  c381  1 sources  14 segments  18,937 chars: IBNATIYYA-FULL
  c382  1 sources  12 segments  18,795 chars: IBNATIYYA-FULL
  c383  1 sources  13 segments  19,858 chars: IBNATIYYA-FULL
  c384  1 sources  14 segments  19,204 chars: IBNATIYYA-FULL
  c385  1 sources  13 segments  19,039 chars: IBNATIYYA-FULL
  c386  1 sources  13 segments  19,376 chars: IBNATIYYA-FULL
  c387  1 sources  13 segments  19,908 chars: IBNATIYYA-FULL
  c388  1 sources  11 segments  18,556 chars: IBNATIYYA-FULL
  c389  1 sources  11 segments  19,093 chars: IBNATIYYA-FULL
  c390  1 sources  12 segments  18,112 chars: IBNATIYYA-FULL
  c391  1 sources  12 segments  19,857 chars: IBNATIYYA-FULL
  c392  1 sources  12 segments  18,033 chars: IBNATIYYA-FULL
  c393  1 sources  11 segments  18,390 chars: IBNATIYYA-FULL
  c394  1 sources  12 segments  18,894 chars: IBNATIYYA-FULL
  c395  1 sources  14 segments  19,509 chars: IBNATIYYA-FULL
  c396  1 sources  15 segments  19,703 chars: IBNATIYYA-FULL
  c397  1 sources  12 segments  19,322 chars: IBNATIYYA-FULL
  c398  1 sources  11 segments  17,557 chars: IBNATIYYA-FULL
  c399  1 sources  13 segments  19,601 chars: IBNATIYYA-FULL
  c400  1 sources  13 segments  19,679 chars: IBNATIYYA-FULL
  c401  1 sources  12 segments  18,870 chars: IBNATIYYA-FULL
  c402  1 sources  15 segments  18,912 chars: IBNATIYYA-FULL
  c403  1 sources  12 segments  18,269 chars: IBNATIYYA-FULL
  c404  1 sources  10 segments  15,571 chars: IBNATIYYA-FULL
  c405  1 sources  22 segments  18,457 chars: IBNJAWZI-ZAD
  c406  1 sources  14 segments  18,996 chars: IBNJAWZI-ZAD
  c407  1 sources  19 segments  19,585 chars: IBNJAWZI-ZAD
  c408  1 sources  22 segments  19,916 chars: IBNJAWZI-ZAD
  c409  1 sources  24 segments  19,793 chars: IBNJAWZI-ZAD
  c410  1 sources  22 segments  19,689 chars: IBNJAWZI-ZAD
  c411  1 sources  26 segments  19,428 chars: IBNJAWZI-ZAD
  c412  1 sources  23 segments  19,899 chars: IBNJAWZI-ZAD
  c413  1 sources  27 segments  19,684 chars: IBNJAWZI-ZAD
  c414  1 sources  23 segments  18,844 chars: IBNJAWZI-ZAD
  c415  1 sources  19 segments  19,096 chars: IBNJAWZI-ZAD
  c416  1 sources  25 segments  19,666 chars: IBNJAWZI-ZAD
  c417  1 sources  22 segments  18,727 chars: IBNJAWZI-ZAD
  c418  1 sources  22 segments  19,790 chars: IBNJAWZI-ZAD
  c419  1 sources  23 segments  19,430 chars: IBNJAWZI-ZAD
  c420  1 sources  21 segments  19,845 chars: IBNJAWZI-ZAD
  c421  1 sources  24 segments  19,686 chars: IBNJAWZI-ZAD
  c422  1 sources  24 segments  18,665 chars: IBNJAWZI-ZAD
  c423  1 sources  32 segments  19,896 chars: IBNJAWZI-ZAD
  c424  1 sources  22 segments  19,892 chars: IBNJAWZI-ZAD
  c425  1 sources  25 segments  13,116 chars: IBNJAWZI-ZAD
  c426  1 sources  15 segments  19,162 chars: IBNKATHIR-FULL
  c427  1 sources  13 segments  19,590 chars: IBNKATHIR-FULL
  c428  1 sources  17 segments  19,181 chars: IBNKATHIR-FULL
  c429  1 sources  15 segments  19,528 chars: IBNKATHIR-FULL
  c430  1 sources  13 segments  18,733 chars: IBNKATHIR-FULL
  c431  1 sources  13 segments  18,462 chars: IBNKATHIR-FULL
  c432  1 sources  10 segments  19,401 chars: IBNKATHIR-FULL
  c433  1 sources   9 segments  19,535 chars: IBNKATHIR-FULL
  c434  1 sources  10 segments  19,317 chars: IBNKATHIR-FULL
  c435  1 sources   9 segments  18,632 chars: IBNKATHIR-FULL
  c436  1 sources  10 segments  19,246 chars: IBNKATHIR-FULL
  c437  1 sources  13 segments  19,689 chars: IBNKATHIR-FULL
  c438  1 sources  15 segments  18,121 chars: IBNKATHIR-FULL
  c439  1 sources  15 segments  19,385 chars: IBNKATHIR-FULL
  c440  1 sources  15 segments  19,495 chars: IBNKATHIR-FULL
  c441  1 sources  15 segments  18,845 chars: IBNKATHIR-FULL
  c442  1 sources  17 segments  19,555 chars: IBNKATHIR-FULL
  c443  1 sources  11 segments  19,920 chars: IBNKATHIR-FULL
  c444  1 sources  14 segments  19,903 chars: IBNKATHIR-FULL
  c445  1 sources  16 segments  19,915 chars: IBNKATHIR-FULL
  c446  1 sources  13 segments  19,426 chars: IBNKATHIR-FULL
  c447  1 sources  15 segments  19,574 chars: IBNKATHIR-FULL
  c448  1 sources  10 segments  16,444 chars: IBNKATHIR-FULL
  c449  1 sources  13 segments  19,749 chars: IBNKATHIR-FULL
  c450  1 sources  13 segments  18,142 chars: IBNKATHIR-FULL
  c451  1 sources  14 segments  18,711 chars: IBNKATHIR-FULL
  c452  1 sources  14 segments  19,908 chars: IBNKATHIR-FULL
  c453  1 sources  14 segments  19,767 chars: IBNKATHIR-FULL
  c454  1 sources  13 segments  17,974 chars: IBNKATHIR-FULL
  c455  1 sources  14 segments  18,651 chars: IBNKATHIR-FULL
  c456  1 sources  14 segments  19,958 chars: IBNKATHIR-FULL
  c457  1 sources  14 segments  19,442 chars: IBNKATHIR-FULL
  c458  1 sources  13 segments  19,740 chars: IBNKATHIR-FULL
  c459  1 sources   1 segments     805 chars: IBNKATHIR-FULL
  c460  1 sources  11 segments  18,640 chars: JISHUMI
  c461  1 sources  11 segments  18,968 chars: JISHUMI
  c462  1 sources  11 segments  18,989 chars: JISHUMI
  c463  1 sources  11 segments  19,207 chars: JISHUMI
  c464  1 sources  11 segments  19,589 chars: JISHUMI
  c465  1 sources  12 segments  19,424 chars: JISHUMI
  c466  1 sources  11 segments  19,085 chars: JISHUMI
  c467  1 sources  11 segments  18,462 chars: JISHUMI
  c468  1 sources  12 segments  19,571 chars: JISHUMI
  c469  1 sources  13 segments  19,869 chars: JISHUMI
  c470  1 sources  12 segments  18,893 chars: JISHUMI
  c471  1 sources  11 segments  18,609 chars: JISHUMI
  c472  1 sources  11 segments  19,627 chars: JISHUMI
  c473  1 sources  11 segments  18,915 chars: JISHUMI
  c474  1 sources  10 segments  18,766 chars: JISHUMI
  c475  1 sources  10 segments  17,254 chars: JISHUMI
  c476  1 sources  15 segments  18,072 chars: KASHSHAF-FULL
  c477  1 sources  13 segments  19,871 chars: KASHSHAF-FULL
  c478  1 sources  17 segments  19,301 chars: KASHSHAF-FULL
  c479  1 sources  19 segments  18,462 chars: KASHSHAF-FULL
  c480  1 sources  19 segments  19,123 chars: KASHSHAF-FULL
  c481  1 sources  18 segments  19,881 chars: KASHSHAF-FULL
  c482  1 sources  18 segments  19,788 chars: KASHSHAF-FULL
  c483  1 sources  19 segments  18,967 chars: KASHSHAF-FULL
  c484  1 sources  18 segments  19,398 chars: KASHSHAF-FULL
  c485  1 sources  17 segments  19,470 chars: KASHSHAF-FULL
  c486  1 sources  18 segments  19,466 chars: KASHSHAF-FULL
  c487  1 sources  20 segments  19,662 chars: KASHSHAF-FULL
  c488  1 sources  17 segments  18,156 chars: KASHSHAF-FULL
  c489  1 sources  19 segments  19,555 chars: KASHSHAF-FULL
  c490  1 sources  24 segments  19,561 chars: KASHSHAF-FULL
  c491  1 sources  20 segments  19,617 chars: KASHSHAF-FULL
  c492  1 sources  15 segments  19,773 chars: KASHSHAF-FULL
  c493  1 sources  13 segments  12,793 chars: KASHSHAF-FULL
  c494  1 sources  16 segments  18,769 chars: MAWARDI-FULL
  c495  1 sources  11 segments  17,883 chars: MAWARDI-FULL
  c496  1 sources  11 segments  18,769 chars: MAWARDI-FULL
  c497  1 sources  15 segments  19,951 chars: MAWARDI-FULL
  c498  1 sources  17 segments  18,732 chars: MAWARDI-FULL
  c499  1 sources  21 segments  18,862 chars: MAWARDI-FULL
  c500  1 sources  18 segments  18,495 chars: MAWARDI-FULL
  c501  1 sources  15 segments  19,192 chars: MAWARDI-FULL
  c502  1 sources  17 segments  19,864 chars: MAWARDI-FULL
  c503  1 sources  12 segments  19,679 chars: MAWARDI-FULL
  c504  1 sources  14 segments  19,244 chars: MAWARDI-FULL
  c505  1 sources  16 segments  19,985 chars: MAWARDI-FULL
  c506  1 sources  15 segments  14,731 chars: MAWARDI-FULL
  c507  1 sources  64 segments  19,629 chars: MUJAHID
  c508  1 sources  67 segments  18,542 chars: MUJAHID
  c509  1 sources  22 segments  19,558 chars: MUQATIL
  c510  1 sources  20 segments  19,923 chars: MUQATIL
  c511  1 sources  24 segments  19,582 chars: MUQATIL
  c512  1 sources  21 segments  19,657 chars: MUQATIL
  c513  1 sources  20 segments  19,047 chars: MUQATIL
  c514  1 sources  25 segments  19,834 chars: MUQATIL
  c515  1 sources  25 segments  19,518 chars: MUQATIL
  c516  1 sources   3 segments   1,501 chars: MUQATIL
  c517  1 sources  27 segments  19,925 chars: NASAFI-FULL
  c518  1 sources  27 segments  19,430 chars: NASAFI-FULL
  c519  1 sources  34 segments  19,980 chars: NASAFI-FULL
  c520  1 sources  32 segments  19,654 chars: NASAFI-FULL
  c521  1 sources  34 segments  19,704 chars: NASAFI-FULL
  c522  1 sources  36 segments  19,397 chars: NASAFI-FULL
  c523  1 sources  34 segments  19,746 chars: NASAFI-FULL
  c524  1 sources  39 segments  19,438 chars: NASAFI-FULL
  c525  1 sources  37 segments  19,807 chars: NASAFI-FULL
  c526  1 sources  41 segments  19,901 chars: NASAFI-FULL
  c527  1 sources  34 segments  19,218 chars: NASAFI-FULL
  c528  1 sources  11 segments   4,762 chars: NASAFI-FULL
  c529  1 sources  13 segments  19,748 chars: QURTUBI-FULL
  c530  1 sources  12 segments  17,912 chars: QURTUBI-FULL
  c531  1 sources  11 segments  18,595 chars: QURTUBI-FULL
  c532  1 sources  11 segments  19,343 chars: QURTUBI-FULL
  c533  1 sources  13 segments  19,544 chars: QURTUBI-FULL
  c534  1 sources  13 segments  18,032 chars: QURTUBI-FULL
  c535  1 sources  13 segments  18,912 chars: QURTUBI-FULL
  c536  1 sources  11 segments  18,964 chars: QURTUBI-FULL
  c537  1 sources  12 segments  17,879 chars: QURTUBI-FULL
  c538  1 sources  10 segments  18,169 chars: QURTUBI-FULL
  c539  1 sources  11 segments  19,633 chars: QURTUBI-FULL
  c540  1 sources  14 segments  19,829 chars: QURTUBI-FULL
  c541  1 sources  14 segments  18,721 chars: QURTUBI-FULL
  c542  1 sources  11 segments  18,646 chars: QURTUBI-FULL
  c543  1 sources  16 segments  19,432 chars: QURTUBI-FULL
  c544  1 sources  17 segments  19,851 chars: QURTUBI-FULL
  c545  1 sources  16 segments  19,652 chars: QURTUBI-FULL
  c546  1 sources  14 segments  18,728 chars: QURTUBI-FULL
  c547  1 sources  11 segments  18,472 chars: QURTUBI-FULL
  c548  1 sources  14 segments  19,719 chars: QURTUBI-FULL
  c549  1 sources  16 segments  19,426 chars: QURTUBI-FULL
  c550  1 sources  14 segments  18,796 chars: QURTUBI-FULL
  c551  1 sources  12 segments  19,225 chars: QURTUBI-FULL
  c552  1 sources  16 segments  19,210 chars: QURTUBI-FULL
  c553  1 sources  11 segments  18,811 chars: QURTUBI-FULL
  c554  1 sources  12 segments  19,385 chars: QURTUBI-FULL
  c555  1 sources  10 segments  18,375 chars: QURTUBI-FULL
  c556  1 sources  10 segments  19,185 chars: QURTUBI-FULL
  c557  1 sources  10 segments  19,358 chars: QURTUBI-FULL
  c558  1 sources  11 segments  19,258 chars: QURTUBI-FULL
  c559  1 sources  11 segments  19,669 chars: QURTUBI-FULL
  c560  1 sources  10 segments  18,914 chars: QURTUBI-FULL
  c561  1 sources  10 segments  18,858 chars: QURTUBI-FULL
  c562  1 sources  14 segments  19,918 chars: QURTUBI-FULL
  c563  1 sources  10 segments  18,762 chars: QURTUBI-FULL
  c564  1 sources  11 segments  18,321 chars: QURTUBI-FULL
  c565  1 sources  12 segments  19,719 chars: QURTUBI-FULL
  c566  1 sources   6 segments   4,821 chars: QURTUBI-FULL
  c567  1 sources  13 segments  18,773 chars: RAZI-FULL
  c568  1 sources  14 segments  19,581 chars: RAZI-FULL
  c569  1 sources  12 segments  19,077 chars: RAZI-FULL
  c570  1 sources  10 segments  19,590 chars: RAZI-FULL
  c571  1 sources  12 segments  18,230 chars: RAZI-FULL
  c572  1 sources  10 segments  18,525 chars: RAZI-FULL
  c573  1 sources  12 segments  19,982 chars: RAZI-FULL
  c574  1 sources  12 segments  19,113 chars: RAZI-FULL
  c575  1 sources  13 segments  18,189 chars: RAZI-FULL
  c576  1 sources  14 segments  18,730 chars: RAZI-FULL
  c577  1 sources  10 segments  17,328 chars: RAZI-FULL
  c578  1 sources  10 segments  19,154 chars: RAZI-FULL
  c579  1 sources  11 segments  18,819 chars: RAZI-FULL
  c580  1 sources  12 segments  18,600 chars: RAZI-FULL
  c581  1 sources  12 segments  19,193 chars: RAZI-FULL
  c582  1 sources  11 segments  18,453 chars: RAZI-FULL
  c583  1 sources  11 segments  18,747 chars: RAZI-FULL
  c584  1 sources  12 segments  18,466 chars: RAZI-FULL
  c585  1 sources  11 segments  19,121 chars: RAZI-FULL
  c586  1 sources  12 segments  18,167 chars: RAZI-FULL
  c587  1 sources  12 segments  19,257 chars: RAZI-FULL
  c588  1 sources  11 segments  19,423 chars: RAZI-FULL
  c589  1 sources  12 segments  19,635 chars: RAZI-FULL
  c590  1 sources  12 segments  18,814 chars: RAZI-FULL
  c591  1 sources  11 segments  18,850 chars: RAZI-FULL
  c592  1 sources  11 segments  19,626 chars: RAZI-FULL
  c593  1 sources  12 segments  19,074 chars: RAZI-FULL
  c594  1 sources   9 segments  19,022 chars: RAZI-FULL
  c595  1 sources   8 segments  19,644 chars: RAZI-FULL
  c596  1 sources   9 segments  19,378 chars: RAZI-FULL
  c597  1 sources  11 segments  18,064 chars: RAZI-FULL
  c598  1 sources  12 segments  18,825 chars: RAZI-FULL
  c599  1 sources  11 segments  19,563 chars: RAZI-FULL
  c600  1 sources  11 segments  19,715 chars: RAZI-FULL
  c601  1 sources  12 segments  17,700 chars: RAZI-FULL
  c602  1 sources  11 segments  18,632 chars: RAZI-FULL
  c603  1 sources  11 segments  18,786 chars: RAZI-FULL
  c604  1 sources  13 segments  18,666 chars: RAZI-FULL
  c605  1 sources  10 segments  18,581 chars: RAZI-FULL
  c606  1 sources  14 segments  18,555 chars: RAZI-FULL
  c607  1 sources  14 segments  19,903 chars: RAZI-FULL
  c608  1 sources  13 segments  19,132 chars: RAZI-FULL
  c609  1 sources  12 segments  19,796 chars: RAZI-FULL
  c610  1 sources  11 segments  18,661 chars: RAZI-FULL
  c611  1 sources  10 segments  19,350 chars: RAZI-FULL
  c612  1 sources  10 segments  18,368 chars: RAZI-FULL
  c613  1 sources  11 segments  19,987 chars: RAZI-FULL
  c614  1 sources  13 segments  18,665 chars: RAZI-FULL
  c615  1 sources  13 segments  19,172 chars: RAZI-FULL
  c616  1 sources  12 segments  18,803 chars: RAZI-FULL
  c617  1 sources   7 segments  10,347 chars: RAZI-FULL
  c618  1 sources  12 segments  14,630 chars: STUDYQURAN
  c619  1 sources  10 segments  19,518 chars: STUDYQURAN
  c620  1 sources  17 segments  19,096 chars: STUDYQURAN
  c621  1 sources  23 segments  19,641 chars: STUDYQURAN
  c622  1 sources  15 segments  19,012 chars: STUDYQURAN
  c623  1 sources  11 segments  18,341 chars: STUDYQURAN
  c624  1 sources  12 segments  18,164 chars: STUDYQURAN
  c625  1 sources  11 segments  17,387 chars: STUDYQURAN
  c626  1 sources  12 segments  19,380 chars: STUDYQURAN
  c627  1 sources   9 segments  17,550 chars: STUDYQURAN
  c628  1 sources  10 segments  17,782 chars: STUDYQURAN
  c629  1 sources  12 segments  18,839 chars: STUDYQURAN
  c630  1 sources  13 segments  19,054 chars: STUDYQURAN
  c631  1 sources  11 segments  19,297 chars: STUDYQURAN
  c632  1 sources  12 segments  16,366 chars: STUDYQURAN
  c633  1 sources   1 segments  35,516 chars: STUDYQURAN
  c634  1 sources  15 segments  19,605 chars: STUDYQURAN
  c635  1 sources   6 segments   5,913 chars: STUDYQURAN
  c636  1 sources   1 segments  35,208 chars: STUDYQURAN
  c637  1 sources  14 segments  19,608 chars: STUDYQURAN
  c638  1 sources  12 segments  19,141 chars: STUDYQURAN
  c639  1 sources  15 segments  18,728 chars: STUDYQURAN
  c640  1 sources   3 segments   3,914 chars: STUDYQURAN
  c641  1 sources  17 segments  19,917 chars: TAB-FULL
  c642  1 sources  12 segments  18,434 chars: TAB-FULL
  c643  1 sources  16 segments  19,443 chars: TAB-FULL
  c644  1 sources  13 segments  19,917 chars: TAB-FULL
  c645  1 sources  14 segments  18,654 chars: TAB-FULL
  c646  1 sources  11 segments  18,747 chars: TAB-FULL
  c647  1 sources  17 segments  19,084 chars: TAB-FULL
  c648  1 sources  16 segments  19,922 chars: TAB-FULL
  c649  1 sources  18 segments  19,747 chars: TAB-FULL
  c650  1 sources  15 segments  19,935 chars: TAB-FULL
  c651  1 sources  12 segments  19,259 chars: TAB-FULL
  c652  1 sources  13 segments  19,549 chars: TAB-FULL
  c653  1 sources  13 segments  19,853 chars: TAB-FULL
  c654  1 sources  16 segments  19,124 chars: TAB-FULL
  c655  1 sources  12 segments  18,699 chars: TAB-FULL
  c656  1 sources  13 segments  18,939 chars: TAB-FULL
  c657  1 sources  12 segments  18,242 chars: TAB-FULL
  c658  1 sources   9 segments  18,924 chars: TAB-FULL
  c659  1 sources  11 segments  18,950 chars: TAB-FULL
  c660  1 sources  12 segments  19,892 chars: TAB-FULL
  c661  1 sources   9 segments  18,609 chars: TAB-FULL
  c662  1 sources   8 segments  18,296 chars: TAB-FULL
  c663  1 sources  14 segments  19,948 chars: TAB-FULL
  c664  1 sources  15 segments  19,739 chars: TAB-FULL
  c665  1 sources  13 segments  19,956 chars: TAB-FULL
  c666  1 sources  12 segments  19,030 chars: TAB-FULL
  c667  1 sources  16 segments  19,015 chars: TAB-FULL
  c668  1 sources  16 segments  19,409 chars: TAB-FULL
  c669  1 sources  14 segments  18,868 chars: TAB-FULL
  c670  1 sources  12 segments  18,138 chars: TAB-FULL
  c671  1 sources  15 segments  19,647 chars: TAB-FULL
  c672  1 sources  12 segments  18,223 chars: TAB-FULL
  c673  1 sources  11 segments  19,033 chars: TAB-FULL
  c674  1 sources  11 segments  19,687 chars: TAB-FULL
  c675  1 sources  16 segments  19,595 chars: TAB-FULL
  c676  1 sources  16 segments  19,114 chars: TAB-FULL
  c677  1 sources  13 segments  18,945 chars: TAB-FULL
  c678  1 sources  10 segments  18,214 chars: TAB-FULL
  c679  1 sources  15 segments  18,836 chars: TAB-FULL
  c680  1 sources  15 segments  18,553 chars: TAB-FULL
  c681  1 sources  14 segments  18,383 chars: TAB-FULL
  c682  1 sources  16 segments  19,792 chars: TAB-FULL
  c683  1 sources  16 segments  19,952 chars: TAB-FULL
  c684  1 sources  16 segments  18,426 chars: TAB-FULL
  c685  1 sources  16 segments  19,072 chars: TAB-FULL
  c686  1 sources  13 segments  19,169 chars: TAB-FULL
  c687  1 sources  16 segments  19,885 chars: TAB-FULL
  c688  1 sources  19 segments  19,542 chars: TAB-FULL
  c689  1 sources  18 segments  19,606 chars: TAB-FULL
  c690  1 sources  14 segments  18,359 chars: TAB-FULL
  c691  1 sources  12 segments  19,405 chars: TAB-FULL
  c692  1 sources  17 segments  19,895 chars: TAB-FULL
  c693  1 sources  10 segments  14,174 chars: TAB-FULL
  c694  1 sources  10 segments  19,398 chars: TABATABAI
  c695  1 sources   9 segments  17,638 chars: TABATABAI
  c696  1 sources   8 segments  18,240 chars: TABATABAI
  c697  1 sources  10 segments  19,708 chars: TABATABAI
  c698  1 sources   9 segments  17,714 chars: TABATABAI
  c699  1 sources   8 segments  18,365 chars: TABATABAI
  c700  1 sources   9 segments  18,857 chars: TABATABAI
  c701  1 sources   9 segments  18,021 chars: TABATABAI
  c702  1 sources   8 segments  18,748 chars: TABATABAI
  c703  1 sources   9 segments  19,338 chars: TABATABAI
  c704  1 sources  10 segments  19,979 chars: TABATABAI
  c705  1 sources  10 segments  18,410 chars: TABATABAI
  c706  1 sources   9 segments  19,532 chars: TABATABAI
  c707  1 sources  10 segments  19,532 chars: TABATABAI
  c708  1 sources   9 segments  19,533 chars: TABATABAI
  c709  1 sources   8 segments  18,054 chars: TABATABAI
  c710  1 sources   8 segments  18,819 chars: TABATABAI
  c711  1 sources   9 segments  18,825 chars: TABATABAI
  c712  1 sources   9 segments  18,964 chars: TABATABAI
  c713  1 sources  11 segments  19,308 chars: TABATABAI
  c714  1 sources   9 segments  18,614 chars: TABATABAI
  c715  1 sources   9 segments  19,409 chars: TABATABAI
  c716  1 sources   9 segments  18,707 chars: TABATABAI
  c717  1 sources  10 segments  19,341 chars: TABATABAI
  c718  1 sources  10 segments  18,770 chars: TABATABAI
  c719  1 sources  10 segments  18,579 chars: TABATABAI
  c720  1 sources  10 segments  17,792 chars: TABATABAI
  c721  1 sources   9 segments  18,110 chars: TABATABAI
  c722  1 sources  11 segments  19,978 chars: TABATABAI
  c723  1 sources  10 segments  18,391 chars: TABATABAI
  c724  1 sources  10 segments  17,976 chars: TABATABAI
  c725  1 sources   9 segments  18,089 chars: TABATABAI
  c726  1 sources  10 segments  18,738 chars: TABATABAI
  c727  1 sources   9 segments  19,910 chars: TABATABAI
  c728  1 sources   9 segments  19,702 chars: TABATABAI
  c729  1 sources  11 segments  19,486 chars: TABATABAI
  c730  1 sources  10 segments  19,101 chars: TABATABAI
  c731  1 sources  10 segments  18,844 chars: TABATABAI
  c732  1 sources   9 segments  18,517 chars: TABATABAI
  c733  1 sources   8 segments  18,007 chars: TABATABAI
  c734  1 sources  10 segments  19,670 chars: TABATABAI
  c735  1 sources  10 segments  17,765 chars: TABATABAI
  c736  1 sources  11 segments  19,543 chars: TABATABAI
  c737  1 sources   9 segments  19,516 chars: TABATABAI
  c738  1 sources  10 segments  18,176 chars: TABATABAI
  c739  1 sources   2 segments   3,829 chars: TABATABAI
  c740  1 sources  12 segments  18,977 chars: TABRISI
  c741  1 sources  12 segments  19,286 chars: TABRISI
  c742  1 sources  10 segments  18,328 chars: TABRISI
  c743  1 sources   9 segments  18,583 chars: TABRISI
  c744  1 sources  10 segments  19,588 chars: TABRISI
  c745  1 sources  10 segments  18,843 chars: TABRISI
  c746  1 sources  11 segments  19,735 chars: TABRISI
  c747  1 sources  12 segments  19,823 chars: TABRISI
  c748  1 sources  11 segments  19,503 chars: TABRISI
  c749  1 sources  11 segments  18,720 chars: TABRISI
  c750  1 sources  10 segments  18,439 chars: TABRISI
  c751  1 sources   9 segments  19,943 chars: TABRISI
  c752  1 sources  12 segments  18,748 chars: TABRISI
  c753  1 sources  12 segments  19,063 chars: TABRISI
  c754  1 sources  11 segments  19,740 chars: TABRISI
  c755  1 sources  11 segments  19,102 chars: TABRISI
  c756  1 sources  12 segments  19,166 chars: TABRISI
  c757  1 sources  12 segments  19,121 chars: TABRISI
  c758  1 sources  12 segments  19,951 chars: TABRISI
  c759  1 sources  12 segments  19,034 chars: TABRISI
  c760  1 sources  10 segments  18,469 chars: TABRISI
  c761  1 sources  11 segments  19,572 chars: TABRISI
  c762  1 sources  11 segments  19,203 chars: TABRISI
  c763  1 sources  10 segments  18,350 chars: TABRISI
  c764  1 sources   7 segments  12,040 chars: TABRISI
  c765  1 sources  11 segments  18,960 chars: THALABI
  c766  1 sources  11 segments  18,633 chars: THALABI
  c767  1 sources  11 segments  19,834 chars: THALABI
  c768  1 sources  11 segments  18,686 chars: THALABI
  c769  1 sources  12 segments  19,731 chars: THALABI
  c770  1 sources  11 segments  19,752 chars: THALABI
  c771  1 sources  11 segments  18,679 chars: THALABI
  c772  1 sources  10 segments  19,640 chars: THALABI
  c773  1 sources  11 segments  19,170 chars: THALABI
  c774  1 sources  13 segments  18,977 chars: THALABI
  c775  1 sources  12 segments  19,153 chars: THALABI
  c776  1 sources  11 segments  19,083 chars: THALABI
  c777  1 sources  11 segments  18,892 chars: THALABI
  c778  1 sources  11 segments  18,832 chars: THALABI
  c779  1 sources  12 segments  18,596 chars: THALABI
  c780  1 sources  11 segments  18,265 chars: THALABI
  c781  1 sources  10 segments  18,722 chars: THALABI
  c782  1 sources  11 segments  18,569 chars: THALABI
  c783  1 sources  12 segments  18,461 chars: THALABI
  c784  1 sources  11 segments  18,948 chars: THALABI
  c785  1 sources   4 segments   6,704 chars: THALABI
  c786  1 sources  26 segments  19,730 chars: WAHIDI-BASIT
  c787  1 sources  18 segments  19,363 chars: WAHIDI-BASIT
  c788  1 sources  19 segments  18,806 chars: WAHIDI-BASIT
  c789  1 sources  21 segments  19,416 chars: WAHIDI-BASIT
  c790  1 sources  20 segments  19,966 chars: WAHIDI-BASIT
  c791  1 sources  19 segments  18,730 chars: WAHIDI-BASIT
  c792  1 sources  21 segments  19,672 chars: WAHIDI-BASIT
  c793  1 sources  19 segments  19,088 chars: WAHIDI-BASIT
  c794  1 sources  23 segments  19,725 chars: WAHIDI-BASIT
  c795  1 sources  22 segments  19,537 chars: WAHIDI-BASIT
  c796  1 sources  21 segments  19,549 chars: WAHIDI-BASIT
  c797  1 sources  19 segments  18,809 chars: WAHIDI-BASIT
  c798  1 sources  21 segments  19,446 chars: WAHIDI-BASIT
  c799  1 sources  20 segments  18,993 chars: WAHIDI-BASIT
  c800  1 sources  15 segments  18,266 chars: WAHIDI-BASIT
  c801  1 sources  18 segments  19,975 chars: WAHIDI-BASIT
  c802  1 sources  24 segments  19,102 chars: WAHIDI-BASIT
  c803  1 sources  22 segments  19,638 chars: WAHIDI-BASIT
  c804  1 sources  22 segments  18,368 chars: WAHIDI-BASIT
  c805  1 sources  17 segments  19,722 chars: WAHIDI-BASIT
  c806  1 sources  22 segments  19,921 chars: WAHIDI-BASIT
  c807  1 sources  22 segments  19,721 chars: WAHIDI-BASIT
  c808  1 sources  18 segments  19,464 chars: WAHIDI-BASIT
  c809  1 sources  19 segments  18,296 chars: WAHIDI-BASIT
  c810  1 sources  23 segments  19,550 chars: WAHIDI-BASIT
  c811  1 sources  21 segments  18,378 chars: WAHIDI-BASIT
  c812  1 sources  20 segments  19,504 chars: WAHIDI-BASIT
  c813  1 sources  25 segments  18,923 chars: WAHIDI-BASIT
  c814  1 sources  19 segments  19,944 chars: WAHIDI-BASIT
  c815  1 sources  20 segments  19,209 chars: WAHIDI-BASIT
  c816  1 sources   6 segments   5,694 chars: WAHIDI-BASIT
  c817  1 sources  30 segments  19,593 chars: WAHIDI-WAJIZ
  c818  1 sources  31 segments  19,563 chars: WAHIDI-WAJIZ
  c819  1 sources  30 segments  19,286 chars: WAHIDI-WAJIZ
  c820  1 sources  31 segments  19,786 chars: WAHIDI-WAJIZ
  c821  1 sources   5 segments   2,429 chars: WAHIDI-WAJIZ
  c822  1 sources  18 segments  19,334 chars: YAHYA-SALLAM
  c823  1 sources  21 segments  19,789 chars: YAHYA-SALLAM
  c824  1 sources  19 segments  19,900 chars: YAHYA-SALLAM
  c825  1 sources  19 segments  19,722 chars: YAHYA-SALLAM
  c826  1 sources  21 segments  19,460 chars: YAHYA-SALLAM
  c827  1 sources  21 segments  19,588 chars: YAHYA-SALLAM
  c828  1 sources  17 segments  18,599 chars: YAHYA-SALLAM
  c829  1 sources   2 segments   2,257 chars: YAHYA-SALLAM
  c830  1 sources   9 segments  19,625 chars: ELMALILI
  c831  1 sources  10 segments  19,889 chars: ELMALILI
  c832  1 sources   8 segments  19,188 chars: ELMALILI
  c833  1 sources  10 segments  19,391 chars: ELMALILI
  c834  1 sources   7 segments  17,579 chars: ELMALILI
  c835  1 sources   4 segments  18,025 chars: ELMALILI
  c836  1 sources   4 segments  14,493 chars: ELMALILI
  c837  1 sources   7 segments  19,344 chars: ELMALILI
  c838  1 sources  11 segments  19,714 chars: ELMALILI
  c839  1 sources   7 segments  16,012 chars: ELMALILI
  c840  1 sources   6 segments  19,158 chars: ELMALILI
  c841  1 sources  13 segments  19,746 chars: ELMALILI
  c842  1 sources   4 segments  19,789 chars: ELMALILI
  c843  1 sources   7 segments  19,473 chars: ELMALILI
  c844  1 sources   8 segments  17,513 chars: ELMALILI
  c845  1 sources  10 segments  19,682 chars: ELMALILI
  c846  1 sources   5 segments   4,417 chars: ELMALILI
  c847  1 sources  13 segments  19,751 chars: KURANYOLU-TEFSIR
  c848  1 sources  34 segments  19,894 chars: KURANYOLU-TEFSIR
  c849  1 sources  19 segments  18,309 chars: KURANYOLU-TEFSIR
  c850  1 sources   8 segments  18,349 chars: KURANYOLU-TEFSIR
  c851  1 sources  17 segments  19,074 chars: KURANYOLU-TEFSIR
  c852  1 sources  14 segments  19,089 chars: KURANYOLU-TEFSIR
  c853  1 sources  12 segments  17,928 chars: KURANYOLU-TEFSIR
  c854  1 sources   8 segments  18,309 chars: KURANYOLU-TEFSIR
  c855  1 sources  15 segments  18,585 chars: KURANYOLU-TEFSIR
  c856  1 sources  13 segments  19,938 chars: KURANYOLU-TEFSIR
  c857  1 sources  23 segments  19,026 chars: KURANYOLU-TEFSIR
  c858  1 sources  18 segments  18,424 chars: KURANYOLU-TEFSIR
  c859  1 sources  17 segments  19,241 chars: KURANYOLU-TEFSIR
  c860  1 sources  12 segments  19,427 chars: KURANYOLU-TEFSIR
  c861  2 sources  21 segments  19,815 chars: KURANYOLU-TEFSIR SUYUTI-LUBAB
  c862  1 sources   9 segments  14,233 chars: WAHIDI-ASBAB
SKIPPED 2312 segment(s): already digested in s103-1 (each listed in manifest.json)
SKIPPED 211 segment(s): already digested in s103-23 (each listed in manifest.json)
SKIPPED 35204 segment(s): kind meal (each listed in manifest.json)
SKIPPED 430 segment(s): kind quran (each listed in manifest.json)
SKIPPED 860 segment(s): kind translation (each listed in manifest.json)
