quotes 2:264: 17 unique window(s): صدقاتكم | بالمن | والاذيا | صفوان | فاصابه | فتركه | صلدا | لا تبطلوا | كالذي ينفق | ينفق ماله | ماله ريا | ولا يومن | الاخر فمثله | عليه تراب | شي مما | لا يقدرون عليا | كسبوا والله لا
quotes 2:264: «صدقاتكم» in 14 segment(s): BINTSHATI-IJAZ:p569, BINTSHATI-IJAZ:p588, DAMGHANI:v1p71, DAMGHANI:v1p443, IBNJAWZI-NUZHA:v1p195, ITQAN:v2p533#3, JISHUMI:v2p1028, JISHUMI:v2p1029, JISHUMI:v2p1034, JISHUMI:v2p1038, JISHUMI:v2p1042, SAMARRAI-ASRAR:r4#5 …
quotes 2:264: «بالمن» in 14 segment(s): BINTSHATI-IJAZ:p569, BINTSHATI-IJAZ:p570, BINTSHATI-IJAZ:p588, DAMGHANI:v1p71, DAMGHANI:v1p443, IBNJAWZI-NUZHA:v1p195, ITQAN:v2p533#3, JISHUMI:v2p1028, JISHUMI:v2p1029, JISHUMI:v2p1032, SAMARRAI-ASRAR:r4#5, SAMARRAI-ASRAR-MUH:p52 …
quotes 2:264: «والاذيا» in 0 segment(s): 
quotes 2:264: «صفوان» in 27 segment(s): ALUSI-FULL:v1p11#2, BINTSHATI-IJAZ:p78, BINTSHATI-IJAZ:p295, BINTSHATI-IJAZ:p433, BINTSHATI-IJAZ:p569, BINTSHATI-IJAZ:p587, BINTSHATI-IJAZ:p588, BURHAN:v1p487, BURHAN:v1p490, BURHAN:v4p88, IBNKATHIR-FULL:v1p53, IBNMUJAHID:v1p50 …
quotes 2:264: «فاصابه» in 10 segment(s): BINTSHATI-IJAZ:p569, BINTSHATI-IJAZ:p588, BURHAN:v1p487, IBNQUTAYBA-MUSHKIL:v1p195#2, JISHUMI:v2p1028, JISHUMI:v2p1029, JISHUMI:v2p1034, SAMARRAI-ASRAR:r4#5, SAMARRAI-ASRAR-MUH:p52, SAMARRAI-LAMASAT-HALAQAT:p503
quotes 2:264: «فتركه» in 14 segment(s): BINTSHATI-IJAZ:p569, BINTSHATI-IJAZ:p588, BURHAN:v1p487, BURHAN:v4p125, IBNQUTAYBA-MUSHKIL:v1p195#2, JISHUMI:v1p507, JISHUMI:v2p1028, JISHUMI:v2p1029, JURJANI-DALAIL:v1p123, NASHR:v1p459, SAMARRAI-ASRAR:r4#5, SAMARRAI-ASRAR-MUH:p52 …
quotes 2:264: «صلدا» in 12 segment(s): BINTSHATI-IJAZ:p568, BINTSHATI-IJAZ:p569, BINTSHATI-IJAZ:p588, BURHAN:v1p487, IBNQUTAYBA-MUSHKIL:v1p195#2, ITQAN:v2p373, ITQAN:v2p381, JISHUMI:v2p1028, JISHUMI:v2p1029, SAMARRAI-ASRAR:r4#5, SAMARRAI-ASRAR-MUH:p52, SAMARRAI-LAMASAT-HALAQAT:p503
quotes 2:264: «لا تبطلوا» in 12 segment(s): BINTSHATI-IJAZ:p569, BINTSHATI-IJAZ:p588, DAMGHANI:v1p71, DAMGHANI:v1p443, IBNJAWZI-NUZHA:v1p195, ITQAN:v2p533#3, JISHUMI:v2p1028, JISHUMI:v2p1029, JISHUMI:v2p1034, SAMARRAI-ASRAR:r4#5, SAMARRAI-ASRAR-MUH:p52, SAMARRAI-LAMASAT-HALAQAT:p503
quotes 2:264: «كالذي ينفق» in 8 segment(s): BINTSHATI-IJAZ:p569, BINTSHATI-IJAZ:p588, IBNQUTAYBA-MUSHKIL:v1p195#2, JISHUMI:v2p1028, JISHUMI:v2p1029, SAMARRAI-ASRAR:r4#5, SAMARRAI-ASRAR-MUH:p52, SAMARRAI-LAMASAT-HALAQAT:p503
quotes 2:264: «ينفق ماله» in 8 segment(s): BINTSHATI-IJAZ:p569, BINTSHATI-IJAZ:p588, IBNQUTAYBA-MUSHKIL:v1p195#2, JISHUMI:v2p1028, JISHUMI:v2p1029, SAMARRAI-ASRAR:r4#5, SAMARRAI-ASRAR-MUH:p52, SAMARRAI-LAMASAT-HALAQAT:p503
quotes 2:264: «ماله ريا» in 8 segment(s): BINTSHATI-IJAZ:p569, BINTSHATI-IJAZ:p588, IBNQUTAYBA-MUSHKIL:v1p195#2, JISHUMI:v2p1028, JISHUMI:v2p1029, SAMARRAI-ASRAR:r4#5, SAMARRAI-ASRAR-MUH:p52, SAMARRAI-LAMASAT-HALAQAT:p503
quotes 2:264: «ولا يومن» in 10 segment(s): BINTSHATI-IJAZ:p569, BINTSHATI-IJAZ:p588, BURHAN:v2p187, BURHAN:v3p121, IBNQUTAYBA-MUSHKIL:v1p195#2, JISHUMI:v2p1028, JISHUMI:v2p1029, SAMARRAI-ASRAR:r4#5, SAMARRAI-ASRAR-MUH:p52, SAMARRAI-LAMASAT-HALAQAT:p503
quotes 2:264: «الاخر فمثله» in 7 segment(s): BINTSHATI-IJAZ:p569, BINTSHATI-IJAZ:p588, IBNQUTAYBA-MUSHKIL:v1p195#2, JISHUMI:v2p1028, SAMARRAI-ASRAR:r4#5, SAMARRAI-ASRAR-MUH:p52, SAMARRAI-LAMASAT-HALAQAT:p503
quotes 2:264: «عليه تراب» in 11 segment(s): BINTSHATI-IJAZ:p569, BINTSHATI-IJAZ:p588, BURHAN:v1p487, BURHAN:v1p490, IBNQUTAYBA-MUSHKIL:v1p195#2, JISHUMI:v2p1028, JISHUMI:v2p1029, SAMARRAI-ASRAR:r4#5, SAMARRAI-ASRAR-MUH:p52, SAMARRAI-LAMASAT-HALAQAT:p503, SIBAWAYH:(هذابابأسماءالأرضين)#541
quotes 2:264: «شي مما» in 38 segment(s): BINTSHATI-IJAZ:p569, BINTSHATI-IJAZ:p588, BURHAN:v1p112#2, BURHAN:v2p67, BURHAN:v2p369, BURHAN:v4p266, IBNASHUR-FULL:v1p108, IBNQUTAYBA-MUSHKIL:v1p55, IBNQUTAYBA-MUSHKIL:v1p99, IBNQUTAYBA-MUSHKIL:v1p195#2, ITQAN:v4p311, JISHUMI:v2p1028 …
quotes 2:264: «لا يقدرون عليا» in 0 segment(s): 
quotes 2:264: «كسبوا والله لا» in 6 segment(s): BINTSHATI-IJAZ:p569, BINTSHATI-IJAZ:p588, JISHUMI:v2p1028, SAMARRAI-ASRAR:r4#5, SAMARRAI-ASRAR-MUH:p52, SAMARRAI-LAMASAT-HALAQAT:p503
quotes 2:265: 14 unique window(s): وتثبيتا | بربوه | اصابها | يصبها | اموالهم ابتغا | انفسهم كمثل | كمثل جنه | وابل فاتت | فاتت اكلها | اكلها ضعفين | ضعفين فان | وابل فطل | فطل والله | ومثل الذين ينفقون
quotes 2:265: «وتثبيتا» in 7 segment(s): BURHAN:v1p91, IBNKATHIR-FULL:v1p17#2, IBNQUTAYBA-MUSHKIL:v1p195#2, JISHUMI:v2p1031, JISHUMI:v2p1032, JISHUMI:v2p1033, RIFAI-KHULI:c7
quotes 2:265: «بربوه» in 6 segment(s): DAMGHANI:v1p189, IBNJAWZI-NUZHA:v1p81, IBNQUTAYBA-MUSHKIL:v1p195#2, JISHUMI:v2p1031, JISHUMI:v2p1032, NASHR:v2p133
quotes 2:265: «اصابها» in 7 segment(s): BINTSHATI-IJAZ:p411, BINTSHATI-IJAZ:p553, IBNQUTAYBA-MUSHKIL:v1p195#2, JISHUMI:v2p1031, JISHUMI:v2p1032, NASHR:v2p459, YKHULI-TAJDID:c1
quotes 2:265: «يصبها» in 7 segment(s): BURHAN:v2p135, FARRA:v1p489, IBNJAWZI-NUZHA:v1p137, IBNQUTAYBA-MUSHKIL:v1p195#2, JISHUMI:v2p1031, JISHUMI:v2p1032, JURJANI-DALAIL:v1p305
quotes 2:265: «اموالهم ابتغا» in 2 segment(s): IBNQUTAYBA-MUSHKIL:v1p195#2, JISHUMI:v2p1031
quotes 2:265: «انفسهم كمثل» in 1 segment(s): JISHUMI:v2p1031
quotes 2:265: «كمثل جنه» in 4 segment(s): DAMGHANI:v1p189, IBNQUTAYBA-MUSHKIL:v1p195#2, JISHUMI:v2p1031, JISHUMI:v2p1032
quotes 2:265: «وابل فاتت» in 1 segment(s): JISHUMI:v2p1031
quotes 2:265: «فاتت اكلها» in 2 segment(s): JISHUMI:v2p1031, JISHUMI:v2p1032
quotes 2:265: «اكلها ضعفين» in 1 segment(s): JISHUMI:v2p1031
quotes 2:265: «ضعفين فان» in 1 segment(s): JISHUMI:v2p1031
quotes 2:265: «وابل فطل» in 3 segment(s): IBNQUTAYBA-MUSHKIL:v1p195#2, JISHUMI:v2p1031, JISHUMI:v2p1032
quotes 2:265: «فطل والله» in 1 segment(s): JISHUMI:v2p1031
quotes 2:265: «ومثل الذين ينفقون» in 3 segment(s): IBNQUTAYBA-MUSHKIL:v1p195#2, JISHUMI:v2p1031, JISHUMI:v2p1032
quotes 2:266: 15 unique window(s): ايود | واصابه | فاصابها | اعصار | فاحترقت | واعناب تجري | الانهار له | الكبر وله | وله ذريه | ذريه ضعفا | فيه نار | احدكم ان تكون | ان تكون له | له جنه من | له فيها من
quotes 2:266: «ايود» in 10 segment(s): BINTSHATI-IJAZ:p567, BURHAN:v4p20, FARRA:v1p489, IBNASHUR-FULL:v1p108, IBNQUTAYBA-MUSHKIL:v1p195#2, ITQAN:v3p200#2, ITQAN:v4p345, ITQAN:v4p495, JISHUMI:v2p1034, SAMARRAI-LAMASAT-HALAQAT:p868
quotes 2:266: «واصابه» in 8 segment(s): BINTSHATI-IJAZ:p567, BINTSHATI-IJAZ:p599, DAMGHANI:v1p396, IBNJAWZI-NUZHA:v1p519, IBNQUTAYBA-MUSHKIL:v1p195#2, ITQAN:v3p200#2, JISHUMI:v2p1034, SAMARRAI-LAMASAT-HALAQAT:p868
quotes 2:266: «فاصابها» in 7 segment(s): BINTSHATI-IJAZ:p415, BINTSHATI-IJAZ:p567, DAMGHANI:v1p325, IBNQUTAYBA-MUSHKIL:v1p195#2, ITQAN:v3p200#2, JISHUMI:v2p1034, SAMARRAI-LAMASAT-HALAQAT:p868
quotes 2:266: «اعصار» in 11 segment(s): ALUSI-FULL:v1p3, BINTSHATI-IJAZ:p415, BINTSHATI-IJAZ:p566, BINTSHATI-IJAZ:p567, DAMGHANI:v1p325, IBNQUTAYBA-MUSHKIL:v1p195#2, ITQAN:v2p373, ITQAN:v3p200#2, JISHUMI:v2p1034, MAJAZ:v2p429#2, SAMARRAI-LAMASAT-HALAQAT:p868
quotes 2:266: «فاحترقت» in 9 segment(s): BINTSHATI-IJAZ:p415, BINTSHATI-IJAZ:p416, BINTSHATI-IJAZ:p567, DAMGHANI:v1p325, IBNQUTAYBA-MUSHKIL:v1p195#2, ITQAN:v3p200#2, JISHUMI:v2p1034, JISHUMI:v2p1036, SAMARRAI-LAMASAT-HALAQAT:p868
quotes 2:266: «واعناب تجري» in 5 segment(s): BINTSHATI-IJAZ:p567, IBNASHUR-FULL:v1p108, IBNQUTAYBA-MUSHKIL:v1p195#2, JISHUMI:v2p1034, SAMARRAI-LAMASAT-HALAQAT:p868
quotes 2:266: «الانهار له» in 4 segment(s): BINTSHATI-IJAZ:p567, IBNQUTAYBA-MUSHKIL:v1p195#2, JISHUMI:v2p1034, SAMARRAI-LAMASAT-HALAQAT:p868
quotes 2:266: «الكبر وله» in 4 segment(s): BINTSHATI-IJAZ:p567, IBNQUTAYBA-MUSHKIL:v1p195#2, JISHUMI:v2p1034, SAMARRAI-LAMASAT-HALAQAT:p868
quotes 2:266: «وله ذريه» in 8 segment(s): BINTSHATI-IJAZ:p567, BURHAN:v4p20, DAMGHANI:v1p289, IBNQUTAYBA-MUSHKIL:v1p195#2, ITQAN:v3p200#2, JISHUMI:v2p1034, JISHUMI:v2p1036, SAMARRAI-LAMASAT-HALAQAT:p868
quotes 2:266: «ذريه ضعفا» in 8 segment(s): BINTSHATI-IJAZ:p567, BURHAN:v4p20, DAMGHANI:v1p289, IBNQUTAYBA-MUSHKIL:v1p195#2, ITQAN:v4p446, JISHUMI:v2p1034, JISHUMI:v2p1036, SAMARRAI-LAMASAT-HALAQAT:p868
quotes 2:266: «فيه نار» in 11 segment(s): BINTSHATI-IJAZ:p415, BINTSHATI-IJAZ:p416, BINTSHATI-IJAZ:p566, BINTSHATI-IJAZ:p567, DAMGHANI:v1p325, IBNQUTAYBA-MUSHKIL:v1p195#2, ITQAN:v3p200#2, JISHUMI:v2p1034, SAMARRAI-LAMASAT:p96, SAMARRAI-LAMASAT-HALAQAT:p74, SAMARRAI-LAMASAT-HALAQAT:p868
quotes 2:266: «احدكم ان تكون» in 11 segment(s): BINTSHATI-IJAZ:p567, BUKHARI:4538, BURHAN:v4p20, FARRA:v1p489, IBNASHUR-FULL:v1p108, IBNQUTAYBA-MUSHKIL:v1p195#2, ITQAN:v3p200#2, ITQAN:v4p345, ITQAN:v4p495, JISHUMI:v2p1034, SAMARRAI-LAMASAT-HALAQAT:p868
quotes 2:266: «ان تكون له» in 19 segment(s): ABUDAWUD:2683, ABUDAWUD:4359, BINTSHATI-IJAZ:p567, BUKHARI:4538, BURHAN:v4p20, FARRA:v1p489, IBNASHUR-FULL:v1p108, IBNHIBBAN:361, IBNQUTAYBA-MUSHKIL:v1p195#2, ITQAN:v3p200#2, ITQAN:v4p345, ITQAN:v4p495 …
quotes 2:266: «له جنه من» in 7 segment(s): BINTSHATI-IJAZ:p567, IBNASHUR-FULL:v1p108, IBNQUTAYBA-MUSHKIL:v1p195#2, ITQAN:v4p345, ITQAN:v4p495, JISHUMI:v2p1034, SAMARRAI-LAMASAT-HALAQAT:p868
quotes 2:266: «له فيها من» in 8 segment(s): BINTSHATI-IJAZ:p567, IBNMAJAH:1728, IBNQUTAYBA-MUSHKIL:v1p195#2, ITQAN:v3p200#2, JISHUMI:v2p1034, JURJANI-ASRAR:v1p45, SAMARRAI-LAMASAT-HALAQAT:p868, TIRMIDHI:758
quotes 11:114: 8 unique window(s): طرفي | وزلفا | الحسنات | للذاكرين | اليل ان | يذهبن السيات | السيات ذالك | ذالك ذكريا
quotes 11:114: «طرفي» in 29 segment(s): BURHAN:v1p29, BURHAN:v1p196, BURHAN:v2p352, BURHAN:v3p422, BURHAN:v3p471, DAMGHANI:v1p293, IBNQUTAYBA-MUSHKIL:v1p48, ITQAN:v1p48, ITQAN:v1p104, ITQAN:v1p251, ITQAN:v3p65#2, ITQAN:v3p116 …
quotes 11:114: «وزلفا» in 4 segment(s): BURHAN:v1p29, NASHR:v2p291, SAMARRAI-ASRAR:r3, SAMARRAI-LAMASAT-HALAQAT:p987
quotes 11:114: «الحسنات» in 14 segment(s): BINTSHATI-IJAZ:p361, BURHAN:v1p29, BURHAN:v2p55, BURHAN:v3p365, BURHAN:v4p299, DAMGHANI:v1p255, IBNJAWZI-NUZHA:v1p362, ITQAN:v3p107, ITQAN:v4p514#2, NASHR:v1p206, SAMARRAI-ASRAR:r3, SAMARRAI-LAMASAT-HALAQAT:p583 …
quotes 11:114: «للذاكرين» in 1 segment(s): SAMARRAI-ASRAR:r3
quotes 11:114: «اليل ان» in 1 segment(s): SAMARRAI-ASRAR:r3
quotes 11:114: «يذهبن السيات» in 0 segment(s): 
quotes 11:114: «السيات ذالك» in 0 segment(s): 
quotes 11:114: «ذالك ذكريا» in 0 segment(s): 
quotes 12:35: 6 unique window(s): ليسجننه | ثم بدا | ما راوا | راوا الايات | بدا لهم من | لهم من بعد
quotes 12:35: «ليسجننه» in 3 segment(s): BURHAN:v4p58, IBNJAWZI-NUZHA:v1p254, SIBAWAYH:(هذابابالأفعالفيالقسم)#491
quotes 12:35: «ثم بدا» in 4 segment(s): BINTSHATI-IJAZ:p148, BURHAN:v2p129, IBNJAWZI-NUZHA:v1p254, SIBAWAYH:(هذابابالأفعالفيالقسم)#491
quotes 12:35: «ما راوا» in 3 segment(s): IBNJAWZI-NUZHA:v1p254, JURJANI-DALAIL:v1p324, SIBAWAYH:(هذابابالأفعالفيالقسم)#491
quotes 12:35: «راوا الايات» in 3 segment(s): IBNJAWZI-NUZHA:v1p254, JISHUMI:v1p492#2, SIBAWAYH:(هذابابالأفعالفيالقسم)#491
quotes 12:35: «بدا لهم من» in 2 segment(s): IBNJAWZI-NUZHA:v1p254, SIBAWAYH:(هذابابالأفعالفيالقسم)#491
quotes 12:35: «لهم من بعد» in 4 segment(s): BINTSHATI-IJAZ:p125, IBNJAWZI-NUZHA:v1p254, JURJANI-DALAIL:v1p394, SIBAWAYH:(هذابابالأفعالفيالقسم)#491
quotes 12:36: 18 unique window(s): فتيان | ارياني | اعصر | ارياني | راسي | خبزا | نبينا | ودخل معه | معه السجن | قال احدهما | احدهما اني | خمرا وقال | وقال الاخر | الاخر اني | احمل فوق | تاكل الطير | الطير منه | بتاويله انا
quotes 12:36: «فتيان» in 7 segment(s): BURHAN:v4p426, DAMGHANI:v1p350, ITQAN:v2p516#3, ITQAN:v4p387, MAJAZ:v1p1#4, NASHR:v2p295, SIBAWAYH:(هذابابتثنيةماكانمنالمنقوصعلىثلاثةأحرف)#582
quotes 12:36: «ارياني» in 0 segment(s): 
quotes 12:36: «اعصر» in 13 segment(s): BAQILLANI:v1p88, BINTSHATI-IJAZ:p415, BINTSHATI-IJAZ:p416, BINTSHATI-IJAZ:p567, BURHAN:v2p277, DAMGHANI:v1p20, IBNJINNI-MUHTASAB:v1p19, ITQAN:v2p378, ITQAN:v3p101, NASHR:v2p163#2, NASHR:v2p296, SIBAWAYH:(هذابابأفعلإذاكاناسماوماأشبهالأفعالمنالأسماءالتيفي#524 …
quotes 12:36: «ارياني» in 0 segment(s): 
quotes 12:36: «راسي» in 26 segment(s): ALUSI-FULL:v1p1, BAQILLANI:v1p237, BINTSHATI-IJAZ:p196, BINTSHATI-IJAZ:p580, BURHAN:v1p206, BURHAN:v2p277, DAMGHANI:v1p146, DAMGHANI:v1p362, IBNJAWZI-ZAD:v1p4, IBNKATHIR-FULL:v1p54#2, IBNQUTAYBA-MUSHKIL:v1p99, IBNQUTAYBA-MUSHKIL:v1p141 …
quotes 12:36: «خبزا» in 8 segment(s): BAQILLANI:v1p156, BURHAN:v2p277, DAMGHANI:v1p362, IBNQUTAYBA-MUSHKIL:v1p145, ITQAN:v4p335, JISHUMI:v1p528, SIBAWAYH:(هذابابأوفيغيرالاستفهام)#518, TAB-FULL:v1p10
quotes 12:36: «نبينا» in 40 segment(s): BAQILLANI:v1p8, BAQILLANI:v1p16, BURHAN:v2p423, BURHAN:v2p424, BURHAN:v3p219, BURHAN:v3p289, DAMGHANI:v1p59, GHARNATI:v1p180, IBNASHUR-FULL:v1p101#2, IBNJAWZI-NUZHA:v1p218, ITQAN:v1p119#2, ITQAN:v4p314 …
quotes 12:36: «ودخل معه» in 6 segment(s): BURHAN:v4p426, DAMGHANI:v1p350, IBNKATHIR-FULL:v1p49, ITQAN:v2p516#3, ITQAN:v4p387, NASHR:v2p295
quotes 12:36: «معه السجن» in 5 segment(s): BURHAN:v4p426, DAMGHANI:v1p350, ITQAN:v2p516#3, ITQAN:v4p387, NASHR:v2p295
quotes 12:36: «قال احدهما» in 3 segment(s): DAMGHANI:v1p20, SAMARRAI-ASRAR-MUH:p100, SAMARRAI-LAMASAT-HALAQAT:p550
quotes 12:36: «احدهما اني» in 2 segment(s): BURHAN:v1p253#2, DAMGHANI:v1p20
quotes 12:36: «خمرا وقال» in 0 segment(s): 
quotes 12:36: «وقال الاخر» in 40 segment(s): BAQILLANI:v1p83, BURHAN:v1p313, IBNATIYYA-FULL:v1p54#2, IBNJAWZI-NUZHA:v1p441, IBNKATHIR-FULL:v1p35#2, IBNKATHIR-FULL:v1p39, IBNQUTAYBA-GHARIB:v1p3, IBNQUTAYBA-GHARIB:v1p5, IBNQUTAYBA-MUSHKIL:v1p13, IBNQUTAYBA-MUSHKIL:v1p125, IBNQUTAYBA-MUSHKIL:v1p134, IBNQUTAYBA-MUSHKIL:v1p150 …
quotes 12:36: «الاخر اني» in 0 segment(s): 
quotes 12:36: «احمل فوق» in 4 segment(s): BURHAN:v2p277, DAMGHANI:v1p146, DAMGHANI:v1p362, ITQAN:v4p335
quotes 12:36: «تاكل الطير» in 1 segment(s): BURHAN:v2p277
quotes 12:36: «الطير منه» in 1 segment(s): BURHAN:v2p277
quotes 12:36: «بتاويله انا» in 1 segment(s): DAMGHANI:v1p59
quotes 12:41: 12 unique window(s): احدكما | فيسقي | فيصلب | فتاكل | تستفتيان | السجن اما | ربه خمرا | خمرا واما | واما الاخر | الطير من | راسه قضي | الامر الذي
quotes 12:41: «احدكما» in 1 segment(s): ITQAN:v2p429
quotes 12:41: «فيسقي» in 1 segment(s): ITQAN:v2p429
quotes 12:41: «فيصلب» in 0 segment(s): 
quotes 12:41: «فتاكل» in 1 segment(s): BURHAN:v1p468#2
quotes 12:41: «تستفتيان» in 4 segment(s): BURHAN:v3p143, IBNJAWZI-NUZHA:v1p508, ITQAN:v4p347, NASHR:v2p136
quotes 12:41: «السجن اما» in 0 segment(s): 
quotes 12:41: «ربه خمرا» in 1 segment(s): ITQAN:v2p429
quotes 12:41: «خمرا واما» in 0 segment(s): 
quotes 12:41: «واما الاخر» in 2 segment(s): IBNQUTAYBA-MUSHKIL:v1p222, SIBAWAYH:(هذابابالفاء)#475
quotes 12:41: «الطير من» in 2 segment(s): IBNASHUR-FULL:v1p16, IBNQUTAYBA-MUSHKIL:v1p17
quotes 12:41: «راسه قضي» in 0 segment(s): 
quotes 12:41: «الامر الذي» in 27 segment(s): BINTSHATI-IJAZ:p81, BURHAN:v1p211, BURHAN:v1p450, BURHAN:v3p70#2, BURHAN:v3p143, BURHAN:v4p426, DAMGHANI:v1p383, IBNATIYYA-FULL:v1p43, IBNJAWZI-NUZHA:v1p174, IBNJAWZI-NUZHA:v1p176, IBNJAWZI-NUZHA:v1p508, IBNJAWZI-NUZHA:v1p551 …
quotes 12:42: 12 unique window(s): اذكرني | فانسياه | وقال للذي | للذي ظن | ظن انه | انه ناج | ناج منهما | الشيطان ذكر | ربه فلبث | فلبث في | في السجن | السجن بضع
quotes 12:42: «اذكرني» in 7 segment(s): BURHAN:v3p446, DAMGHANI:v1p180, DAMGHANI:v1p189, IBNJAWZI-NUZHA:v1p301, IBNKATHIR-FULL:v1p75, ITQAN:v2p415, SAMARRAI-LAMASAT-HALAQAT:p625
quotes 12:42: «فانسياه» in 0 segment(s): 
quotes 12:42: «وقال للذي» in 1 segment(s): SAMARRAI-LAMASAT-HALAQAT:p625
quotes 12:42: «للذي ظن» in 2 segment(s): ITQAN:v4p387, SAMARRAI-LAMASAT-HALAQAT:p625
quotes 12:42: «ظن انه» in 12 segment(s): BAQILLANI:v1p277, BINTSHATI-IJAZ:p33, ITQAN:v4p387, JURJANI-DALAIL:v1p114, JURJANI-DALAIL:v1p119, JURJANI-DALAIL:v1p212, JURJANI-DALAIL:v1p256, JURJANI-DALAIL:v1p257, NASHR:v1p267, NASHR:v1p315, SAMARRAI-LAMASAT-HALAQAT:p625, SIBAWAYH:(هذابابأممنقطعة)#515
quotes 12:42: «انه ناج» in 2 segment(s): ITQAN:v4p387, SAMARRAI-LAMASAT-HALAQAT:p625
quotes 12:42: «ناج منهما» in 1 segment(s): SAMARRAI-LAMASAT-HALAQAT:p625
quotes 12:42: «الشيطان ذكر» in 4 segment(s): BURHAN:v3p446, BURHAN:v4p36, IBNASHUR-FULL:v1p93#2, SAMARRAI-LAMASAT-HALAQAT:p625
quotes 12:42: «ربه فلبث» in 1 segment(s): SAMARRAI-LAMASAT-HALAQAT:p625
quotes 12:42: «فلبث في» in 3 segment(s): ITQAN:v4p362#2, NASHR:v2p295, SAMARRAI-LAMASAT-HALAQAT:p625
quotes 12:42: «في السجن» in 7 segment(s): BURHAN:v4p60, DAMGHANI:v1p347, IBNATIYYA-FULL:v1p59, IBNJAWZI-NUZHA:v1p374, IBNQUTAYBA-GHARIB:v1p23#3, NASHR:v2p295, SAMARRAI-LAMASAT-HALAQAT:p625
quotes 12:42: «السجن بضع» in 2 segment(s): NASHR:v2p295, SAMARRAI-LAMASAT-HALAQAT:p625
quotes 12:43: 8 unique window(s): للريا | تعبرون | الملك اني | اريا سبع | يابسات ياايها | الملا افتوني | في رياي | رياي ان
quotes 12:43: «للريا» in 1 segment(s): JISHUMI:v2p1030
quotes 12:43: «تعبرون» in 8 segment(s): BINTSHATI-IJAZ:p215, BINTSHATI-IJAZ:p216, BURHAN:v3p85, BURHAN:v4p343, IBNJAWZI-NUZHA:v1p538, ITQAN:v2p498, SAMARRAI-LAMASAT-HALAQAT:p637, SAMARRAI-LAMASAT-HALAQAT:p777
quotes 12:43: «الملك اني» in 5 segment(s): BINTSHATI-IJAZ:p216, BURHAN:v3p293, IBNQUTAYBA-MUSHKIL:v1p178, SAMARRAI-LAMASAT-HALAQAT:p637, SAMARRAI-LAMASAT-HALAQAT:p777
quotes 12:43: «اريا سبع» in 0 segment(s): 
quotes 12:43: «يابسات ياايها» in 0 segment(s): 
quotes 12:43: «الملا افتوني» in 7 segment(s): BAQILLANI:v1p190, BINTSHATI-IJAZ:p215, BINTSHATI-IJAZ:p216, NASHR:v1p386, SAMARRAI-LAMASAT-HALAQAT:p637, SAMARRAI-LAMASAT-HALAQAT:p777, SAMARRAI-LAMASAT-HALAQAT:p928
quotes 12:43: «في رياي» in 0 segment(s): 
quotes 12:43: «رياي ان» in 0 segment(s): 
quotes 12:45: 8 unique window(s): وادكر | فارسلون | الذي نجا | نجا منهما | بعد امه | امه انا | انا انبيكم | انبيكم بتاويله
quotes 12:45: «وادكر» in 15 segment(s): BURHAN:v1p297, BURHAN:v1p334, BURHAN:v2p208, BURHAN:v4p36, IBNJAWZI-NUZHA:v1p142, IBNQUTAYBA-MUSHKIL:v1p24, IBNQUTAYBA-MUSHKIL:v1p31, IBNQUTAYBA-MUSHKIL:v1p33, IBNQUTAYBA-MUSHKIL:v1p248#2, JISHUMI:v1p603, MAJAZ:v1p12, MAJAZ:v2p414#2 …
quotes 12:45: «فارسلون» in 6 segment(s): BURHAN:v3p194, ITQAN:v3p171, ITQAN:v4p445, NASHR:v2p180, NASHR:v2p297, SAMARRAI-LAMASAT-HALAQAT:p896
quotes 12:45: «الذي نجا» in 2 segment(s): BURHAN:v4p36, SAMARRAI-LAMASAT-HALAQAT:p896
quotes 12:45: «نجا منهما» in 2 segment(s): BURHAN:v4p36, SAMARRAI-LAMASAT-HALAQAT:p896
quotes 12:45: «بعد امه» in 17 segment(s): BURHAN:v1p297, BURHAN:v1p334, BURHAN:v2p208, BURHAN:v4p36, DAMGHANI:v1p42, IBNJAWZI-NUZHA:v1p142, IBNQUTAYBA-MUSHKIL:v1p24, IBNQUTAYBA-MUSHKIL:v1p31, IBNQUTAYBA-MUSHKIL:v1p33, IBNQUTAYBA-MUSHKIL:v1p248#2, ITQAN:v2p315, JISHUMI:v1p603 …
quotes 12:45: «امه انا» in 1 segment(s): SAMARRAI-LAMASAT-HALAQAT:p896
quotes 12:45: «انا انبيكم» in 3 segment(s): IBNJAWZI-NUZHA:v1p218, NASHR:v2p230#2, SAMARRAI-LAMASAT-HALAQAT:p896
quotes 12:45: «انبيكم بتاويله» in 2 segment(s): IBNJAWZI-NUZHA:v1p218, SAMARRAI-LAMASAT-HALAQAT:p896
quotes 12:47: 8 unique window(s): تزرعون | دابا | حصدتم | فذروه | سبع سنين | في سنبله | سنبله الا | قليلا مما تاكلون
quotes 12:47: «تزرعون» in 3 segment(s): BURHAN:v2p287, BURHAN:v3p177, JISHUMI:v1p896
quotes 12:47: «دابا» in 3 segment(s): BURHAN:v2p287, BURHAN:v3p177, NASHR:v2p295
quotes 12:47: «حصدتم» in 2 segment(s): BURHAN:v4p406, ITQAN:v2p514#2
quotes 12:47: «فذروه» in 3 segment(s): BURHAN:v2p287, BURHAN:v4p406, ITQAN:v2p514#2
quotes 12:47: «سبع سنين» in 10 segment(s): BURHAN:v2p287, BURHAN:v3p177, DAMGHANI:v1p318, DAMGHANI:v1p320, IBNQUTAYBA-MUSHKIL:v1p105, ITQAN:v4p368, ITQAN:v4p369, JISHUMI:v2p939, JISHUMI:v2p941, NASHR:v1p2
quotes 12:47: «في سنبله» in 3 segment(s): BURHAN:v2p287, BURHAN:v4p406, ITQAN:v2p514#2
quotes 12:47: «سنبله الا» in 2 segment(s): BURHAN:v4p406, ITQAN:v2p514#2
quotes 12:47: «قليلا مما تاكلون» in 0 segment(s): 
quotes 12:48: 6 unique window(s): ياكلن | قدمتم | تحصنون | ذالك سبع | سبع شداد | لهن الا
quotes 12:48: «ياكلن» in 1 segment(s): DAMGHANI:v1p34
quotes 12:48: «قدمتم» in 4 segment(s): BURHAN:v4p406, DAMGHANI:v1p34, ITQAN:v2p514#2, JISHUMI:v1p896
quotes 12:48: «تحصنون» in 1 segment(s): ITQAN:v2p315
quotes 12:48: «ذالك سبع» in 0 segment(s): 
quotes 12:48: «سبع شداد» in 1 segment(s): DAMGHANI:v1p34
quotes 12:48: «لهن الا» in 2 segment(s): BURHAN:v4p406, ITQAN:v2p514#2
quotes 18:10: 8 unique window(s): الفتيه | وهيي | اذ اوي | الكهف فقالوا | اتنا من | امرنا رشدا | فقالوا ربنا اتنا | لنا من امرنا
quotes 18:10: «الفتيه» in 6 segment(s): BINTSHATI-IJAZ:p489, BURHAN:v1p366, BURHAN:v4p108, DAMGHANI:v1p347, DAMGHANI:v1p350, SIBAWAYH:وذلكقولكهذابسراأطيبمنهرطبا|فإنشئتجعلتهحيناقدمضىوإنشئت#192
quotes 18:10: «وهيي» in 8 segment(s): BURHAN:v4p108, DAMGHANI:v1p204, ITQAN:v3p266, ITQAN:v4p448, NASHR:v1p390#4, NASHR:v1p392, NASHR:v2p310, NASHR:v2p311
quotes 18:10: «اذ اوي» in 2 segment(s): BURHAN:v1p366, BURHAN:v4p108
quotes 18:10: «الكهف فقالوا» in 1 segment(s): BURHAN:v4p108
quotes 18:10: «اتنا من» in 3 segment(s): BURHAN:v4p108, DAMGHANI:v1p200, IBNJAWZI-NUZHA:v1p331
quotes 18:10: «امرنا رشدا» in 4 segment(s): BURHAN:v4p108, DAMGHANI:v1p204, ITQAN:v3p266, NASHR:v2p311
quotes 18:10: «فقالوا ربنا اتنا» in 2 segment(s): BURHAN:v4p108, IBNHISHAM:v1p303#2
quotes 18:10: «لنا من امرنا» in 5 segment(s): BURHAN:v4p108, DAMGHANI:v1p204, IBNHISHAM:v1p303#2, ITQAN:v3p266, NASHR:v2p311
quotes 18:11: 6 unique window(s): فضربنا | عليا اذانهم | اذانهم في | في الكهف | الكهف سنين | سنين عددا
quotes 18:11: «فضربنا» in 6 segment(s): BAQILLANI:v1p268, BURHAN:v1p464#2, BURHAN:v3p437, IBNQUTAYBA-MUSHKIL:v1p22, RUMMANI:v1p93, SAMARRAI-LAMASAT-HALAQAT:p821
quotes 18:11: «عليا اذانهم» in 0 segment(s): 
quotes 18:11: «اذانهم في» in 4 segment(s): BURHAN:v1p464#2, IBNQUTAYBA-MUSHKIL:v1p22, RUMMANI:v1p93, SAMARRAI-LAMASAT-HALAQAT:p821
NOTE quotes 18:11: window «في الكهف» in 100 segments, too common to mean a quotation; not used
quotes 18:11: «الكهف سنين» in 4 segment(s): BURHAN:v1p464#2, IBNQUTAYBA-MUSHKIL:v1p22, RUMMANI:v1p93, SAMARRAI-LAMASAT-HALAQAT:p821
quotes 18:11: «سنين عددا» in 5 segment(s): BINTSHATI-IJAZ:p80, BURHAN:v1p464#2, IBNQUTAYBA-MUSHKIL:v1p22, RUMMANI:v1p93, SAMARRAI-LAMASAT-HALAQAT:p821
quotes 18:16: 9 unique window(s): اعتزلتموهم | فاوا | ينشر | ويهيي | مرفقا | من امركم | وما يعبدون الا | يعبدون الا الله | ربكم من رحمته
quotes 18:16: «اعتزلتموهم» in 3 segment(s): ITQAN:v2p430, ITQAN:v2p514#2, JISHUMI:v1p892
quotes 18:16: «فاوا» in 4 segment(s): BURHAN:v1p336, ITQAN:v4p445, JISHUMI:v1p904, MAJAZ:v2p433#2
quotes 18:16: «ينشر» in 11 segment(s): BINTSHATI-IJAZ:p33, BINTSHATI-IJAZ:p411, BURHAN:v4p10, DAMGHANI:v1p73, DAMGHANI:v1p200, DAMGHANI:v1p456, IBNJAWZI-NUZHA:v1p331, IBNJAWZI-NUZHA:v1p583, IBNQUTAYBA-MUSHKIL:v1p206, ITQAN:v2p357, MAJAZ:v1p1#5
quotes 18:16: «ويهيي» in 7 segment(s): DAMGHANI:v1p207, NASHR:v1p390#4, NASHR:v1p392, NASHR:v1p447, NASHR:v1p465, NASHR:v1p469, NASHR:v2p310
quotes 18:16: «مرفقا» in 5 segment(s): DAMGHANI:v1p207, MAJAZ:v2p415#2, NASHR:v2p103, NASHR:v2p107, NASHR:v2p310
quotes 18:16: «من امركم» in 3 segment(s): BINTSHATI-IJAZ:p472, DAMGHANI:v1p207, ITQAN:v2p364
quotes 18:16: «وما يعبدون الا» in 4 segment(s): BURHAN:v4p406, IBNHISHAM:v1p303#2, ITQAN:v2p430, ITQAN:v2p514#2
quotes 18:16: «يعبدون الا الله» in 4 segment(s): BURHAN:v4p406, IBNHISHAM:v1p303#2, ITQAN:v2p430, ITQAN:v2p514#2
quotes 18:16: «ربكم من رحمته» in 5 segment(s): DAMGHANI:v1p200, DAMGHANI:v1p456, IBNHISHAM:v1p303#2, IBNJAWZI-NUZHA:v1p331, IBNJAWZI-NUZHA:v1p583
quotes 18:25: 7 unique window(s): ولبثوا | وازدادوا | تسعا | في كهفهم | كهفهم ثلاث | ثلاث مايه | مايه سنين
quotes 18:25: «ولبثوا» in 1 segment(s): DAMGHANI:v1p249
quotes 18:25: «وازدادوا» in 1 segment(s): DAMGHANI:v1p249
quotes 18:25: «تسعا» in 9 segment(s): BINTSHATI-IJAZ:p365, BINTSHATI-IJAZ:p386, BINTSHATI-IJAZ:p592, DAMGHANI:v1p249, ITQAN:v1p71, ITQAN:v2p356, ITQAN:v2p438#2, SAMARRAI-LAMASAT:p113, SAMARRAI-LAMASAT-HALAQAT:p91
quotes 18:25: «في كهفهم» in 1 segment(s): DAMGHANI:v1p249
quotes 18:25: «كهفهم ثلاث» in 0 segment(s): 
quotes 18:25: «ثلاث مايه» in 1 segment(s): NASHR:v2p310
quotes 18:25: «مايه سنين» in 1 segment(s): NASHR:v2p310
quotes 35:37: 13 unique window(s): يصطرخون | نعمركم | وجاكم | فيها ربنا | اخرجنا نعمل | صالحا غير | نعمل اولم | ما يتذكر | يتذكر فيه | من تذكر | النذير فذوقوا | فذوقوا فما | فما للظالمين
quotes 35:37: «يصطرخون» in 6 segment(s): BURHAN:v3p34, ITQAN:v3p236#3, SAMARRAI-ASRAR:r5#7, SAMARRAI-ASRAR-MUH:p89, SAMARRAI-LAMASAT-HALAQAT:p539, SAMARRAI-LAMASAT-HALAQAT:p1052
quotes 35:37: «نعمركم» in 5 segment(s): BAQILLANI:v1p288, BURHAN:v4p3, ITQAN:v3p212, ITQAN:v4p525#2, SAMARRAI-LAMASAT-HALAQAT:p1052
quotes 35:37: «وجاكم» in 2 segment(s): BAQILLANI:v1p288, DAMGHANI:v1p450
quotes 35:37: «فيها ربنا» in 1 segment(s): SAMARRAI-LAMASAT-HALAQAT:p1052
quotes 35:37: «اخرجنا نعمل» in 1 segment(s): SAMARRAI-LAMASAT-HALAQAT:p1052
quotes 35:37: «صالحا غير» in 2 segment(s): BURHAN:v4p292, SAMARRAI-LAMASAT-HALAQAT:p1052
quotes 35:37: «نعمل اولم» in 1 segment(s): SAMARRAI-LAMASAT-HALAQAT:p1052
quotes 35:37: «ما يتذكر» in 6 segment(s): BAQILLANI:v1p288, BURHAN:v4p3, ITQAN:v3p212, ITQAN:v4p525#2, SAMARRAI-LAMASAT-HALAQAT:p1052, SIBAWAYH:(هذابابوجوهالقوافيفيالإنشاد)#746
quotes 35:37: «يتذكر فيه» in 5 segment(s): BAQILLANI:v1p288, BURHAN:v4p3, ITQAN:v3p212, ITQAN:v4p525#2, SAMARRAI-LAMASAT-HALAQAT:p1052
quotes 35:37: «من تذكر» in 5 segment(s): BAQILLANI:v1p288, BURHAN:v4p3, ITQAN:v3p212, ITQAN:v4p525#2, SAMARRAI-LAMASAT-HALAQAT:p1052
quotes 35:37: «النذير فذوقوا» in 0 segment(s): 
quotes 35:37: «فذوقوا فما» in 0 segment(s): 
quotes 35:37: «فما للظالمين» in 0 segment(s): 
quotes 68:17: 5 unique window(s): بلوناهم | بلونا | ليصرمنها | الجنه اذ | اذ اقسموا
quotes 68:17: «بلوناهم» in 4 segment(s): BINTSHATI-IJAZ:p424, DAMGHANI:v1p110, ITQAN:v1p53, SAMARRAI-LAMASAT-HALAQAT:p680
quotes 68:17: «بلونا» in 4 segment(s): BINTSHATI-IJAZ:p424, DAMGHANI:v1p110, JURJANI-DALAIL:v1p78, SAMARRAI-LAMASAT-HALAQAT:p680
quotes 68:17: «ليصرمنها» in 6 segment(s): BINTSHATI-IJAZ:p223, BINTSHATI-IJAZ:p424, DAMGHANI:v1p271, IBNASHUR-FULL:v1p63, IBNJAWZI-NUZHA:v1p91#2, SAMARRAI-LAMASAT-HALAQAT:p680
quotes 68:17: «الجنه اذ» in 2 segment(s): BINTSHATI-IJAZ:p424, SAMARRAI-LAMASAT-HALAQAT:p680
quotes 68:17: «اذ اقسموا» in 5 segment(s): BINTSHATI-IJAZ:p223, BINTSHATI-IJAZ:p424, DAMGHANI:v1p271, IBNASHUR-FULL:v1p63, SAMARRAI-LAMASAT-HALAQAT:p680
quotes 68:18: 1 unique window(s): يستثنون
quotes 68:18: «يستثنون» in 2 segment(s): BINTSHATI-IJAZ:p223, BINTSHATI-IJAZ:p424
quotes 68:19: 4 unique window(s): فطاف | عليها طايف | ربك وهم | طايف من ربك
quotes 68:19: «فطاف» in 3 segment(s): BINTSHATI-IJAZ:p424, DAMGHANI:v1p299, IBNJAWZI-NUZHA:v1p416
quotes 68:19: «عليها طايف» in 3 segment(s): BINTSHATI-IJAZ:p424, DAMGHANI:v1p299, IBNJAWZI-NUZHA:v1p416
quotes 68:19: «ربك وهم» in 3 segment(s): BINTSHATI-IJAZ:p424, DAMGHANI:v1p299, IBNQUTAYBA-MUSHKIL:v1p140
quotes 68:19: «طايف من ربك» in 3 segment(s): BINTSHATI-IJAZ:p424, DAMGHANI:v1p299, IBNJAWZI-NUZHA:v1p416
quotes 68:20: 2 unique window(s): فاصبحت | كالصريم
quotes 68:20: «فاصبحت» in 26 segment(s): BAQILLANI:v1p39, BAQILLANI:v1p137#3, BAQILLANI:v1p215, BINTSHATI-IJAZ:p424, BINTSHATI-IJAZ:p425, BURHAN:v2p208, DAMGHANI:v1p271, IBNJAWZI-NUZHA:v1p91#2, IBNJAWZI-NUZHA:v1p208, IBNQUTAYBA-MUSHKIL:v1p100, IBNQUTAYBA-MUSHKIL:v1p118, IBNQUTAYBA-MUSHKIL:v1p133 …
quotes 68:20: «كالصريم» in 7 segment(s): BINTSHATI-IJAZ:p424, BINTSHATI-IJAZ:p425, BURHAN:v2p208, DAMGHANI:v1p271, IBNJAWZI-NUZHA:v1p91#2, IBNQUTAYBA-MUSHKIL:v1p118, ITQAN:v2p359
quotes 68:24: 3 unique window(s): يدخلنها | اليوم عليكم | عليكم مسكين
quotes 68:24: «يدخلنها» in 4 segment(s): BURHAN:v1p427, ITQAN:v4p450, NASHR:v2p29, NASHR:v2p147
quotes 68:24: «اليوم عليكم» in 0 segment(s): 
quotes 68:24: «عليكم مسكين» in 0 segment(s): 
quotes 68:26: 2 unique window(s): راوها | انا لضالون
quotes 68:26: «راوها» in 12 segment(s): BURHAN:v1p305, BURHAN:v4p392, IBNASHUR-FULL:v1p63, IBNJAWZI-NUZHA:v1p408, JISHUMI:v1p697, JURJANI-ASRAR:v1p88, SIBAWAYH:اعلمأنياءالإضافةلاتثبتمعالنداءكمالميثبتالتنوينفيالمفرد#300, SIBAWAYH:(هذابابالجزاء)#481, SIBAWAYH:(هذابابالإضافةإلىكلاسمكانآخرهياءوكانالحرفالذيقبلالياء#561, SIBAWAYH:(هذابابالإضافةإلىكلاسمكانآخرهألفازائدةلاينونوكانعلى#564, SIBAWAYH:(هذابابماتكسرفيهالهاءالتيهيعلامةالإضمار)#742, SIBAWAYH:(هذابابالتضعيففيبناتالياءوذلكنحوعييتوحييتوأحييت)#795
quotes 68:26: «انا لضالون» in 4 segment(s): DAMGHANI:v1p291, IBNASHUR-FULL:v1p63, IBNJAWZI-NUZHA:v1p408, IBNQUTAYBA-MUSHKIL:v1p166
quotes 68:27: 0 unique window(s): 
quotes 74:34: 1 unique window(s): اسفر
quotes 74:34: «اسفر» in 6 segment(s): BINTSHATI-IJAZ:p248, DAMGHANI:v1p237, DURR-FULL:v1p9, ITQAN:v4p460, JISHUMI:v1p758#2, NASHR:v1p256
quotes 78:15: 3 unique window(s): لنخرج | ونباتا | به حبا
quotes 78:15: «لنخرج» in 1 segment(s): BINTSHATI-IJAZ:p415
quotes 78:15: «ونباتا» in 2 segment(s): BINTSHATI-IJAZ:p415, BINTSHATI-IJAZ:p416
quotes 78:15: «به حبا» in 1 segment(s): BINTSHATI-IJAZ:p415
quotes 78:16: 1 unique window(s): الفافا
quotes 78:16: «الفافا» in 5 segment(s): BINTSHATI-IJAZ:p415, BINTSHATI-IJAZ:p416, ITQAN:v2p336#2, ITQAN:v2p566, MAJAZ:v2p440#2
quotes 79:42: 0 unique window(s): 
quotes 79:46: 4 unique window(s): عشيه | يوم يرونها | يرونها لم | او ضحياها
quotes 79:46: «عشيه» in 22 segment(s): BAQILLANI:v1p212, BAQILLANI:v1p268, BURHAN:v3p6#2, BURHAN:v4p39, DAMGHANI:v1p285, IBNJAWZI-NUZHA:v1p399#2, IBNQUTAYBA-MUSHKIL:v1p127, ITQAN:v1p60, ITQAN:v2p549, ITQAN:v4p368, ITQAN:v4p438, JURJANI-ASRAR:v1p45 …
quotes 79:46: «يوم يرونها» in 1 segment(s): ITQAN:v4p438
quotes 79:46: «يرونها لم» in 1 segment(s): ITQAN:v4p438
quotes 79:46: «او ضحياها» in 0 segment(s): 
quotes 89:1: 1 unique window(s): والفجر
quotes 89:1: «والفجر» in 39 segment(s): ALUSI-FULL:v1p25, BAQILLANI:v1p277, BINTSHATI-IJAZ:p154, BINTSHATI-IJAZ:p244, BINTSHATI-IJAZ:p245, BINTSHATI-IJAZ:p260, BINTSHATI-IJAZ:p269, BINTSHATI-IJAZ:p482, BURHAN:v1p72, BURHAN:v1p100, BURHAN:v1p147, BURHAN:v1p179#2 …
quotes 92:1: 1 unique window(s): اذا يغشيا
quotes 92:1: «اذا يغشيا» in 0 segment(s): 
quotes 93:1: 1 unique window(s): والضحيا
quotes 93:1: «والضحيا» in 0 segment(s): 
quotes 103:1: 1 unique window(s): والعصر
quotes 103:1: «والعصر» in 29 segment(s): BINTSHATI-IJAZ:p154, BINTSHATI-IJAZ:p244, BINTSHATI-IJAZ:p245, BINTSHATI-IJAZ:p251, BINTSHATI-IJAZ:p415, BINTSHATI-IJAZ:p416, BINTSHATI-IJAZ:p567, BURHAN:v1p100, BURHAN:v1p179#2, BURHAN:v1p267, BURHAN:v2p34, DAMGHANI:v1p293 …
quotes 103:2: 2 unique window(s): الانسان لفي | لفي خسر
quotes 103:2: «الانسان لفي» in 17 segment(s): BINTSHATI-IJAZ:p244, BINTSHATI-IJAZ:p251, BURHAN:v2p7, BURHAN:v2p232, BURHAN:v2p234, BURHAN:v4p88, DAMGHANI:v1p155, DAMGHANI:v1p325, IBNASHUR-FULL:v1p120, IBNJAWZI-NUZHA:v1p181, IBNJAWZI-NUZHA:v1p277, IBNQUTAYBA-MUSHKIL:v1p204#2 …
quotes 103:2: «لفي خسر» in 17 segment(s): BINTSHATI-IJAZ:p244, BINTSHATI-IJAZ:p251, BURHAN:v2p7, BURHAN:v2p232, BURHAN:v2p234, BURHAN:v4p88, DAMGHANI:v1p155, DAMGHANI:v1p325, IBNASHUR-FULL:v1p120, IBNJAWZI-NUZHA:v1p181, IBNJAWZI-NUZHA:v1p277, IBNQUTAYBA-MUSHKIL:v1p204#2 …
quotes 78:14: 2 unique window(s): المعصرات | ثجاجا
quotes 78:14: «المعصرات» in 9 segment(s): BINTSHATI-IJAZ:p415, BINTSHATI-IJAZ:p416, IBNJAWZI-NUZHA:v1p549, IBNJAWZI-NUZHA:v1p578, ITQAN:v2p336#2, ITQAN:v2p359, JURJANI-DALAIL:v1p121, SAMARRAI-LAMASAT-HALAQAT:p822, SIBAWAYH:وذلكقولكهذاولازعماتك|أىولاأتوهمms119زعماتك|ومنذلكقولالشاعر#111
quotes 78:14: «ثجاجا» in 5 segment(s): BINTSHATI-IJAZ:p415, IBNJAWZI-NUZHA:v1p549, IBNJAWZI-NUZHA:v1p578, ITQAN:v2p336#2, SAMARRAI-LAMASAT-HALAQAT:p822
quotes 18:19: 21 unique window(s): ليتسالوا | بورقكم | طعاما | فلياتكم | برزق | وليتلطف | يشعرن | وكذالك بعثناهم | بينهم قال | منهم كم | لبثتم قالوا | يوم قالوا | قالوا ربكم | بما لبثتم | لبثتم فابعثوا | فابعثوا احدكم | هاذه الي | المدينه فلينظر | فلينظر ايها | ايها ازكيا | بكم احدا
quotes 18:19: «ليتسالوا» in 0 segment(s): 
quotes 18:19: «بورقكم» in 11 segment(s): BURHAN:v4p174, DAMGHANI:v1p18, DAMGHANI:v1p73, IBNASHUR-FULL:v1p36, IBNASHUR-FULL:v1p65, IBNJAWZI-NUZHA:v1p560, ITQAN:v2p425, ITQAN:v2p427#2, ITQAN:v4p388, NASHR:v1p286, NASHR:v2p310
quotes 18:19: «طعاما» in 16 segment(s): BINTSHATI-IJAZ:p273, BINTSHATI-IJAZ:p457, BINTSHATI-IJAZ:p511, BINTSHATI-IJAZ:p596, BURHAN:v4p167#2, BURHAN:v4p174, DAMGHANI:v1p218, IBNQUTAYBA-MUSHKIL:v1p113, IBNQUTAYBA-MUSHKIL:v1p162, ITQAN:v2p367, ITQAN:v2p425, RAZI-FULL:v1p77 …
quotes 18:19: «فلياتكم» in 2 segment(s): BURHAN:v4p174, ITQAN:v2p425
quotes 18:19: «برزق» in 8 segment(s): BURHAN:v3p284, BURHAN:v4p174, IBNQUTAYBA-MUSHKIL:v1p155, ITQAN:v2p425, SAMARRAI-ASRAR:r4#3, SAMARRAI-ASRAR-MUH:p42, SAMARRAI-LAMASAT-HALAQAT:p493, SAMARRAI-LAMASAT-HALAQAT:p956
quotes 18:19: «وليتلطف» in 8 segment(s): BURHAN:v1p249, BURHAN:v1p250, BURHAN:v1p251, BURHAN:v4p174, ITQAN:v1p190#3, ITQAN:v2p425, NASHR:v1p220, NASHR:v2p115
quotes 18:19: «يشعرن» in 3 segment(s): DAMGHANI:v1p18, MAJAZ:v2p423#2, NASHR:v2p91
quotes 18:19: «وكذالك بعثناهم» in 0 segment(s): 
quotes 18:19: «بينهم قال» in 5 segment(s): BURHAN:v3p329, IBNASHUR-FULL:v1p95, ITQAN:v1p89#2, ITQAN:v1p92, TAB-FULL:v1p23
quotes 18:19: «منهم كم» in 0 segment(s): 
quotes 18:19: «لبثتم قالوا» in 0 segment(s): 
quotes 18:19: «يوم قالوا» in 1 segment(s): ITQAN:v4p413#5
quotes 18:19: «قالوا ربكم» in 0 segment(s): 
quotes 18:19: «بما لبثتم» in 1 segment(s): ITQAN:v4p388
quotes 18:19: «لبثتم فابعثوا» in 0 segment(s): 
quotes 18:19: «فابعثوا احدكم» in 9 segment(s): BURHAN:v4p174, DAMGHANI:v1p18, DAMGHANI:v1p73, IBNASHUR-FULL:v1p36, IBNASHUR-FULL:v1p65, IBNJAWZI-NUZHA:v1p560, ITQAN:v2p425, ITQAN:v2p427#2, ITQAN:v4p388
quotes 18:19: «هاذه الي» in 0 segment(s): 
quotes 18:19: «المدينه فلينظر» in 2 segment(s): BURHAN:v4p174, ITQAN:v2p425
quotes 18:19: «فلينظر ايها» in 4 segment(s): BURHAN:v4p174, DAMGHANI:v1p218, ITQAN:v2p425, SIBAWAYH:لأنهكلامقدعملبعضهفىبعضفلايكونإلامبتدألايعملفيهشئقبله#91
quotes 18:19: «ايها ازكيا» in 0 segment(s): 
quotes 18:19: «بكم احدا» in 1 segment(s): DAMGHANI:v1p18
quotes 12:49: 5 unique window(s): يغاث | وفيه | يعصرون | ذالك عام | عام فيه
quotes 12:49: «يغاث» in 6 segment(s): BINTSHATI-IJAZ:p415, BINTSHATI-IJAZ:p567, DAMGHANI:v1p325, DAMGHANI:v1p468, IBNJAWZI-NUZHA:v1p604, SAMARRAI-ASRAR:r2#2
NOTE quotes 12:49: window «وفيه» in 444 segments, too common to mean a quotation; not used
quotes 12:49: «يعصرون» in 8 segment(s): BINTSHATI-IJAZ:p415, BINTSHATI-IJAZ:p416, BINTSHATI-IJAZ:p567, DAMGHANI:v1p325, ITQAN:v2p315, MAJAZ:v2p429#2, NASHR:v2p295, SAMARRAI-ASRAR:r2#2
quotes 12:49: «ذالك عام» in 0 segment(s): 
quotes 12:49: «عام فيه» in 5 segment(s): BINTSHATI-IJAZ:p415, DAMGHANI:v1p468, JISHUMI:v1p658, NASHR:v2p435, SAMARRAI-ASRAR:r2#2
quotes 6:52: 9 unique window(s): تطرد | حسابك | فتطردهم | وجهه ما | ما عليك | شي وما | عليك من حسابهم | عليهم من شي | فتكون من الظالمين
quotes 6:52: «تطرد» in 14 segment(s): BINTSHATI-IJAZ:p242, BINTSHATI-IJAZ:p251, BURHAN:v1p60#2, BURHAN:v3p461, DAMGHANI:v1p481, FARRA:v1p498, IBNJAWZI-NUZHA:v1p617, IBNQUTAYBA-MUSHKIL:v1p157, ITQAN:v4p397, JURJANI-DALAIL:v1p99, SIBAWAYH:(هذابابماجاءمنالمصادرعلىفعول)#677, SIBAWAYH:(هذابابالحرفالذيتبدلمكانهفيالوقفحرفاأبينمنهيشبههلأنه#738 …
quotes 6:52: «حسابك» in 3 segment(s): BURHAN:v3p292#2, BURHAN:v3p461, ITQAN:v3p249
quotes 6:52: «فتطردهم» in 1 segment(s): BURHAN:v3p461
quotes 6:52: «وجهه ما» in 2 segment(s): BURHAN:v3p461, SULAMI:v1p21
quotes 6:52: «ما عليك» in 4 segment(s): ALUSI-FULL:v1p25, BURHAN:v3p292#2, BURHAN:v3p461, ITQAN:v3p249
quotes 6:52: «شي وما» in 3 segment(s): BURHAN:v3p292#2, BURHAN:v3p461, ITQAN:v3p249
quotes 6:52: «عليك من حسابهم» in 5 segment(s): BURHAN:v3p292#2, BURHAN:v3p461, IBNHISHAM:v1p392#2, IBNMAJAH:4127, ITQAN:v3p249
quotes 6:52: «عليهم من شي» in 5 segment(s): BURHAN:v3p292#2, BURHAN:v3p461, IBNHISHAM:v1p392#2, IBNMAJAH:4127, ITQAN:v3p249
quotes 6:52: «فتكون من الظالمين» in 3 segment(s): BURHAN:v3p461, IBNHISHAM:v1p392#2, IBNMAJAH:4127
quotation packet: 671 segment(s), 1,091,323 characters
NOTE surah-level S2: 1586 segments, 2,192,981 characters, reserved for the surah page (listed in manifest.json)
NOTE surah-level S6: 419 segments, 498,565 characters, reserved for the surah page (listed in manifest.json)
NOTE surah-level S11: 317 segments, 394,843 characters, reserved for the surah page (listed in manifest.json)
NOTE surah-level S12: 334 segments, 426,279 characters, reserved for the surah page (listed in manifest.json)
NOTE surah-level S18: 270 segments, 302,725 characters, reserved for the surah page (listed in manifest.json)
NOTE surah-level S35: 69 segments, 75,307 characters, reserved for the surah page (listed in manifest.json)
NOTE surah-level S68: 82 segments, 82,163 characters, reserved for the surah page (listed in manifest.json)
NOTE surah-level S74: 46 segments, 39,468 characters, reserved for the surah page (listed in manifest.json)
NOTE surah-level S78: 68 segments, 67,044 characters, reserved for the surah page (listed in manifest.json)
NOTE surah-level S79: 47 segments, 34,443 characters, reserved for the surah page (listed in manifest.json)
NOTE surah-level S89: 47 segments, 53,639 characters, reserved for the surah page (listed in manifest.json)
NOTE surah-level S92: 37 segments, 29,625 characters, reserved for the surah page (listed in manifest.json)
NOTE surah-level S93: 49 segments, 51,343 characters, reserved for the surah page (listed in manifest.json)
NOTE surah-level S103: 35 segments, 31,050 characters, reserved for the surah page (listed in manifest.json)

verse          tier 1   GAP tier1  quotes in  QUOTES GAP  other routes
2:264      114 (243k)      0 (0k)     0 (0k)   78 (139k)  meal block 2 (0k); meal table and meal block 82 (36k); verse text 1 (0k)
2:265      128 (237k)      0 (0k)     0 (0k)    18 (29k)  meal block 2 (0k); meal table and meal block 81 (27k); verse text 1 (0k)
2:266      103 (220k)      0 (0k)     0 (0k)    37 (62k)  meal block 2 (0k); meal table and meal block 82 (31k); verse text 1 (0k)
11:114     128 (250k)      0 (0k)     0 (0k)    42 (67k)  meal block 2 (0k); meal table and meal block 82 (15k); verse text 1 (0k)
12:35       86 (158k)      0 (0k)     0 (0k)     9 (15k)  meal block 2 (0k); meal table and meal block 82 (11k); verse text 1 (0k)
12:36      113 (186k)      0 (0k)     0 (0k)  134 (235k)  meal block 2 (0k); meal table and meal block 82 (27k); verse text 1 (0k)
12:41       87 (165k)      0 (0k)     0 (0k)    34 (50k)  meal block 2 (0k); meal table and meal block 83 (18k); verse text 1 (0k)
12:42      103 (185k)      0 (0k)     0 (0k)    27 (42k)  meal block 2 (0k); meal table and meal block 83 (17k); verse text 1 (0k)
12:43       90 (177k)      0 (0k)     0 (0k)    14 (17k)  meal block 2 (0k); meal table and meal block 83 (19k); verse text 1 (0k)
12:45       94 (159k)      0 (0k)     0 (0k)    26 (34k)  meal block 2 (0k); meal table and meal block 82 (14k); verse text 1 (0k)
12:47       85 (148k)      0 (0k)     0 (0k)    14 (21k)  meal block 2 (0k); meal table and meal block 82 (13k); verse text 1 (0k)
12:48       76 (146k)      0 (0k)     0 (0k)      5 (6k)  meal block 2 (0k); meal table and meal block 82 (13k); verse text 1 (0k)
18:10      201 (384k)      0 (0k)     0 (0k)    16 (28k)  meal block 2 (0k); meal table and meal block 82 (14k); verse text 1 (0k)
18:11      180 (341k)      0 (0k)     0 (0k)     7 (11k)  meal block 2 (0k); meal table and meal block 82 (8k); verse text 1 (0k)
18:16      166 (324k)      0 (0k)     0 (0k)    32 (51k)  meal block 2 (0k); meal table and meal block 83 (18k); verse text 1 (0k)
18:25      167 (312k)      0 (0k)     0 (0k)    10 (13k)  meal block 2 (0k); meal table and meal block 82 (9k); verse text 1 (0k)
35:37      135 (221k)      0 (0k)     0 (0k)    13 (21k)  meal block 2 (0k); meal table and meal block 82 (27k); verse text 1 (0k)
68:17      117 (230k)      0 (0k)     0 (0k)     9 (14k)  meal block 2 (0k); meal table and meal block 83 (15k); verse text 1 (0k)
68:18       99 (208k)      0 (0k)     0 (0k)      2 (2k)  meal block 2 (0k); meal table and meal block 83 (7k); verse text 1 (0k)
68:19       98 (212k)      0 (0k)     0 (0k)      4 (5k)  meal block 2 (0k); meal table and meal block 83 (8k); verse text 1 (0k)
68:20      102 (218k)      0 (0k)     0 (0k)    27 (43k)  meal block 2 (0k); meal table and meal block 83 (6k); verse text 1 (0k)
68:24       96 (200k)      0 (0k)     0 (0k)      4 (6k)  meal block 2 (0k); meal table and meal block 83 (7k); verse text 1 (0k)
68:26       94 (203k)      0 (0k)     0 (0k)    14 (30k)  meal block 2 (0k); meal table and meal block 83 (8k); verse text 1 (0k)
68:27       94 (202k)      0 (0k)     0 (0k)      0 (0k)  meal block 2 (0k); meal table and meal block 83 (6k); verse text 1 (0k)
74:34       87 (165k)      0 (0k)     0 (0k)     6 (10k)  meal block 2 (0k); meal table and meal block 82 (5k); verse text 1 (0k)
78:15       65 (105k)      0 (0k)     0 (0k)      2 (2k)  meal block 2 (0k); meal table and meal block 82 (7k); verse text 1 (0k)
78:16       70 (103k)      0 (0k)     0 (0k)      5 (5k)  meal block 2 (0k); meal table and meal block 82 (8k); verse text 1 (0k)
79:42        68 (94k)      0 (0k)     0 (0k)      0 (0k)  meal block 2 (0k); meal table and meal block 82 (6k); verse text 1 (0k)
79:46       75 (101k)      0 (0k)     0 (0k)    22 (40k)  meal block 2 (0k); meal table and meal block 82 (10k); verse text 1 (0k)
89:1       101 (168k)      0 (0k)     0 (0k)    39 (58k)  edition rule 12 (14k); meal block 2 (0k); meal table and meal block 82 (3k); verse text 1 (0k)
92:1         60 (83k)      0 (0k)     0 (0k)      0 (0k)  edition rule 10 (7k); meal block 2 (0k); meal table and meal block 82 (4k); verse text 1 (0k)
93:1        71 (104k)      0 (0k)     0 (0k)      0 (0k)  edition rule 11 (17k); meal block 2 (0k); meal table and meal block 82 (3k); verse text 1 (0k)
103:1       78 (148k)      0 (0k)     0 (0k)    29 (42k)  edition rule 12 (18k); meal block 2 (0k); meal table and meal block 82 (3k); verse text 1 (0k)
103:2       80 (141k)      0 (0k)     0 (0k)    17 (25k)  edition rule 12 (6k); meal block 2 (0k); meal table and meal block 82 (5k); verse text 1 (0k)
78:14       73 (113k)      0 (0k)     0 (0k)     9 (10k)  meal block 2 (0k); meal table and meal block 82 (8k); verse text 1 (0k)
18:19      198 (362k)      0 (0k)     0 (0k)    45 (72k)  meal block 2 (1k); meal table and meal block 83 (40k); verse text 1 (0k)
12:49       97 (177k)      0 (0k)     0 (0k)    12 (20k)  meal block 2 (0k); meal table and meal block 82 (11k); verse text 1 (0k)
6:52       142 (281k)      0 (0k)     0 (0k)    20 (31k)  meal block 2 (0k); meal table and meal block 82 (21k); verse text 1 (0k)
S2: 1586 surah-level segments → surah page
S6: 419 surah-level segments → surah page
S11: 317 surah-level segments → surah page
S12: 334 surah-level segments → surah page
S18: 270 surah-level segments → surah page
S35: 69 surah-level segments → surah page
S68: 82 surah-level segments → surah page
S74: 46 surah-level segments → surah page
S78: 68 surah-level segments → surah page
S79: 47 surah-level segments → surah page
S89: 47 surah-level segments → surah page
S92: 37 surah-level segments → surah page
S93: 49 surah-level segments → surah page
S103: 35 surah-level segments → surah page

782 segments of tier-1 kinds or quotation packets are not digested yet
written enrichment/v9/work/map-103_1-20261008/material/manifest.json
