pushed a backlog of 7 commit(s)
enrichment/corpus/ACADEMIC/ISLAHI-TADABBUR/raw: 1,359.6 MB written
enrichment/corpus/ACADEMIC/JEFFERY-FOREIGN/raw: 17.0 MB written
enrichment/corpus/ACADEMIC/NOLDEKE-GDQ/raw: 246.5 MB written
enrichment/corpus/ACADEMIC/SINAI-KEYTERMS/raw: 12.2 MB written
enrichment/corpus/ACADEMIC/STUDYQURAN/raw: 38.5 MB written
enrichment/corpus/ACADEMIC/ZAMMIT-COMPARATIVE/raw: 19.3 MB written
enrichment/corpus/AKHFASH/raw: 0.9 MB written
enrichment/corpus/ALUSI-FULL/raw: 34.7 MB written
enrichment/corpus/ARBERRY/raw: 2.2 MB written
enrichment/corpus/ASAD-EN/raw: 3.5 MB written
enrichment/corpus/ASAD-NOTES/raw: 7.8 MB written
enrichment/corpus/ASMAIYYAT/raw: 0.2 MB written
enrichment/corpus/AZRAQI/raw: 1.2 MB written
enrichment/corpus/BAGHAWI-FULL/raw: 8.5 MB written
enrichment/corpus/BAQILLANI/raw: 0.5 MB written
enrichment/corpus/BAYDAWI-FULL/raw: 4.9 MB written
enrichment/corpus/BINTSHATI/raw: 28.5 MB written
enrichment/corpus/BINTSHATI-IJAZ/raw: 1.7 MB written
enrichment/corpus/BIQAI-FULL/raw: 18.4 MB written
enrichment/corpus/BURHAN/raw: 3.2 MB written
enrichment/corpus/BURSEVI/raw: 24.3 MB written
enrichment/corpus/CORPUSCORANICUM/raw: 2.6 MB written
enrichment/corpus/CORPUSCORANICUM-INTERTEXT/raw: 2.3 MB written
enrichment/corpus/DAMGHANI/raw: 0.7 MB written
enrichment/corpus/DURR-FULL/raw: 15.5 MB written
enrichment/corpus/ELMALILI/raw: 42.2 MB written
enrichment/corpus/FARISI-HUJJA/raw: 3.9 MB written
enrichment/corpus/FARRA/raw: 2.2 MB written
enrichment/corpus/FURUQ/raw: 0.7 MB written
enrichment/corpus/GHARNATI/raw: 0.4 MB written
enrichment/corpus/HAMASA/raw: 3.2 MB written
enrichment/corpus/IBNABIHATIM/raw: 7.8 MB written
enrichment/corpus/IBNASHUR-FULL/raw: 29.6 MB written
enrichment/corpus/IBNATIYYA-FULL/raw: 11.3 MB written
enrichment/corpus/IBNHIBBAN/raw: 7.6 MB written
enrichment/corpus/IBNHISHAM/raw: 2.7 MB written
enrichment/corpus/IBNJAWZI-NUZHA/raw: 0.7 MB written
enrichment/corpus/IBNJAWZI-ZAD/raw: 7.8 MB written
enrichment/corpus/IBNJINNI-MUHTASAB/raw: 1.4 MB written
enrichment/corpus/IBNKATHIR-FULL/raw: 15.4 MB written
enrichment/corpus/IBNKHALAWAYH-HUJJA/raw: 0.7 MB written
enrichment/corpus/IBNKHALAWAYH-MUKHTASAR/raw: 6.4 MB written
enrichment/corpus/IBNMUJAHID/raw: 0.9 MB written
enrichment/corpus/IBNQUTAYBA-GHARIB/raw: 0.6 MB written
enrichment/corpus/IBNQUTAYBA-MUSHKIL/raw: 0.6 MB written
enrichment/corpus/ITQAN/raw: 2.5 MB written
enrichment/corpus/JISHUMI/raw: 15.4 MB written
enrichment/corpus/JURJANI-ASRAR/raw: 0.7 MB written
enrichment/corpus/JURJANI-DALAIL/raw: 0.9 MB written
enrichment/corpus/KALBI-ASNAM/raw: 0.1 MB written
enrichment/corpus/KASHSHAF-FULL/raw: 8.1 MB written
enrichment/corpus/KHALAFALLAH-QASAS/raw: 3.6 MB written
enrichment/corpus/KHATTABI/raw: 0.1 MB written
enrichment/corpus/KHULI/raw: 35.9 MB written
enrichment/corpus/KJV/raw: 5.2 MB written
enrichment/corpus/KUBBEALTI/raw: 0.8 MB written
enrichment/corpus/MAJAZ/raw: 0.9 MB written
enrichment/corpus/MAWARDI-FULL/raw: 5.8 MB written
enrichment/corpus/MEAL-AFYAVUZ/raw: 1.7 MB written
enrichment/corpus/MEAL-AKDEMIR/raw: 41.1 MB written
enrichment/corpus/MEAL-ALIMIHR/raw: 1.6 MB written
enrichment/corpus/MEAL-ATAY/raw: 4.8 MB written
enrichment/corpus/MEAL-ATES/raw: 2.4 MB written
enrichment/corpus/MEAL-BILMEN/raw: 83.5 MB written
enrichment/corpus/MEAL-BULAC/raw: 2.5 MB written
enrichment/corpus/MEAL-CANTAY/raw: 1.7 MB written
enrichment/corpus/MEAL-CYILDIRIM/raw: 1.7 MB written
enrichment/corpus/MEAL-DIB/raw: 17.4 MB written
enrichment/corpus/MEAL-DIB1961/raw: 2.6 MB written
enrichment/corpus/MEAL-DOGRUL/raw: 2.8 MB written
enrichment/corpus/MEAL-EAT-SIVAS-DELICE/raw: 0.5 MB written
enrichment/corpus/MEAL-EAT-SIVAS-KUTUKCU/raw: 0.5 MB written
enrichment/corpus/MEAL-EAT-TOPKAPI-SIMSEK/raw: 2.0 MB written
enrichment/corpus/MEAL-ELIACIK/raw: 6.2 MB written
enrichment/corpus/MEAL-ELMALILI/raw: 11.0 MB written
enrichment/corpus/MEAL-ELMALILI-SADE/raw: 5.4 MB written
enrichment/corpus/MEAL-ELMALILI-SADE-B/raw: 1.5 MB written
enrichment/corpus/MEAL-ESED/raw: 1.7 MB written
enrichment/corpus/MEAL-FIZILAL/raw: 1.5 MB written
enrichment/corpus/MEAL-GOLPINARLI/raw: 2.4 MB written
enrichment/corpus/MEAL-HAMIDULLAH/raw: 20.4 MB written
enrichment/corpus/MEAL-IBNKESIR-ANON/raw: 1.4 MB written
enrichment/corpus/MEAL-ISLAMOGLU/raw: 27.8 MB written
enrichment/corpus/MEAL-KARAHANLI-RYLANDS/raw: 2.6 MB written
enrichment/corpus/MEAL-KARAHANLI-TIEM73/raw: 2.3 MB written
enrichment/corpus/MEAL-KARAHANLI-TIEM73-UNLU/raw: 8.0 MB written
enrichment/corpus/MEAL-KURANYOLU/raw: 11.0 MB written
enrichment/corpus/MEAL-MOZTURK/raw: 52.0 MB written
enrichment/corpus/MEAL-OCELIK/raw: 12.2 MB written
enrichment/corpus/MEAL-ONAN/raw: 1.5 MB written
enrichment/corpus/MEAL-PIRIS/raw: 1.4 MB written
enrichment/corpus/MEAL-PIRIS-REV/raw: 2.4 MB written
enrichment/corpus/MEAL-RWWAD/raw: 2.5 MB written
enrichment/corpus/MEAL-SULEYMANIYE/raw: 2.5 MB written
enrichment/corpus/MEAL-SYILDIRIM/raw: 3.1 MB written
enrichment/corpus/MEAL-TDV/raw: 11.0 MB written
enrichment/corpus/MEAL-TDV-DUZ/raw: 3.9 MB written
enrichment/corpus/MEAL-TDV-QE/raw: 2.6 MB written
enrichment/corpus/MEAL-TEFHIM/raw: 1.5 MB written
enrichment/corpus/MEAL-UNAL/raw: 259.6 MB written
enrichment/corpus/MEAL-VEHBI/raw: 23.5 MB written
enrichment/corpus/MEAL-YNOZTURK/raw: 3.9 MB written
enrichment/corpus/MEAL-YUKSEL/raw: 2.2 MB written
enrichment/corpus/MEAL-ZDUMAN/raw: 8.7 MB written
enrichment/corpus/MUALLAQAT/raw: 0.6 MB written
enrichment/corpus/MUFADDALIYYAT/raw: 0.3 MB written
enrichment/corpus/MUJAHID/raw: 0.8 MB written
enrichment/corpus/MUQATIL/raw: 3.6 MB written
enrichment/corpus/MUQATIL-WUJUH/raw: 13.1 MB written
enrichment/corpus/MUSNAD-AHMAD/raw: 15.7 MB written
enrichment/corpus/NAHHAS/raw: 3.1 MB written
enrichment/corpus/NASAFI-FULL/raw: 5.4 MB written
enrichment/corpus/NASHR/raw: 2.7 MB written
enrichment/corpus/NISANYAN/raw: 1.5 MB written
enrichment/corpus/QASHANI/raw: 2.3 MB written
enrichment/corpus/QURTUBI-FULL/raw: 19.0 MB written
enrichment/corpus/QUSHAYRI/raw: 3.3 MB written
enrichment/corpus/QUTB-ZILAL/raw: 8.5 MB written
enrichment/corpus/RAZI-FULL/raw: 30.3 MB written
enrichment/corpus/REF-EAT-BERLIN-TUNA-NOTES/raw: 1.0 MB written
enrichment/corpus/RIFAI-KHULI/raw: 0.6 MB written
enrichment/corpus/RIYAD/raw: 2.4 MB written
enrichment/corpus/RIYAD-TR/raw: 0.5 MB written
enrichment/corpus/RUMMANI/raw: 0.1 MB written
enrichment/corpus/SAMARRAI-ASRAR/raw: 0.8 MB written
enrichment/corpus/SAMARRAI-ASRAR-MUH/raw: 0.5 MB written
enrichment/corpus/SAMARRAI-LAMASAT/raw: 0.9 MB written
enrichment/corpus/SAMARRAI-LAMASAT-HALAQAT/raw: 3.2 MB written
enrichment/corpus/SAMARRAI-TARIQ/raw: 27.5 MB written
enrichment/corpus/SAMIN-DURR/raw: 12.0 MB written
enrichment/corpus/SAMIN-UMDA/raw: 3.7 MB written
enrichment/corpus/SBLGNT/raw: 1.8 MB written
enrichment/corpus/SEFARIA/raw: 1.0 MB written
enrichment/corpus/SULAMI/raw: 2.3 MB written
enrichment/corpus/SUYUTI-LUBAB/raw: 0.6 MB written
enrichment/corpus/SUYUTI-TANASUQ/raw: 0.2 MB written
enrichment/corpus/TAB-FULL/raw: 28.9 MB written
enrichment/corpus/TABATABAI/raw: 22.7 MB written
enrichment/corpus/TABRISI/raw: 12.5 MB written
enrichment/corpus/TAJ/raw: 40.1 MB written
enrichment/corpus/TARAMA/raw: 718.1 MB written
enrichment/corpus/TDK/raw: 0.1 MB written
enrichment/corpus/TDVIA/raw: 6.3 MB written
enrichment/corpus/THALABI/raw: 10.5 MB written
enrichment/corpus/TUSTARI/raw: 0.5 MB written
enrichment/corpus/WAHIDI-ASBAB/raw: 0.9 MB written
enrichment/corpus/WAHIDI-BASIT/raw: 13.9 MB written
enrichment/corpus/WAHIDI-WAJIZ/raw: 1.8 MB written
enrichment/corpus/WLC/raw: 28.5 MB written
enrichment/corpus/YAHYA-SALLAM/raw: 1.5 MB written
enrichment/corpus/YKHULI-TAJDID/raw: 0.5 MB written
enrichment/corpus/ZAJJAJ/raw: 4.0 MB written
enrichment/bible/corpus/CORPUSCORANICUM/raw: 2.6 MB written
enrichment/bible/corpus/CORPUSCORANICUM-INTERTEXT/raw: 2.3 MB written
enrichment/bible/corpus/HEBLEX/raw: 7.4 MB written
enrichment/bible/corpus/KJV/raw: 5.2 MB written
enrichment/bible/corpus/SBLGNT/raw: 1.8 MB written
enrichment/bible/corpus/SEFARIA/raw: 3.6 MB written
enrichment/bible/corpus/TDVIA/raw: 6.3 MB written
enrichment/bible/corpus/TURNTB/raw: 2.1 MB written
enrichment/bible/corpus/WLC/raw: 28.5 MB written
database copies: 812.8 MB written
pushed; nothing left unpushed
copied 24718, split 13, unchanged 145
exit 0
