== pass 1 13:06
/root/v9u_map_s096_20261009_sol-high_87-2_u1: rc 0, completed True, commands 3, max request 18867 tokens, $0.0568 equivalent
/root/v9u_map_s096_20261009_sol-high_87-3_u1: rc 0, completed True, commands 4, max request 20098 tokens, $0.0511 equivalent
/root/v9u_map_s096_20261009_sol-high_87-6_u2: rc 0, completed True, commands 4, max request 21216 tokens, $0.0789 equivalent
/root/v9u_map-103_1-20261008_sol-high_35-37_u3: rc 0, completed True, commands 5, max request 28395 tokens, $0.1170 equivalent
/root/v9u_map_s096_20261009_sol-high_1-1_u2: rc 0, completed True, commands 116, max request 83088 tokens, $0.4245 equivalent
/root/v9u_map_s096_20261009_sol-high_1-2_u2: rc 0, completed True, commands 82, max request 49165 tokens, $0.2878 equivalent
/root/v9u_map_s096_20261009_sol-high_2-31_u2: rc 0, completed True, commands 7, max request 34351 tokens, $0.1631 equivalent
/root/v9u_map_s096_20261009_sol-high_2-32_u1: rc 0, completed True, commands 5, max request 27571 tokens, $0.1252 equivalent
/root/v9u_map_s096_20261009_sol-high_9-103_u2: rc 0, completed True, commands 6, max request 27188 tokens, $0.0937 equivalent
/root/v9u_map_s096_20261009_sol-high_20-13_u2: rc 0, completed True, commands 5, max request 21340 tokens, $0.0838 equivalent
/root/v9u_map_s096_20261009_sol-high_20-49_u1: rc 0, completed True, commands 6, max request 23720 tokens, $0.1197 equivalent
/root/v9u_map_s096_20261009_sol-high_20-50_u1: rc 0, completed True, commands 4, max request 21890 tokens, $0.0903 equivalent
/root/v9u_map_s096_20261009_sol-high_20-53_u2: rc 0, completed True, commands 4, max request 19926 tokens, $0.0656 equivalent
/root/v9u_map_s096_20261009_sol-high_20-54_u1: rc 0, completed True, commands 3, max request 19275 tokens, $0.0746 equivalent
/root/v9u_map_s096_20261009_sol-high_20-69_u2: rc 0, completed True, commands 6, max request 27403 tokens, $0.1527 equivalent
/root/v9u_map_s096_20261009_sol-high_20-71_u2: rc 0, completed True, commands 4, max request 24638 tokens, $0.0915 equivalent
/root/v9u_map_s096_20261009_sol-high_20-130_u1: rc 0, completed True, commands 6, max request 30562 tokens, $0.1491 equivalent
/root/v9u_map_s096_20261009_sol-high_20-131_u1: rc 0, completed True, commands 4, max request 24407 tokens, $0.0758 equivalent
/root/v9u_map_s096_20261009_sol-high_20-132_u2: rc 0, completed True, commands 5, max request 24178 tokens, $0.0725 equivalent
/root/v9u_map_s096_20261009_sol-high_22-5_u1: rc 0, completed True, commands 6, max request 27058 tokens, $0.0821 equivalent
/root/v9u_map_s096_20261009_sol-high_33-43_u1: rc 0, completed True, commands 4, max request 23100 tokens, $0.0817 equivalent
/root/v9u_map_s096_20261009_sol-high_53-33_u1: rc 0, completed True, commands 3, max request 18261 tokens, $0.0554 equivalent
/root/v9u_map_s096_20261009_sol-high_53-34_u1: rc 0, completed True, commands 3, max request 19371 tokens, $0.0638 equivalent
/root/v9u_map_s096_20261009_sol-high_53-35_u1: rc 0, completed True, commands 3, max request 18704 tokens, $0.0554 equivalent
/root/v9u_map_s096_20261009_sol-high_53-36_u1: rc 0, completed True, commands 3, max request 18368 tokens, $0.0583 equivalent
/root/v9u_map_s096_20261009_sol-high_53-39_u1: rc 0, completed True, commands 4, max request 21036 tokens, $0.0683 equivalent
/root/v9u_map_s096_20261009_sol-high_53-40_u1: rc 0, completed True, commands 3, max request 19847 tokens, $0.0597 equivalent
/root/v9u_map_s096_20261009_sol-high_53-42_u1: rc 0, completed True, commands 3, max request 19844 tokens, $0.0638 equivalent
/root/v9u_map_s096_20261009_sol-high_74-11_u1: rc 0, completed True, commands 3, max request 21232 tokens, $0.0716 equivalent
/root/v9u_map_s096_20261009_sol-high_74-26_u2: rc 0, completed True, commands 3, max request 18982 tokens, $0.0589 equivalent
/root/v9u_map_s096_20261009_sol-high_74-31_u2: rc 0, completed True, commands 5, max request 24027 tokens, $0.0680 equivalent
/root/v9u_map_s096_20261009_sol-high_74-43_u1: rc 0, completed True, commands 3, max request 17364 tokens, $0.0450 equivalent
/root/v9u_map_s096_20261009_sol-high_75-30_u2: rc 0, completed True, commands 3, max request 18656 tokens, $0.0604 equivalent
/root/v9u_map_s096_20261009_sol-high_75-33_u1: rc 0, completed True, commands 3, max request 17178 tokens, $0.0402 equivalent
/root/v9u_map_s096_20261009_sol-high_75-38_u1: rc 0, completed True, commands 3, max request 17144 tokens, $0.0571 equivalent
/root/v9u_map_s096_20261009_sol-high_76-25_u1: rc 0, completed True, commands 3, max request 16930 tokens, $0.0388 equivalent
/root/v9u_map_s096_20261009_sol-high_76-26_u1: rc 0, completed True, commands 3, max request 18316 tokens, $0.0458 equivalent
/root/v9u_map_s096_20261009_sol-high_79-17_u1: rc 0, completed True, commands 3, max request 16644 tokens, $0.0353 equivalent
/root/v9u_map_s096_20261009_sol-high_79-18_u2: rc 0, completed True, commands 3, max request 18748 tokens, $0.0516 equivalent
/root/v9u_map_s096_20261009_sol-high_79-19_u2: rc 0, completed True, commands 3, max request 19023 tokens, $0.0518 equivalent
/root/v9u_map_s096_20261009_sol-high_79-23_u1: rc 0, completed True, commands 2, max request 16779 tokens, $0.0310 equivalent
/root/v9u_map_s096_20261009_sol-high_79-24_u1: rc 0, completed True, commands 3, max request 19673 tokens, $0.0628 equivalent
/root/v9u_map_s096_20261009_sol-high_79-25_u2: rc 0, completed True, commands 4, max request 22554 tokens, $0.1007 equivalent
/root/v9u_map_s096_20261009_sol-high_79-35_u1: rc 0, completed True, commands 2, max request 15981 tokens, $0.0335 equivalent
/root/v9u_map_s096_20261009_sol-high_80-2_u2: rc 0, completed True, commands 4, max request 24273 tokens, $0.1156 equivalent
/root/v9u_map_s096_20261009_sol-high_80-5_u2: rc 0, completed True, commands 3, max request 20605 tokens, $0.0783 equivalent
/root/v9u_map_s096_20261009_sol-high_80-19_u1: rc 0, completed True, commands 3, max request 17128 tokens, $0.0505 equivalent
/root/v9u_map_s096_20261009_sol-high_92-7_u2: rc 0, completed True, commands 3, max request 18277 tokens, $0.0432 equivalent
/root/v9u_map_s096_20261009_sol-high_92-8_u1: rc 0, completed True, commands 3, max request 17420 tokens, $0.0397 equivalent
/root/v9u_map_s096_20261009_sol-high_92-10_u2: rc 0, completed True, commands 3, max request 18364 tokens, $0.0414 equivalent
/root/v9u_map_s096_20261009_sol-high_92-11_u1: rc 0, completed True, commands 3, max request 18386 tokens, $0.0515 equivalent
/root/v9u_map_s096_20261009_sol-high_92-16_u1: rc 0, completed True, commands 3, max request 18377 tokens, $0.0449 equivalent
/root/v9u_map_s096_20261009_sol-high_92-17_u1: rc 0, completed True, commands 3, max request 18542 tokens, $0.0483 equivalent
/root/v9u_map_s096_20261009_sol-high_92-18_u1: rc 0, completed True, commands 3, max request 18498 tokens, $0.0534 equivalent
/root/v9u_map_s103_20261009_sol-high_18-46_u2: rc 0, completed True, commands 4, max request 20814 tokens, $0.0479 equivalent
/root/v9u_map_s103_20261009_sol-high_70-22_u2: rc 0, completed True, commands 3, max request 16721 tokens, $0.0381 equivalent
/root/v9u_map_s103w_20261009_sol-high_20-10_u3: rc 0, completed True, commands 4, max request 23161 tokens, $0.0636 equivalent
enrichment/v9/work/map_s096_20261009/map/runs: 0 agent(s) that failed at start moved to runs_failed_start
== done
