NOTE work/t1_s087_20261009/out/luna-max/c05.jsonl: its agent has not finished; not read (its notes arrive in a later update)
NOTE work/t1_s087_20261009/out/luna-max/c13.jsonl: its agent has not finished; not read (its notes arrive in a later update)
NOTE work/t1_s087_20261009/out/luna-max/c130.jsonl: its agent has not finished; not read (its notes arrive in a later update)
1:1: 3621 notes from 57 sources, 742,595 characters, 75 parts — NOTE: over 90,000 characters, one agent still reads it all
NOTE work/t1_s087_20261009/out/luna-max/c02.jsonl: its agent has not finished; not read (its notes arrive in a later update)
NOTE work/t1_s087_20261009/out/luna-max/c04.jsonl: its agent has not finished; not read (its notes arrive in a later update)
NOTE work/t1_s087_20261009/out/luna-max/c06.jsonl: its agent has not finished; not read (its notes arrive in a later update)
NOTE work/t1_s087_20261009/out/luna-max/c07.jsonl: its agent has not finished; not read (its notes arrive in a later update)
NOTE work/t1_s087_20261009/out/luna-max/c102.jsonl: its agent has not finished; not read (its notes arrive in a later update)
NOTE work/t1_s087_20261009/out/luna-max/c103.jsonl: its agent has not finished; not read (its notes arrive in a later update)
NOTE work/t1_s087_20261009/out/luna-max/c120.jsonl: its agent has not finished; not read (its notes arrive in a later update)
NOTE work/t1_s087_20261009/out/luna-max/c132.jsonl: its agent has not finished; not read (its notes arrive in a later update)
NOTE work/t1_s087_20261009/out/luna-max/c133.jsonl: its agent has not finished; not read (its notes arrive in a later update)
NOTE work/t1_s087_20261009/out/luna-max/c134.jsonl: its agent has not finished; not read (its notes arrive in a later update)
NOTE work/t1_s087_20261009/out/luna-max/c135.jsonl: its agent has not finished; not read (its notes arrive in a later update)
NOTE work/t1_s087_20261009/out/luna-max/c136.jsonl: its agent has not finished; not read (its notes arrive in a later update)
1:2: 1976 notes from 64 sources, 419,521 characters, 42 parts — NOTE: over 90,000 characters, one agent still reads it all
NOTE work/t1_s087_20261009/out/luna-max/c111.jsonl: its agent has not finished; not read (its notes arrive in a later update)
NOTE work/t1_s087_20261009/out/luna-max/c137.jsonl: its agent has not finished; not read (its notes arrive in a later update)
1:3: 493 notes from 49 sources, 109,230 characters, 11 parts — NOTE: over 90,000 characters, one agent still reads it all
1:5: 1451 notes from 68 sources, 306,390 characters, 31 parts — NOTE: over 90,000 characters, one agent still reads it all
NOTE work/t1_s087_20261009/out/luna-max/c127.jsonl: its agent has not finished; not read (its notes arrive in a later update)
1:6: 1266 notes from 67 sources, 260,968 characters, 27 parts — NOTE: over 90,000 characters, one agent still reads it all
NOTE work/t1_s087_20261009/out/luna-max/c105.jsonl: its agent has not finished; not read (its notes arrive in a later update)
1:7: 2383 notes from 82 sources, 494,061 characters, 50 parts — NOTE: over 90,000 characters, one agent still reads it all
NOTE work/t1_s087_20261009/out/luna-max/c14.jsonl: its agent has not finished; not read (its notes arrive in a later update)
2:2: 1294 notes from 53 sources, 264,172 characters, 27 parts — NOTE: over 90,000 characters, one agent still reads it all
NOTE work/t1_s087_20261009/out/luna-max/c121.jsonl: its agent has not finished; not read (its notes arrive in a later update)
2:21: 786 notes from 40 sources, 166,316 characters, 17 parts — NOTE: over 90,000 characters, one agent still reads it all
NOTE work/t1_s087_20261009/out/luna-max/c114.jsonl: its agent has not finished; not read (its notes arrive in a later update)
NOTE work/t1_s087_20261009/out/luna-max/c115.jsonl: its agent has not finished; not read (its notes arrive in a later update)
NOTE work/t1_s087_20261009/out/luna-max/c119.jsonl: its agent has not finished; not read (its notes arrive in a later update)
2:22: 958 notes from 43 sources, 192,515 characters, 20 parts — NOTE: over 90,000 characters, one agent still reads it all
NOTE work/t1_s087_20261009/out/luna-max/c107.jsonl: its agent has not finished; not read (its notes arrive in a later update)
NOTE work/t1_s087_20261009/out/luna-max/c110.jsonl: its agent has not finished; not read (its notes arrive in a later update)
NOTE work/t1_s087_20261009/out/luna-max/c112.jsonl: its agent has not finished; not read (its notes arrive in a later update)
NOTE work/t1_s087_20261009/out/luna-max/c113.jsonl: its agent has not finished; not read (its notes arrive in a later update)
2:31: 1439 notes from 49 sources, 298,075 characters, 30 parts — NOTE: over 90,000 characters, one agent still reads it all
NOTE work/t1_s087_20261009/out/luna-max/c117.jsonl: its agent has not finished; not read (its notes arrive in a later update)
2:32: 320 notes from 34 sources, 64,070 characters, 7 parts
2:40: 855 notes from 45 sources, 174,617 characters, 18 parts — NOTE: over 90,000 characters, one agent still reads it all
NOTE work/t1_s087_20261009/out/luna-max/c122.jsonl: its agent has not finished; not read (its notes arrive in a later update)
2:44: 461 notes from 45 sources, 94,875 characters, 10 parts — NOTE: over 90,000 characters, one agent still reads it all
2:114: 803 notes from 46 sources, 168,195 characters, 17 parts — NOTE: over 90,000 characters, one agent still reads it all
2:142: 554 notes from 45 sources, 115,183 characters, 12 parts — NOTE: over 90,000 characters, one agent still reads it all
2:144: 999 notes from 48 sources, 202,258 characters, 21 parts — NOTE: over 90,000 characters, one agent still reads it all
2:156: 314 notes from 37 sources, 68,017 characters, 7 parts
NOTE work/t1_s087_20261009/out/luna-max/c125.jsonl: its agent has not finished; not read (its notes arrive in a later update)
2:186: 1002 notes from 49 sources, 211,923 characters, 22 parts — NOTE: over 90,000 characters, one agent still reads it all
2:192: 67 notes from 25 sources, 13,466 characters, 2 parts
2:204: 594 notes from 51 sources, 119,305 characters, 12 parts — NOTE: over 90,000 characters, one agent still reads it all
2:205: 491 notes from 41 sources, 92,489 characters, 10 parts — NOTE: over 90,000 characters, one agent still reads it all
2:206: 281 notes from 37 sources, 54,403 characters, 6 parts
NOTE work/t1_s087_20261009/out/luna-max/c123.jsonl: its agent has not finished; not read (its notes arrive in a later update)
2:228: 1721 notes from 48 sources, 357,466 characters, 36 parts — NOTE: over 90,000 characters, one agent still reads it all
NOTE work/t1_s087_20261009/out/luna-max/c108.jsonl: its agent has not finished; not read (its notes arrive in a later update)
NOTE work/t1_s087_20261009/out/luna-max/c138.jsonl: its agent has not finished; not read (its notes arrive in a later update)
2:239: 446 notes from 42 sources, 87,684 characters, 9 parts
SKIPPED 2:282: planned in map run map_s103w_20261009 (not assembled yet)
2:286: 1584 notes from 57 sources, 331,579 characters, 34 parts — NOTE: over 90,000 characters, one agent still reads it all
NOTE work/t1_s087_20261009/out/luna-max/c124.jsonl: its agent has not finished; not read (its notes arrive in a later update)
3:35: 542 notes from 48 sources, 109,696 characters, 11 parts — NOTE: over 90,000 characters, one agent still reads it all
3:37: 1021 notes from 54 sources, 196,851 characters, 20 parts — NOTE: over 90,000 characters, one agent still reads it all
NOTE work/t1_s087_20261009/out/luna-max/c128.jsonl: its agent has not finished; not read (its notes arrive in a later update)
3:44: 417 notes from 43 sources, 81,845 characters, 9 parts
3:79: 972 notes from 53 sources, 199,166 characters, 20 parts — NOTE: over 90,000 characters, one agent still reads it all
3:83: 413 notes from 49 sources, 84,353 characters, 9 parts
NOTE work/t1_s087_20261009/out/luna-max/c116.jsonl: its agent has not finished; not read (its notes arrive in a later update)
4:1: 1309 notes from 57 sources, 263,953 characters, 27 parts — NOTE: over 90,000 characters, one agent still reads it all
SKIPPED 4:6: planned in map run map_s103w_20261009 (not assembled yet)
4:23: 1552 notes from 50 sources, 334,636 characters, 34 parts — NOTE: over 90,000 characters, one agent still reads it all
4:28: 199 notes from 39 sources, 38,568 characters, 4 parts
4:105: 361 notes from 43 sources, 79,503 characters, 8 parts
4:113: 412 notes from 43 sources, 78,990 characters, 8 parts
5:4: 1150 notes from 52 sources, 242,203 characters, 25 parts — NOTE: over 90,000 characters, one agent still reads it all
5:27: 623 notes from 46 sources, 134,141 characters, 14 parts — NOTE: over 90,000 characters, one agent still reads it all
5:28: 211 notes from 37 sources, 43,721 characters, 5 parts
NOTE work/t1_s087_20261009/out/luna-max/c106.jsonl: its agent has not finished; not read (its notes arrive in a later update)
NOTE work/t1_s087_20261009/out/luna-max/c109.jsonl: its agent has not finished; not read (its notes arrive in a later update)
5:30: 362 notes from 41 sources, 70,323 characters, 8 parts
NOTE work/t1_s087_20261009/out/luna-max/c101.jsonl: its agent has not finished; not read (its notes arrive in a later update)
NOTE work/t1_s087_20261009/out/luna-max/c118.jsonl: its agent has not finished; not read (its notes arrive in a later update)
NOTE work/t1_s087_20261009/out/luna-max/c145.jsonl: its agent has not finished; not read (its notes arrive in a later update)
5:55: 500 notes from 38 sources, 107,404 characters, 11 parts — NOTE: over 90,000 characters, one agent still reads it all
NOTE work/t1_s087_20261009/out/luna-max/c139.jsonl: its agent has not finished; not read (its notes arrive in a later update)
5:56: 147 notes from 33 sources, 27,931 characters, 3 parts
6:94: 625 notes from 46 sources, 118,973 characters, 12 parts — NOTE: over 90,000 characters, one agent still reads it all
7:11: 620 notes from 54 sources, 132,692 characters, 14 parts — NOTE: over 90,000 characters, one agent still reads it all
7:12: 489 notes from 45 sources, 101,190 characters, 11 parts — NOTE: over 90,000 characters, one agent still reads it all
7:19: 215 notes from 35 sources, 43,325 characters, 5 parts
7:20: 490 notes from 48 sources, 96,490 characters, 10 parts — NOTE: over 90,000 characters, one agent still reads it all
7:29: 459 notes from 47 sources, 89,647 characters, 9 parts
7:91: 102 notes from 25 sources, 20,685 characters, 3 parts
7:92: 189 notes from 34 sources, 36,463 characters, 4 parts
7:150: 1012 notes from 54 sources, 207,710 characters, 21 parts — NOTE: over 90,000 characters, one agent still reads it all
7:168: 264 notes from 41 sources, 48,245 characters, 5 parts
7:172: 1007 notes from 51 sources, 224,528 characters, 23 parts — NOTE: over 90,000 characters, one agent still reads it all
NOTE work/t1_s087_20261009/out/luna-max/c03.jsonl: its agent has not finished; not read (its notes arrive in a later update)
7:194: 191 notes from 34 sources, 38,492 characters, 4 parts
7:195: 301 notes from 43 sources, 59,933 characters, 6 parts
NOTE work/t1_s087_20261009/out/luna-max/c01.jsonl: its agent has not finished; not read (its notes arrive in a later update)
7:206: 282 notes from 36 sources, 54,761 characters, 6 parts
8:38: 250 notes from 33 sources, 52,102 characters, 6 parts
9:67: 303 notes from 48 sources, 55,745 characters, 6 parts
9:71: 216 notes from 36 sources, 41,905 characters, 5 parts
9:76: 149 notes from 30 sources, 32,827 characters, 4 parts
9:78: 96 notes from 26 sources, 18,424 characters, 2 parts
9:103: 629 notes from 46 sources, 126,963 characters, 13 parts — NOTE: over 90,000 characters, one agent still reads it all
10:24: 446 notes from 44 sources, 92,095 characters, 10 parts — NOTE: over 90,000 characters, one agent still reads it all
11:41: 360 notes from 44 sources, 73,442 characters, 8 parts
11:53: 126 notes from 33 sources, 25,230 characters, 3 parts
11:54: 212 notes from 40 sources, 41,227 characters, 5 parts
11:55: 102 notes from 34 sources, 19,801 characters, 2 parts
NOTE work/t1_s087_20261009/out/luna-max/c126.jsonl: its agent has not finished; not read (its notes arrive in a later update)
11:56: 185 notes from 38 sources, 34,977 characters, 4 parts
11:68: 147 notes from 34 sources, 28,318 characters, 3 parts
11:84: 390 notes from 44 sources, 76,879 characters, 8 parts
NOTE work/t1_s087_20261009/out/luna-max/c100.jsonl: its agent has not finished; not read (its notes arrive in a later update)
11:87: 420 notes from 48 sources, 82,209 characters, 9 parts
11:88: 613 notes from 51 sources, 123,671 characters, 13 parts — NOTE: over 90,000 characters, one agent still reads it all
11:112: 213 notes from 30 sources, 45,056 characters, 5 parts
SKIPPED 12:18: planned in map run map_s103w_20261009 (not assembled yet)
12:26: 292 notes from 36 sources, 55,739 characters, 6 parts
12:27: 99 notes from 24 sources, 19,232 characters, 2 parts
12:32: 375 notes from 42 sources, 76,706 characters, 8 parts
12:33: 402 notes from 42 sources, 81,466 characters, 9 parts
SKIPPED 12:36: already mapped (work/map-103_1-20261008/map/out/sol-high/12-36.jsonl); new notes go through update-all
SKIPPED 12:41: already mapped (work/map-103_1-20261008/map/out/sol-high/12-41.jsonl); new notes go through update-all
SKIPPED 12:42: already mapped (work/map-103_1-20261008/map/out/sol-high/12-42.jsonl); new notes go through update-all
12:91: 103 notes from 33 sources, 19,664 characters, 2 parts
12:92: 221 notes from 40 sources, 43,737 characters, 5 parts
NOTE work/t1_s087_20261009/out/luna-max/c144.jsonl: its agent has not finished; not read (its notes arrive in a later update)
12:97: 46 notes from 29 sources, 9,015 characters, 1 parts
13:14: 500 notes from 51 sources, 99,130 characters, 10 parts — NOTE: over 90,000 characters, one agent still reads it all
13:15: 312 notes from 42 sources, 62,592 characters, 7 parts
13:17: 951 notes from 57 sources, 190,290 characters, 20 parts — NOTE: over 90,000 characters, one agent still reads it all
15:73: 71 notes from 29 sources, 12,117 characters, 2 parts
15:74: 52 notes from 26 sources, 9,707 characters, 1 parts
15:75: 179 notes from 33 sources, 30,983 characters, 4 parts
NOTE work/t1_s087_20261009/out/luna-max/c140.jsonl: its agent has not finished; not read (its notes arrive in a later update)
NOTE work/t1_s087_20261009/out/luna-max/c146.jsonl: its agent has not finished; not read (its notes arrive in a later update)
15:76: 59 notes from 24 sources, 9,804 characters, 1 parts
16:4: 155 notes from 32 sources, 31,927 characters, 4 parts
16:15: 227 notes from 37 sources, 42,717 characters, 5 parts
NOTE work/t1_s087_20261009/out/luna-max/c104.jsonl: its agent has not finished; not read (its notes arrive in a later update)
NOTE work/t1_s087_20261009/out/luna-max/c148.jsonl: its agent has not finished; not read (its notes arrive in a later update)
16:16: 233 notes from 37 sources, 44,059 characters, 5 parts
16:36: 214 notes from 36 sources, 42,136 characters, 5 parts
16:78: 238 notes from 34 sources, 45,085 characters, 5 parts
17:11: 302 notes from 47 sources, 63,419 characters, 7 parts
17:13: 463 notes from 53 sources, 89,613 characters, 9 parts
17:14: 204 notes from 41 sources, 39,565 characters, 4 parts
17:70: 460 notes from 46 sources, 91,878 characters, 10 parts — NOTE: over 90,000 characters, one agent still reads it all
NOTE work/t1_s087_20261009/out/luna-max/c147.jsonl: its agent has not finished; not read (its notes arrive in a later update)
17:78: 641 notes from 46 sources, 126,903 characters, 13 parts — NOTE: over 90,000 characters, one agent still reads it all
17:85: 789 notes from 53 sources, 178,503 characters, 18 parts — NOTE: over 90,000 characters, one agent still reads it all
17:106: 336 notes from 46 sources, 67,729 characters, 7 parts
17:110: 567 notes from 54 sources, 119,665 characters, 12 parts — NOTE: over 90,000 characters, one agent still reads it all
18:1: 290 notes from 47 sources, 61,527 characters, 7 parts
18:32: 231 notes from 43 sources, 48,935 characters, 5 parts
18:34: 304 notes from 47 sources, 56,055 characters, 6 parts
18:35: 129 notes from 31 sources, 28,210 characters, 3 parts
18:36: 362 notes from 40 sources, 78,884 characters, 8 parts
18:37: 113 notes from 32 sources, 23,291 characters, 3 parts
18:39: 328 notes from 47 sources, 66,108 characters, 7 parts
18:42: 221 notes from 46 sources, 42,263 characters, 5 parts
18:52: 238 notes from 43 sources, 45,061 characters, 5 parts
18:54: 132 notes from 39 sources, 27,398 characters, 3 parts
19:3: 151 notes from 39 sources, 28,941 characters, 3 parts
19:7: 269 notes from 49 sources, 51,235 characters, 6 parts
19:42: 209 notes from 42 sources, 43,916 characters, 5 parts
19:43: 142 notes from 38 sources, 30,873 characters, 4 parts
19:46: 249 notes from 44 sources, 44,864 characters, 5 parts
19:64: 431 notes from 53 sources, 94,192 characters, 10 parts — NOTE: over 90,000 characters, one agent still reads it all
19:65: 242 notes from 44 sources, 47,397 characters, 5 parts
19:73: 210 notes from 44 sources, 41,518 characters, 5 parts
NOTE work/t1_s087_20261009/out/luna-max/c141.jsonl: its agent has not finished; not read (its notes arrive in a later update)
NOTE work/t1_s087_20261009/out/luna-max/c143.jsonl: its agent has not finished; not read (its notes arrive in a later update)
19:74: 229 notes from 43 sources, 42,776 characters, 5 parts
19:77: 218 notes from 42 sources, 46,191 characters, 5 parts
19:78: 155 notes from 36 sources, 29,643 characters, 3 parts
19:79: 118 notes from 30 sources, 23,022 characters, 3 parts
19:80: 117 notes from 37 sources, 23,577 characters, 3 parts
19:93: 152 notes from 43 sources, 31,880 characters, 4 parts
SKIPPED 20:10: planned in map run map_s103w_20261009 (not assembled yet)
20:11: 81 notes from 28 sources, 15,461 characters, 2 parts
20:12: 424 notes from 45 sources, 79,869 characters, 8 parts
20:13: 122 notes from 36 sources, 21,935 characters, 3 parts
20:24: 63 notes from 29 sources, 12,064 characters, 2 parts
20:43: 61 notes from 23 sources, 12,313 characters, 2 parts
NOTE work/t1_s087_20261009/out/luna-max/c142.jsonl: its agent has not finished; not read (its notes arrive in a later update)
20:44: 294 notes from 40 sources, 58,809 characters, 6 parts
20:45: 167 notes from 39 sources, 32,849 characters, 4 parts
20:46: 113 notes from 34 sources, 22,673 characters, 3 parts
NOTE work/t1_s087_20261009/out/luna-max/c149.jsonl: its agent has not finished; not read (its notes arrive in a later update)
NOTE work/t1_s087_20261009/out/luna-max/c15.jsonl: its agent has not finished; not read (its notes arrive in a later update)
20:47: 198 notes from 37 sources, 39,795 characters, 4 parts
NOTE work/t1_s087_20261009/out/luna-max/c151.jsonl: its agent has not finished; not read (its notes arrive in a later update)
20:48: 125 notes from 36 sources, 25,492 characters, 3 parts
20:49: 143 notes from 32 sources, 29,172 characters, 3 parts
20:50: 274 notes from 42 sources, 53,939 characters, 6 parts
20:53: 284 notes from 43 sources, 56,369 characters, 6 parts
20:54: 128 notes from 34 sources, 23,486 characters, 3 parts
20:56: 116 notes from 29 sources, 22,560 characters, 3 parts
20:69: 299 notes from 45 sources, 59,618 characters, 6 parts
20:70: 136 notes from 31 sources, 27,812 characters, 3 parts
20:71: 287 notes from 43 sources, 53,409 characters, 6 parts
20:80: 180 notes from 36 sources, 36,573 characters, 4 parts
20:81: 268 notes from 44 sources, 50,091 characters, 6 parts
20:94: 355 notes from 41 sources, 74,506 characters, 8 parts
20:130: 427 notes from 43 sources, 83,982 characters, 9 parts
20:131: 438 notes from 45 sources, 84,833 characters, 9 parts
20:132: 267 notes from 37 sources, 51,756 characters, 6 parts
21:1: 314 notes from 34 sources, 62,996 characters, 7 parts
21:26: 135 notes from 35 sources, 25,225 characters, 3 parts
NOTE work/t1_s087_20261009/out/luna-max/c153.jsonl: its agent has not finished; not read (its notes arrive in a later update)
21:97: 282 notes from 41 sources, 54,605 characters, 6 parts
22:5: 1043 notes from 50 sources, 193,230 characters, 20 parts — NOTE: over 90,000 characters, one agent still reads it all
22:18: 452 notes from 47 sources, 91,740 characters, 10 parts — NOTE: over 90,000 characters, one agent still reads it all
22:40: 829 notes from 56 sources, 159,291 characters, 16 parts — NOTE: over 90,000 characters, one agent still reads it all
22:67: 334 notes from 41 sources, 63,933 characters, 7 parts
23:13: 139 notes from 33 sources, 28,800 characters, 3 parts
23:14: 596 notes from 60 sources, 117,615 characters, 12 parts — NOTE: over 90,000 characters, one agent still reads it all
NOTE work/t1_s087_20261009/out/luna-max/c152.jsonl: its agent has not finished; not read (its notes arrive in a later update)
23:47: 103 notes from 28 sources, 21,371 characters, 3 parts
23:99: 163 notes from 38 sources, 34,168 characters, 4 parts
23:100: 264 notes from 43 sources, 50,265 characters, 6 parts
23:104: 114 notes from 30 sources, 19,602 characters, 2 parts
24:27: 624 notes from 46 sources, 124,798 characters, 13 parts — NOTE: over 90,000 characters, one agent still reads it all
25:41: 134 notes from 33 sources, 25,417 characters, 3 parts
25:43: 252 notes from 41 sources, 48,103 characters, 5 parts
25:44: 180 notes from 33 sources, 37,371 characters, 4 parts
26:7: 146 notes from 36 sources, 26,530 characters, 3 parts
26:10: 106 notes from 35 sources, 20,965 characters, 3 parts
26:11: 119 notes from 34 sources, 24,125 characters, 3 parts
26:18: 149 notes from 38 sources, 28,478 characters, 3 parts
26:19: 192 notes from 39 sources, 38,803 characters, 4 parts
26:21: 120 notes from 35 sources, 21,510 characters, 3 parts
26:22: 245 notes from 43 sources, 50,524 characters, 6 parts
NOTE work/t1_s087_20261009/out/luna-max/c155.jsonl: its agent has not finished; not read (its notes arrive in a later update)
26:105: 81 notes from 30 sources, 16,224 characters, 2 parts
26:106: 65 notes from 29 sources, 10,863 characters, 2 parts
26:107: 38 notes from 27 sources, 6,723 characters, 1 parts
26:108: 37 notes from 24 sources, 6,693 characters, 1 parts
26:115: 31 notes from 23 sources, 6,025 characters, 1 parts
26:116: 73 notes from 29 sources, 11,514 characters, 2 parts
26:124: 27 notes from 18 sources, 5,293 characters, 1 parts
26:126: 25 notes from 17 sources, 5,117 characters, 1 parts
26:142: 30 notes from 16 sources, 5,339 characters, 1 parts
26:144: 18 notes from 16 sources, 3,215 characters, 1 parts
26:161: 23 notes from 14 sources, 4,119 characters, 1 parts
26:163: 13 notes from 13 sources, 2,092 characters, 1 parts
26:166: 97 notes from 27 sources, 17,268 characters, 2 parts
NOTE work/t1_s087_20261009/out/luna-max/c150.jsonl: its agent has not finished; not read (its notes arrive in a later update)
26:167: 49 notes from 25 sources, 8,970 characters, 1 parts
SKIPPED 26:177: planned in map run map_s103w_20261009 (not assembled yet)
26:179: 13 notes from 12 sources, 2,763 characters, 1 parts
26:216: 61 notes from 31 sources, 12,055 characters, 2 parts
26:217: 84 notes from 31 sources, 15,687 characters, 2 parts
26:218: 114 notes from 33 sources, 19,766 characters, 2 parts
26:219: 207 notes from 37 sources, 40,795 characters, 5 parts
27:8: 426 notes from 48 sources, 81,215 characters, 9 parts
27:10: 350 notes from 45 sources, 63,759 characters, 7 parts
27:28: 200 notes from 42 sources, 37,358 characters, 4 parts
27:29: 207 notes from 42 sources, 38,151 characters, 4 parts
27:30: 188 notes from 37 sources, 37,909 characters, 4 parts
27:35: 301 notes from 42 sources, 60,417 characters, 7 parts
NOTE work/t1_s087_20261009/out/luna-max/c154.jsonl: its agent has not finished; not read (its notes arrive in a later update)
27:36: 403 notes from 44 sources, 81,508 characters, 9 parts
28:8: 239 notes from 45 sources, 48,625 characters, 5 parts
NOTE work/t1_s087_20261009/out/luna-max/c158.jsonl: its agent has not finished; not read (its notes arrive in a later update)
28:15: 717 notes from 54 sources, 135,266 characters, 14 parts — NOTE: over 90,000 characters, one agent still reads it all
28:19: 284 notes from 47 sources, 56,846 characters, 6 parts
28:20: 254 notes from 42 sources, 46,167 characters, 5 parts
NOTE work/t1_s087_20261009/out/luna-max/c156.jsonl: its agent has not finished; not read (its notes arrive in a later update)
NOTE work/t1_s087_20261009/out/luna-max/c160.jsonl: its agent has not finished; not read (its notes arrive in a later update)
28:21: 80 notes from 33 sources, 14,226 characters, 2 parts
NOTE work/t1_s087_20261009/out/luna-max/c159.jsonl: its agent has not finished; not read (its notes arrive in a later update)
28:38: 292 notes from 41 sources, 56,384 characters, 6 parts
28:64: 131 notes from 30 sources, 24,763 characters, 3 parts
28:76: 972 notes from 54 sources, 173,488 characters, 18 parts — NOTE: over 90,000 characters, one agent still reads it all
28:77: 346 notes from 43 sources, 61,474 characters, 7 parts
28:78: 462 notes from 48 sources, 93,272 characters, 10 parts — NOTE: over 90,000 characters, one agent still reads it all
28:81: 260 notes from 36 sources, 55,344 characters, 6 parts
29:16: 94 notes from 25 sources, 18,501 characters, 2 parts
29:17: 263 notes from 44 sources, 47,715 characters, 5 parts
NOTE work/t1_s087_20261009/out/luna-max/c163.jsonl: its agent has not finished; not read (its notes arrive in a later update)
29:29: 299 notes from 44 sources, 56,338 characters, 6 parts
29:45: 656 notes from 41 sources, 134,174 characters, 14 parts — NOTE: over 90,000 characters, one agent still reads it all
NOTE work/t1_s087_20261009/out/luna-max/c161.jsonl: its agent has not finished; not read (its notes arrive in a later update)
30:11: 96 notes from 28 sources, 17,797 characters, 2 parts
31:10: 199 notes from 26 sources, 35,520 characters, 4 parts
31:11: 107 notes from 26 sources, 20,530 characters, 3 parts
SKIPPED 31:13: planned in map run map_s103w_20261009 (not assembled yet)
NOTE work/t1_s087_20261009/out/luna-max/c157.jsonl: its agent has not finished; not read (its notes arrive in a later update)
31:16: 371 notes from 50 sources, 74,769 characters, 8 parts
SKIPPED 31:17: planned in map run map_s103w_20261009 (not assembled yet)
31:25: 77 notes from 26 sources, 15,065 characters, 2 parts
31:26: 66 notes from 24 sources, 12,514 characters, 2 parts
31:27: 536 notes from 52 sources, 109,675 characters, 11 parts — NOTE: over 90,000 characters, one agent still reads it all
NOTE work/t1_s087_20261009/out/luna-max/c165.jsonl: its agent has not finished; not read (its notes arrive in a later update)
32:11: 209 notes from 39 sources, 42,269 characters, 5 parts
NOTE work/t1_s087_20261009/out/luna-max/c16.jsonl: its agent has not finished; not read (its notes arrive in a later update)
NOTE work/t1_s087_20261009/out/luna-max/c162.jsonl: its agent has not finished; not read (its notes arrive in a later update)
32:12: 245 notes from 36 sources, 46,702 characters, 5 parts
32:21: 248 notes from 39 sources, 45,686 characters, 5 parts
33:5: 389 notes from 46 sources, 77,930 characters, 8 parts
33:43: 233 notes from 43 sources, 45,864 characters, 5 parts
33:56: 675 notes from 39 sources, 151,282 characters, 16 parts — NOTE: over 90,000 characters, one agent still reads it all
34:24: 251 notes from 40 sources, 53,475 characters, 6 parts
34:25: 47 notes from 18 sources, 9,933 characters, 1 parts
35:14: 221 notes from 40 sources, 43,281 characters, 5 parts
35:15: 168 notes from 32 sources, 33,705 characters, 4 parts
NOTE work/t1_s087_20261009/out/luna-max/c164.jsonl: its agent has not finished; not read (its notes arrive in a later update)
36:14: 323 notes from 46 sources, 64,219 characters, 7 parts
36:18: 148 notes from 37 sources, 26,742 characters, 3 parts
NOTE work/t1_s087_20261009/out/luna-max/c167.jsonl: its agent has not finished; not read (its notes arrive in a later update)
36:77: 127 notes from 29 sources, 27,514 characters, 3 parts
36:78: 175 notes from 34 sources, 35,909 characters, 4 parts
36:79: 126 notes from 30 sources, 26,778 characters, 3 parts
NOTE work/t1_s087_20261009/out/luna-max/c166.jsonl: its agent has not finished; not read (its notes arrive in a later update)
38:4: 110 notes from 28 sources, 22,883 characters, 3 parts
38:6: 283 notes from 42 sources, 56,831 characters, 6 parts
NOTE work/t1_s087_20261009/out/luna-max/c168.jsonl: its agent has not finished; not read (its notes arrive in a later update)
NOTE work/t1_s087_20261009/out/luna-max/c169.jsonl: its agent has not finished; not read (its notes arrive in a later update)
NOTE work/t1_s087_20261009/out/luna-max/c170.jsonl: its agent has not finished; not read (its notes arrive in a later update)
38:7: 191 notes from 38 sources, 36,439 characters, 4 parts
39:6: 396 notes from 45 sources, 75,550 characters, 8 parts
39:22: 372 notes from 44 sources, 75,298 characters, 8 parts
39:23: 748 notes from 48 sources, 146,944 characters, 15 parts — NOTE: over 90,000 characters, one agent still reads it all
NOTE work/t1_s087_20261009/out/luna-max/c171.jsonl: its agent has not finished; not read (its notes arrive in a later update)
39:24: 224 notes from 42 sources, 46,115 characters, 5 parts
39:36: 196 notes from 38 sources, 39,568 characters, 4 parts
39:49: 260 notes from 37 sources, 48,474 characters, 5 parts
39:50: 129 notes from 34 sources, 25,299 characters, 3 parts
39:71: 242 notes from 39 sources, 44,313 characters, 5 parts
NOTE work/t1_s087_20261009/out/luna-max/c173.jsonl: its agent has not finished; not read (its notes arrive in a later update)
NOTE work/t1_s087_20261009/out/luna-max/c174.jsonl: its agent has not finished; not read (its notes arrive in a later update)
NOTE work/t1_s087_20261009/out/luna-max/c180.jsonl: its agent has not finished; not read (its notes arrive in a later update)
40:26: 381 notes from 44 sources, 79,292 characters, 8 parts
40:28: 633 notes from 43 sources, 125,320 characters, 13 parts — NOTE: over 90,000 characters, one agent still reads it all
40:49: 83 notes from 26 sources, 16,618 characters, 2 parts
40:50: 97 notes from 24 sources, 20,475 characters, 3 parts
41:11: 407 notes from 43 sources, 83,351 characters, 9 parts
NOTE work/t1_s087_20261009/out/luna-max/c17.jsonl: its agent has not finished; not read (its notes arrive in a later update)
41:37: 187 notes from 31 sources, 37,649 characters, 4 parts
NOTE work/t1_s087_20261009/out/luna-max/c175.jsonl: its agent has not finished; not read (its notes arrive in a later update)
NOTE work/t1_s087_20261009/out/luna-max/c176.jsonl: its agent has not finished; not read (its notes arrive in a later update)
42:27: 269 notes from 33 sources, 54,835 characters, 6 parts
42:28: 201 notes from 39 sources, 37,720 characters, 4 parts
43:51: 259 notes from 36 sources, 47,758 characters, 5 parts
43:54: 81 notes from 25 sources, 15,312 characters, 2 parts
44:47: 124 notes from 35 sources, 20,158 characters, 3 parts
44:49: 132 notes from 40 sources, 25,164 characters, 3 parts
47:16: 251 notes from 37 sources, 46,898 characters, 5 parts
47:17: 156 notes from 32 sources, 28,356 characters, 3 parts
NOTE work/t1_s087_20261009/out/luna-max/c182.jsonl: its agent has not finished; not read (its notes arrive in a later update)
49:13: 674 notes from 55 sources, 141,571 characters, 15 parts — NOTE: over 90,000 characters, one agent still reads it all
50:16: 329 notes from 42 sources, 63,575 characters, 7 parts
NOTE work/t1_s087_20261009/out/luna-max/c183.jsonl: its agent has not finished; not read (its notes arrive in a later update)
50:27: 131 notes from 35 sources, 25,971 characters, 3 parts
NOTE work/t1_s087_20261009/out/luna-max/c178.jsonl: its agent has not finished; not read (its notes arrive in a later update)
52:13: 102 notes from 35 sources, 19,244 characters, 2 parts
NOTE work/t1_s087_20261009/out/luna-max/c181.jsonl: its agent has not finished; not read (its notes arrive in a later update)
52:14: 45 notes from 24 sources, 8,355 characters, 1 parts
NOTE work/t1_s087_20261009/out/luna-max/c179.jsonl: its agent has not finished; not read (its notes arrive in a later update)
53:2: 138 notes from 41 sources, 26,815 characters, 3 parts
NOTE work/t1_s087_20261009/out/luna-max/c190.jsonl: its agent has not finished; not read (its notes arrive in a later update)
53:5: 118 notes from 37 sources, 22,037 characters, 3 parts
NOTE work/t1_s087_20261009/out/luna-max/c172.jsonl: its agent has not finished; not read (its notes arrive in a later update)
53:10: 175 notes from 40 sources, 34,178 characters, 4 parts
NOTE work/t1_s087_20261009/out/luna-max/c187.jsonl: its agent has not finished; not read (its notes arrive in a later update)
53:13: 211 notes from 37 sources, 40,796 characters, 5 parts
NOTE work/t1_s087_20261009/out/luna-max/c185.jsonl: its agent has not finished; not read (its notes arrive in a later update)
53:14: 246 notes from 41 sources, 51,017 characters, 6 parts
53:17: 99 notes from 35 sources, 18,391 characters, 2 parts
NOTE work/t1_s087_20261009/out/luna-max/c193.jsonl: its agent has not finished; not read (its notes arrive in a later update)
53:23: 276 notes from 40 sources, 56,988 characters, 6 parts
NOTE work/t1_s087_20261009/out/luna-max/c186.jsonl: its agent has not finished; not read (its notes arrive in a later update)
53:30: 140 notes from 32 sources, 28,451 characters, 3 parts
NOTE work/t1_s087_20261009/out/luna-max/c18.jsonl: its agent has not finished; not read (its notes arrive in a later update)
53:33: 121 notes from 34 sources, 26,563 characters, 3 parts
53:34: 190 notes from 41 sources, 37,367 characters, 4 parts
53:35: 95 notes from 33 sources, 19,088 characters, 2 parts
53:36: 73 notes from 33 sources, 14,448 characters, 2 parts
53:39: 264 notes from 36 sources, 56,840 characters, 6 parts
53:40: 102 notes from 34 sources, 19,890 characters, 2 parts
NOTE work/t1_s087_20261009/out/luna-max/c20.jsonl: its agent has not finished; not read (its notes arrive in a later update)
53:42: 128 notes from 32 sources, 24,309 characters, 3 parts
NOTE work/t1_s087_20261009/out/luna-max/c177.jsonl: its agent has not finished; not read (its notes arrive in a later update)
53:48: 177 notes from 41 sources, 31,073 characters, 4 parts
NOTE work/t1_s087_20261009/out/luna-max/c189.jsonl: its agent has not finished; not read (its notes arrive in a later update)
54:1: 562 notes from 45 sources, 120,097 characters, 13 parts — NOTE: over 90,000 characters, one agent still reads it all
NOTE work/t1_s087_20261009/out/luna-max/c19.jsonl: its agent has not finished; not read (its notes arrive in a later update)
NOTE work/t1_s087_20261009/out/luna-max/c192.jsonl: its agent has not finished; not read (its notes arrive in a later update)
NOTE work/t1_s087_20261009/out/luna-max/c194.jsonl: its agent has not finished; not read (its notes arrive in a later update)
55:1: 147 notes from 32 sources, 30,654 characters, 4 parts
NOTE work/t1_s087_20261009/out/luna-max/c184.jsonl: its agent has not finished; not read (its notes arrive in a later update)
NOTE work/t1_s087_20261009/out/luna-max/c191.jsonl: its agent has not finished; not read (its notes arrive in a later update)
55:2: 286 notes from 37 sources, 61,393 characters, 7 parts
55:3: 85 notes from 29 sources, 17,186 characters, 2 parts
55:4: 158 notes from 36 sources, 31,311 characters, 4 parts
55:6: 192 notes from 41 sources, 36,828 characters, 4 parts
SKIPPED 55:7: planned in map run map_s103w_20261009 (not assembled yet)
55:8: 95 notes from 37 sources, 19,240 characters, 2 parts
55:39: 185 notes from 36 sources, 39,585 characters, 4 parts
55:41: 178 notes from 41 sources, 34,626 characters, 4 parts
56:1: 277 notes from 45 sources, 55,382 characters, 6 parts
NOTE work/t1_s087_20261009/out/luna-max/c195.jsonl: its agent has not finished; not read (its notes arrive in a later update)
56:2: 144 notes from 38 sources, 26,613 characters, 3 parts
NOTE work/t1_s087_20261009/out/luna-max/c188.jsonl: its agent has not finished; not read (its notes arrive in a later update)
56:10: 297 notes from 42 sources, 56,316 characters, 6 parts
56:11: 95 notes from 35 sources, 19,674 characters, 2 parts
56:77: 148 notes from 31 sources, 28,442 characters, 3 parts
56:78: 101 notes from 33 sources, 18,719 characters, 2 parts
64:6: 240 notes from 34 sources, 47,555 characters, 5 parts
66:6: 421 notes from 44 sources, 80,513 characters, 9 parts
67:22: 215 notes from 42 sources, 42,455 characters, 5 parts
68:1: 806 notes from 55 sources, 162,162 characters, 17 parts — NOTE: over 90,000 characters, one agent still reads it all
68:2: 226 notes from 41 sources, 47,879 characters, 5 parts
68:4: 296 notes from 42 sources, 57,707 characters, 6 parts
NOTE work/t1_s087_20261009/out/luna-max/c199.jsonl: its agent has not finished; not read (its notes arrive in a later update)
68:8: 43 notes from 25 sources, 8,570 characters, 1 parts
68:9: 195 notes from 40 sources, 36,801 characters, 4 parts
68:42: 567 notes from 52 sources, 115,495 characters, 12 parts — NOTE: over 90,000 characters, one agent still reads it all
68:43: 221 notes from 39 sources, 43,655 characters, 5 parts
NOTE work/t1_s087_20261009/out/luna-max/c203.jsonl: its agent has not finished; not read (its notes arrive in a later update)
69:5: 126 notes from 34 sources, 23,228 characters, 3 parts
NOTE work/t1_s087_20261009/out/luna-max/c198.jsonl: its agent has not finished; not read (its notes arrive in a later update)
NOTE work/t1_s087_20261009/out/luna-max/c200.jsonl: its agent has not finished; not read (its notes arrive in a later update)
NOTE work/t1_s087_20261009/out/luna-max/c202.jsonl: its agent has not finished; not read (its notes arrive in a later update)
69:6: 105 notes from 33 sources, 19,298 characters, 2 parts
NOTE work/t1_s087_20261009/out/luna-max/c201.jsonl: its agent has not finished; not read (its notes arrive in a later update)
69:9: 185 notes from 40 sources, 31,152 characters, 4 parts
NOTE work/t1_s087_20261009/out/luna-max/c210.jsonl: its agent has not finished; not read (its notes arrive in a later update)
69:10: 109 notes from 34 sources, 18,121 characters, 2 parts
NOTE work/t1_s087_20261009/out/luna-max/c196.jsonl: its agent has not finished; not read (its notes arrive in a later update)
69:11: 174 notes from 41 sources, 33,127 characters, 4 parts
69:12: 244 notes from 42 sources, 45,627 characters, 5 parts
NOTE work/t1_s087_20261009/out/luna-max/c207.jsonl: its agent has not finished; not read (its notes arrive in a later update)
69:25: 84 notes from 32 sources, 16,572 characters, 2 parts
NOTE work/t1_s087_20261009/out/luna-max/c197.jsonl: its agent has not finished; not read (its notes arrive in a later update)
69:28: 72 notes from 30 sources, 14,420 characters, 2 parts
69:29: 129 notes from 39 sources, 24,487 characters, 3 parts
69:30: 63 notes from 30 sources, 11,114 characters, 2 parts
69:31: 55 notes from 26 sources, 9,554 characters, 1 parts
NOTE work/t1_s087_20261009/out/luna-max/c215.jsonl: its agent has not finished; not read (its notes arrive in a later update)
70:10: 94 notes from 32 sources, 18,002 characters, 2 parts
NOTE work/t1_s087_20261009/out/luna-max/c22.jsonl: its agent has not finished; not read (its notes arrive in a later update)
70:13: 116 notes from 38 sources, 19,694 characters, 2 parts
NOTE work/t1_s087_20261009/out/luna-max/c206.jsonl: its agent has not finished; not read (its notes arrive in a later update)
70:15: 85 notes from 34 sources, 14,379 characters, 2 parts
70:17: 148 notes from 36 sources, 27,544 characters, 3 parts
72:1: 570 notes from 57 sources, 115,847 characters, 12 parts — NOTE: over 90,000 characters, one agent still reads it all
72:18: 295 notes from 47 sources, 59,371 characters, 6 parts
72:19: 347 notes from 49 sources, 67,006 characters, 7 parts
NOTE work/t1_s087_20261009/out/luna-max/c209.jsonl: its agent has not finished; not read (its notes arrive in a later update)
NOTE work/t1_s087_20261009/out/luna-max/c212.jsonl: its agent has not finished; not read (its notes arrive in a later update)
72:20: 73 notes from 33 sources, 14,280 characters, 2 parts
NOTE work/t1_s087_20261009/out/luna-max/c204.jsonl: its agent has not finished; not read (its notes arrive in a later update)
NOTE work/t1_s087_20261009/out/luna-max/c216.jsonl: its agent has not finished; not read (its notes arrive in a later update)
74:11: 213 notes from 43 sources, 41,524 characters, 5 parts
74:12: 176 notes from 40 sources, 29,635 characters, 3 parts
74:13: 115 notes from 36 sources, 19,767 characters, 2 parts
NOTE work/t1_s087_20261009/out/luna-max/c205.jsonl: its agent has not finished; not read (its notes arrive in a later update)
74:14: 89 notes from 36 sources, 15,463 characters, 2 parts
NOTE work/t1_s087_20261009/out/luna-max/c21.jsonl: its agent has not finished; not read (its notes arrive in a later update)
74:15: 131 notes from 36 sources, 25,894 characters, 3 parts
74:16: 122 notes from 35 sources, 20,810 characters, 3 parts
74:26: 79 notes from 32 sources, 13,261 characters, 2 parts
NOTE work/t1_s087_20261009/out/luna-max/c214.jsonl: its agent has not finished; not read (its notes arrive in a later update)
74:29: 150 notes from 36 sources, 24,841 characters, 3 parts
74:31: 810 notes from 48 sources, 163,073 characters, 17 parts — NOTE: over 90,000 characters, one agent still reads it all
NOTE work/t1_s087_20261009/out/luna-max/c213.jsonl: its agent has not finished; not read (its notes arrive in a later update)
74:43: 58 notes from 19 sources, 12,360 characters, 2 parts
NOTE work/t1_s087_20261009/out/luna-max/c211.jsonl: its agent has not finished; not read (its notes arrive in a later update)
75:11: 82 notes from 32 sources, 12,974 characters, 2 parts
75:12: 73 notes from 30 sources, 14,061 characters, 2 parts
75:16: 297 notes from 39 sources, 67,304 characters, 7 parts
75:17: 204 notes from 42 sources, 42,256 characters, 5 parts
75:18: 214 notes from 43 sources, 42,825 characters, 5 parts
75:19: 162 notes from 36 sources, 32,656 characters, 4 parts
75:30: 74 notes from 31 sources, 13,691 characters, 2 parts
NOTE work/t1_s087_20261009/out/luna-max/c208.jsonl: its agent has not finished; not read (its notes arrive in a later update)
75:31: 164 notes from 41 sources, 31,375 characters, 4 parts
75:32: 68 notes from 32 sources, 12,762 characters, 2 parts
75:33: 117 notes from 38 sources, 20,910 characters, 3 parts
NOTE work/t1_s087_20261009/out/luna-max/c217.jsonl: its agent has not finished; not read (its notes arrive in a later update)
NOTE work/t1_s087_20261009/out/luna-max/c218.jsonl: its agent has not finished; not read (its notes arrive in a later update)
75:34: 173 notes from 37 sources, 32,768 characters, 4 parts
75:38: 65 notes from 29 sources, 11,709 characters, 2 parts
SKIPPED 76:2: planned in map run map_s103w_20261009 (not assembled yet)
76:24: 192 notes from 39 sources, 38,333 characters, 4 parts
76:25: 59 notes from 26 sources, 12,529 characters, 2 parts
76:26: 92 notes from 26 sources, 18,469 characters, 2 parts
77:20: 70 notes from 27 sources, 12,506 characters, 2 parts
77:21: 46 notes from 23 sources, 7,949 characters, 1 parts
77:22: 42 notes from 22 sources, 7,434 characters, 1 parts
78:21: 119 notes from 30 sources, 21,441 characters, 3 parts
78:22: 66 notes from 28 sources, 11,587 characters, 2 parts
NOTE work/t1_s087_20261009/out/luna-max/c245.jsonl: its agent has not finished; not read (its notes arrive in a later update)
79:17: 55 notes from 22 sources, 10,530 characters, 2 parts
79:18: 163 notes from 33 sources, 31,340 characters, 4 parts
79:19: 82 notes from 26 sources, 16,512 characters, 2 parts
NOTE work/t1_s087_20261009/out/luna-max/c243.jsonl: its agent has not finished; not read (its notes arrive in a later update)
79:21: 33 notes from 20 sources, 6,563 characters, 1 parts
79:22: 51 notes from 26 sources, 8,911 characters, 1 parts
79:23: 60 notes from 26 sources, 10,391 characters, 2 parts
79:24: 100 notes from 32 sources, 20,179 characters, 3 parts
NOTE work/t1_s087_20261009/out/luna-max/c223.jsonl: its agent has not finished; not read (its notes arrive in a later update)
79:25: 187 notes from 39 sources, 36,611 characters, 4 parts
NOTE work/t1_s087_20261009/out/luna-max/c221.jsonl: its agent has not finished; not read (its notes arrive in a later update)
79:35: 42 notes from 25 sources, 7,808 characters, 1 parts
79:37: 56 notes from 25 sources, 10,554 characters, 2 parts
NOTE work/t1_s087_20261009/out/luna-max/c219.jsonl: its agent has not finished; not read (its notes arrive in a later update)
79:38: 75 notes from 24 sources, 14,643 characters, 2 parts
NOTE work/t1_s087_20261009/out/luna-max/c220.jsonl: its agent has not finished; not read (its notes arrive in a later update)
79:39: 64 notes from 26 sources, 12,739 characters, 2 parts
79:40: 141 notes from 31 sources, 28,276 characters, 3 parts
79:41: 59 notes from 26 sources, 12,426 characters, 2 parts
SKIPPED 79:42: already mapped (work/map-103_1-20261008/map/out/sol-high/79-42.jsonl); new notes go through update-all
79:44: 42 notes from 26 sources, 7,853 characters, 1 parts
80:2: 212 notes from 38 sources, 45,627 characters, 5 parts
NOTE work/t1_s087_20261009/out/luna-max/c242.jsonl: its agent has not finished; not read (its notes arrive in a later update)
80:5: 70 notes from 29 sources, 14,133 characters, 2 parts
80:6: 119 notes from 31 sources, 22,022 characters, 3 parts
NOTE work/t1_s087_20261009/out/luna-max/c24.jsonl: its agent has not finished; not read (its notes arrive in a later update)
80:16: 77 notes from 28 sources, 14,795 characters, 2 parts
80:17: 203 notes from 41 sources, 38,519 characters, 4 parts
80:18: 60 notes from 31 sources, 12,078 characters, 2 parts
80:19: 84 notes from 30 sources, 16,640 characters, 2 parts
82:6: 205 notes from 33 sources, 37,830 characters, 4 parts
82:7: 108 notes from 29 sources, 21,536 characters, 3 parts
82:8: 149 notes from 30 sources, 31,008 characters, 4 parts
83:28: 134 notes from 34 sources, 25,183 characters, 3 parts
84:6: 153 notes from 33 sources, 27,893 characters, 3 parts
NOTE work/t1_s087_20261009/out/luna-max/c252.jsonl: its agent has not finished; not read (its notes arrive in a later update)
84:13: 54 notes from 26 sources, 11,316 characters, 2 parts
84:14: 122 notes from 33 sources, 22,328 characters, 3 parts
84:15: 54 notes from 20 sources, 9,959 characters, 1 parts
84:21: 72 notes from 20 sources, 13,778 characters, 2 parts
86:5: 99 notes from 33 sources, 20,183 characters, 3 parts
NOTE work/t1_s087_20261009/out/luna-max/c222.jsonl: its agent has not finished; not read (its notes arrive in a later update)
86:6: 222 notes from 37 sources, 44,448 characters, 5 parts
NOTE work/t1_s087_20261009/out/luna-max/c226.jsonl: its agent has not finished; not read (its notes arrive in a later update)
NOTE work/t1_s087_20261009/out/luna-max/c241.jsonl: its agent has not finished; not read (its notes arrive in a later update)
86:8: 141 notes from 36 sources, 25,388 characters, 3 parts
NOTE work/t1_s087_20261009/out/luna-max/c229.jsonl: its agent has not finished; not read (its notes arrive in a later update)
86:11: 195 notes from 42 sources, 32,566 characters, 4 parts
86:12: 120 notes from 41 sources, 20,015 characters, 3 parts
87:1: 655 notes from 62 sources, 126,755 characters, 13 parts — NOTE: over 90,000 characters, one agent still reads it all
NOTE work/t1_s087_20261009/out/luna-max/c237.jsonl: its agent has not finished; not read (its notes arrive in a later update)
87:2: 175 notes from 50 sources, 33,843 characters, 4 parts
87:3: 346 notes from 65 sources, 64,232 characters, 7 parts
NOTE work/t1_s087_20261009/out/luna-max/c225.jsonl: its agent has not finished; not read (its notes arrive in a later update)
NOTE work/t1_s087_20261009/out/luna-max/c236.jsonl: its agent has not finished; not read (its notes arrive in a later update)
87:6: 320 notes from 63 sources, 63,779 characters, 7 parts
87:12: 105 notes from 43 sources, 20,293 characters, 3 parts
87:14: 370 notes from 57 sources, 66,823 characters, 7 parts
87:15: 358 notes from 53 sources, 68,679 characters, 7 parts
89:9: 260 notes from 62 sources, 49,212 characters, 5 parts
89:11: 66 notes from 38 sources, 13,206 characters, 2 parts
89:15: 430 notes from 60 sources, 89,032 characters, 9 parts
NOTE work/t1_s087_20261009/out/luna-max/c227.jsonl: its agent has not finished; not read (its notes arrive in a later update)
89:16: 481 notes from 61 sources, 98,987 characters, 10 parts — NOTE: over 90,000 characters, one agent still reads it all
NOTE work/t1_s087_20261009/out/luna-max/c224.jsonl: its agent has not finished; not read (its notes arrive in a later update)
89:17: 221 notes from 53 sources, 44,083 characters, 5 parts
NOTE work/t1_s087_20261009/out/luna-max/c228.jsonl: its agent has not finished; not read (its notes arrive in a later update)
NOTE work/t1_s087_20261009/out/luna-max/c230.jsonl: its agent has not finished; not read (its notes arrive in a later update)
89:18: 198 notes from 52 sources, 37,262 characters, 4 parts
89:20: 144 notes from 57 sources, 24,998 characters, 3 parts
NOTE work/t1_s087_20261009/out/luna-max/c238.jsonl: its agent has not finished; not read (its notes arrive in a later update)
89:24: 139 notes from 53 sources, 26,111 characters, 3 parts
89:27: 467 notes from 58 sources, 85,573 characters, 9 parts
89:28: 355 notes from 55 sources, 70,867 characters, 8 parts
89:29: 289 notes from 54 sources, 55,789 characters, 6 parts
89:30: 226 notes from 43 sources, 47,421 characters, 5 parts
90:6: 236 notes from 65 sources, 44,476 characters, 5 parts
NOTE work/t1_s087_20261009/out/luna-max/c239.jsonl: its agent has not finished; not read (its notes arrive in a later update)
90:7: 154 notes from 61 sources, 28,788 characters, 3 parts
NOTE work/t1_s087_20261009/out/luna-max/c231.jsonl: its agent has not finished; not read (its notes arrive in a later update)
NOTE work/t1_s087_20261009/out/luna-max/c240.jsonl: its agent has not finished; not read (its notes arrive in a later update)
90:8: 100 notes from 43 sources, 19,106 characters, 2 parts
NOTE work/t1_s087_20261009/out/luna-max/c250.jsonl: its agent has not finished; not read (its notes arrive in a later update)
NOTE work/t1_s087_20261009/out/luna-max/c253.jsonl: its agent has not finished; not read (its notes arrive in a later update)
91:11: 205 notes from 52 sources, 40,761 characters, 5 parts
NOTE work/t1_s087_20261009/out/luna-max/c233.jsonl: its agent has not finished; not read (its notes arrive in a later update)
NOTE work/t1_s087_20261009/out/luna-max/c244.jsonl: its agent has not finished; not read (its notes arrive in a later update)
91:13: 188 notes from 49 sources, 37,113 characters, 4 parts
91:14: 324 notes from 52 sources, 60,761 characters, 7 parts
92:4: 168 notes from 59 sources, 33,159 characters, 4 parts
92:5: 302 notes from 58 sources, 63,503 characters, 7 parts
92:6: 291 notes from 56 sources, 54,681 characters, 6 parts
NOTE work/t1_s087_20261009/out/luna-max/c247.jsonl: its agent has not finished; not read (its notes arrive in a later update)
NOTE work/t1_s087_20261009/out/luna-max/c248.jsonl: its agent has not finished; not read (its notes arrive in a later update)
92:7: 221 notes from 58 sources, 48,544 characters, 5 parts
NOTE work/t1_s087_20261009/out/luna-max/c249.jsonl: its agent has not finished; not read (its notes arrive in a later update)
92:8: 187 notes from 51 sources, 38,400 characters, 4 parts
92:9: 126 notes from 43 sources, 25,770 characters, 3 parts
92:10: 252 notes from 52 sources, 54,296 characters, 6 parts
92:11: 195 notes from 60 sources, 34,455 characters, 4 parts
92:12: 139 notes from 49 sources, 27,282 characters, 3 parts
NOTE work/t1_s087_20261009/out/luna-max/c234.jsonl: its agent has not finished; not read (its notes arrive in a later update)
92:13: 106 notes from 51 sources, 21,397 characters, 3 parts
92:15: 183 notes from 50 sources, 36,768 characters, 4 parts
92:16: 148 notes from 45 sources, 30,683 characters, 4 parts
92:17: 175 notes from 52 sources, 37,357 characters, 4 parts
NOTE work/t1_s087_20261009/out/luna-max/c232.jsonl: its agent has not finished; not read (its notes arrive in a later update)
NOTE work/t1_s087_20261009/out/luna-max/c235.jsonl: its agent has not finished; not read (its notes arrive in a later update)
NOTE work/t1_s087_20261009/out/luna-max/c257.jsonl: its agent has not finished; not read (its notes arrive in a later update)
92:18: 151 notes from 48 sources, 30,717 characters, 4 parts
93:6: 301 notes from 65 sources, 62,610 characters, 7 parts
93:7: 460 notes from 61 sources, 94,403 characters, 10 parts — NOTE: over 90,000 characters, one agent still reads it all
93:8: 304 notes from 58 sources, 58,190 characters, 6 parts
SKIPPED 95:4: planned in map run map_s103w_20261009 (not assembled yet)
96:1: 691 notes from 66 sources, 147,598 characters, 15 parts — NOTE: over 90,000 characters, one agent still reads it all
NOTE work/t1_s087_20261009/out/luna-max/c267.jsonl: its agent has not finished; not read (its notes arrive in a later update)
96:2: 281 notes from 55 sources, 60,611 characters, 7 parts
96:3: 247 notes from 52 sources, 52,045 characters, 6 parts
96:4: 350 notes from 57 sources, 71,598 characters, 8 parts
NOTE work/t1_s087_20261009/out/luna-max/c251.jsonl: its agent has not finished; not read (its notes arrive in a later update)
96:5: 353 notes from 62 sources, 74,763 characters, 8 parts
96:6: 226 notes from 59 sources, 47,234 characters, 5 parts
96:7: 209 notes from 60 sources, 44,480 characters, 5 parts
96:8: 192 notes from 50 sources, 41,324 characters, 5 parts
NOTE work/t1_s087_20261009/out/luna-max/c260.jsonl: its agent has not finished; not read (its notes arrive in a later update)
96:9: 425 notes from 52 sources, 95,760 characters, 10 parts — NOTE: over 90,000 characters, one agent still reads it all
NOTE work/t1_s087_20261009/out/luna-max/c262.jsonl: its agent has not finished; not read (its notes arrive in a later update)
96:10: 340 notes from 53 sources, 74,034 characters, 8 parts
96:11: 270 notes from 46 sources, 62,580 characters, 7 parts
96:12: 158 notes from 43 sources, 36,095 characters, 4 parts
96:13: 255 notes from 51 sources, 58,530 characters, 6 parts
96:14: 249 notes from 50 sources, 57,056 characters, 6 parts
NOTE work/t1_s087_20261009/out/luna-max/c255.jsonl: its agent has not finished; not read (its notes arrive in a later update)
96:15: 297 notes from 62 sources, 57,240 characters, 6 parts
NOTE work/t1_s087_20261009/out/luna-max/c254.jsonl: its agent has not finished; not read (its notes arrive in a later update)
NOTE work/t1_s087_20261009/out/luna-max/c259.jsonl: its agent has not finished; not read (its notes arrive in a later update)
96:16: 159 notes from 58 sources, 32,120 characters, 4 parts
NOTE work/t1_s087_20261009/out/luna-max/c25.jsonl: its agent has not finished; not read (its notes arrive in a later update)
96:17: 249 notes from 64 sources, 50,110 characters, 6 parts
96:18: 358 notes from 63 sources, 69,028 characters, 7 parts
96:19: 284 notes from 55 sources, 56,453 characters, 6 parts
SKIPPED 100:6: planned in map run map_s103w_20261009 (not assembled yet)
NOTE work/t1_s087_20261009/out/luna-max/c246.jsonl: its agent has not finished; not read (its notes arrive in a later update)
NOTE work/t1_s087_20261009/out/luna-max/c261.jsonl: its agent has not finished; not read (its notes arrive in a later update)
100:8: 261 notes from 62 sources, 47,821 characters, 5 parts
107:1: 414 notes from 61 sources, 76,650 characters, 8 parts
107:2: 258 notes from 64 sources, 49,295 characters, 5 parts
NOTE work/t1_s087_20261009/out/luna-max/c263.jsonl: its agent has not finished; not read (its notes arrive in a later update)
107:4: 212 notes from 50 sources, 44,980 characters, 5 parts
107:5: 572 notes from 59 sources, 108,900 characters, 11 parts — NOTE: over 90,000 characters, one agent still reads it all
107:6: 235 notes from 55 sources, 47,572 characters, 5 parts
107:7: 665 notes from 62 sources, 120,205 characters, 13 parts — NOTE: over 90,000 characters, one agent still reads it all
111:1: 877 notes from 69 sources, 176,121 characters, 18 parts — NOTE: over 90,000 characters, one agent still reads it all
111:2: 326 notes from 57 sources, 61,690 characters, 7 parts
  spawn enrichment/v9/work/map_s096_20261009/map/spawn/sol-high_1-1.md
  spawn enrichment/v9/work/map_s096_20261009/map/spawn/sol-high_1-2.md
  spawn enrichment/v9/work/map_s096_20261009/map/spawn/sol-high_1-3.md
  spawn enrichment/v9/work/map_s096_20261009/map/spawn/sol-high_1-5.md
  spawn enrichment/v9/work/map_s096_20261009/map/spawn/sol-high_1-6.md
  spawn enrichment/v9/work/map_s096_20261009/map/spawn/sol-high_1-7.md
  spawn enrichment/v9/work/map_s096_20261009/map/spawn/sol-high_2-2.md
  spawn enrichment/v9/work/map_s096_20261009/map/spawn/sol-high_2-21.md
  spawn enrichment/v9/work/map_s096_20261009/map/spawn/sol-high_2-22.md
  spawn enrichment/v9/work/map_s096_20261009/map/spawn/sol-high_2-31.md
  spawn enrichment/v9/work/map_s096_20261009/map/spawn/sol-high_2-32.md
  spawn enrichment/v9/work/map_s096_20261009/map/spawn/sol-high_2-40.md
  spawn enrichment/v9/work/map_s096_20261009/map/spawn/sol-high_2-44.md
  spawn enrichment/v9/work/map_s096_20261009/map/spawn/sol-high_2-114.md
  spawn enrichment/v9/work/map_s096_20261009/map/spawn/sol-high_2-142.md
  spawn enrichment/v9/work/map_s096_20261009/map/spawn/sol-high_2-144.md
  spawn enrichment/v9/work/map_s096_20261009/map/spawn/sol-high_2-156.md
  spawn enrichment/v9/work/map_s096_20261009/map/spawn/sol-high_2-186.md
  spawn enrichment/v9/work/map_s096_20261009/map/spawn/sol-high_2-192.md
  spawn enrichment/v9/work/map_s096_20261009/map/spawn/sol-high_2-204.md
  spawn enrichment/v9/work/map_s096_20261009/map/spawn/sol-high_2-205.md
  spawn enrichment/v9/work/map_s096_20261009/map/spawn/sol-high_2-206.md
  spawn enrichment/v9/work/map_s096_20261009/map/spawn/sol-high_2-228.md
  spawn enrichment/v9/work/map_s096_20261009/map/spawn/sol-high_2-239.md
  spawn enrichment/v9/work/map_s096_20261009/map/spawn/sol-high_2-286.md
  spawn enrichment/v9/work/map_s096_20261009/map/spawn/sol-high_3-35.md
  spawn enrichment/v9/work/map_s096_20261009/map/spawn/sol-high_3-37.md
  spawn enrichment/v9/work/map_s096_20261009/map/spawn/sol-high_3-44.md
  spawn enrichment/v9/work/map_s096_20261009/map/spawn/sol-high_3-79.md
  spawn enrichment/v9/work/map_s096_20261009/map/spawn/sol-high_3-83.md
  spawn enrichment/v9/work/map_s096_20261009/map/spawn/sol-high_4-1.md
  spawn enrichment/v9/work/map_s096_20261009/map/spawn/sol-high_4-23.md
  spawn enrichment/v9/work/map_s096_20261009/map/spawn/sol-high_4-28.md
  spawn enrichment/v9/work/map_s096_20261009/map/spawn/sol-high_4-105.md
  spawn enrichment/v9/work/map_s096_20261009/map/spawn/sol-high_4-113.md
  spawn enrichment/v9/work/map_s096_20261009/map/spawn/sol-high_5-4.md
  spawn enrichment/v9/work/map_s096_20261009/map/spawn/sol-high_5-27.md
  spawn enrichment/v9/work/map_s096_20261009/map/spawn/sol-high_5-28.md
  spawn enrichment/v9/work/map_s096_20261009/map/spawn/sol-high_5-30.md
  spawn enrichment/v9/work/map_s096_20261009/map/spawn/sol-high_5-55.md
  spawn enrichment/v9/work/map_s096_20261009/map/spawn/sol-high_5-56.md
  spawn enrichment/v9/work/map_s096_20261009/map/spawn/sol-high_6-94.md
  spawn enrichment/v9/work/map_s096_20261009/map/spawn/sol-high_7-11.md
  spawn enrichment/v9/work/map_s096_20261009/map/spawn/sol-high_7-12.md
  spawn enrichment/v9/work/map_s096_20261009/map/spawn/sol-high_7-19.md
  spawn enrichment/v9/work/map_s096_20261009/map/spawn/sol-high_7-20.md
  spawn enrichment/v9/work/map_s096_20261009/map/spawn/sol-high_7-29.md
  spawn enrichment/v9/work/map_s096_20261009/map/spawn/sol-high_7-91.md
  spawn enrichment/v9/work/map_s096_20261009/map/spawn/sol-high_7-92.md
  spawn enrichment/v9/work/map_s096_20261009/map/spawn/sol-high_7-150.md
  spawn enrichment/v9/work/map_s096_20261009/map/spawn/sol-high_7-168.md
  spawn enrichment/v9/work/map_s096_20261009/map/spawn/sol-high_7-172.md
  spawn enrichment/v9/work/map_s096_20261009/map/spawn/sol-high_7-194.md
  spawn enrichment/v9/work/map_s096_20261009/map/spawn/sol-high_7-195.md
  spawn enrichment/v9/work/map_s096_20261009/map/spawn/sol-high_7-206.md
  spawn enrichment/v9/work/map_s096_20261009/map/spawn/sol-high_8-38.md
  spawn enrichment/v9/work/map_s096_20261009/map/spawn/sol-high_9-67.md
  spawn enrichment/v9/work/map_s096_20261009/map/spawn/sol-high_9-71.md
  spawn enrichment/v9/work/map_s096_20261009/map/spawn/sol-high_9-76.md
  spawn enrichment/v9/work/map_s096_20261009/map/spawn/sol-high_9-78.md
  spawn enrichment/v9/work/map_s096_20261009/map/spawn/sol-high_9-103.md
  spawn enrichment/v9/work/map_s096_20261009/map/spawn/sol-high_10-24.md
  spawn enrichment/v9/work/map_s096_20261009/map/spawn/sol-high_11-41.md
  spawn enrichment/v9/work/map_s096_20261009/map/spawn/sol-high_11-53.md
  spawn enrichment/v9/work/map_s096_20261009/map/spawn/sol-high_11-54.md
  spawn enrichment/v9/work/map_s096_20261009/map/spawn/sol-high_11-55.md
  spawn enrichment/v9/work/map_s096_20261009/map/spawn/sol-high_11-56.md
  spawn enrichment/v9/work/map_s096_20261009/map/spawn/sol-high_11-68.md
  spawn enrichment/v9/work/map_s096_20261009/map/spawn/sol-high_11-84.md
  spawn enrichment/v9/work/map_s096_20261009/map/spawn/sol-high_11-87.md
  spawn enrichment/v9/work/map_s096_20261009/map/spawn/sol-high_11-88.md
  spawn enrichment/v9/work/map_s096_20261009/map/spawn/sol-high_11-112.md
  spawn enrichment/v9/work/map_s096_20261009/map/spawn/sol-high_12-26.md
  spawn enrichment/v9/work/map_s096_20261009/map/spawn/sol-high_12-27.md
  spawn enrichment/v9/work/map_s096_20261009/map/spawn/sol-high_12-32.md
  spawn enrichment/v9/work/map_s096_20261009/map/spawn/sol-high_12-33.md
  spawn enrichment/v9/work/map_s096_20261009/map/spawn/sol-high_12-91.md
  spawn enrichment/v9/work/map_s096_20261009/map/spawn/sol-high_12-92.md
  spawn enrichment/v9/work/map_s096_20261009/map/spawn/sol-high_12-97.md
  spawn enrichment/v9/work/map_s096_20261009/map/spawn/sol-high_13-14.md
  spawn enrichment/v9/work/map_s096_20261009/map/spawn/sol-high_13-15.md
  spawn enrichment/v9/work/map_s096_20261009/map/spawn/sol-high_13-17.md
  spawn enrichment/v9/work/map_s096_20261009/map/spawn/sol-high_15-73.md
  spawn enrichment/v9/work/map_s096_20261009/map/spawn/sol-high_15-74.md
  spawn enrichment/v9/work/map_s096_20261009/map/spawn/sol-high_15-75.md
  spawn enrichment/v9/work/map_s096_20261009/map/spawn/sol-high_15-76.md
  spawn enrichment/v9/work/map_s096_20261009/map/spawn/sol-high_16-4.md
  spawn enrichment/v9/work/map_s096_20261009/map/spawn/sol-high_16-15.md
  spawn enrichment/v9/work/map_s096_20261009/map/spawn/sol-high_16-16.md
  spawn enrichment/v9/work/map_s096_20261009/map/spawn/sol-high_16-36.md
  spawn enrichment/v9/work/map_s096_20261009/map/spawn/sol-high_16-78.md
  spawn enrichment/v9/work/map_s096_20261009/map/spawn/sol-high_17-11.md
  spawn enrichment/v9/work/map_s096_20261009/map/spawn/sol-high_17-13.md
  spawn enrichment/v9/work/map_s096_20261009/map/spawn/sol-high_17-14.md
  spawn enrichment/v9/work/map_s096_20261009/map/spawn/sol-high_17-70.md
  spawn enrichment/v9/work/map_s096_20261009/map/spawn/sol-high_17-78.md
  spawn enrichment/v9/work/map_s096_20261009/map/spawn/sol-high_17-85.md
  spawn enrichment/v9/work/map_s096_20261009/map/spawn/sol-high_17-106.md
  spawn enrichment/v9/work/map_s096_20261009/map/spawn/sol-high_17-110.md
  spawn enrichment/v9/work/map_s096_20261009/map/spawn/sol-high_18-1.md
  spawn enrichment/v9/work/map_s096_20261009/map/spawn/sol-high_18-32.md
  spawn enrichment/v9/work/map_s096_20261009/map/spawn/sol-high_18-34.md
  spawn enrichment/v9/work/map_s096_20261009/map/spawn/sol-high_18-35.md
  spawn enrichment/v9/work/map_s096_20261009/map/spawn/sol-high_18-36.md
  spawn enrichment/v9/work/map_s096_20261009/map/spawn/sol-high_18-37.md
  spawn enrichment/v9/work/map_s096_20261009/map/spawn/sol-high_18-39.md
  spawn enrichment/v9/work/map_s096_20261009/map/spawn/sol-high_18-42.md
  spawn enrichment/v9/work/map_s096_20261009/map/spawn/sol-high_18-52.md
  spawn enrichment/v9/work/map_s096_20261009/map/spawn/sol-high_18-54.md
  spawn enrichment/v9/work/map_s096_20261009/map/spawn/sol-high_19-3.md
  spawn enrichment/v9/work/map_s096_20261009/map/spawn/sol-high_19-7.md
  spawn enrichment/v9/work/map_s096_20261009/map/spawn/sol-high_19-42.md
  spawn enrichment/v9/work/map_s096_20261009/map/spawn/sol-high_19-43.md
  spawn enrichment/v9/work/map_s096_20261009/map/spawn/sol-high_19-46.md
  spawn enrichment/v9/work/map_s096_20261009/map/spawn/sol-high_19-64.md
  spawn enrichment/v9/work/map_s096_20261009/map/spawn/sol-high_19-65.md
  spawn enrichment/v9/work/map_s096_20261009/map/spawn/sol-high_19-73.md
  spawn enrichment/v9/work/map_s096_20261009/map/spawn/sol-high_19-74.md
  spawn enrichment/v9/work/map_s096_20261009/map/spawn/sol-high_19-77.md
  spawn enrichment/v9/work/map_s096_20261009/map/spawn/sol-high_19-78.md
  spawn enrichment/v9/work/map_s096_20261009/map/spawn/sol-high_19-79.md
  spawn enrichment/v9/work/map_s096_20261009/map/spawn/sol-high_19-80.md
  spawn enrichment/v9/work/map_s096_20261009/map/spawn/sol-high_19-93.md
  spawn enrichment/v9/work/map_s096_20261009/map/spawn/sol-high_20-11.md
  spawn enrichment/v9/work/map_s096_20261009/map/spawn/sol-high_20-12.md
  spawn enrichment/v9/work/map_s096_20261009/map/spawn/sol-high_20-13.md
  spawn enrichment/v9/work/map_s096_20261009/map/spawn/sol-high_20-24.md
  spawn enrichment/v9/work/map_s096_20261009/map/spawn/sol-high_20-43.md
  spawn enrichment/v9/work/map_s096_20261009/map/spawn/sol-high_20-44.md
  spawn enrichment/v9/work/map_s096_20261009/map/spawn/sol-high_20-45.md
  spawn enrichment/v9/work/map_s096_20261009/map/spawn/sol-high_20-46.md
  spawn enrichment/v9/work/map_s096_20261009/map/spawn/sol-high_20-47.md
  spawn enrichment/v9/work/map_s096_20261009/map/spawn/sol-high_20-48.md
  spawn enrichment/v9/work/map_s096_20261009/map/spawn/sol-high_20-49.md
  spawn enrichment/v9/work/map_s096_20261009/map/spawn/sol-high_20-50.md
  spawn enrichment/v9/work/map_s096_20261009/map/spawn/sol-high_20-53.md
  spawn enrichment/v9/work/map_s096_20261009/map/spawn/sol-high_20-54.md
  spawn enrichment/v9/work/map_s096_20261009/map/spawn/sol-high_20-56.md
  spawn enrichment/v9/work/map_s096_20261009/map/spawn/sol-high_20-69.md
  spawn enrichment/v9/work/map_s096_20261009/map/spawn/sol-high_20-70.md
  spawn enrichment/v9/work/map_s096_20261009/map/spawn/sol-high_20-71.md
  spawn enrichment/v9/work/map_s096_20261009/map/spawn/sol-high_20-80.md
  spawn enrichment/v9/work/map_s096_20261009/map/spawn/sol-high_20-81.md
  spawn enrichment/v9/work/map_s096_20261009/map/spawn/sol-high_20-94.md
  spawn enrichment/v9/work/map_s096_20261009/map/spawn/sol-high_20-130.md
  spawn enrichment/v9/work/map_s096_20261009/map/spawn/sol-high_20-131.md
  spawn enrichment/v9/work/map_s096_20261009/map/spawn/sol-high_20-132.md
  spawn enrichment/v9/work/map_s096_20261009/map/spawn/sol-high_21-1.md
  spawn enrichment/v9/work/map_s096_20261009/map/spawn/sol-high_21-26.md
  spawn enrichment/v9/work/map_s096_20261009/map/spawn/sol-high_21-97.md
  spawn enrichment/v9/work/map_s096_20261009/map/spawn/sol-high_22-5.md
  spawn enrichment/v9/work/map_s096_20261009/map/spawn/sol-high_22-18.md
  spawn enrichment/v9/work/map_s096_20261009/map/spawn/sol-high_22-40.md
  spawn enrichment/v9/work/map_s096_20261009/map/spawn/sol-high_22-67.md
  spawn enrichment/v9/work/map_s096_20261009/map/spawn/sol-high_23-13.md
  spawn enrichment/v9/work/map_s096_20261009/map/spawn/sol-high_23-14.md
  spawn enrichment/v9/work/map_s096_20261009/map/spawn/sol-high_23-47.md
  spawn enrichment/v9/work/map_s096_20261009/map/spawn/sol-high_23-99.md
  spawn enrichment/v9/work/map_s096_20261009/map/spawn/sol-high_23-100.md
  spawn enrichment/v9/work/map_s096_20261009/map/spawn/sol-high_23-104.md
  spawn enrichment/v9/work/map_s096_20261009/map/spawn/sol-high_24-27.md
  spawn enrichment/v9/work/map_s096_20261009/map/spawn/sol-high_25-41.md
  spawn enrichment/v9/work/map_s096_20261009/map/spawn/sol-high_25-43.md
  spawn enrichment/v9/work/map_s096_20261009/map/spawn/sol-high_25-44.md
  spawn enrichment/v9/work/map_s096_20261009/map/spawn/sol-high_26-7.md
  spawn enrichment/v9/work/map_s096_20261009/map/spawn/sol-high_26-10.md
  spawn enrichment/v9/work/map_s096_20261009/map/spawn/sol-high_26-11.md
  spawn enrichment/v9/work/map_s096_20261009/map/spawn/sol-high_26-18.md
  spawn enrichment/v9/work/map_s096_20261009/map/spawn/sol-high_26-19.md
  spawn enrichment/v9/work/map_s096_20261009/map/spawn/sol-high_26-21.md
  spawn enrichment/v9/work/map_s096_20261009/map/spawn/sol-high_26-22.md
  spawn enrichment/v9/work/map_s096_20261009/map/spawn/sol-high_26-105.md
  spawn enrichment/v9/work/map_s096_20261009/map/spawn/sol-high_26-106.md
  spawn enrichment/v9/work/map_s096_20261009/map/spawn/sol-high_26-107.md
  spawn enrichment/v9/work/map_s096_20261009/map/spawn/sol-high_26-108.md
  spawn enrichment/v9/work/map_s096_20261009/map/spawn/sol-high_26-115.md
  spawn enrichment/v9/work/map_s096_20261009/map/spawn/sol-high_26-116.md
  spawn enrichment/v9/work/map_s096_20261009/map/spawn/sol-high_26-124.md
  spawn enrichment/v9/work/map_s096_20261009/map/spawn/sol-high_26-126.md
  spawn enrichment/v9/work/map_s096_20261009/map/spawn/sol-high_26-142.md
  spawn enrichment/v9/work/map_s096_20261009/map/spawn/sol-high_26-144.md
  spawn enrichment/v9/work/map_s096_20261009/map/spawn/sol-high_26-161.md
  spawn enrichment/v9/work/map_s096_20261009/map/spawn/sol-high_26-163.md
  spawn enrichment/v9/work/map_s096_20261009/map/spawn/sol-high_26-166.md
  spawn enrichment/v9/work/map_s096_20261009/map/spawn/sol-high_26-167.md
  spawn enrichment/v9/work/map_s096_20261009/map/spawn/sol-high_26-179.md
  spawn enrichment/v9/work/map_s096_20261009/map/spawn/sol-high_26-216.md
  spawn enrichment/v9/work/map_s096_20261009/map/spawn/sol-high_26-217.md
  spawn enrichment/v9/work/map_s096_20261009/map/spawn/sol-high_26-218.md
  spawn enrichment/v9/work/map_s096_20261009/map/spawn/sol-high_26-219.md
  spawn enrichment/v9/work/map_s096_20261009/map/spawn/sol-high_27-8.md
  spawn enrichment/v9/work/map_s096_20261009/map/spawn/sol-high_27-10.md
  spawn enrichment/v9/work/map_s096_20261009/map/spawn/sol-high_27-28.md
  spawn enrichment/v9/work/map_s096_20261009/map/spawn/sol-high_27-29.md
  spawn enrichment/v9/work/map_s096_20261009/map/spawn/sol-high_27-30.md
  spawn enrichment/v9/work/map_s096_20261009/map/spawn/sol-high_27-35.md
  spawn enrichment/v9/work/map_s096_20261009/map/spawn/sol-high_27-36.md
  spawn enrichment/v9/work/map_s096_20261009/map/spawn/sol-high_28-8.md
  spawn enrichment/v9/work/map_s096_20261009/map/spawn/sol-high_28-15.md
  spawn enrichment/v9/work/map_s096_20261009/map/spawn/sol-high_28-19.md
  spawn enrichment/v9/work/map_s096_20261009/map/spawn/sol-high_28-20.md
  spawn enrichment/v9/work/map_s096_20261009/map/spawn/sol-high_28-21.md
  spawn enrichment/v9/work/map_s096_20261009/map/spawn/sol-high_28-38.md
  spawn enrichment/v9/work/map_s096_20261009/map/spawn/sol-high_28-64.md
  spawn enrichment/v9/work/map_s096_20261009/map/spawn/sol-high_28-76.md
  spawn enrichment/v9/work/map_s096_20261009/map/spawn/sol-high_28-77.md
  spawn enrichment/v9/work/map_s096_20261009/map/spawn/sol-high_28-78.md
  spawn enrichment/v9/work/map_s096_20261009/map/spawn/sol-high_28-81.md
  spawn enrichment/v9/work/map_s096_20261009/map/spawn/sol-high_29-16.md
  spawn enrichment/v9/work/map_s096_20261009/map/spawn/sol-high_29-17.md
  spawn enrichment/v9/work/map_s096_20261009/map/spawn/sol-high_29-29.md
  spawn enrichment/v9/work/map_s096_20261009/map/spawn/sol-high_29-45.md
  spawn enrichment/v9/work/map_s096_20261009/map/spawn/sol-high_30-11.md
  spawn enrichment/v9/work/map_s096_20261009/map/spawn/sol-high_31-10.md
  spawn enrichment/v9/work/map_s096_20261009/map/spawn/sol-high_31-11.md
  spawn enrichment/v9/work/map_s096_20261009/map/spawn/sol-high_31-16.md
  spawn enrichment/v9/work/map_s096_20261009/map/spawn/sol-high_31-25.md
  spawn enrichment/v9/work/map_s096_20261009/map/spawn/sol-high_31-26.md
  spawn enrichment/v9/work/map_s096_20261009/map/spawn/sol-high_31-27.md
  spawn enrichment/v9/work/map_s096_20261009/map/spawn/sol-high_32-11.md
  spawn enrichment/v9/work/map_s096_20261009/map/spawn/sol-high_32-12.md
  spawn enrichment/v9/work/map_s096_20261009/map/spawn/sol-high_32-21.md
  spawn enrichment/v9/work/map_s096_20261009/map/spawn/sol-high_33-5.md
  spawn enrichment/v9/work/map_s096_20261009/map/spawn/sol-high_33-43.md
  spawn enrichment/v9/work/map_s096_20261009/map/spawn/sol-high_33-56.md
  spawn enrichment/v9/work/map_s096_20261009/map/spawn/sol-high_34-24.md
  spawn enrichment/v9/work/map_s096_20261009/map/spawn/sol-high_34-25.md
  spawn enrichment/v9/work/map_s096_20261009/map/spawn/sol-high_35-14.md
  spawn enrichment/v9/work/map_s096_20261009/map/spawn/sol-high_35-15.md
  spawn enrichment/v9/work/map_s096_20261009/map/spawn/sol-high_36-14.md
  spawn enrichment/v9/work/map_s096_20261009/map/spawn/sol-high_36-18.md
  spawn enrichment/v9/work/map_s096_20261009/map/spawn/sol-high_36-77.md
  spawn enrichment/v9/work/map_s096_20261009/map/spawn/sol-high_36-78.md
  spawn enrichment/v9/work/map_s096_20261009/map/spawn/sol-high_36-79.md
  spawn enrichment/v9/work/map_s096_20261009/map/spawn/sol-high_38-4.md
  spawn enrichment/v9/work/map_s096_20261009/map/spawn/sol-high_38-6.md
  spawn enrichment/v9/work/map_s096_20261009/map/spawn/sol-high_38-7.md
  spawn enrichment/v9/work/map_s096_20261009/map/spawn/sol-high_39-6.md
  spawn enrichment/v9/work/map_s096_20261009/map/spawn/sol-high_39-22.md
  spawn enrichment/v9/work/map_s096_20261009/map/spawn/sol-high_39-23.md
  spawn enrichment/v9/work/map_s096_20261009/map/spawn/sol-high_39-24.md
  spawn enrichment/v9/work/map_s096_20261009/map/spawn/sol-high_39-36.md
  spawn enrichment/v9/work/map_s096_20261009/map/spawn/sol-high_39-49.md
  spawn enrichment/v9/work/map_s096_20261009/map/spawn/sol-high_39-50.md
  spawn enrichment/v9/work/map_s096_20261009/map/spawn/sol-high_39-71.md
  spawn enrichment/v9/work/map_s096_20261009/map/spawn/sol-high_40-26.md
  spawn enrichment/v9/work/map_s096_20261009/map/spawn/sol-high_40-28.md
  spawn enrichment/v9/work/map_s096_20261009/map/spawn/sol-high_40-49.md
  spawn enrichment/v9/work/map_s096_20261009/map/spawn/sol-high_40-50.md
  spawn enrichment/v9/work/map_s096_20261009/map/spawn/sol-high_41-11.md
  spawn enrichment/v9/work/map_s096_20261009/map/spawn/sol-high_41-37.md
  spawn enrichment/v9/work/map_s096_20261009/map/spawn/sol-high_42-27.md
  spawn enrichment/v9/work/map_s096_20261009/map/spawn/sol-high_42-28.md
  spawn enrichment/v9/work/map_s096_20261009/map/spawn/sol-high_43-51.md
  spawn enrichment/v9/work/map_s096_20261009/map/spawn/sol-high_43-54.md
  spawn enrichment/v9/work/map_s096_20261009/map/spawn/sol-high_44-47.md
  spawn enrichment/v9/work/map_s096_20261009/map/spawn/sol-high_44-49.md
  spawn enrichment/v9/work/map_s096_20261009/map/spawn/sol-high_47-16.md
  spawn enrichment/v9/work/map_s096_20261009/map/spawn/sol-high_47-17.md
  spawn enrichment/v9/work/map_s096_20261009/map/spawn/sol-high_49-13.md
  spawn enrichment/v9/work/map_s096_20261009/map/spawn/sol-high_50-16.md
  spawn enrichment/v9/work/map_s096_20261009/map/spawn/sol-high_50-27.md
  spawn enrichment/v9/work/map_s096_20261009/map/spawn/sol-high_52-13.md
  spawn enrichment/v9/work/map_s096_20261009/map/spawn/sol-high_52-14.md
  spawn enrichment/v9/work/map_s096_20261009/map/spawn/sol-high_53-2.md
  spawn enrichment/v9/work/map_s096_20261009/map/spawn/sol-high_53-5.md
  spawn enrichment/v9/work/map_s096_20261009/map/spawn/sol-high_53-10.md
  spawn enrichment/v9/work/map_s096_20261009/map/spawn/sol-high_53-13.md
  spawn enrichment/v9/work/map_s096_20261009/map/spawn/sol-high_53-14.md
  spawn enrichment/v9/work/map_s096_20261009/map/spawn/sol-high_53-17.md
  spawn enrichment/v9/work/map_s096_20261009/map/spawn/sol-high_53-23.md
  spawn enrichment/v9/work/map_s096_20261009/map/spawn/sol-high_53-30.md
  spawn enrichment/v9/work/map_s096_20261009/map/spawn/sol-high_53-33.md
  spawn enrichment/v9/work/map_s096_20261009/map/spawn/sol-high_53-34.md
  spawn enrichment/v9/work/map_s096_20261009/map/spawn/sol-high_53-35.md
  spawn enrichment/v9/work/map_s096_20261009/map/spawn/sol-high_53-36.md
  spawn enrichment/v9/work/map_s096_20261009/map/spawn/sol-high_53-39.md
  spawn enrichment/v9/work/map_s096_20261009/map/spawn/sol-high_53-40.md
  spawn enrichment/v9/work/map_s096_20261009/map/spawn/sol-high_53-42.md
  spawn enrichment/v9/work/map_s096_20261009/map/spawn/sol-high_53-48.md
  spawn enrichment/v9/work/map_s096_20261009/map/spawn/sol-high_54-1.md
  spawn enrichment/v9/work/map_s096_20261009/map/spawn/sol-high_55-1.md
  spawn enrichment/v9/work/map_s096_20261009/map/spawn/sol-high_55-2.md
  spawn enrichment/v9/work/map_s096_20261009/map/spawn/sol-high_55-3.md
  spawn enrichment/v9/work/map_s096_20261009/map/spawn/sol-high_55-4.md
  spawn enrichment/v9/work/map_s096_20261009/map/spawn/sol-high_55-6.md
  spawn enrichment/v9/work/map_s096_20261009/map/spawn/sol-high_55-8.md
  spawn enrichment/v9/work/map_s096_20261009/map/spawn/sol-high_55-39.md
  spawn enrichment/v9/work/map_s096_20261009/map/spawn/sol-high_55-41.md
  spawn enrichment/v9/work/map_s096_20261009/map/spawn/sol-high_56-1.md
  spawn enrichment/v9/work/map_s096_20261009/map/spawn/sol-high_56-2.md
  spawn enrichment/v9/work/map_s096_20261009/map/spawn/sol-high_56-10.md
  spawn enrichment/v9/work/map_s096_20261009/map/spawn/sol-high_56-11.md
  spawn enrichment/v9/work/map_s096_20261009/map/spawn/sol-high_56-77.md
  spawn enrichment/v9/work/map_s096_20261009/map/spawn/sol-high_56-78.md
  spawn enrichment/v9/work/map_s096_20261009/map/spawn/sol-high_64-6.md
  spawn enrichment/v9/work/map_s096_20261009/map/spawn/sol-high_66-6.md
  spawn enrichment/v9/work/map_s096_20261009/map/spawn/sol-high_67-22.md
  spawn enrichment/v9/work/map_s096_20261009/map/spawn/sol-high_68-1.md
  spawn enrichment/v9/work/map_s096_20261009/map/spawn/sol-high_68-2.md
  spawn enrichment/v9/work/map_s096_20261009/map/spawn/sol-high_68-4.md
  spawn enrichment/v9/work/map_s096_20261009/map/spawn/sol-high_68-8.md
  spawn enrichment/v9/work/map_s096_20261009/map/spawn/sol-high_68-9.md
  spawn enrichment/v9/work/map_s096_20261009/map/spawn/sol-high_68-42.md
  spawn enrichment/v9/work/map_s096_20261009/map/spawn/sol-high_68-43.md
  spawn enrichment/v9/work/map_s096_20261009/map/spawn/sol-high_69-5.md
  spawn enrichment/v9/work/map_s096_20261009/map/spawn/sol-high_69-6.md
  spawn enrichment/v9/work/map_s096_20261009/map/spawn/sol-high_69-9.md
  spawn enrichment/v9/work/map_s096_20261009/map/spawn/sol-high_69-10.md
  spawn enrichment/v9/work/map_s096_20261009/map/spawn/sol-high_69-11.md
  spawn enrichment/v9/work/map_s096_20261009/map/spawn/sol-high_69-12.md
  spawn enrichment/v9/work/map_s096_20261009/map/spawn/sol-high_69-25.md
  spawn enrichment/v9/work/map_s096_20261009/map/spawn/sol-high_69-28.md
  spawn enrichment/v9/work/map_s096_20261009/map/spawn/sol-high_69-29.md
  spawn enrichment/v9/work/map_s096_20261009/map/spawn/sol-high_69-30.md
  spawn enrichment/v9/work/map_s096_20261009/map/spawn/sol-high_69-31.md
  spawn enrichment/v9/work/map_s096_20261009/map/spawn/sol-high_70-10.md
  spawn enrichment/v9/work/map_s096_20261009/map/spawn/sol-high_70-13.md
  spawn enrichment/v9/work/map_s096_20261009/map/spawn/sol-high_70-15.md
  spawn enrichment/v9/work/map_s096_20261009/map/spawn/sol-high_70-17.md
  spawn enrichment/v9/work/map_s096_20261009/map/spawn/sol-high_72-1.md
  spawn enrichment/v9/work/map_s096_20261009/map/spawn/sol-high_72-18.md
  spawn enrichment/v9/work/map_s096_20261009/map/spawn/sol-high_72-19.md
  spawn enrichment/v9/work/map_s096_20261009/map/spawn/sol-high_72-20.md
  spawn enrichment/v9/work/map_s096_20261009/map/spawn/sol-high_74-11.md
  spawn enrichment/v9/work/map_s096_20261009/map/spawn/sol-high_74-12.md
  spawn enrichment/v9/work/map_s096_20261009/map/spawn/sol-high_74-13.md
  spawn enrichment/v9/work/map_s096_20261009/map/spawn/sol-high_74-14.md
  spawn enrichment/v9/work/map_s096_20261009/map/spawn/sol-high_74-15.md
  spawn enrichment/v9/work/map_s096_20261009/map/spawn/sol-high_74-16.md
  spawn enrichment/v9/work/map_s096_20261009/map/spawn/sol-high_74-26.md
  spawn enrichment/v9/work/map_s096_20261009/map/spawn/sol-high_74-29.md
  spawn enrichment/v9/work/map_s096_20261009/map/spawn/sol-high_74-31.md
  spawn enrichment/v9/work/map_s096_20261009/map/spawn/sol-high_74-43.md
  spawn enrichment/v9/work/map_s096_20261009/map/spawn/sol-high_75-11.md
  spawn enrichment/v9/work/map_s096_20261009/map/spawn/sol-high_75-12.md
  spawn enrichment/v9/work/map_s096_20261009/map/spawn/sol-high_75-16.md
  spawn enrichment/v9/work/map_s096_20261009/map/spawn/sol-high_75-17.md
  spawn enrichment/v9/work/map_s096_20261009/map/spawn/sol-high_75-18.md
  spawn enrichment/v9/work/map_s096_20261009/map/spawn/sol-high_75-19.md
  spawn enrichment/v9/work/map_s096_20261009/map/spawn/sol-high_75-30.md
  spawn enrichment/v9/work/map_s096_20261009/map/spawn/sol-high_75-31.md
  spawn enrichment/v9/work/map_s096_20261009/map/spawn/sol-high_75-32.md
  spawn enrichment/v9/work/map_s096_20261009/map/spawn/sol-high_75-33.md
  spawn enrichment/v9/work/map_s096_20261009/map/spawn/sol-high_75-34.md
  spawn enrichment/v9/work/map_s096_20261009/map/spawn/sol-high_75-38.md
  spawn enrichment/v9/work/map_s096_20261009/map/spawn/sol-high_76-24.md
  spawn enrichment/v9/work/map_s096_20261009/map/spawn/sol-high_76-25.md
  spawn enrichment/v9/work/map_s096_20261009/map/spawn/sol-high_76-26.md
  spawn enrichment/v9/work/map_s096_20261009/map/spawn/sol-high_77-20.md
  spawn enrichment/v9/work/map_s096_20261009/map/spawn/sol-high_77-21.md
  spawn enrichment/v9/work/map_s096_20261009/map/spawn/sol-high_77-22.md
  spawn enrichment/v9/work/map_s096_20261009/map/spawn/sol-high_78-21.md
  spawn enrichment/v9/work/map_s096_20261009/map/spawn/sol-high_78-22.md
  spawn enrichment/v9/work/map_s096_20261009/map/spawn/sol-high_79-17.md
  spawn enrichment/v9/work/map_s096_20261009/map/spawn/sol-high_79-18.md
  spawn enrichment/v9/work/map_s096_20261009/map/spawn/sol-high_79-19.md
  spawn enrichment/v9/work/map_s096_20261009/map/spawn/sol-high_79-21.md
  spawn enrichment/v9/work/map_s096_20261009/map/spawn/sol-high_79-22.md
  spawn enrichment/v9/work/map_s096_20261009/map/spawn/sol-high_79-23.md
  spawn enrichment/v9/work/map_s096_20261009/map/spawn/sol-high_79-24.md
  spawn enrichment/v9/work/map_s096_20261009/map/spawn/sol-high_79-25.md
  spawn enrichment/v9/work/map_s096_20261009/map/spawn/sol-high_79-35.md
  spawn enrichment/v9/work/map_s096_20261009/map/spawn/sol-high_79-37.md
  spawn enrichment/v9/work/map_s096_20261009/map/spawn/sol-high_79-38.md
  spawn enrichment/v9/work/map_s096_20261009/map/spawn/sol-high_79-39.md
  spawn enrichment/v9/work/map_s096_20261009/map/spawn/sol-high_79-40.md
  spawn enrichment/v9/work/map_s096_20261009/map/spawn/sol-high_79-41.md
  spawn enrichment/v9/work/map_s096_20261009/map/spawn/sol-high_79-44.md
  spawn enrichment/v9/work/map_s096_20261009/map/spawn/sol-high_80-2.md
  spawn enrichment/v9/work/map_s096_20261009/map/spawn/sol-high_80-5.md
  spawn enrichment/v9/work/map_s096_20261009/map/spawn/sol-high_80-6.md
  spawn enrichment/v9/work/map_s096_20261009/map/spawn/sol-high_80-16.md
  spawn enrichment/v9/work/map_s096_20261009/map/spawn/sol-high_80-17.md
  spawn enrichment/v9/work/map_s096_20261009/map/spawn/sol-high_80-18.md
  spawn enrichment/v9/work/map_s096_20261009/map/spawn/sol-high_80-19.md
  spawn enrichment/v9/work/map_s096_20261009/map/spawn/sol-high_82-6.md
  spawn enrichment/v9/work/map_s096_20261009/map/spawn/sol-high_82-7.md
  spawn enrichment/v9/work/map_s096_20261009/map/spawn/sol-high_82-8.md
  spawn enrichment/v9/work/map_s096_20261009/map/spawn/sol-high_83-28.md
  spawn enrichment/v9/work/map_s096_20261009/map/spawn/sol-high_84-6.md
  spawn enrichment/v9/work/map_s096_20261009/map/spawn/sol-high_84-13.md
  spawn enrichment/v9/work/map_s096_20261009/map/spawn/sol-high_84-14.md
  spawn enrichment/v9/work/map_s096_20261009/map/spawn/sol-high_84-15.md
  spawn enrichment/v9/work/map_s096_20261009/map/spawn/sol-high_84-21.md
  spawn enrichment/v9/work/map_s096_20261009/map/spawn/sol-high_86-5.md
  spawn enrichment/v9/work/map_s096_20261009/map/spawn/sol-high_86-6.md
  spawn enrichment/v9/work/map_s096_20261009/map/spawn/sol-high_86-8.md
  spawn enrichment/v9/work/map_s096_20261009/map/spawn/sol-high_86-11.md
  spawn enrichment/v9/work/map_s096_20261009/map/spawn/sol-high_86-12.md
  spawn enrichment/v9/work/map_s096_20261009/map/spawn/sol-high_87-1.md
  spawn enrichment/v9/work/map_s096_20261009/map/spawn/sol-high_87-2.md
  spawn enrichment/v9/work/map_s096_20261009/map/spawn/sol-high_87-3.md
  spawn enrichment/v9/work/map_s096_20261009/map/spawn/sol-high_87-6.md
  spawn enrichment/v9/work/map_s096_20261009/map/spawn/sol-high_87-12.md
  spawn enrichment/v9/work/map_s096_20261009/map/spawn/sol-high_87-14.md
  spawn enrichment/v9/work/map_s096_20261009/map/spawn/sol-high_87-15.md
  spawn enrichment/v9/work/map_s096_20261009/map/spawn/sol-high_89-9.md
  spawn enrichment/v9/work/map_s096_20261009/map/spawn/sol-high_89-11.md
  spawn enrichment/v9/work/map_s096_20261009/map/spawn/sol-high_89-15.md
  spawn enrichment/v9/work/map_s096_20261009/map/spawn/sol-high_89-16.md
  spawn enrichment/v9/work/map_s096_20261009/map/spawn/sol-high_89-17.md
  spawn enrichment/v9/work/map_s096_20261009/map/spawn/sol-high_89-18.md
  spawn enrichment/v9/work/map_s096_20261009/map/spawn/sol-high_89-20.md
  spawn enrichment/v9/work/map_s096_20261009/map/spawn/sol-high_89-24.md
  spawn enrichment/v9/work/map_s096_20261009/map/spawn/sol-high_89-27.md
  spawn enrichment/v9/work/map_s096_20261009/map/spawn/sol-high_89-28.md
  spawn enrichment/v9/work/map_s096_20261009/map/spawn/sol-high_89-29.md
  spawn enrichment/v9/work/map_s096_20261009/map/spawn/sol-high_89-30.md
  spawn enrichment/v9/work/map_s096_20261009/map/spawn/sol-high_90-6.md
  spawn enrichment/v9/work/map_s096_20261009/map/spawn/sol-high_90-7.md
  spawn enrichment/v9/work/map_s096_20261009/map/spawn/sol-high_90-8.md
  spawn enrichment/v9/work/map_s096_20261009/map/spawn/sol-high_91-11.md
  spawn enrichment/v9/work/map_s096_20261009/map/spawn/sol-high_91-13.md
  spawn enrichment/v9/work/map_s096_20261009/map/spawn/sol-high_91-14.md
  spawn enrichment/v9/work/map_s096_20261009/map/spawn/sol-high_92-4.md
  spawn enrichment/v9/work/map_s096_20261009/map/spawn/sol-high_92-5.md
  spawn enrichment/v9/work/map_s096_20261009/map/spawn/sol-high_92-6.md
  spawn enrichment/v9/work/map_s096_20261009/map/spawn/sol-high_92-7.md
  spawn enrichment/v9/work/map_s096_20261009/map/spawn/sol-high_92-8.md
  spawn enrichment/v9/work/map_s096_20261009/map/spawn/sol-high_92-9.md
  spawn enrichment/v9/work/map_s096_20261009/map/spawn/sol-high_92-10.md
  spawn enrichment/v9/work/map_s096_20261009/map/spawn/sol-high_92-11.md
  spawn enrichment/v9/work/map_s096_20261009/map/spawn/sol-high_92-12.md
  spawn enrichment/v9/work/map_s096_20261009/map/spawn/sol-high_92-13.md
  spawn enrichment/v9/work/map_s096_20261009/map/spawn/sol-high_92-15.md
  spawn enrichment/v9/work/map_s096_20261009/map/spawn/sol-high_92-16.md
  spawn enrichment/v9/work/map_s096_20261009/map/spawn/sol-high_92-17.md
  spawn enrichment/v9/work/map_s096_20261009/map/spawn/sol-high_92-18.md
  spawn enrichment/v9/work/map_s096_20261009/map/spawn/sol-high_93-6.md
  spawn enrichment/v9/work/map_s096_20261009/map/spawn/sol-high_93-7.md
  spawn enrichment/v9/work/map_s096_20261009/map/spawn/sol-high_93-8.md
  spawn enrichment/v9/work/map_s096_20261009/map/spawn/sol-high_96-1.md
  spawn enrichment/v9/work/map_s096_20261009/map/spawn/sol-high_96-2.md
  spawn enrichment/v9/work/map_s096_20261009/map/spawn/sol-high_96-3.md
  spawn enrichment/v9/work/map_s096_20261009/map/spawn/sol-high_96-4.md
  spawn enrichment/v9/work/map_s096_20261009/map/spawn/sol-high_96-5.md
  spawn enrichment/v9/work/map_s096_20261009/map/spawn/sol-high_96-6.md
  spawn enrichment/v9/work/map_s096_20261009/map/spawn/sol-high_96-7.md
  spawn enrichment/v9/work/map_s096_20261009/map/spawn/sol-high_96-8.md
  spawn enrichment/v9/work/map_s096_20261009/map/spawn/sol-high_96-9.md
  spawn enrichment/v9/work/map_s096_20261009/map/spawn/sol-high_96-10.md
  spawn enrichment/v9/work/map_s096_20261009/map/spawn/sol-high_96-11.md
  spawn enrichment/v9/work/map_s096_20261009/map/spawn/sol-high_96-12.md
  spawn enrichment/v9/work/map_s096_20261009/map/spawn/sol-high_96-13.md
  spawn enrichment/v9/work/map_s096_20261009/map/spawn/sol-high_96-14.md
  spawn enrichment/v9/work/map_s096_20261009/map/spawn/sol-high_96-15.md
  spawn enrichment/v9/work/map_s096_20261009/map/spawn/sol-high_96-16.md
  spawn enrichment/v9/work/map_s096_20261009/map/spawn/sol-high_96-17.md
  spawn enrichment/v9/work/map_s096_20261009/map/spawn/sol-high_96-18.md
  spawn enrichment/v9/work/map_s096_20261009/map/spawn/sol-high_96-19.md
  spawn enrichment/v9/work/map_s096_20261009/map/spawn/sol-high_100-8.md
  spawn enrichment/v9/work/map_s096_20261009/map/spawn/sol-high_107-1.md
  spawn enrichment/v9/work/map_s096_20261009/map/spawn/sol-high_107-2.md
  spawn enrichment/v9/work/map_s096_20261009/map/spawn/sol-high_107-4.md
  spawn enrichment/v9/work/map_s096_20261009/map/spawn/sol-high_107-5.md
  spawn enrichment/v9/work/map_s096_20261009/map/spawn/sol-high_107-6.md
  spawn enrichment/v9/work/map_s096_20261009/map/spawn/sol-high_107-7.md
  spawn enrichment/v9/work/map_s096_20261009/map/spawn/sol-high_111-1.md
  spawn enrichment/v9/work/map_s096_20261009/map/spawn/sol-high_111-2.md
