OK sol-high 1:1: 57 questions, 3162 positions, assembled
OK sol-high 1:2: 20 questions, 163 positions, assembled
OK sol-high 1:3: 43 questions, 122 positions, assembled
OK sol-high 1:5: 25 questions, 320 positions, assembled
OK sol-high 1:6: 30 questions, 87 positions, assembled
OK sol-high 1:7: 44 questions, 2799 positions, assembled
OK sol-high 2:2: 20 questions, 64 positions, assembled
OK sol-high 2:21: 31 questions, 81 positions, assembled
OK sol-high 2:22: 57 questions, 191 positions, assembled
OK sol-high 2:31: 51 questions, 156 positions, assembled
OK sol-high 2:32: 33 questions, 75 positions, assembled
OK sol-high 2:40: 36 questions, 109 positions, assembled
OK sol-high 2:44: 31 questions, 67 positions, assembled
OK sol-high 2:114: 19 questions, 52 positions, assembled
OK sol-high 2:142: 50 questions, 154 positions, assembled
OK sol-high 2:144: 62 questions, 262 positions, assembled
OK sol-high 2:156: 32 questions, 71 positions, assembled
OK sol-high 2:186: 28 questions, 106 positions, assembled
OK sol-high 2:192: 14 questions, 20 positions, assembled
OK sol-high 2:204: 35 questions, 103 positions, assembled
OK sol-high 2:205: 22 questions, 87 positions, assembled
OK sol-high 2:206: 30 questions, 79 positions, assembled
OK sol-high 2:228: 35 questions, 97 positions, assembled
OK sol-high 2:239: 29 questions, 78 positions, assembled
OK sol-high 2:286: 42 questions, 440 positions, assembled
OK sol-high 3:35: 32 questions, 65 positions, assembled
OK sol-high 3:37: 47 questions, 128 positions, assembled
OK sol-high 3:44: 36 questions, 76 positions, assembled
OK sol-high 3:79: 40 questions, 194 positions, assembled
OK sol-high 3:83: 27 questions, 76 positions, assembled
OK sol-high 4:1: 105 questions, 154 positions, assembled
OK sol-high 4:23: 41 questions, 86 positions, assembled
OK sol-high 4:28: 17 questions, 47 positions, assembled
OK sol-high 4:105: 27 questions, 66 positions, assembled
OK sol-high 4:113: 35 questions, 112 positions, assembled
sol-high 5:4: 2553 problem(s)
  5:4/q01/p1: rows id [MUQATIL:5:4-5/r1] is not a note of 5:4
  5:4/q01/p1: rows id [MUQATIL:5:4-5/r2] is not a note of 5:4
  5:4/q01/p1: rows id [THALABI:v4p19/r3] is not a note of 5:4
  5:4/q01/p1: rows id [THALABI:v4p19/r4] is not a note of 5:4
  5:4/q01/p1: rows id [MAWARDI-FULL:v2p14/r13] is not a note of 5:4
  5:4/q01/p1: rows id [MAWARDI-FULL:v2p14/r14] is not a note of 5:4
  5:4/q01/p1: rows id [WAHIDI-ASBAB:v1p191/r3] is not a note of 5:4
  5:4/q01/p1: rows id [WAHIDI-BASIT:v7p259#2/r1] is not a note of 5:4
  5:4/q01/p1: rows id [WAHIDI-WAJIZ:5:4/r1] is not a note of 5:4
  5:4/q01/p1: rows id [BAGHAWI-FULL:v3p15/r1] is not a note of 5:4
  5:4/q01/p1: rows id [BAGHAWI-FULL:v3p15/r4] is not a note of 5:4
  5:4/q01/p1: rows id [IBNJAWZI-ZAD:v2p290/r3] is not a note of 5:4
  5:4/q01/p1: rows id [QURTUBI-FULL:5:4/r1] is not a note of 5:4
  5:4/q01/p1: rows id [QURTUBI-FULL:5:4/r6] is not a note of 5:4
  5:4/q01/p1: rows id [ABUHAYYAN-FULL:v4p178/r4] is not a note of 5:4
  5:4/q01/p1: rows id [BIQAI-FULL:v2p394/r6] is not a note of 5:4
  5:4/q01/p1: rows id [BIQAI-FULL:v2p394/r7] is not a note of 5:4
  5:4/q01/p1: rows id [DURR-FULL:v3p22/r1] is not a note of 5:4
  5:4/q01/p1: rows id [DURR-FULL:v3p22/r2] is not a note of 5:4
  5:4/q01/p1: rows id [SUYUTI-LUBAB:v1p87/r5] is not a note of 5:4
  5:4/q01/p1: rows id [SUYUTI-LUBAB:v1p87/r6] is not a note of 5:4
  5:4/q01/p1: rows id [ELMALILI:5:4-5/r7] is not a note of 5:4
  5:4/q01/p1: rows id [IBNKATHIR-FULL:v3p31#3/r2] is not a note of 5:4
  5:4/q01/p1: rows id [TABRISI:5:4/r11] is not a note of 5:4
  5:4/q01/p1: rows id [BURHAN:v1p159/r3] is not a note of 5:4
  5:4/q01/p1: rows id [ALUSI-FULL:v6p62#2/r4] is not a note of 5:4
  5:4/q01/p1: rows id [TABATABAI:5:4-5#8/r5] is not a note of 5:4
  5:4/q01/p1: prefer id [BAGHAWI-FULL:v3p15/r4] is not a note of 5:4
  5:4/q01/p2: rows id [TAB-FULL:v8p102/r1] is not a note of 5:4
  5:4/q01/p2: rows id [TAB-FULL:v8p102/r2] is not a note of 5:4
  5:4/q01/p2: rows id [TAB-FULL:v8p99#2/r5] is not a note of 5:4
  5:4/q01/p2: rows id [THALABI:v4p18/r4] is not a note of 5:4
  5:4/q01/p2: rows id [MAWARDI-FULL:v2p14/r12] is not a note of 5:4
  5:4/q01/p2: rows id [WAHIDI-ASBAB:v1p190/r4] is not a note of 5:4
  5:4/q01/p2: rows id [WAHIDI-ASBAB:v1p191/r1] is not a note of 5:4
  5:4/q01/p2: rows id [BAGHAWI-FULL:v3p15/r2] is not a note of 5:4
  5:4/q01/p2: rows id [IBNJAWZI-ZAD:v2p290/r1] is not a note of 5:4
  5:4/q01/p2: rows id [IBNJAWZI-ZAD:v2p290/r2] is not a note of 5:4
  5:4/q01/p2: rows id [TABRISI:5:4/r9] is not a note of 5:4
  5:4/q01/p2: rows id [TABRISI:5:4/r10] is not a note of 5:4
  5:4/q01/p2: rows id [QURTUBI-FULL:5:4#8/r9] is not a note of 5:4
  5:4/q01/p2: rows id [ABUHAYYAN-FULL:v4p178/r1] is not a note of 5:4
  5:4/q01/p2: rows id [ABUHAYYAN-FULL:v4p178/r2] is not a note of 5:4
  5:4/q01/p2: rows id [ABUHAYYAN-FULL:v4p178/r3] is not a note of 5:4
  5:4/q01/p2: rows id [IBNKATHIR-FULL:v3p33/r3] is not a note of 5:4
  5:4/q01/p2: rows id [IBNKATHIR-FULL:v3p33/r5] is not a note of 5:4
  5:4/q01/p2: rows id [IBNKATHIR-FULL:v3p33/r6] is not a note of 5:4
  5:4/q01/p2: rows id [IBNKATHIR-FULL:v3p34/r1] is not a note of 5:4
  5:4/q01/p2: rows id [IBNKATHIR-FULL:v3p34/r2] is not a note of 5:4
  5:4/q01/p2: rows id [BIQAI-FULL:v2p394/r2] is not a note of 5:4
  5:4/q01/p2: rows id [BIQAI-FULL:v2p394/r3] is not a note of 5:4
  5:4/q01/p2: rows id [BIQAI-FULL:v2p394/r4] is not a note of 5:4
  5:4/q01/p2: rows id [BIQAI-FULL:v2p394/r5] is not a note of 5:4
  5:4/q01/p2: rows id [DURR-FULL:v3p21/r4] is not a note of 5:4
  5:4/q01/p2: rows id [DURR-FULL:v3p21/r5] is not a note of 5:4
  5:4/q01/p2: rows id [DURR-FULL:v3p21/r6] is not a note of 5:4
  5:4/q01/p2: rows id [SUYUTI-LUBAB:v1p87/r2] is not a note of 5:4
  5:4/q01/p2: rows id [SUYUTI-LUBAB:v1p87/r3] is not a note of 5:4
  5:4/q01/p2: rows id [SUYUTI-LUBAB:v1p87/r4] is not a note of 5:4
  5:4/q01/p2: rows id [ELMALILI:5:4-5/r5] is not a note of 5:4
  … and 2493 more
OK sol-high 5:27: 41 questions, 98 positions, assembled
OK sol-high 5:28: 23 questions, 53 positions, assembled
OK sol-high 5:30: 29 questions, 95 positions, assembled
OK sol-high 5:55: 28 questions, 82 positions, assembled
OK sol-high 5:56: 15 questions, 55 positions, assembled
OK sol-high 6:94: 37 questions, 83 positions, assembled
OK sol-high 7:11: 24 questions, 82 positions, assembled
OK sol-high 7:12: 19 questions, 59 positions, assembled
OK sol-high 7:19: 32 questions, 67 positions, assembled
OK sol-high 7:20: 34 questions, 90 positions, assembled
OK sol-high 7:29: 22 questions, 65 positions, assembled
OK sol-high 7:91: 17 questions, 38 positions, assembled
OK sol-high 7:92: 17 questions, 37 positions, assembled
OK sol-high 7:150: 39 questions, 131 positions, assembled
OK sol-high 7:168: 25 questions, 52 positions, assembled
OK sol-high 7:172: 48 questions, 150 positions, assembled
OK sol-high 7:194: 13 questions, 37 positions, assembled
OK sol-high 7:195: 34 questions, 66 positions, assembled
OK sol-high 7:206: 42 questions, 98 positions, assembled
OK sol-high 8:38: 29 questions, 62 positions, assembled
OK sol-high 9:67: 30 questions, 63 positions, assembled
OK sol-high 9:71: 23 questions, 42 positions, assembled
OK sol-high 9:76: 16 questions, 41 positions, assembled
OK sol-high 9:78: 20 questions, 40 positions, assembled
OK sol-high 9:103: 41 questions, 128 positions, assembled
OK sol-high 10:24: 35 questions, 90 positions, assembled
OK sol-high 11:41: 34 questions, 94 positions, assembled
OK sol-high 11:53: 24 questions, 40 positions, assembled
OK sol-high 11:54: 24 questions, 47 positions, assembled
OK sol-high 11:55: 26 questions, 36 positions, assembled
OK sol-high 11:56: 25 questions, 35 positions, assembled
OK sol-high 11:68: 20 questions, 31 positions, assembled
OK sol-high 11:84: 27 questions, 57 positions, assembled
OK sol-high 11:87: 29 questions, 53 positions, assembled
OK sol-high 11:88: 63 questions, 96 positions, assembled
OK sol-high 11:112: 31 questions, 73 positions, assembled
OK sol-high 12:26: 21 questions, 50 positions, assembled
OK sol-high 12:27: 20 questions, 39 positions, assembled
OK sol-high 12:32: 29 questions, 68 positions, assembled
OK sol-high 12:33: 25 questions, 58 positions, assembled
OK sol-high 12:91: 21 questions, 39 positions, assembled
OK sol-high 12:92: 19 questions, 60 positions, assembled
OK sol-high 12:97: 15 questions, 33 positions, assembled
OK sol-high 13:14: 39 questions, 74 positions, assembled
OK sol-high 13:15: 21 questions, 58 positions, assembled
sol-high 13:17: 1812 problem(s)
  13:17/q01/p1: rows id [BAYDAWI-FULL:13:17/r1] is not a note of 13:17
  13:17/q01/p1: rows id [NASAFI-FULL:v2p214/r1] is not a note of 13:17
  13:17/q01/p1: rows id [ALUSI-FULL:v13p129#2/r1] is not a note of 13:17
  13:17/q01/p2: rows id [BAYDAWI-FULL:13:17/r1] is not a note of 13:17
  13:17/q01/p2: rows id [ALUSI-FULL:v13p129#2/r1] is not a note of 13:17
  13:17/q01/p2: rows id [ALUSI-FULL:v13p129#2/r2] is not a note of 13:17
  13:17/q02/p1: rows id [MUQATIL:13:17-18/r1] is not a note of 13:17
  13:17/q02/p1: rows id [MUQATIL:13:17-18/r5] is not a note of 13:17
  13:17/q02/p1: rows id [FARRA:v2p60/r8] is not a note of 13:17
  13:17/q02/p1: rows id [THALABI:v5p282#2/r14] is not a note of 13:17
  13:17/q02/p1: rows id [THALABI:v5p282#2/r15] is not a note of 13:17
  13:17/q02/p1: rows id [MAWARDI-FULL:v3p105/r3] is not a note of 13:17
  13:17/q02/p1: rows id [MAWARDI-FULL:v3p105/r4] is not a note of 13:17
  13:17/q02/p1: rows id [WAHIDI-BASIT:v12p332/r7] is not a note of 13:17
  13:17/q02/p1: rows id [WAHIDI-BASIT:v12p332/r8] is not a note of 13:17
  13:17/q02/p1: rows id [WAHIDI-BASIT:v12p332/r9] is not a note of 13:17
  13:17/q02/p1: rows id [WAHIDI-WAJIZ:13:17-18/r1] is not a note of 13:17
  13:17/q02/p1: rows id [WAHIDI-WAJIZ:13:17-18/r3] is not a note of 13:17
  13:17/q02/p1: rows id [IBNATIYYA-FULL:v3p307/r2] is not a note of 13:17
  13:17/q02/p1: rows id [IBNATIYYA-FULL:v3p308/r7] is not a note of 13:17
  13:17/q02/p1: rows id [TABRISI:13:17-18#2/r2] is not a note of 13:17
  13:17/q02/p1: rows id [TABRISI:13:17-18#2/r6] is not a note of 13:17
  13:17/q02/p1: rows id [TABRISI:13:17-18#2/r15] is not a note of 13:17
  13:17/q02/p1: rows id [IBNJAWZI-ZAD:v4p321/r1] is not a note of 13:17
  13:17/q02/p1: rows id [IBNJAWZI-ZAD:v4p321/r14] is not a note of 13:17
  13:17/q02/p1: rows id [RAZI-FULL:v19p28/r3] is not a note of 13:17
  13:17/q02/p1: rows id [QURTUBI-FULL:13:17/r17] is not a note of 13:17
  13:17/q02/p1: rows id [QURTUBI-FULL:13:17/r18] is not a note of 13:17
  13:17/q02/p1: rows id [ABUHAYYAN-FULL:v6p372/r6] is not a note of 13:17
  13:17/q02/p1: rows id [ABUHAYYAN-FULL:v6p373/r2] is not a note of 13:17
  13:17/q02/p1: rows id [ABUHAYYAN-FULL:v6p373/r4] is not a note of 13:17
  13:17/q02/p1: rows id [ABUHAYYAN-FULL:v6p373/r6] is not a note of 13:17
  13:17/q02/p1: rows id [IBNKATHIR-FULL:v4p447/r2] is not a note of 13:17
  13:17/q02/p1: rows id [IBNKATHIR-FULL:v4p447/r8] is not a note of 13:17
  13:17/q02/p1: rows id [BURHAN:v1p492/r4] is not a note of 13:17
  13:17/q02/p1: rows id [BURHAN:v1p492/r5] is not a note of 13:17
  13:17/q02/p1: rows id [ALUSI-FULL:v13p131#2/r11] is not a note of 13:17
  13:17/q02/p1: rows id [ALUSI-FULL:v13p131#2/r14] is not a note of 13:17
  13:17/q02/p1: rows id [ELMALILI:13:16-17/r15] is not a note of 13:17
  13:17/q02/p1: rows id [IBNASHUR-FULL:v13p116#2/r3] is not a note of 13:17
  13:17/q02/p1: rows id [ISLAHI-TADABBUR:vol-4-surah-yunus-10-surah-maryam-19:p220/r6] is not a note of 13:17
  13:17/q02/p1: rows id [DAMGHANI:v1p447/r2] is not a note of 13:17
  13:17/q02/p1: against id [IBNATIYYA-FULL:v3p308/r8] is not a note of 13:17
  13:17/q02/p1: against id [ABUHAYYAN-FULL:v6p373/r3] is not a note of 13:17
  13:17/q02/p2: rows id [SULAMI:v1p330#3/r1] is not a note of 13:17
  13:17/q02/p2: rows id [SULAMI:v1p330#3/r2] is not a note of 13:17
  13:17/q02/p2: rows id [SULAMI:v1p330#3/r3] is not a note of 13:17
  13:17/q02/p2: rows id [SULAMI:v1p330#3/r5] is not a note of 13:17
  13:17/q02/p2: rows id [QASHANI:13:15-17/r7] is not a note of 13:17
  13:17/q02/p2: rows id [BURSEVI:v4p236#2/r3] is not a note of 13:17
  13:17/q02/p2: rows id [BURSEVI:v4p236#2/r5] is not a note of 13:17
  13:17/q02/p2: rows id [DAMGHANI:v1p447/r2] is not a note of 13:17
  13:17/q03/p1: rows id [MUJAHID:v1p327#2/r1] is not a note of 13:17
  13:17/q03/p1: rows id [MUQATIL:13:17-18/r1] is not a note of 13:17
  13:17/q03/p1: rows id [MUQATIL:13:17-18/r5] is not a note of 13:17
  13:17/q03/p1: rows id [WAHIDI-BASIT:v12p331/r1] is not a note of 13:17
  13:17/q03/p1: rows id [WAHIDI-BASIT:v12p332/r7] is not a note of 13:17
  13:17/q03/p1: rows id [WAHIDI-BASIT:v12p332/r8] is not a note of 13:17
  13:17/q03/p1: rows id [WAHIDI-BASIT:v12p332/r9] is not a note of 13:17
  13:17/q03/p1: rows id [MAWARDI-FULL:v3p105/r3] is not a note of 13:17
  … and 1752 more
OK sol-high 15:73: 9 questions, 18 positions, assembled
OK sol-high 15:74: 12 questions, 23 positions, assembled
OK sol-high 15:75: 14 questions, 38 positions, assembled
OK sol-high 15:76: 9 questions, 19 positions, assembled
OK sol-high 16:4: 18 questions, 33 positions, assembled
OK sol-high 16:15: 23 questions, 42 positions, assembled
OK sol-high 16:16: 21 questions, 56 positions, assembled
OK sol-high 16:36: 24 questions, 43 positions, assembled
OK sol-high 16:78: 34 questions, 75 positions, assembled
OK sol-high 17:11: 20 questions, 54 positions, assembled
OK sol-high 17:13: 32 questions, 84 positions, assembled
OK sol-high 17:14: 28 questions, 55 positions, assembled
OK sol-high 17:70: 29 questions, 87 positions, assembled
OK sol-high 17:78: 31 questions, 85 positions, assembled
OK sol-high 17:85: 29 questions, 114 positions, assembled
OK sol-high 17:106: 28 questions, 61 positions, assembled
OK sol-high 17:110: 35 questions, 79 positions, assembled
OK sol-high 18:1: 34 questions, 77 positions, assembled
OK sol-high 18:32: 31 questions, 63 positions, assembled
OK sol-high 18:34: 20 questions, 62 positions, assembled
OK sol-high 18:35: 19 questions, 39 positions, assembled
OK sol-high 18:36: 19 questions, 35 positions, assembled
OK sol-high 18:37: 28 questions, 57 positions, assembled
OK sol-high 18:39: 26 questions, 49 positions, assembled
OK sol-high 18:42: 31 questions, 53 positions, assembled
OK sol-high 18:52: 15 questions, 41 positions, assembled
OK sol-high 18:54: 18 questions, 42 positions, assembled
OK sol-high 19:3: 24 questions, 68 positions, assembled
OK sol-high 19:7: 24 questions, 56 positions, assembled
OK sol-high 19:42: 28 questions, 54 positions, assembled
OK sol-high 19:43: 28 questions, 49 positions, assembled
OK sol-high 19:46: 19 questions, 39 positions, assembled
OK sol-high 19:64: 18 questions, 68 positions, assembled
OK sol-high 19:65: 24 questions, 45 positions, assembled
OK sol-high 19:73: 18 questions, 37 positions, assembled
OK sol-high 19:74: 15 questions, 42 positions, assembled
OK sol-high 19:77: 24 questions, 62 positions, assembled
OK sol-high 19:78: 16 questions, 39 positions, assembled
OK sol-high 19:79: 16 questions, 40 positions, assembled
OK sol-high 19:80: 12 questions, 26 positions, assembled
OK sol-high 19:93: 33 questions, 54 positions, assembled
OK sol-high 20:11: 28 questions, 49 positions, assembled
OK sol-high 20:12: 36 questions, 81 positions, assembled
OK sol-high 20:13: 22 questions, 42 positions, assembled
OK sol-high 20:24: 14 questions, 30 positions, assembled
OK sol-high 20:43: 15 questions, 34 positions, assembled
OK sol-high 20:44: 20 questions, 65 positions, assembled
OK sol-high 20:45: 22 questions, 45 positions, assembled
OK sol-high 20:46: 12 questions, 23 positions, assembled
OK sol-high 20:47: 34 questions, 61 positions, assembled
OK sol-high 20:48: 27 questions, 43 positions, assembled
OK sol-high 20:49: 22 questions, 47 positions, assembled
OK sol-high 20:50: 15 questions, 41 positions, assembled
OK sol-high 20:53: 29 questions, 62 positions, assembled
OK sol-high 20:54: 17 questions, 33 positions, assembled
OK sol-high 20:56: 21 questions, 49 positions, assembled
OK sol-high 20:69: 34 questions, 71 positions, assembled
OK sol-high 20:70: 21 questions, 45 positions, assembled
OK sol-high 20:71: 27 questions, 46 positions, assembled
OK sol-high 20:80: 32 questions, 59 positions, assembled
OK sol-high 20:81: 25 questions, 61 positions, assembled
OK sol-high 20:94: 16 questions, 82 positions, assembled
OK sol-high 20:130: 37 questions, 105 positions, assembled
OK sol-high 20:131: 28 questions, 73 positions, assembled
OK sol-high 20:132: 37 questions, 87 positions, assembled
OK sol-high 21:1: 34 questions, 104 positions, assembled
OK sol-high 21:26: 16 questions, 32 positions, assembled
OK sol-high 21:97: 27 questions, 56 positions, assembled
OK sol-high 22:5: 65 questions, 141 positions, assembled
sol-high 22:18: 2 problem(s)
  22:18/q13/p2: ALUSI-FULL:v17p132/r4 is in both "rows" and "against" of the same position
  22:18/q13/p2: ABUHAYYAN-FULL:v7p494/r1 is in both "rows" and "against" of the same position
OK sol-high 22:40: 52 questions, 150 positions, assembled
OK sol-high 22:67: 23 questions, 65 positions, assembled
OK sol-high 23:13: 20 questions, 41 positions, assembled
OK sol-high 23:14: 35 questions, 99 positions, assembled
OK sol-high 23:47: 19 questions, 31 positions, assembled
OK sol-high 23:99: 23 questions, 45 positions, assembled
OK sol-high 23:100: 25 questions, 62 positions, assembled
OK sol-high 23:104: 15 questions, 29 positions, assembled
OK sol-high 24:27: 30 questions, 55 positions, assembled
OK sol-high 25:41: 24 questions, 43 positions, assembled
OK sol-high 25:43: 22 questions, 47 positions, assembled
OK sol-high 25:44: 21 questions, 38 positions, assembled
OK sol-high 26:7: 14 questions, 38 positions, assembled
OK sol-high 26:10: 19 questions, 32 positions, assembled
OK sol-high 26:11: 15 questions, 28 positions, assembled
OK sol-high 26:18: 22 questions, 45 positions, assembled
OK sol-high 26:19: 20 questions, 29 positions, assembled
OK sol-high 26:21: 19 questions, 42 positions, assembled
OK sol-high 26:22: 16 questions, 36 positions, assembled
OK sol-high 26:105: 13 questions, 30 positions, assembled
OK sol-high 26:106: 11 questions, 21 positions, assembled
OK sol-high 26:107: 6 questions, 13 positions, assembled
OK sol-high 26:108: 10 questions, 15 positions, assembled
OK sol-high 26:115: 10 questions, 14 positions, assembled
OK sol-high 26:116: 12 questions, 17 positions, assembled
OK sol-high 26:124: 12 questions, 12 positions, assembled
OK sol-high 26:126: 11 questions, 21 positions, assembled
OK sol-high 26:142: 14 questions, 14 positions, assembled
OK sol-high 26:144: 6 questions, 8 positions, assembled
OK sol-high 26:161: 9 questions, 14 positions, assembled
OK sol-high 26:163: 5 questions, 7 positions, assembled
OK sol-high 26:166: 17 questions, 33 positions, assembled
OK sol-high 26:167: 14 questions, 19 positions, assembled
OK sol-high 26:179: 6 questions, 6 positions, assembled
OK sol-high 26:216: 12 questions, 27 positions, assembled
OK sol-high 26:217: 12 questions, 30 positions, assembled
OK sol-high 26:218: 12 questions, 38 positions, assembled
OK sol-high 26:219: 14 questions, 34 positions, assembled
OK sol-high 27:8: 24 questions, 73 positions, assembled
OK sol-high 27:10: 34 questions, 74 positions, assembled
OK sol-high 27:28: 25 questions, 60 positions, assembled
OK sol-high 27:29: 17 questions, 46 positions, assembled
OK sol-high 27:30: 30 questions, 59 positions, assembled
OK sol-high 27:35: 30 questions, 74 positions, assembled
OK sol-high 27:36: 25 questions, 64 positions, assembled
OK sol-high 28:8: 28 questions, 67 positions, assembled
OK sol-high 28:15: 49 questions, 115 positions, assembled
OK sol-high 28:19: 28 questions, 62 positions, assembled
OK sol-high 28:20: 29 questions, 58 positions, assembled
OK sol-high 28:21: 18 questions, 25 positions, assembled
OK sol-high 28:38: 38 questions, 60 positions, assembled
OK sol-high 28:64: 18 questions, 42 positions, assembled
OK sol-high 28:76: 45 questions, 150 positions, assembled
OK sol-high 28:77: 31 questions, 65 positions, assembled
OK sol-high 28:78: 34 questions, 88 positions, assembled
OK sol-high 28:81: 31 questions, 64 positions, assembled
OK sol-high 29:16: 13 questions, 35 positions, assembled
OK sol-high 29:17: 31 questions, 62 positions, assembled
OK sol-high 29:29: 22 questions, 44 positions, assembled
OK sol-high 29:45: 33 questions, 72 positions, assembled
OK sol-high 30:11: 23 questions, 43 positions, assembled
OK sol-high 31:10: 33 questions, 54 positions, assembled
OK sol-high 31:11: 25 questions, 33 positions, assembled
sol-high 31:16: 1 problem(s)
  31:16/q04/p7: ALUSI-FULL:v21p88#2/r7 is in both "rows" and "against" of the same position
OK sol-high 31:25: 17 questions, 35 positions, assembled
OK sol-high 31:26: 13 questions, 18 positions, assembled
sol-high 31:27: 1 problem(s)
  31-27.raw.jsonl: no output file
sol-high 32:11: 1 problem(s)
  32-11.raw.jsonl: no output file
sol-high 32:12: 1 problem(s)
  32-12.raw.jsonl: no output file
sol-high 32:21: 1 problem(s)
  32-21.raw.jsonl: no output file
sol-high 33:5: 1 problem(s)
  33-5.raw.jsonl: no output file
sol-high 33:43: 1 problem(s)
  33-43.raw.jsonl: no output file
OK sol-high 33:56: 33 questions, 89 positions, assembled
OK sol-high 34:24: 29 questions, 46 positions, assembled
OK sol-high 34:25: 14 questions, 21 positions, assembled
OK sol-high 35:14: 22 questions, 49 positions, assembled
OK sol-high 35:15: 25 questions, 54 positions, assembled
OK sol-high 36:14: 27 questions, 67 positions, assembled
OK sol-high 36:18: 19 questions, 45 positions, assembled
OK sol-high 36:77: 17 questions, 38 positions, assembled
OK sol-high 36:78: 22 questions, 48 positions, assembled
OK sol-high 36:79: 20 questions, 35 positions, assembled
OK sol-high 38:4: 19 questions, 31 positions, assembled
OK sol-high 38:6: 15 questions, 55 positions, assembled
OK sol-high 38:7: 21 questions, 48 positions, assembled
OK sol-high 39:6: 28 questions, 90 positions, assembled
OK sol-high 39:22: 26 questions, 65 positions, assembled
OK sol-high 39:23: 40 questions, 105 positions, assembled
OK sol-high 39:24: 25 questions, 43 positions, assembled
OK sol-high 39:36: 20 questions, 63 positions, assembled
OK sol-high 39:49: 21 questions, 51 positions, assembled
OK sol-high 39:50: 22 questions, 50 positions, assembled
OK sol-high 39:71: 42 questions, 67 positions, assembled
OK sol-high 40:26: 31 questions, 90 positions, assembled
OK sol-high 40:28: 49 questions, 265 positions, assembled
OK sol-high 40:49: 20 questions, 31 positions, assembled
OK sol-high 40:50: 29 questions, 45 positions, assembled
OK sol-high 41:11: 34 questions, 80 positions, assembled
OK sol-high 41:37: 22 questions, 40 positions, assembled
OK sol-high 42:27: 27 questions, 74 positions, assembled
OK sol-high 42:28: 37 questions, 59 positions, assembled
OK sol-high 43:51: 25 questions, 79 positions, assembled
OK sol-high 43:54: 15 questions, 32 positions, assembled
OK sol-high 44:47: 14 questions, 28 positions, assembled
OK sol-high 44:49: 11 questions, 27 positions, assembled
OK sol-high 47:16: 20 questions, 54 positions, assembled
OK sol-high 47:17: 12 questions, 34 positions, assembled
OK sol-high 49:13: 26 questions, 66 positions, assembled
OK sol-high 50:16: 30 questions, 60 positions, assembled
OK sol-high 50:27: 18 questions, 37 positions, assembled
OK sol-high 52:13: 15 questions, 29 positions, assembled
OK sol-high 52:14: 19 questions, 22 positions, assembled
OK sol-high 53:2: 20 questions, 50 positions, assembled
OK sol-high 53:5: 17 questions, 35 positions, assembled
OK sol-high 53:10: 15 questions, 47 positions, assembled
OK sol-high 53:13: 18 questions, 61 positions, assembled
OK sol-high 53:14: 24 questions, 91 positions, assembled
OK sol-high 53:17: 18 questions, 47 positions, assembled
OK sol-high 53:23: 38 questions, 58 positions, assembled
OK sol-high 53:30: 22 questions, 47 positions, assembled
OK sol-high 53:33: 12 questions, 47 positions, assembled
OK sol-high 53:34: 7 questions, 32 positions, assembled
OK sol-high 53:35: 17 questions, 42 positions, assembled
OK sol-high 53:36: 19 questions, 37 positions, assembled
OK sol-high 53:39: 16 questions, 57 positions, assembled
OK sol-high 53:40: 24 questions, 45 positions, assembled
OK sol-high 53:42: 13 questions, 31 positions, assembled
OK sol-high 53:48: 14 questions, 42 positions, assembled
OK sol-high 54:1: 23 questions, 68 positions, assembled
OK sol-high 55:1: 23 questions, 46 positions, assembled
OK sol-high 55:2: 33 questions, 55 positions, assembled
OK sol-high 55:3: 10 questions, 30 positions, assembled
sol-high 55:4: 1 problem(s)
  55-4.raw.jsonl: no output file
sol-high 55:6: 1 problem(s)
  55-6.raw.jsonl: no output file
sol-high 55:8: 1 problem(s)
  55-8.raw.jsonl: no output file
OK sol-high 55:39: 13 questions, 49 positions, assembled
sol-high 55:41: 1 problem(s)
  55-41.raw.jsonl: no output file
sol-high 56:1: 1 problem(s)
  56-1.raw.jsonl: no output file
sol-high 56:2: 1 problem(s)
  56-2.raw.jsonl: no output file
sol-high 56:10: 1 problem(s)
  56-10.raw.jsonl: no output file
sol-high 56:11: 1 problem(s)
  56-11.raw.jsonl: no output file
OK sol-high 56:77: 15 questions, 42 positions, assembled
OK sol-high 56:78: 9 questions, 34 positions, assembled
OK sol-high 64:6: 30 questions, 41 positions, assembled
OK sol-high 66:6: 43 questions, 97 positions, assembled
OK sol-high 67:22: 19 questions, 45 positions, assembled
OK sol-high 68:1: 30 questions, 130 positions, assembled
OK sol-high 68:2: 19 questions, 52 positions, assembled
OK sol-high 68:4: 12 questions, 48 positions, assembled
OK sol-high 68:8: 11 questions, 25 positions, assembled
OK sol-high 68:9: 11 questions, 40 positions, assembled
OK sol-high 68:42: 18 questions, 69 positions, assembled
OK sol-high 68:43: 29 questions, 63 positions, assembled
OK sol-high 69:5: 11 questions, 28 positions, assembled
OK sol-high 69:6: 15 questions, 27 positions, assembled
OK sol-high 69:9: 17 questions, 35 positions, assembled
OK sol-high 69:10: 12 questions, 26 positions, assembled
OK sol-high 69:11: 24 questions, 43 positions, assembled
OK sol-high 69:12: 23 questions, 47 positions, assembled
OK sol-high 69:25: 20 questions, 44 positions, assembled
OK sol-high 69:28: 17 questions, 28 positions, assembled
OK sol-high 69:29: 14 questions, 27 positions, assembled
OK sol-high 69:30: 12 questions, 29 positions, assembled
OK sol-high 69:31: 14 questions, 22 positions, assembled
OK sol-high 70:10: 8 questions, 25 positions, assembled
OK sol-high 70:13: 12 questions, 24 positions, assembled
OK sol-high 70:15: 14 questions, 31 positions, assembled
OK sol-high 70:17: 12 questions, 35 positions, assembled
OK sol-high 72:1: 44 questions, 97 positions, assembled
OK sol-high 72:18: 18 questions, 49 positions, assembled
OK sol-high 72:19: 15 questions, 56 positions, assembled
OK sol-high 72:20: 16 questions, 25 positions, assembled
OK sol-high 74:11: 13 questions, 31 positions, assembled
OK sol-high 74:12: 10 questions, 42 positions, assembled
OK sol-high 74:13: 14 questions, 30 positions, assembled
OK sol-high 74:14: 12 questions, 23 positions, assembled
OK sol-high 74:15: 20 questions, 52 positions, assembled
OK sol-high 74:16: 20 questions, 30 positions, assembled
OK sol-high 74:26: 11 questions, 29 positions, assembled
OK sol-high 74:29: 6 questions, 19 positions, assembled
OK sol-high 74:31: 43 questions, 93 positions, assembled
OK sol-high 74:43: 13 questions, 25 positions, assembled
OK sol-high 75:11: 6 questions, 15 positions, assembled
OK sol-high 75:12: 13 questions, 26 positions, assembled
OK sol-high 75:16: 15 questions, 47 positions, assembled
OK sol-high 75:17: 19 questions, 47 positions, assembled
OK sol-high 75:18: 16 questions, 45 positions, assembled
OK sol-high 75:19: 15 questions, 54 positions, assembled
OK sol-high 75:30: 16 questions, 39 positions, assembled
OK sol-high 75:31: 15 questions, 44 positions, assembled
OK sol-high 75:32: 10 questions, 29 positions, assembled
OK sol-high 75:33: 19 questions, 29 positions, assembled
OK sol-high 75:34: 11 questions, 47 positions, assembled
OK sol-high 75:38: 16 questions, 25 positions, assembled
OK sol-high 76:24: 22 questions, 42 positions, assembled
OK sol-high 76:25: 10 questions, 30 positions, assembled
OK sol-high 76:26: 18 questions, 32 positions, assembled
OK sol-high 77:20: 8 questions, 21 positions, assembled
OK sol-high 77:21: 9 questions, 16 positions, assembled
OK sol-high 77:22: 5 questions, 12 positions, assembled
OK sol-high 78:21: 19 questions, 37 positions, assembled
OK sol-high 78:22: 13 questions, 25 positions, assembled
OK sol-high 79:17: 15 questions, 27 positions, assembled
OK sol-high 79:18: 13 questions, 34 positions, assembled
OK sol-high 79:19: 18 questions, 38 positions, assembled
OK sol-high 79:21: 7 questions, 12 positions, assembled
OK sol-high 79:22: 7 questions, 20 positions, assembled
OK sol-high 79:23: 10 questions, 26 positions, assembled
OK sol-high 79:24: 24 questions, 47 positions, assembled
OK sol-high 79:25: 18 questions, 47 positions, assembled
OK sol-high 79:35: 8 questions, 22 positions, assembled
OK sol-high 79:37: 16 questions, 32 positions, assembled
OK sol-high 79:38: 21 questions, 37 positions, assembled
OK sol-high 79:39: 11 questions, 17 positions, assembled
OK sol-high 79:40: 20 questions, 32 positions, assembled
OK sol-high 79:41: 11 questions, 22 positions, assembled
OK sol-high 79:44: 8 questions, 14 positions, assembled
OK sol-high 80:2: 24 questions, 71 positions, assembled
OK sol-high 80:5: 9 questions, 25 positions, assembled
OK sol-high 80:6: 11 questions, 27 positions, assembled
OK sol-high 80:16: 13 questions, 29 positions, assembled
OK sol-high 80:17: 10 questions, 35 positions, assembled
OK sol-high 80:18: 8 questions, 25 positions, assembled
OK sol-high 80:19: 14 questions, 25 positions, assembled
OK sol-high 82:6: 20 questions, 55 positions, assembled
OK sol-high 82:7: 17 questions, 33 positions, assembled
OK sol-high 82:8: 21 questions, 45 positions, assembled
OK sol-high 83:28: 11 questions, 33 positions, assembled
OK sol-high 84:6: 15 questions, 49 positions, assembled
OK sol-high 84:13: 18 questions, 38 positions, assembled
OK sol-high 84:14: 19 questions, 31 positions, assembled
OK sol-high 84:15: 14 questions, 26 positions, assembled
OK sol-high 84:21: 19 questions, 31 positions, assembled
OK sol-high 86:5: 18 questions, 31 positions, assembled
OK sol-high 86:6: 27 questions, 68 positions, assembled
OK sol-high 86:8: 14 questions, 26 positions, assembled
OK sol-high 86:11: 14 questions, 33 positions, assembled
OK sol-high 86:12: 10 questions, 26 positions, assembled
OK sol-high 87:1: 34 questions, 88 positions, assembled
OK sol-high 87:2: 17 questions, 48 positions, assembled
OK sol-high 87:3: 18 questions, 63 positions, assembled
OK sol-high 87:6: 21 questions, 72 positions, assembled
OK sol-high 87:12: 12 questions, 23 positions, assembled
OK sol-high 87:14: 11 questions, 32 positions, assembled
OK sol-high 87:15: 17 questions, 51 positions, assembled
OK sol-high 89:9: 24 questions, 48 positions, assembled
OK sol-high 89:11: 10 questions, 18 positions, assembled
OK sol-high 89:15: 24 questions, 67 positions, assembled
OK sol-high 89:16: 37 questions, 64 positions, assembled
OK sol-high 89:17: 15 questions, 41 positions, assembled
OK sol-high 89:18: 17 questions, 35 positions, assembled
OK sol-high 89:20: 14 questions, 29 positions, assembled
OK sol-high 89:24: 12 questions, 20 positions, assembled
OK sol-high 89:27: 24 questions, 61 positions, assembled
OK sol-high 89:28: 20 questions, 54 positions, assembled
OK sol-high 89:29: 18 questions, 56 positions, assembled
OK sol-high 89:30: 21 questions, 59 positions, assembled
OK sol-high 90:6: 18 questions, 45 positions, assembled
sol-high 90:7: 1 problem(s)
  90-7.raw.jsonl: no output file
sol-high 90:8: 1 problem(s)
  90-8.raw.jsonl: no output file
sol-high 91:11: 1 problem(s)
  91-11.raw.jsonl: no output file
sol-high 91:13: 1 problem(s)
  91-13.raw.jsonl: no output file
sol-high 91:14: 1 problem(s)
  91-14.raw.jsonl: no output file
OK sol-high 92:4: 21 questions, 42 positions, assembled
OK sol-high 92:5: 23 questions, 57 positions, assembled
OK sol-high 92:6: 12 questions, 54 positions, assembled
OK sol-high 92:7: 21 questions, 34 positions, assembled
OK sol-high 92:8: 13 questions, 40 positions, assembled
OK sol-high 92:9: 11 questions, 37 positions, assembled
sol-high 92:10: 1 problem(s)
  92-10.raw.jsonl: no output file
sol-high 92:11: 1 problem(s)
  92-11.raw.jsonl: no output file
sol-high 92:12: 1 problem(s)
  92-12.raw.jsonl: no output file
sol-high 92:13: 1 problem(s)
  92-13.raw.jsonl: no output file
sol-high 92:15: 1 problem(s)
  92-15.raw.jsonl: no output file
sol-high 92:16: 1 problem(s)
  92-16.raw.jsonl: no output file
sol-high 92:17: 1 problem(s)
  92-17.raw.jsonl: no output file
OK sol-high 92:18: 22 questions, 45 positions, assembled
OK sol-high 93:6: 24 questions, 71 positions, assembled
OK sol-high 93:7: 9 questions, 70 positions, assembled
OK sol-high 93:8: 11 questions, 48 positions, assembled
OK sol-high 96:1: 44 questions, 143 positions, assembled
OK sol-high 96:2: 20 questions, 56 positions, assembled
OK sol-high 96:3: 18 questions, 43 positions, assembled
OK sol-high 96:4: 26 questions, 59 positions, assembled
OK sol-high 96:5: 26 questions, 72 positions, assembled
OK sol-high 96:6: 14 questions, 38 positions, assembled
OK sol-high 96:7: 20 questions, 45 positions, assembled
OK sol-high 96:8: 16 questions, 34 positions, assembled
OK sol-high 96:9: 18 questions, 50 positions, assembled
OK sol-high 96:10: 20 questions, 51 positions, assembled
OK sol-high 96:11: 20 questions, 47 positions, assembled
OK sol-high 96:12: 11 questions, 38 positions, assembled
OK sol-high 96:13: 17 questions, 47 positions, assembled
OK sol-high 96:14: 15 questions, 57 positions, assembled
OK sol-high 96:15: 23 questions, 52 positions, assembled
OK sol-high 96:16: 17 questions, 30 positions, assembled
OK sol-high 96:17: 12 questions, 33 positions, assembled
OK sol-high 96:18: 20 questions, 59 positions, assembled
OK sol-high 96:19: 24 questions, 59 positions, assembled
OK sol-high 100:8: 16 questions, 39 positions, assembled
OK sol-high 107:1: 21 questions, 68 positions, assembled
OK sol-high 107:2: 19 questions, 42 positions, assembled
OK sol-high 107:4: 23 questions, 47 positions, assembled
OK sol-high 107:5: 19 questions, 54 positions, assembled
OK sol-high 107:6: 22 questions, 49 positions, assembled
OK sol-high 107:7: 20 questions, 73 positions, assembled
OK sol-high 111:1: 28 questions, 118 positions, assembled
OK sol-high 111:2: 20 questions, 49 positions, assembled
