WARNING luna-max c96: BURSEVI:v4p100 row 6: anchor not found verbatim in the segment: إن ثمودا كفروا ربهم جحدوا بوحدانية الله تعالى فهذا تنبيه وتخويف لمن بعدهم
WARNING luna-max c96: BURSEVI:v4p100 row 7: anchor not found verbatim in the segment: فقاله بعدا مصدر وضع موضع فعله فإن معناه بعدوا أي : هلكوا واللام لبيان من دعي علي
WARNING luna-max c96: BURSEVI:v4p100 row 8: anchor not found verbatim in the segment: وفائدة الدعاء عليهم بعد هلاكهم الدلالة على استحقاقهم عذاب الاستئصال بسبب كفرهم و
WARNING luna-max c96: BURSEVI:v4p107#2 row 1: anchor not found verbatim in the segment: ثم قال : ما بالكم تطؤون الزرع بدوابكم والفساد محرم عليكم في كتابكم؟ فقلت : عبيدن
WARNING luna-max c96: BURSEVI:v4p107#2 row 9: anchor not found verbatim in the segment: وكانت كلمة جميع الأنبياء في التوحيد واحدة فدعوا إلى الله الواحد وعبادته فأمرهم ش
WARNING luna-max c96: BURSEVI:v4p109#2 row 1: anchor not found verbatim in the segment: أصلاتك تدعوك إلى أمرنا أن نترك ما يعبد آباؤنا من الأوثان وقد توارثنا عبادتها أبا
WARNING luna-max c96: BURSEVI:v4p109#2 row 1: word «أصلاتك» is not in the text of 11:87
WARNING luna-max c96: BURSEVI:v4p109#2 row 2: anchor not found verbatim in the segment: أو أن نفعل في أموالنا ما نشاء جواب عن أمره بإيفاء الحقوق ونهيه عن البخس والنقص
WARNING luna-max c96: BURSEVI:v4p109#2 row 3: anchor not found verbatim in the segment: وأو بمعنى الواو لأن ما كلفهم به شعيب هو مجموع الأمرين لا أحدهما
WARNING luna-max c96: BURSEVI:v4p109#2 row 5: anchor not found verbatim in the segment: وقال بعضهم كان ينهاهم عن تقطيع أطراف الدراهم والدنانير وقصها فأرادوا به ذلك
WARNING luna-max c96: BURSEVI:v4p109#2 row 6: anchor not found verbatim in the segment: واعلم أن أول من استخرج الحديد والفضة والذهب من الأرض هو شنك في عصر إدريس عليه ال
WARNING luna-max c96: BURSEVI:v4p109#2 row 9: anchor not found verbatim in the segment: وقال في الكواشي تتعاطى الحلم والرشد ولست كذلك أي ما أنت بحليم ولا رشيد فيما تأمر
WARNING luna-max c96: BURSEVI:v4p109#2 row 10: anchor not found verbatim in the segment: وقال أكثر أهل التفسير أرادوا السفيه الضال الغاوي فتهكموا به كما يتهكم بالشح يح
WARNING luna-max c96: BURSEVI:v4p233 row 1: anchor not found verbatim in the segment: والذين يدعون من دونه أي والأصنام الذين يدعونهم الكفار متجاوزين الله في الدعاء إل
WARNING luna-max c96: BURSEVI:v4p233 row 3: anchor not found verbatim in the segment: لا يستجيبون أي لا يجيب الأصنام لهم أي الكفار بشيء من مراداتهم
WARNING luna-max c96: BURSEVI:v4p233 row 5: anchor not found verbatim in the segment: قال الكاشفي مكر همون اجابت كسى كه بكشاده هرد وكف خودار بسوى آب يعني تشنه كه بر س
WARNING luna-max c96: BURSEVI:v4p233 row 6: anchor not found verbatim in the segment: أي يدعو الماء بلسانه ويشير إليه بيده ليصل إلى فمه فاللام متعلق بباسط ففاعل يبلغ 
WARNING luna-max c96: BURSEVI:v4p233 row 6: word «ليبغ فاه» is not in the text of 13:14
WARNING luna-max c96: BURSEVI:v4p233 row 9: anchor not found verbatim in the segment: وما دعاء الكافرين يعني لأصنامهم إلا في ضلال في ضياع وخسار وباطل لأن الآلهة لا تق
WARNING luna-max c96: BURSEVI:v4p233 row 10: anchor not found verbatim in the segment: وأما دعاؤهم له تعالى فالمذهب جواز استجابته كما في كتب الكلام والفتاوى وقد أجاب ا
WARNING luna-max c96: BURSEVI:v4p233 row 13: anchor not found verbatim in the segment: حكي عن الشيخ أبي عبد الله بن خفيف رضي الله عنه قال دخلت بغداد قاصدا الحج وفي رأس
WARNING luna-max c96: BURSEVI:v4p233#3 row 1: anchor not found verbatim in the segment: ولله يسجد حقيقة وهو بوضع الجبهة على الأرض
WARNING luna-max c96: BURSEVI:v4p233#3 row 5: anchor not found verbatim in the segment: وكرها أي كارهين حالة الشدة والضرورة وذلك من الكافرين والمنافقين والشياطين
WARNING luna-max c96: BURSEVI:v4p233#3 row 7: anchor not found verbatim in the segment: وفي الحديث عجب ربك من قوم يساقون إلى الجنة بالسلاسل
WARNING luna-max c96: BURSEVI:v4p233#3 row 9: anchor not found verbatim in the segment: قال الكمال الخجندي نيست ما راغم طوبى وتمناي بهشت شيوه مردم نا اهل بودهمت ست
WARNING luna-max c96: BURSEVI:v4p233#3 row 10: anchor not found verbatim in the segment: وظلالهم على حذف الفعل أي ويسجد ظلال أهل السموات والأرض بالعرض أي تبعا لذي الظل
WARNING luna-max c96: BURSEVI:v4p233#3 row 11: anchor not found verbatim in the segment: ويجوز أن يراد بالسجود معناه المجازي وهو انقيادهم لإحداث ما أراده الله فيهم شاؤوا
WARNING luna-max c96: BURSEVI:v4p233#3 row 13: anchor not found verbatim in the segment: وقال في الكواشي وغيره الأصيل ما بين العصر وغروب الشمس
WARNING luna-max c96: BURSEVI:v4p233#3 row 14: anchor not found verbatim in the segment: والباء بمعنى في ظرف ليسجد أي يسجد في هذين الوقتين والمراد بهما الدوام لأن السجود
WARNING luna-max c96: BURSEVI:v4p236#2 row 1: anchor not found verbatim in the segment: وأما ما ينفع الناس كالماء وخلاصة الفلز فيمكث في الأرض أي يبقى ولا يذهب فينتفع به
WARNING luna-max c96: BURSEVI:v4p236#2 row 2: anchor not found verbatim in the segment: كذلك يضرب الله الأمثال ويبينها لإيضاح المشتبهات والمثل القول الدائر بين الناس وا
WARNING luna-max c96: BURSEVI:v4p236#2 row 3: anchor not found verbatim in the segment: قال الكاشفي بعضي بادنندكه مراد ازين آب قر آنست كه حيات دل اهل ايمانست وأودية دله
WARNING luna-max c96: BURSEVI:v4p236#2 row 5: anchor not found verbatim in the segment: وفي التأويلات النجمية انزل من السماء من سماء القلوب ماء المحبة فسالت أودية النفو
WARNING luna-max c96: BURSEVI:v4p236#2 row 6: anchor not found verbatim in the segment: قال في المثنوى ون تجلى كرد اوصاف قديم س بسوزد وصف حادث را كليم
WARNING luna-max c96: BURSEVI:v4p319 row 1: word «لعمري» is not in the text of 15:72
WARNING luna-max c96: BURSEVI:v4p319 row 2: anchor not found verbatim in the segment: كما قال عليه السلام قد أفلح وأبيه كذا في الفروق
WARNING luna-max c96: BURSEVI:v4p319 row 2: word «لعمري» is not in the text of 15:72
WARNING luna-max c96: BURSEVI:v4p319 row 3: anchor not found verbatim in the segment: فأخذتهم أي قوم لوط الصيحة أي صيحة جبريل عليه السلام
WARNING luna-max c96: BURSEVI:v4p319 row 4: anchor not found verbatim in the segment: مشرقين أي حال كونهم داخلين في وقت شروق الشمس وكان ابتداء العذاب حين أصبحوا
WARNING luna-max c96: BURSEVI:v4p319 row 5: anchor not found verbatim in the segment: وتمامه حين أشرقوا لأن جبريل قلع الأرضين بهم ورفعها إلى السماء ثم هوى بها نحو الأ
WARNING luna-max c96: BURSEVI:v5p4#2 row 1: anchor not found verbatim in the segment: خلق الانسان أي بني آدم لا غير لأن أبويهم لم يخلقا من النطفة بل خلق آدم من التراب
WARNING luna-max c96: BURSEVI:v5p4#2 row 2: anchor not found verbatim in the segment: قال في القاموس النطفة ماء الرجل
WARNING luna-max c96: BURSEVI:v5p4#2 row 5: anchor not found verbatim in the segment: خصيم بليغ الخصومة شديد الجدل مبين أي مظهر للحجة أو ظاهر لا شبهة في زيادة خصومته 
WARNING luna-max c96: BURSEVI:v5p4#2 row 7: anchor not found verbatim in the segment: وفي التأويلات النجمية أي جعل الإنسان من نطفة ميتة لا فعل لها ولا علم بوجودها فإذ
WARNING luna-max c96: BURSEVI:v5p4#2 row 8: anchor not found verbatim in the segment: والآية وصف الإنسان بالإفراط في الوقاحة والجهل والتمادي في كفران النعمة قالوا خلق
WARNING luna-max c96: BURSEVI:v5p4#2 row 10: anchor not found verbatim in the segment: وفي إنسان العيون أن فضلاته صلى الله عليه وسلم طاهرة انتهى وهو من خصائصه عليه الس
WARNING luna-max c96: BURSEVI:v5p13 row 1: anchor not found verbatim in the segment: وما ذرأ لكم عطف على قوله والنجوم رفعا ونصبا على أنه مفعول لجعل المقدر أي وما خلق
WARNING luna-max c96: BURSEVI:v5p13 row 2: anchor not found verbatim in the segment: في الأرض من حيوان ونبات
WARNING luna-max c96: BURSEVI:v5p13 row 3: anchor not found verbatim in the segment: مختلفا ألوانه أي أصنافه فإن اختلافها غالبا يكون باختلاف اللون
WARNING luna-max c96: BURSEVI:v5p13 row 6: anchor not found verbatim in the segment: وسئل النبي صلى الله عليه وسلم من أحسن الناس عقلا قال المسارع إلى مرضاة الله تعال
WARNING luna-max c96: BURSEVI:v5p13 row 7: anchor not found verbatim in the segment: قال حسان بن ثابت الأنصاري لا بأس بالقوم من طول ومن عظم جسم البغال وأحلام العصافي
WARNING luna-max c101: BURSEVI:v6p157#3 row 1: anchor not found verbatim in the segment: الهوى أول إله عبد في الأرض في شأنه وارد شده وزبان القرآن في حقه فرموده
WARNING luna-max c101: BURSEVI:v6p157#3 row 1: word «أرأيت من اتخذ إلهه هواه» is not in the text of 25:43
WARNING luna-max c101: BURSEVI:v6p157#3 row 2: anchor not found verbatim in the segment: قال أبو سليمان رحمه الله من أتبع نفسه هواها فقد سعى في قتلها لأن حياتها بالذكر و
WARNING luna-max c101: BURSEVI:v6p157#3 row 2: word «من اتخذ إلهه هواه» is not in the text of 25:43
WARNING luna-max c101: BURSEVI:v6p157#3 row 3: anchor not found verbatim in the segment: وفي المثنوي اين جهان شهوتي يتخانة ايست انبيا وكافرانرا لأنه ايست ليك شهوت بندة
WARNING luna-max c101: BURSEVI:v6p157#3 row 3: word «هواه» is not in the text of 25:43
WARNING luna-max c101: BURSEVI:v6p157#3 row 4: anchor not found verbatim in the segment: أكابر گفته اندكه اكر كسي درخواب بيندكه يغمبر صلى الله عليه وسلم مرده است تعبيرش 
WARNING luna-max c101: BURSEVI:v6p157#3 row 4: word «هواه» is not in the text of 25:43
WARNING luna-max c101: BURSEVI:v6p157#3 row 5: anchor not found verbatim in the segment: مولانا نور الدين عبد الرحمن جامي رحمه الله اين سخن را تأويل ديكر كرده بودند فرمو
WARNING luna-max c101: BURSEVI:v6p157#3 row 5: word «هواه» is not in the text of 25:43
WARNING luna-max c101: BURSEVI:v6p157#3 row 6: anchor not found verbatim in the segment: عليه برآنكس كه هواي خودرا خدا ساخته وكيلا حفيظا تمنعه عن الشرك والمعاصي
WARNING luna-max c101: BURSEVI:v6p213#3 row 8: anchor not found verbatim in the segment: وهو بيان لتنزهه عن المطامع الدنية والأعراض الدنيوية قال الحافظ
WARNING luna-max c101: BURSEVI:v6p219 row 1: anchor not found verbatim in the segment: {وتذرون} تتركون يقال فلان يذر الشيء أي يقذفه لقلة إعداده به ولم يستعمل ماضيه
WARNING luna-max c101: BURSEVI:v6p219 row 2: anchor not found verbatim in the segment: {ما خلق لكم ربكم} لأجل استمتاعكم {من أزواجكم} ومن لبيان أن ما أريد به جنس الإناث
WARNING luna-max c103: BURSEVI:v6p314#3 row 2: anchor not found verbatim in the segment: وقال الحسن لا يسألون يوم القيامة سؤال استعلام فإنه تعالى مطلع عليها بل يسألون سؤ
WARNING luna-max c103: BURSEVI:v6p314#3 row 3: anchor not found verbatim in the segment: وقال بعضهم لا يسألون بل يعاقبون بلا توقف ولا حساب أو لا يسألون لأنهم تعرفهم المل
WARNING luna-max c103: BURSEVI:v6p314#3 row 4: anchor not found verbatim in the segment: عطف على قال وما بينهما اعتراض وقوله في زينته إما متعلق بخرج أو بمحذوف هو حال
WARNING luna-max c103: BURSEVI:v6p314#3 row 5: anchor not found verbatim in the segment: والمراد الزينة الدنيوية فمن المال والأثاث والجاه يقال زانه كذا وزينه إذا أظهر حس
WARNING luna-max c103: BURSEVI:v6p314#3 row 6: anchor not found verbatim in the segment: قيل خرج قارون يوم السبت وكان آخر يوم من عمره على بغلة شهباء عليه الأرجوان
WARNING luna-max c103: BURSEVI:v6p314#3 row 7: anchor not found verbatim in the segment: وقال بعضهم ومعه تسعون ألفا عليهم المعصفرات وهو أول يوم رؤي فيه اللباس المعصفر
WARNING luna-max c103: BURSEVI:v6p314#3 row 10: anchor not found verbatim in the segment: قال ابن عطاء أزين ما تزين به العبيد المعرفة ومن نزلت درجاته عن درجات العارفين
WARNING luna-max c103: BURSEVI:v6p314#3 row 11: anchor not found verbatim in the segment: قال الحافظ قلندران حقيقت به نيم ون نخرند قباي اطلس آنكس كه ازهنر عاريست
WARNING luna-max c103: BURSEVI:v6p314#3 row 12: anchor not found verbatim in the segment: وفي المثنوي افتخار از رنك وبو واز مكان هست شادي وفريبت كودكان
WARNING luna-max c103: BURSEVI:v6p314#3 row 13: anchor not found verbatim in the segment: وقال الشيخ العطار رحمه الله همو طفلان منكر اندرسرخ وزرد ون زنان مغرور رنك وبومكر
WARNING luna-max c103: BURSEVI:v6p314#3 row 14: anchor not found verbatim in the segment: وقال الشيخ السعدي كراجامه اكست وسيرت ليد در دوزخشن را نبايد كليد
WARNING luna-max c103: BURSEVI:v6p314#3 row 15: anchor not found verbatim in the segment: وقال المولى الجامي وصلش مجودر اطلس شاهي كه دوخت عشق
WARNING luna-max c173: NAHHAS:v3p295 row 8: anchor not found verbatim in the segment: وكذا\n20\nظرف\n21\nلام قسم
WARNING luna-max c173: NAHHAS:v3p295 row 9: anchor not found verbatim in the segment: 20\nظرف\n21\nلام قسم ( من العذاب الأدنى )
WARNING luna-max c173: NAHHAS:v3p295 row 11: anchor not found verbatim in the segment: أي لنفسه ممن ذكر بآيات ربه أي بحججه وعلاماته
WARNING luna-max c187: SAMIN-DURR:13:14#2 row 3: anchor not found verbatim in the segment: أحدهما: أنه ضمير الماء. والهاء فيي " ببالغه " للفم، أي: وما الماء ببالغ فيه.
WARNING luna-max c187: SAMIN-DURR:13:17#2 row 1: anchor not found verbatim in the segment: هذا الجار خبر مقدم ومبتدؤه زبد ومثله صفة المبتدأ والتقدير ومن الجواهر التي هي كا
WARNING luna-max c187: SAMIN-DURR:13:17#2 row 2: anchor not found verbatim in the segment: وقرأ الأخوان وحفص يوقدون بالياء من تحت أي الناس والباقون بالتاء من فوق على الخطا
WARNING luna-max c187: SAMIN-DURR:13:17#2 row 3: anchor not found verbatim in the segment: وعليه متعلق بيوقدون
WARNING luna-max c187: SAMIN-DURR:13:17#2 row 4: anchor not found verbatim in the segment: أحدهما أنه متعلق بيوقدون وهو قول الفارسي والحوفي وأبي البقاء
WARNING luna-max c187: SAMIN-DURR:13:17#2 row 5: anchor not found verbatim in the segment: الثاني أنه متعلق بمحذوف أي كائنا أو ثابتا قاله مكي وغيره
WARNING luna-max c187: SAMIN-DURR:13:17#2 row 6: anchor not found verbatim in the segment: قال أبو علي قد يوقد على الشيء وإن لم يكن في النار كقوله تعالى فأوقد لي يهامان عل
WARNING luna-max c187: SAMIN-DURR:13:17#2 row 7: anchor not found verbatim in the segment: فيه وجهان أظهرهما أنه مفعول من أجله والثاني أنه مصدر في موضع الحال أي مبتغين حلي
WARNING luna-max c187: SAMIN-DURR:13:17#2 row 8: anchor not found verbatim in the segment: فالحلية ما يتزين به والمتاع ما يقضون به حوائجهم كالمساحي من الحديد
WARNING luna-max c187: SAMIN-DURR:13:17#2 row 9: anchor not found verbatim in the segment: من في قوله ومما يوقدون تحتمل وجهين أحدهما أن تكون لابتداء الغاية أي ومنه ينشأ زب
WARNING luna-max c187: SAMIN-DURR:13:17#2 row 10: anchor not found verbatim in the segment: جفاء حال والجفاء قال ابن الأنباري المتفرق يقال جفأت الريح السحاب أي قطعته وفرقته
WARNING luna-max c187: SAMIN-DURR:13:17#2 row 11: anchor not found verbatim in the segment: وقيل الجفاء ما يرمي به السيل يقال جفأت القدر بزبدها تجفأ وجفأ السيل بزبده
WARNING luna-max c187: SAMIN-DURR:13:17#2 row 13: anchor not found verbatim in the segment: قال أبو حاتم لا يقرأ بقراءة رؤبة لأنه كان يأكل الفار
WARNING luna-max c187: SAMIN-DURR:13:17#2 row 14: anchor not found verbatim in the segment: وقد وجهوا قراءته بأنها من أجفلت الريح الغنم أي فرقته قطعا فهي في المعنى كقراءة ا
WARNING luna-max c447: ABUHAYYAN-FULL:v6p177 row 7: anchor not found verbatim in the segment: يقال ديار بكر لبلادهم قاله الزمخشري
WARNING luna-max c447: ABUHAYYAN-FULL:v6p177 row 20: anchor not found verbatim in the segment: وقال الزمخشري: ويجوز أن يريد بيومئذ يوم القيامة
WARNING luna-max c447: ABUHAYYAN-FULL:v6p177 row 21: anchor not found verbatim in the segment: وهذا ليس بجيد، لأن التنوين في إذ تنوين العوض
WARNING luna-max c447: ABUHAYYAN-FULL:v6p177 row 22: anchor not found verbatim in the segment: وناسب مجيء الأمر وصفه تعالى بالقوي العزيز
WARNING luna-max c447: ABUHAYYAN-FULL:v6p177 row 23: anchor not found verbatim in the segment: في الأعراف ألا إن ثمود
WARNING luna-max c447: ABUHAYYAN-FULL:v6p177 row 24: anchor not found verbatim in the segment: ألا إن ثمود، منع حمزة وحفص صرفه، وصرفه الباقون.
WARNING luna-max c447: ABUHAYYAN-FULL:v6p177 row 25: anchor not found verbatim in the segment: صرفه الكسائي، ومنعه باقي السبعة
WARNING luna-max c494: ALUSI-FULL:v2p134 row 4: anchor not found verbatim in the segment: الأمثلة سماعية لا قياسية ولا يقال : كعب وكعوبة قاله الزجاج
WARNING luna-max c494: ALUSI-FULL:v2p134 row 14: anchor not found verbatim in the segment: في ذلك ( أي زمان التربص وهو متعلق ب ( أحق 9 أو ( بردهن )
WARNING luna-max c494: ALUSI-FULL:v2p134 row 18: anchor not found verbatim in the segment: والمراد بالمماثلة المماث في الوجوب لأ في جنس الفعل فلا يجب عليه إذا غسلت ثيابه
WARNING luna-max c494: ALUSI-FULL:v2p134 row 22: anchor not found verbatim in the segment: زيادة في الحق لأن حقوقهم في أنفسهم فقد ورد أن النكاح كالرق
WARNING luna-max c494: ALUSI-FULL:v2p134 row 27: anchor not found verbatim in the segment: عزيز غالب لا يعجزه الانتقام ممن خالف الأحكام حكيم عالم بعواقب الأمور
WARNING luna-max c494: ALUSI-FULL:v2p157 row 1: anchor not found verbatim in the segment: فإن خفتم من عدو أو غيره
WARNING luna-max c494: ALUSI-FULL:v2p157 row 3: anchor not found verbatim in the segment: والأول جمع راجل وهو الماشي على رجليه وقيل الراجل الكائن على رجليه واقفا أو ماشيا
WARNING luna-max c494: ALUSI-FULL:v2p157 row 6: anchor not found verbatim in the segment: فقد أخرج الشافعي بإسناد صحيح عن أبي سعيد الخدري قال حبسنا يوم الخندق حتى ذهب هوى
WARNING luna-max c494: ALUSI-FULL:v2p157 row 7: anchor not found verbatim in the segment: وقد كانت صلاة الخوف مشروعة قبل ذلك لأنها نزلت في ذات الرقاع وهي قبل الخندق كما ق
WARNING luna-max c494: ALUSI-FULL:v2p157 row 8: anchor not found verbatim in the segment: والمشروع في ذات الرقاع قبل صلاة الخوف الغير الشديد وهي التي نزلت فيها وإذا كنت ف
WARNING luna-max c494: ALUSI-FULL:v2p157 row 10: anchor not found verbatim in the segment: وأنت تعلم إذا أنصفت أن ظاهر الآية صريحة مع الشافعية لسبق وقوموا والدين يسر لا عس
WARNING luna-max c494: ALUSI-FULL:v2p157 row 11: anchor not found verbatim in the segment: وقريء رجالا بضم الراء مع التخفيف وبضمها مع التشديد وقريء فرجلا أيضا
WARNING luna-max c494: ALUSI-FULL:v2p157 row 12: anchor not found verbatim in the segment: فإذا أمنتم وزال خوفكم فأذكروا الله أي فصلوا صلاة الأمن كما قال ابن زيد وعبر عنها
WARNING luna-max c494: ALUSI-FULL:v2p157 row 13: anchor not found verbatim in the segment: وعن مجاهد إذا خرجتم من دار السفر إلى دار الإقامة ولعله على سبيل التمثيل
WARNING luna-max c494: ALUSI-FULL:v2p157 row 14: anchor not found verbatim in the segment: وقيل المراد أشكروه على الأمن وبعضهم أوجب الإعادة وفسر هذا بأعيدوا الصلاة وهو من 
WARNING luna-max c494: ALUSI-FULL:v2p157 row 15: anchor not found verbatim in the segment: كما علمكم أي ذكرا مثل ما علمكم من الشرائع وكيفية الصلاة حالتي الأمن والخوف أو شك
WARNING luna-max c494: ALUSI-FULL:v2p157 row 16: anchor not found verbatim in the segment: وما مصدرية وجوز أن تكون موصولة وفيه بعد
WARNING luna-max c494: ALUSI-FULL:v2p157 row 17: anchor not found verbatim in the segment: وزاد تكونوا ليفيد النظم ووقع في موضع آخر بدونها كقوله تعالى علم الإنسان ما لم يع
WARNING luna-max c494: ALUSI-FULL:v2p157 row 18: anchor not found verbatim in the segment: وتصدير الأولى بأن المفيد لمشكوكية وقوع الخوف وندرته وتصدير الثانية بإذا المنبئة 
WARNING luna-max c494: ALUSI-FULL:v3p69#2 row 2: anchor not found verbatim in the segment: والتكليف إلزام ما فيه كلفة ومشقة والوسع ما تسعه قدرة الإنسان أو ما يسهل عليه من 
WARNING luna-max c494: ALUSI-FULL:v3p69#2 row 3: anchor not found verbatim in the segment: أي سنته تعالى أنه لا يكلف نفسا من النفوس إلا ما تطيق وإلا ما دون ذلك كما في سائر
WARNING luna-max c494: ALUSI-FULL:v3p69#2 row 6: anchor not found verbatim in the segment: والآية على التفسيرين تدل على عدم وقوع التكليف بالمحال لا على امتناعه
WARNING luna-max c494: ALUSI-FULL:v3p69#2 row 7: anchor not found verbatim in the segment: وقيل إنها على التفسير الثاني لا تدل على ذلك لأن الخطاب حينئذ مخصوص بهذه الأمة وع
WARNING luna-max c494: ALUSI-FULL:v3p69#2 row 9: anchor not found verbatim in the segment: وقيل يجوز أن تجعل الجملتان في حيز القول ويكون ذلك حكاية للأقوال المتفرقة الغير ا
WARNING luna-max c494: ALUSI-FULL:v3p69#2 row 10: anchor not found verbatim in the segment: والضمير في لها للنفس العامة والكلام على حذف مضاف هو ثواب في الأول وعقاب في الآخر
WARNING luna-max c494: ALUSI-FULL:v3p69#2 row 11: anchor not found verbatim in the segment: ومبين ما الثانية الشر لدلالة على الدالة على الضر عليه وإيراد الاكتساب في جانب ال
WARNING luna-max c494: ALUSI-FULL:v3p69#2 row 12: anchor not found verbatim in the segment: فكانت أجد في تحصيله ففيه إشارة إلى ما جبلت عليه النفوس ولما لم يكن مثل ذلك في ال
WARNING luna-max c494: ALUSI-FULL:v3p70 row 1: anchor not found verbatim in the segment: شروع في حكاية بقية دعواتهم إثر بيان سر التكليف وقيل استيفاء لحكاية الأقوال
WARNING luna-max c494: ALUSI-FULL:v3p70 row 4: anchor not found verbatim in the segment: وقيل المفاعلة على بابها لأن الله تعالى يؤاخذ المذنب بالعقوبة والمذنب كأنه يؤاخذ 
WARNING luna-max c494: ALUSI-FULL:v3p70 row 5: anchor not found verbatim in the segment: الأول أن المراد من الأول الترك ومنه قوله ولم أك عند الجود للجود قاليا ولا كنت يو
WARNING luna-max c494: ALUSI-FULL:v3p70 row 8: anchor not found verbatim in the segment: فيما أخرجه الطبراني وقال النووي حديث حسن رفع عن أمتي الخطأ والنسيان وما أكرهوا ع
WARNING luna-max c494: ALUSI-FULL:v3p70 row 10: anchor not found verbatim in the segment: ربنا ولا تحمل علينا إصرا أي عبئا ثقيلا يأسر صاحبه أي يحبسه مكانه والمراد به التك
WARNING luna-max c494: ALUSI-FULL:v3p70 row 11: anchor not found verbatim in the segment: وقيل الإصر الذنب الذي لا توبة له فالمعنى اعصمنا من اقترافه
WARNING luna-max c494: ALUSI-FULL:v3p70 row 14: anchor not found verbatim in the segment: وهو ما كلفه بنو إسرائيل من قتل النفس في التوبة أو في القصاص لأنه كان لا يجوز غير
WARNING luna-max c494: ALUSI-FULL:v3p70#2 row 1: anchor not found verbatim in the segment: استعفاء عن العقوبات التي لا تطاق بعد الاستعفاء عما يؤدي إليها والتعبير عن إنزال 
WARNING luna-max c494: ALUSI-FULL:v3p70#2 row 3: anchor not found verbatim in the segment: وقيل هو استغناء عن التكليف بما لا تفي به القدرة البشرية حقيقة فتكون الآية دليلا 
WARNING luna-max c494: ALUSI-FULL:v3p70#2 row 5: anchor not found verbatim in the segment: وأعف عنا أي امح آثار ذنوبنا بترك العقوبة
WARNING luna-max c494: ALUSI-FULL:v3p70#2 row 6: anchor not found verbatim in the segment: واغفر لنا بستر القبيح وإظهار الجميل
WARNING luna-max c494: ALUSI-FULL:v3p70#2 row 7: anchor not found verbatim in the segment: وارحمنا وتعطف علينا بما يوجب المزيد
WARNING luna-max c494: ALUSI-FULL:v3p70#2 row 8: anchor not found verbatim in the segment: وقيل اعف عنا من الأفعال واغفر لنا من الأقوال وارحمنا بثقل الميزان
WARNING luna-max c494: ALUSI-FULL:v3p70#2 row 9: anchor not found verbatim in the segment: وقيل واعف عنا في سكرات الموت واغفر لنا في ظلمة القبور وارحمنا في أهوال يوم النشو
WARNING luna-max c494: ALUSI-FULL:v3p70#2 row 10: anchor not found verbatim in the segment: قال أبو حيان ولم يأت في هذه الجمل الثلاث بلفظ ربنا لأنها نتائج ما تقدم من الجمل 
WARNING luna-max c494: ALUSI-FULL:v3p70#2 row 11: anchor not found verbatim in the segment: أنت مولانا أي مالكنا وسيدنا وجوز أن يكون بمعنى متولي الأمر وأصله مصدر أريد به ال
WARNING luna-max c494: ALUSI-FULL:v3p70#2 row 12: anchor not found verbatim in the segment: وإذا ذكر المولى والسيد وجب في الاستعمال تقديم المولى فيقال مولانا وسيدنا كما في 
WARNING luna-max c494: ALUSI-FULL:v3p70#2 row 13: anchor not found verbatim in the segment: قيل والجملة على معنى القول أي قولوا أنت مولانا
WARNING luna-max c494: ALUSI-FULL:v3p70#2 row 14: anchor not found verbatim in the segment: أي الأعداء الملبين المحاربين لنا أو مطلق الكفرة
WARNING luna-max c494: ALUSI-FULL:v3p70#2 row 15: anchor not found verbatim in the segment: وأتى بالفاء إيذانا بالسببية لأن الله تعالى لما كان مولاهم ومالكهم ومدبر أمورهم ت
WARNING luna-max c494: ALUSI-FULL:v3p71 row 1: anchor not found verbatim in the segment: لله ما في السموات أي العوالم الروحانية كلها وما استتر في أستار غيوبه وخزائن علمه
WARNING luna-max c494: ALUSI-FULL:v3p71 row 2: anchor not found verbatim in the segment: وإن تبدوا ما في أنفسكم يشهده بأسمائه وظواهره فيحاسبكم به وإن تخفوه يشهده بصفاته 
WARNING luna-max c494: ALUSI-FULL:v3p71 row 3: anchor not found verbatim in the segment: فيغفر لكم لمن يشاء لتوحيده وقوة يقينه وعروض سيآته وعدم رسوخها في ذاته ويعذب من ي
WARNING luna-max c494: ALUSI-FULL:v3p71 row 4: anchor not found verbatim in the segment: والله على كل شيء قدير لأن به ظهور كل ظاهر وبطون كل باطن فيقدر على المغفرة والتعذ
WARNING luna-max c494: ALUSI-FULL:v3p71 row 5: anchor not found verbatim in the segment: آمن الرسول الكامل الأكمل بما أنزل إليه من ربه أي صدقه بقبول والتخلق به فقد كان خ
WARNING luna-max c494: ALUSI-FULL:v3p71 row 6: anchor not found verbatim in the segment: والمؤمنون كل آمن بالله وحده مشاهدة حين لم يروا في الوجود سواه وملائكته وكتبه ورس
WARNING luna-max c494: ALUSI-FULL:v3p71 row 7: anchor not found verbatim in the segment: وقالوا سمعنا أجبنا ربنا في كتبه ورسله ونزول ملائكته واستقمنا في سيرنا
WARNING luna-max c494: ALUSI-FULL:v3p71 row 8: anchor not found verbatim in the segment: غفرانك ربنا أي اغفر وجوداتنا وصفاتنا واستر ذلك بوجودك وصفاتك فمنك المبدأ وإليك ا
WARNING luna-max c494: ALUSI-FULL:v3p71 row 9: anchor not found verbatim in the segment: لا يكلف الله نفسا إلا وسعها إلا ما يسعها ولا يضيق به طوقها واستعدادها من التجليا
WARNING luna-max c494: ALUSI-FULL:v3p71 row 10: anchor not found verbatim in the segment: لها ما كسبت من الخير والكمالات والكشوف سواء كان باعتمال أو بغير اعتمال
WARNING luna-max c494: ALUSI-FULL:v3p71 row 11: anchor not found verbatim in the segment: وعليها ما اكتسبت وتوجهت إليه بالقصد من السوء
WARNING luna-max c494: ALUSI-FULL:v3p71 row 12: anchor not found verbatim in the segment: ربنا لا تؤاخذنا إن نسينا عهدك بميلنا إلى ظلمة الطبيعة
WARNING luna-max c494: ALUSI-FULL:v3p71 row 13: anchor not found verbatim in the segment: أو أخطأنا بالعمل على غير الوجه اللائق لحضرتك
WARNING luna-max c494: ALUSI-FULL:v3p71 row 14: anchor not found verbatim in the segment: ربنا ولا تحمل علينا إصرا وهو عبء الصفات والأفعال الحابسة للقلوب من معاينة القلوب
WARNING luna-max c494: ALUSI-FULL:v3p71 row 15: anchor not found verbatim in the segment: منا حملته على الذين من قبلنا من المحتجين بظواهر الأفعال أو بواطن الصفات
WARNING luna-max c494: ALUSI-FULL:v3p71 row 16: anchor not found verbatim in the segment: ربنا ولا تحملنا ما لا طاقة لنا به من ثقل الهجران والحرمان عن وصالك ومشاهدة جمالك
WARNING luna-max c494: ALUSI-FULL:v3p71 row 17: anchor not found verbatim in the segment: واعف عنا سيآت أفعالنا وصفاتنا فإنها سيآت حجبتنا عنك وحرمتنا برد وصلك ولذة رضوانك
WARNING luna-max c494: ALUSI-FULL:v3p71 row 18: anchor not found verbatim in the segment: واغفر لنا ذنوب وجودنا فإنه أكبر الكبائر
WARNING luna-max c494: ALUSI-FULL:v3p71 row 19: anchor not found verbatim in the segment: وارحمنا بالوجود الموهوب بعد الفناء
WARNING luna-max c494: ALUSI-FULL:v3p71 row 20: anchor not found verbatim in the segment: أنت مولانا أي سيدنا ومتولي أمورنا لأنا مظاهرك وآثار قدرتك
WARNING luna-max c494: ALUSI-FULL:v3p71 row 21: anchor not found verbatim in the segment: فانصرنا على القوم الكافرين من قوى نفوسنا الأمارة وصفاتها وجنود شياطين أوهامنا ال
WARNING luna-max c494: ALUSI-FULL:v3p71 row 22: anchor not found verbatim in the segment: أخرج مسلم والترمذي من حديث ابن عباس لما نزلت هذه الآية فقرأها صلى الله عليه وسلم
WARNING luna-max c494: ALUSI-FULL:v3p71 row 23: anchor not found verbatim in the segment: وأخرج أبو سعيد والبيهقي عن الضحاك أن جبريل لما جاء بهذه الآية ومعه ما شاء الله ت
WARNING luna-max c494: ALUSI-FULL:v3p71 row 24: anchor not found verbatim in the segment: وأخرج أبو عبيد عن أبي ميسرة أن جبريل لقن رسول الله عند خاتمة البقرة آمين
WARNING luna-max c494: ALUSI-FULL:v3p71 row 25: anchor not found verbatim in the segment: وأخرج الأئمة الستة في كتبهم عن ابن مسعود عن النبي قال من قرأ الآيتين من آخر سورة
WARNING luna-max c494: ALUSI-FULL:v3p71 row 26: anchor not found verbatim in the segment: وأخرج الطبراني بسند جيد عن شداد بن أوس قال قال رسول الله إن الله تعالى كتب كتابا
WARNING luna-max c494: ALUSI-FULL:v3p71 row 27: anchor not found verbatim in the segment: وأخرج ابن عدي عن ابن مسعود الأنصاري أن رسول الله قال أنزل الله آيتين من كنوز الج
WARNING luna-max c494: ALUSI-FULL:v3p71 row 28: anchor not found verbatim in the segment: وأخرج الحاكم وصححه والبيهقي في الشعب عن أبي ذر أن رسول الله قال إن الله ختم سورة
WARNING luna-max c494: ALUSI-FULL:v3p71 row 30: anchor not found verbatim in the segment: وأخرج مسدد عن عمر رضي الله تعالى عنه والدارمي عن علي كلاهما قال ما كنت أرى أحدا 
WARNING luna-max c494: ALUSI-FULL:v3p72 row 6: anchor not found verbatim in the segment: ولهذا تكرر فيها ما يتعلق بالمقصود الذي هو بيان حقية الكتاب من إنزال الكتاب وتصدي
WARNING luna-max c494: ALUSI-FULL:v3p72 row 8: anchor not found verbatim in the segment: وافتتح البقرة بقصة آدم وخلقه من تراب ولا أم وذكر في هذه نظيره في الخلق من غير أب
WARNING luna-max c494: ALUSI-FULL:v3p73 row 1: anchor not found verbatim in the segment: وقد ذكر بعض المحققين من وجوه التلازم بين السورتين أنه قال في البقرة في صفة النار
WARNING luna-max c494: ALUSI-FULL:v3p73 row 2: anchor not found verbatim in the segment: أن خاتمة هذه مناسبة لفاتحة تلك لأن الأولى افتتحت بذكر المتقين وأنهم المفلحون وخت
WARNING luna-max c494: ALUSI-FULL:v3p73 row 3: anchor not found verbatim in the segment: وافتتحت الأولى بقوله سبحانه الذين يؤمنون بما أنزل إليك وما أنزل من قبلك وختم آل 
WARNING luna-max c494: ALUSI-FULL:v3p73 row 4: anchor not found verbatim in the segment: وقد ورد أن اليهود قالوا لما نزل من ذا الذي يقرض الله الآية يا محمد افتقر ربك يسأ
WARNING luna-max c494: ALUSI-FULL:v3p73 row 5: anchor not found verbatim in the segment: ومثله أنه وقع في البقرة حكاية قول إبراهيم ربنا وابعث فيهم رسولا منهم الآية وهنا 
WARNING luna-max c769: IBNJAWZI-ZAD:v1p189 row 3: anchor not found verbatim in the segment: والثالث أنهم قالوا يا رسول الله لو نعلم أي ساعة أحب إلى الله أن ندعو فيها دعوانا
WARNING luna-max c769: IBNJAWZI-ZAD:v1p189 row 5: anchor not found verbatim in the segment: والخامس أنه لما حرم في الصوم الأول على المسلمين بعد النوم الأكل والجماع أكل رجل 
WARNING luna-max c769: IBNJAWZI-ZAD:v1p189 row 7: anchor not found verbatim in the segment: وفي معنى أجيب قولان أحدهما اسمع قاله الفراء وابن القاسم
WARNING luna-max c769: IBNJAWZI-ZAD:v1p189 row 8: anchor not found verbatim in the segment: والثاني أنه من الإجابة فليستجيبوا لي أي فليجيبوني قال الشاعر وداع دعا يا من يجيب
WARNING luna-max c769: IBNJAWZI-ZAD:v1p189 row 9: anchor not found verbatim in the segment: لعلهم يرشدون قال أبو العالية يعني يهتدون
WARNING luna-max c769: IBNJAWZI-ZAD:v1p189 row 11: anchor not found verbatim in the segment: وجواب آخر وهو أن الدعاء تفتقر إجابته إلى شروط أصلها الطاعة لله ومنها أكل الحلال 
WARNING luna-max c780: IBNJAWZI-ZAD:v1p9 row 2: anchor not found verbatim in the segment: واشتق من الوله لأن قلوب العباد توله نحوه كقوله تعالى ثم إذا مسكم الضر فإليه تجأر
WARNING luna-max c780: IBNJAWZI-ZAD:v1p9 row 5: anchor not found verbatim in the segment: وروي عن ابن عباس انه قال ويذرك وآلهتك الأعراف 127 أي عبادتك قال والتأله التعبد
WARNING luna-max c780: IBNJAWZI-ZAD:v1p9 row 10: anchor not found verbatim in the segment: والرحيم خاص للمؤمنين قال عز وجل وكان بالمؤمنين رحيما الأحزاب 43 والرحيم بمعنى ال
WARNING luna-max c831: JISHUMI:v8p5409 row 8: anchor not found verbatim in the segment: إلا من ظلم فيما يفعل من صغيرة، فيكون الاستثناء في هذا متصلا في معنى قول الحسن
WARNING luna-max c831: JISHUMI:v8p5409 row 11: anchor not found verbatim in the segment: وقيل: (إلا) بمعنى (الواو) كقوله: (لئلا يكون للناس عليكم حجة
WARNING luna-max c831: JISHUMI:v8p5426 row 1: anchor not found verbatim in the segment: قالت يا أيها الملأ أفتوني في أمري ما كنت قاطعة أمرا حتى تشهدون
WARNING luna-max c831: JISHUMI:v8p5484 row 3: anchor not found verbatim in the segment: والترقب: الانتظار والحفظ، ومنه: الرقيب.
WARNING luna-max c832: JISHUMI:v8p5570 row 7: anchor not found verbatim in the segment: قال الفزدق: مستقبلين شمال الشام تضربنا
WARNING luna-max c877: MAWARDI:1:2 row 1: anchor not found verbatim in the segment: فهو الثناء على المحمود بجميل صفاته وأفعاله والشكر الثناء عليه بإنعامه فكل شكر حم
WARNING luna-max c877: MAWARDI:1:2 row 2: anchor not found verbatim in the segment: أن الحمد لا يستحق إلا على فعل حسن والمدح قد يكون على فعل وغير فعل فكل حمد مدح ول
WARNING luna-max c877: MAWARDI:1:2 row 3: anchor not found verbatim in the segment: جاز أن يمدح الله تعالى على صفته بأنه عالم قادر ولم يجز أن يحمد به لأن العلم والق
WARNING luna-max c877: MAWARDI:1:2 row 4: anchor not found verbatim in the segment: أنه مشتق من المالك كما يقال رب الدار أي مالكها
WARNING luna-max c877: MAWARDI:1:2 row 5: anchor not found verbatim in the segment: أنه مشتق من السيد لأن السيد يسمى ربا قال تعالى أما أحدكما فيسقي ربه خمرا
WARNING luna-max c877: MAWARDI:1:2 row 6: anchor not found verbatim in the segment: أن الرب المدبر ومنه قول الله عز وجل والربانيون والأحبار وهم العلماء سموا ربانيين
WARNING luna-max c877: MAWARDI:1:2 row 7: anchor not found verbatim in the segment: الرب مشتق من التربية ومنه قوله تعالى وربائبكم اللاتي في حجوركم فسمي ولد الزوجة ر
WARNING luna-max c877: MAWARDI:1:2 row 8: anchor not found verbatim in the segment: فعلى هذا أن صفة الله تعالى بأنه رب لأنه مالك أو سيد فذلك صفة من صفات ذاته وإن قي
WARNING luna-max c877: MAWARDI:1:2 row 9: anchor not found verbatim in the segment: ومتى أدخلت عليه الألف واللام اختص الله تعالى به دون عباده وإن حذفتا منه صار مشتر
WARNING luna-max c877: MAWARDI:1:2 row 10: anchor not found verbatim in the segment: فهو جمع عالم لا واحد له من لفظه مثل رهط وقوم وأهل كل زمان عالم قال العجاج
WARNING luna-max c877: MAWARDI:1:2 row 11: anchor not found verbatim in the segment: أنه ما يعقل من الملائكة والإنس والجن وهذا قول ابن عباس
WARNING luna-max c877: MAWARDI:1:2 row 13: anchor not found verbatim in the segment: أن العالم كل ما خلقه الله تعالى في الدنيا والآخرة وهذا قول أبي إسحاق الزجاج
WARNING luna-max c877: MAWARDI:1:2 row 14: anchor not found verbatim in the segment: أنه مشتق من العلم وهذا تأويل من جعل العالم اسما لما يعقل
WARNING luna-max c877: MAWARDI:1:2 row 15: anchor not found verbatim in the segment: أنه مشتق من العلامة لأنه دلالة على خالقه وهذا تأويل من جعل العالم اسما لكل مخلوق
WARNING luna-max c877: MAWARDI:1:5 row 1: anchor not found verbatim in the segment: أن اسم الله تعالى مضاف إلى الكاف وهذا قول الخليل
WARNING luna-max c877: MAWARDI:1:5 row 2: anchor not found verbatim in the segment: أنها كلمة واحدة كني بها عن اسم الله تعالى وليس فيها إضافة لأن المضمر لا يضاف وهذ
WARNING luna-max c877: MAWARDI:1:5 row 3: anchor not found verbatim in the segment: أن العبادة الخضوع ولا يستحقها إلا الله تعالى لأنها أعلى مراتب الخضوع فلا يستحقها
WARNING luna-max c877: MAWARDI:1:5 row 6: anchor not found verbatim in the segment: لأن النصارى عبدت عيسى عليه السلام ولم تطعه بالعبادة والنبي صلى الله عليه وسلم مط
WARNING luna-max c877: MAWARDI:1:6 row 2: anchor not found verbatim in the segment: معناه وفقنا وهذا قول ابن عباس
WARNING luna-max c877: MAWARDI:1:6 row 3: anchor not found verbatim in the segment: أنه السبيل المستقيم ومنه قول جرير أمير المؤمنين على صراط إذا اعوج الموارد مستقيم
WARNING luna-max c877: MAWARDI:1:6 row 4: anchor not found verbatim in the segment: أنه الطريق الواضح ومنه قوله تعالى ولا تقعدوا بكل صراط توعدون وقال الشاعر
WARNING luna-max c877: MAWARDI:1:6 row 5: anchor not found verbatim in the segment: وهو مشتق من مسترط الطعام وهو ممره في الحلق
WARNING luna-max c877: MAWARDI:1:6 row 6: anchor not found verbatim in the segment: أنهم دعوا باستدامة الهداية وإن كانوا قد هدوا
WARNING luna-max c877: MAWARDI:1:6 row 8: anchor not found verbatim in the segment: دعوا بها إخلاصا للرغبة ورجاء لثواب الدعاء
WARNING luna-max c877: MAWARDI:1:6 row 9: anchor not found verbatim in the segment: أنه كتاب الله تعالى وهو قول علي وعبد الله ويروى نحوه عن النبي صلى الله عليه وسلم
WARNING luna-max c877: MAWARDI:1:6 row 11: anchor not found verbatim in the segment: أنه الإسلام وهو قول جابر بن عبد الله ومحمد بن الحنفية
WARNING luna-max c877: MAWARDI:1:6 row 12: anchor not found verbatim in the segment: أنه الطريق الهادي إلى دين الله تعالى الذي لا عوج فيه وهو قول ابن عباس
WARNING luna-max c877: MAWARDI:1:6 row 13: anchor not found verbatim in the segment: هو رسول الله صلى الله عليه وسلم وأخيار أهل بيته وأصحابه وهو قول الحسن البصري وأب
WARNING luna-max c877: MAWARDI:1:7 row 1: anchor not found verbatim in the segment: أحدها أنهم الملائكة
WARNING luna-max c877: MAWARDI:1:7 row 2: anchor not found verbatim in the segment: والثاني أنهم الأنبياء
WARNING luna-max c877: MAWARDI:1:7 row 3: anchor not found verbatim in the segment: والثالث أنهم المؤمنون بالكتب السالفة
WARNING luna-max c877: MAWARDI:1:7 row 4: anchor not found verbatim in the segment: والرابع أنهم المسلمون وهو قول وكيع
WARNING luna-max c877: MAWARDI:1:7 row 5: anchor not found verbatim in the segment: هم النبي صلى الله عليه وسلم ومن معه من أصحابه وهذا قول عبد الرحمن بن زيد
WARNING luna-max c877: MAWARDI:1:7 row 6: anchor not found verbatim in the segment: وقرأ عمر بن الخطاب وعبد الله بن الزبير صراط من أنعمت عليهم
WARNING luna-max c877: MAWARDI:1:7 row 7: anchor not found verbatim in the segment: روى عن عدي بن حاتم قال سألت رسول الله صلى الله عليه وسلم عن المغضوب عليهم فقال ه
WARNING luna-max c877: MAWARDI:1:7 row 10: anchor not found verbatim in the segment: أنه إرادة الانتقام لأن أصل الغضب في اللغة هو الغلظة وهذه الصفة لا تجوز على الله 
WARNING luna-max c877: MAWARDI:1:7 row 12: anchor not found verbatim in the segment: أنه نوع من العقوبة سمي غضبا كما سميت نعمه رحمة
WARNING luna-max c877: MAWARDI:1:7 row 14: anchor not found verbatim in the segment: وخص الله تعالى اليهود بالغضب لأنهم أشد عداوة
WARNING luna-max c877: MAWARDI:1:7 row 15: anchor not found verbatim in the segment: وقرأ عمر بن الخطاب غير المغضوب عليهم وغير الضالين
WARNING luna-max c877: MAWARDI:87:1 row 2: anchor not found verbatim in the segment: عظم ربك الأعلى قاله ابن عباس والسدي والاسم صلة قصد بها تعظيم المسمى كما قال لبيد
WARNING luna-max c877: MAWARDI:87:1 row 3: anchor not found verbatim in the segment: نزه اسم ربك عن أن يسمى به أحد سواه ذكره الطبري
WARNING luna-max c877: MAWARDI:87:1 row 4: anchor not found verbatim in the segment: معناه ارفع صوتك بذكر ربك قال جرير قبح الإله وجوه تغلب كلما سبح الحجيج وكبروا تكب
WARNING luna-max c877: MAWARDI:87:1 row 5: anchor not found verbatim in the segment: الرابع صل لربك
WARNING luna-max c877: MAWARDI:87:1 row 9: anchor not found verbatim in the segment: وروي أن عليا وابن عباس وابن عمر كانوا إذا افتتحوا قراءة هذه السورة قالوا سبحان ر
WARNING luna-max c877: MAWARDI:87:1 row 10: anchor not found verbatim in the segment: وقيل إنها في قراءة أبي سبحان ربي الأعلى وكان ابن عمر يقرؤها كذلك
WARNING luna-max c877: MAWARDI:87:2 row 3: anchor not found verbatim in the segment: خلقهم بإنعامه وسوى بينهم في أحكامه قال الضحاك خلق آدم فسوى خلقه
WARNING luna-max c877: MAWARDI:87:2 row 4: anchor not found verbatim in the segment: خلق في أصلاب الرجال وسوى في أرحام الأمهات
WARNING luna-max c877: MAWARDI:87:3 row 1: anchor not found verbatim in the segment: قدر الشقاوة والسعادة وهداه للرشد والضلالة قاله مجاهد
WARNING luna-max c877: MAWARDI:87:3 row 2: anchor not found verbatim in the segment: قدر أرزاقهم وأقواتهم وهداهم لمعاشهم إن كانوا إنسا ولمراعيهم إن كانوا وحشا
WARNING luna-max c877: MAWARDI:87:3 row 3: anchor not found verbatim in the segment: قدرهم ذكورا وإناثا وهدى الذكر كيف يأتي الأنثى قاله السدي
WARNING luna-max c877: MAWARDI:87:3 row 4: anchor not found verbatim in the segment: قدر خلقهم في الأرحام وهداهم الخروج للتمام
WARNING luna-max c877: MAWARDI:87:3 row 5: anchor not found verbatim in the segment: خلقهم للجزاء وهداهم للعمل
WARNING luna-max c877: MAWARDI:87:6 row 1: anchor not found verbatim in the segment: أن معنى قوله فلا تنسى أي فلا تترك العمل إلا ما شاء الله أن يترخص لك فيه فعلى هذا
WARNING luna-max c877: MAWARDI:87:6 row 3: anchor not found verbatim in the segment: حكى ابن عباس أن النبي صلى الله عليه وسلم كان إذا نزل عليه جبريل بالوحي يقرؤه خيف
WARNING luna-max c877: MAWARDI:87:12 row 1: anchor not found verbatim in the segment: هي نار جهنم والصغرى نار الدنيا قاله يحيى بن سلام
WARNING luna-max c877: MAWARDI:87:12 row 2: anchor not found verbatim in the segment: الكبرى نار الكفار في الطبقة السفلى من جهنم والصغرى نار المذنبين في الطبقة العليا
WARNING luna-max c877: MAWARDI:1:2 row 1: anchor not found verbatim in the segment: فهو الثناء على المحمود بجميل صفاته وأفعاله والشكر الثناء عليه بإنعامه فكل شكر حم
WARNING luna-max c877: MAWARDI:1:2 row 2: anchor not found verbatim in the segment: أن الحمد لا يستحق إلا على فعل حسن والمدح قد يكون على فعل وغير فعل فكل حمد مدح ول
WARNING luna-max c877: MAWARDI:1:2 row 3: anchor not found verbatim in the segment: جاز أن يمدح الله تعالى على صفته بأنه عالم قادر ولم يجز أن يحمد به لأن العلم والق
WARNING luna-max c877: MAWARDI:1:2 row 4: anchor not found verbatim in the segment: أنه مشتق من المالك كما يقال رب الدار أي مالكها
WARNING luna-max c877: MAWARDI:1:2 row 5: anchor not found verbatim in the segment: أنه مشتق من السيد لأن السيد يسمى ربا قال تعالى أما أحدكما فيسقي ربه خمرا
WARNING luna-max c877: MAWARDI:1:2 row 6: anchor not found verbatim in the segment: أن الرب المدبر ومنه قول الله عز وجل والربانيون والأحبار وهم العلماء سموا ربانيين
WARNING luna-max c877: MAWARDI:1:2 row 7: anchor not found verbatim in the segment: الرب مشتق من التربية ومنه قوله تعالى وربائبكم اللاتي في حجوركم فسمي ولد الزوجة ر
WARNING luna-max c877: MAWARDI:1:2 row 8: anchor not found verbatim in the segment: فعلى هذا أن صفة الله تعالى بأنه رب لأنه مالك أو سيد فذلك صفة من صفات ذاته وإن قي
WARNING luna-max c877: MAWARDI:1:2 row 9: anchor not found verbatim in the segment: ومتى أدخلت عليه الألف واللام اختص الله تعالى به دون عباده وإن حذفتا منه صار مشتر
WARNING luna-max c877: MAWARDI:1:2 row 10: anchor not found verbatim in the segment: فهو جمع عالم لا واحد له من لفظه مثل رهط وقوم وأهل كل زمان عالم قال العجاج
WARNING luna-max c877: MAWARDI:1:2 row 11: anchor not found verbatim in the segment: أنه ما يعقل من الملائكة والإنس والجن وهذا قول ابن عباس
WARNING luna-max c877: MAWARDI:1:2 row 13: anchor not found verbatim in the segment: أن العالم كل ما خلقه الله تعالى في الدنيا والآخرة وهذا قول أبي إسحاق الزجاج
WARNING luna-max c877: MAWARDI:1:2 row 14: anchor not found verbatim in the segment: أنه مشتق من العلم وهذا تأويل من جعل العالم اسما لما يعقل
WARNING luna-max c877: MAWARDI:1:2 row 15: anchor not found verbatim in the segment: أنه مشتق من العلامة لأنه دلالة على خالقه وهذا تأويل من جعل العالم اسما لكل مخلوق
WARNING luna-max c877: MAWARDI:1:5 row 1: anchor not found verbatim in the segment: أن اسم الله تعالى مضاف إلى الكاف وهذا قول الخليل
WARNING luna-max c877: MAWARDI:1:5 row 2: anchor not found verbatim in the segment: أنها كلمة واحدة كني بها عن اسم الله تعالى وليس فيها إضافة لأن المضمر لا يضاف وهذ
WARNING luna-max c877: MAWARDI:1:5 row 3: anchor not found verbatim in the segment: أن العبادة الخضوع ولا يستحقها إلا الله تعالى لأنها أعلى مراتب الخضوع فلا يستحقها
WARNING luna-max c877: MAWARDI:1:5 row 6: anchor not found verbatim in the segment: لأن النصارى عبدت عيسى عليه السلام ولم تطعه بالعبادة والنبي صلى الله عليه وسلم مط
WARNING luna-max c877: MAWARDI:1:6 row 2: anchor not found verbatim in the segment: معناه وفقنا وهذا قول ابن عباس
WARNING luna-max c877: MAWARDI:1:6 row 3: anchor not found verbatim in the segment: أنه السبيل المستقيم ومنه قول جرير أمير المؤمنين على صراط إذا اعوج الموارد مستقيم
WARNING luna-max c877: MAWARDI:1:6 row 4: anchor not found verbatim in the segment: أنه الطريق الواضح ومنه قوله تعالى ولا تقعدوا بكل صراط توعدون وقال الشاعر
WARNING luna-max c877: MAWARDI:1:6 row 5: anchor not found verbatim in the segment: وهو مشتق من مسترط الطعام وهو ممره في الحلق
WARNING luna-max c877: MAWARDI:1:6 row 6: anchor not found verbatim in the segment: أنهم دعوا باستدامة الهداية وإن كانوا قد هدوا
WARNING luna-max c877: MAWARDI:1:6 row 8: anchor not found verbatim in the segment: دعوا بها إخلاصا للرغبة ورجاء لثواب الدعاء
WARNING luna-max c877: MAWARDI:1:6 row 9: anchor not found verbatim in the segment: أنه كتاب الله تعالى وهو قول علي وعبد الله ويروى نحوه عن النبي صلى الله عليه وسلم
WARNING luna-max c877: MAWARDI:1:6 row 11: anchor not found verbatim in the segment: أنه الإسلام وهو قول جابر بن عبد الله ومحمد بن الحنفية
WARNING luna-max c877: MAWARDI:1:6 row 12: anchor not found verbatim in the segment: أنه الطريق الهادي إلى دين الله تعالى الذي لا عوج فيه وهو قول ابن عباس
WARNING luna-max c877: MAWARDI:1:6 row 13: anchor not found verbatim in the segment: هو رسول الله صلى الله عليه وسلم وأخيار أهل بيته وأصحابه وهو قول الحسن البصري وأب
WARNING luna-max c877: MAWARDI:1:7 row 1: anchor not found verbatim in the segment: أحدها أنهم الملائكة
WARNING luna-max c877: MAWARDI:1:7 row 2: anchor not found verbatim in the segment: والثاني أنهم الأنبياء
WARNING luna-max c877: MAWARDI:1:7 row 3: anchor not found verbatim in the segment: والثالث أنهم المؤمنون بالكتب السالفة
WARNING luna-max c877: MAWARDI:1:7 row 4: anchor not found verbatim in the segment: والرابع أنهم المسلمون وهو قول وكيع
WARNING luna-max c877: MAWARDI:1:7 row 5: anchor not found verbatim in the segment: هم النبي صلى الله عليه وسلم ومن معه من أصحابه وهذا قول عبد الرحمن بن زيد
WARNING luna-max c877: MAWARDI:1:7 row 6: anchor not found verbatim in the segment: وقرأ عمر بن الخطاب وعبد الله بن الزبير صراط من أنعمت عليهم
WARNING luna-max c877: MAWARDI:1:7 row 7: anchor not found verbatim in the segment: روى عن عدي بن حاتم قال سألت رسول الله صلى الله عليه وسلم عن المغضوب عليهم فقال ه
WARNING luna-max c877: MAWARDI:1:7 row 10: anchor not found verbatim in the segment: أنه إرادة الانتقام لأن أصل الغضب في اللغة هو الغلظة وهذه الصفة لا تجوز على الله 
WARNING luna-max c877: MAWARDI:1:7 row 12: anchor not found verbatim in the segment: أنه نوع من العقوبة سمي غضبا كما سميت نعمه رحمة
WARNING luna-max c877: MAWARDI:1:7 row 14: anchor not found verbatim in the segment: وخص الله تعالى اليهود بالغضب لأنهم أشد عداوة
WARNING luna-max c877: MAWARDI:1:7 row 15: anchor not found verbatim in the segment: وقرأ عمر بن الخطاب غير المغضوب عليهم وغير الضالين
WARNING luna-max c877: MAWARDI:87:1 row 2: anchor not found verbatim in the segment: عظم ربك الأعلى قاله ابن عباس والسدي والاسم صلة قصد بها تعظيم المسمى كما قال لبيد
WARNING luna-max c877: MAWARDI:87:1 row 3: anchor not found verbatim in the segment: نزه اسم ربك عن أن يسمى به أحد سواه ذكره الطبري
WARNING luna-max c877: MAWARDI:87:1 row 4: anchor not found verbatim in the segment: معناه ارفع صوتك بذكر ربك قال جرير قبح الإله وجوه تغلب كلما سبح الحجيج وكبروا تكب
WARNING luna-max c877: MAWARDI:87:1 row 5: anchor not found verbatim in the segment: الرابع صل لربك
WARNING luna-max c877: MAWARDI:87:1 row 9: anchor not found verbatim in the segment: وروي أن عليا وابن عباس وابن عمر كانوا إذا افتتحوا قراءة هذه السورة قالوا سبحان ر
WARNING luna-max c877: MAWARDI:87:1 row 10: anchor not found verbatim in the segment: وقيل إنها في قراءة أبي سبحان ربي الأعلى وكان ابن عمر يقرؤها كذلك
WARNING luna-max c877: MAWARDI:87:2 row 3: anchor not found verbatim in the segment: خلقهم بإنعامه وسوى بينهم في أحكامه قال الضحاك خلق آدم فسوى خلقه
WARNING luna-max c877: MAWARDI:87:2 row 4: anchor not found verbatim in the segment: خلق في أصلاب الرجال وسوى في أرحام الأمهات
WARNING luna-max c877: MAWARDI:87:3 row 1: anchor not found verbatim in the segment: قدر الشقاوة والسعادة وهداه للرشد والضلالة قاله مجاهد
WARNING luna-max c877: MAWARDI:87:3 row 2: anchor not found verbatim in the segment: قدر أرزاقهم وأقواتهم وهداهم لمعاشهم إن كانوا إنسا ولمراعيهم إن كانوا وحشا
WARNING luna-max c877: MAWARDI:87:3 row 3: anchor not found verbatim in the segment: قدرهم ذكورا وإناثا وهدى الذكر كيف يأتي الأنثى قاله السدي
WARNING luna-max c877: MAWARDI:87:3 row 4: anchor not found verbatim in the segment: قدر خلقهم في الأرحام وهداهم الخروج للتمام
WARNING luna-max c877: MAWARDI:87:3 row 5: anchor not found verbatim in the segment: خلقهم للجزاء وهداهم للعمل
WARNING luna-max c877: MAWARDI:87:6 row 1: anchor not found verbatim in the segment: أن معنى قوله فلا تنسى أي فلا تترك العمل إلا ما شاء الله أن يترخص لك فيه فعلى هذا
WARNING luna-max c877: MAWARDI:87:6 row 3: anchor not found verbatim in the segment: حكى ابن عباس أن النبي صلى الله عليه وسلم كان إذا نزل عليه جبريل بالوحي يقرؤه خيف
WARNING luna-max c877: MAWARDI:87:12 row 1: anchor not found verbatim in the segment: هي نار جهنم والصغرى نار الدنيا قاله يحيى بن سلام
WARNING luna-max c877: MAWARDI:87:12 row 2: anchor not found verbatim in the segment: الكبرى نار الكفار في الطبقة السفلى من جهنم والصغرى نار المذنبين في الطبقة العليا
WARNING luna-max c877: MAWARDI:1:1: segment has no line
WARNING luna-max c877: MAWARDI:87:12: more than one line
WARNING luna-max c877: MAWARDI:1:2: more than one line
WARNING luna-max c877: MAWARDI:1:6: more than one line
WARNING luna-max c877: MAWARDI:87:3: more than one line
WARNING luna-max c877: MAWARDI:1:7: more than one line
WARNING luna-max c877: MAWARDI:87:1: more than one line
WARNING luna-max c877: MAWARDI:1:3: more than one line
WARNING luna-max c877: MAWARDI:1:5: more than one line
WARNING luna-max c877: MAWARDI:87:2: more than one line
WARNING luna-max c877: MAWARDI:87:6: more than one line
WARNING luna-max c878: MAWARDI:92:4 row 1: anchor not found verbatim in the segment: لمختلف الجزاء فمنكم مثاب بالجنة ومنكم معاقب بالنار
WARNING luna-max c878: MAWARDI:92:4 row 2: anchor not found verbatim in the segment: لمختلف الأفعال منكم مؤمن وكافر وبر وفاجر ومطيع وعاص
WARNING luna-max c878: MAWARDI:92:4 row 3: anchor not found verbatim in the segment: لمختلف الأخلاق فمنكم راحم وقاس وحليم وطائش وجواد وبخيل
WARNING luna-max c878: MAWARDI:92:4 row 4: anchor not found verbatim in the segment: وعلى هذا وقع القسم وروى ابن مسعود أن هذه الآية نزلت
WARNING luna-max c878: MAWARDI:92:4 row 5: anchor not found verbatim in the segment: روى ابن مسعود أن هذه الآية نزلت في أبي بكر وفي أمية وأبي ابني خلف حين عذبا بلالا
WARNING luna-max c878: MAWARDI:92:5 row 3: anchor not found verbatim in the segment: الثاني : اتقى محارم الله التي نهى عنها , قاله قتادة .
WARNING luna-max c887: MAWARDI-FULL:v4p268 row 1: anchor not found verbatim in the segment: أحدها أي بقوتي وعلمي قاله يحيى بن سلام
WARNING luna-max c887: MAWARDI-FULL:v4p268 row 2: anchor not found verbatim in the segment: الثاني على خير وعلم عندي قاله قتادة
WARNING luna-max c887: MAWARDI-FULL:v4p268 row 3: anchor not found verbatim in the segment: الثالث لرضا الله عني ومعرفته باستحقاقي قاله ابن زيد
WARNING luna-max c887: MAWARDI-FULL:v4p268 row 4: anchor not found verbatim in the segment: الرابع على علم بوجه المكاسب قاله ابن عيسى
WARNING luna-max c887: MAWARDI-FULL:v4p268 row 5: anchor not found verbatim in the segment: الخامس العلم بصنعة الكيمياء
WARNING luna-max c887: MAWARDI-FULL:v4p268 row 6: anchor not found verbatim in the segment: حكى النقاش أن موسى عليه السلام علم قارون الثلث من صنعة الكيمياء وعلم يوشع بن نون
WARNING luna-max c887: MAWARDI-FULL:v4p268 row 7: anchor not found verbatim in the segment: أحدها يعذبون ولا يحاسبون قاله قتادة
WARNING luna-max c887: MAWARDI-FULL:v4p268 row 8: anchor not found verbatim in the segment: الثاني لا يسألون عن إحصائها ويعطون صحائفها فيعرفون ويعترفون بها قاله الربيع
WARNING luna-max c887: MAWARDI-FULL:v4p268 row 9: anchor not found verbatim in the segment: الثالث لأن الملائكة تعرفهم بسيماهم فلا تسأل عنهم قاله مجاهد
WARNING luna-max c887: MAWARDI-FULL:v4p268 row 10: anchor not found verbatim in the segment: الرابع أنهم لا يسألون سؤال استعتاب لم لم يؤمنوا قاله ابن بحر كما قال ولا هم يستع
WARNING luna-max c887: MAWARDI-FULL:v4p358 row 2: anchor not found verbatim in the segment: أحدها من الغم قاله ابن عيسى
WARNING luna-max c887: MAWARDI-FULL:v4p358 row 3: anchor not found verbatim in the segment: الثاني من الذل قاله ابن شجرة
WARNING luna-max c887: MAWARDI-FULL:v4p358 row 4: anchor not found verbatim in the segment: الثالث من الحياء حكاه النقاش
WARNING luna-max c887: MAWARDI-FULL:v4p358 row 5: anchor not found verbatim in the segment: الرابع من الندم قاله يحيى بن سلام
WARNING luna-max c887: MAWARDI-FULL:v4p358 row 6: anchor not found verbatim in the segment: أحدهما أبصرنا صدق وعيدك وسمعنا تصديق رسلك قاله ابن عيسى
WARNING luna-max c887: MAWARDI-FULL:v4p358 row 7: anchor not found verbatim in the segment: الثاني أبصرنا معاصينا وسمعنا ما قيل فينا قال قتادة أبصروا حين لم ينفعهم البصر
WARNING luna-max c887: MAWARDI-FULL:v4p358 row 9: anchor not found verbatim in the segment: أحدهما مصدقون بالبعث قاله النقاش
WARNING luna-max c887: MAWARDI-FULL:v4p358 row 10: anchor not found verbatim in the segment: الثاني مصدقون بالذي أتي به محمد صلى الله عليه وسلم أنه حق قاله يحيى بن سلام
WARNING luna-max c887: MAWARDI-FULL:v4p358 row 11: anchor not found verbatim in the segment: قال سفيان فأكذبهم الله فقال ولو ردوا لعادوا لما نهوا عنه
WARNING luna-max c887: MAWARDI-FULL:v4p358 row 12: anchor not found verbatim in the segment: أحدها هدايتها للإيمان
WARNING luna-max c887: MAWARDI-FULL:v4p358 row 13: anchor not found verbatim in the segment: الثاني للجنة
WARNING luna-max c887: MAWARDI-FULL:v4p358 row 14: anchor not found verbatim in the segment: الثالث هدايتها في الرجوع إلى الدنيا لأنهم سألوا الرجعة ليؤمنوا
WARNING luna-max c887: MAWARDI-FULL:v4p358 row 15: anchor not found verbatim in the segment: أحدهما معناه سبق القول مني قاله الكلبي ويحيى بن سلام
WARNING luna-max c887: MAWARDI-FULL:v4p358 row 16: anchor not found verbatim in the segment: الثاني وجب القول مني قاله السدي
WARNING luna-max c887: MAWARDI-FULL:v4p358 row 19: anchor not found verbatim in the segment: أحدهما أنه الجن قاله ابن كامل
WARNING luna-max c887: MAWARDI-FULL:v4p358 row 20: anchor not found verbatim in the segment: الثاني أنهم الملائكة رواه السدي عن عكرمة وهذا التأويل معلول لأن الملائكة لا يعصو
WARNING luna-max c900: MUQATIL:20:69-71 row 12: anchor not found verbatim in the segment: { ولتعلمن أينآ أشد عذابا وأبقى } [آية: 71] أنا أو رب موسى وهارون { وأبقى } وأدوم
WARNING luna-max c900: MUQATIL:23:12-14 row 2: anchor not found verbatim in the segment: والسلالة إذا عصر الطين انسل الطين والماء من بين أصابعه
WARNING luna-max c900: MUQATIL:23:12-14 row 4: anchor not found verbatim in the segment: يعنى الرحم تمكن النطفة فى الرحم
WARNING luna-max c900: MUQATIL:23:12-14 row 5: anchor not found verbatim in the segment: يقول تحول الماء فصار دما فخلقنا العلقة مضغة يعنى فتحول الدم فصار لحما مثل المضغة
WARNING luna-max c900: MUQATIL:23:12-14 row 6: anchor not found verbatim in the segment: يقول خلقناه خلقا آخر يعنى الروح ينفخ فيه بعد خلقه
WARNING luna-max c900: MUQATIL:23:12-14 row 7: anchor not found verbatim in the segment: فقال عمر بن الخطاب رضى الله عنه قبل أن يتم النبى صلى الله عليه وسلم الآية تبارك 
WARNING luna-max c900: MUQATIL:23:14-18 row 4: anchor not found verbatim in the segment: { ولقد خلقنا فوقكم سبع طرآئق } يعنى سموات غلظ كل سماء مسيرة خمس مائة عام وبين كل
WARNING luna-max c900: MUQATIL:26:160-173 row 10: anchor not found verbatim in the segment: يعنى لئن لم تسكت عنا { يلوط لتكونن من المخرجين } من القرية
WARNING luna-max c900: MUQATIL:26:160-173 row 11: anchor not found verbatim in the segment: يعنى إتيان الرجال { من القالين } يعنى المقاتين
WARNING luna-max c900: MUQATIL:26:160-173 row 15: anchor not found verbatim in the segment: يعنى أهلكنا { الآخرين } بالخسف والحصب
WARNING luna-max c900: MUQATIL:26:160-173 row 16: anchor not found verbatim in the segment: يعنى الحجارة { فسآء } يعنى فبئس { مطر المنذرين } يعنى الذين أنذروا بالعذاب
WARNING luna-max c952: QURTUBI-FULL:56:1-3 row 5: anchor not found verbatim in the segment: وقال الجرجاني: «إذا» صلة أي وقعت الواقعة كقوله: اقتربت الساعة وأتى أمر الله
WARNING luna-max c952: QURTUBI-FULL:56:1-3 row 6: anchor not found verbatim in the segment: وعلى الأول «إذا» للوقت، والجواب قوله: فأصحاب الميمنة ما أصحاب الميمنة
WARNING luna-max c952: QURTUBI-FULL:56:1-3 row 10: anchor not found verbatim in the segment: وقال الزجاج: ليس لوقعتها كاذبة أي لا يردها شيء. ونحوه قول الحسن وقتادة
WARNING luna-max c952: QURTUBI-FULL:56:1-3 row 16: anchor not found verbatim in the segment: وقال قتادة: خفضت أقواما في عذاب الله ورفعت أقواما إلى طاعة الله
WARNING luna-max c952: QURTUBI-FULL:56:1-3 row 17: anchor not found verbatim in the segment: وقال عمر بن الخطاب رضي الله عنه: خفضت أعداء الله في النار ورفعت أولياء الله في ا
WARNING luna-max c952: QURTUBI-FULL:56:7-10 row 2: anchor not found verbatim in the segment: قاله السدي. فأصحاب الميمنة هم الذين يؤخذ بهم ذات اليمين إلى الجنة وأصحاب المشأمة
WARNING luna-max c952: QURTUBI-FULL:56:7-10 row 3: anchor not found verbatim in the segment: والمشأمة الميسرة وكذلك الشأمة. يقال قعد فلان شأمة
WARNING luna-max c952: QURTUBI-FULL:56:7-10 row 4: anchor not found verbatim in the segment: ويقال يا فلان شائم بأصحابك أي خذ بهم شأمة أي ذات الشمال
WARNING luna-max c952: QURTUBI-FULL:56:7-10 row 8: anchor not found verbatim in the segment: وقال عطاء ومحمد بن كعب: أصحاب الميمنة من أوتي كتابه بيمينه وأصحاب المشأمة من أوت
WARNING luna-max c952: QURTUBI-FULL:56:7-10 row 9: anchor not found verbatim in the segment: وقال ابن جريج: أصحاب الميمنة هم أهل الحسنات وأصحاب المشأمة هم أهل السيئات
WARNING luna-max c952: QURTUBI-FULL:56:7-10 row 10: anchor not found verbatim in the segment: وقال الحسن والربيع: أصحاب الميمنة الميامين على أنفسهم بالأعمال الصالحة وأصحاب ال
WARNING luna-max c952: QURTUBI-FULL:56:7-10 row 11: anchor not found verbatim in the segment: وفي صحيح مسلم من حديث الإسراء عن أبي ذر عن النبي صلى الله عليه وسلم قال: فلما عل
WARNING luna-max c952: QURTUBI-FULL:56:7-10 row 12: anchor not found verbatim in the segment: وقال المبرد: وأصحاب الميمنة أصحاب التقدم وأصحاب المشأمة أصحاب التأخر
WARNING luna-max c952: QURTUBI-FULL:56:8-11 row 2: anchor not found verbatim in the segment: وقيل: أصحاب رفع بالابتداء والخبر ما أصحاب الميمنة كأنه قال فأصحاب الميمنة
WARNING luna-max c952: QURTUBI-FULL:56:8-11 row 3: anchor not found verbatim in the segment: وقيل: يجوز أن تكون ما تأكيدا، والمعنى فالذين يعطون كتابهم بأيمانهم هم أصحاب التق
WARNING luna-max c952: QURTUBI-FULL:56:8-11 row 15: anchor not found verbatim in the segment: ثم قيل: السابقون رفع بالابتداء والثاني توكيد له والخبر أولئك المقربون
WARNING luna-max c952: QURTUBI-FULL:56:8-11 row 16: anchor not found verbatim in the segment: وقال الزجاج: السابقون رفع بالابتداء والثاني خبره والمعنى السابقون إلى طاعة الله
WARNING luna-max c952: QURTUBI-FULL:56:77-79 row 1: anchor not found verbatim in the segment: أي أقسم بمواقع النجوم إن هذا القرآن قرآن كريم ليس بسحر ولا كهانة وليس بمفترى
WARNING luna-max c952: QURTUBI-FULL:56:77-79 row 2: anchor not found verbatim in the segment: وهو كريم على المؤمنين لأنه كلام ربهم وشفاء صدورهم كريم على أهل السماء
WARNING luna-max c952: QURTUBI-FULL:56:77-79 row 3: anchor not found verbatim in the segment: وقيل كريم أي غير مخلوق
WARNING luna-max c952: QURTUBI-FULL:56:77-79 row 4: anchor not found verbatim in the segment: وقيل كريم لما فيه من كريم الأخلاق ومعاني الأمور
WARNING luna-max c952: QURTUBI-FULL:56:77-79 row 5: anchor not found verbatim in the segment: وقيل لأنه يكرم حافظه ويعظم قارئه
WARNING luna-max c952: QURTUBI-FULL:56:77-79 row 6: anchor not found verbatim in the segment: مصون عند الله تعالى وقيل مكنون محفوظ عن الباطل
WARNING luna-max c952: QURTUBI-FULL:56:77-79 row 8: anchor not found verbatim in the segment: وقال جابر بن زيد وابن عباس أيضا هو اللوح المحفوظ
WARNING luna-max c952: QURTUBI-FULL:56:77-79 row 9: anchor not found verbatim in the segment: عكرمة التوراة والإنجيل فيهما ذكر القرآن ومن ينزل عليه
WARNING luna-max c952: QURTUBI-FULL:56:77-79 row 10: anchor not found verbatim in the segment: السدي الزبور
WARNING luna-max c952: QURTUBI-FULL:56:77-79 row 11: anchor not found verbatim in the segment: مجاهد وقتادة هو المصحف الذي في أيدينا
WARNING luna-max c952: QURTUBI-FULL:56:77-79 row 12: anchor not found verbatim in the segment: اختلف في معنى لا يمسه هل هو حقيقة في المس بالجارحة أو معنى وكذلك اختلف في المطهر
WARNING luna-max c952: QURTUBI-FULL:56:77-79 row 13: anchor not found verbatim in the segment: فقال أنس وسعيد بن جبير لا يمس ذلك الكتاب إلا المطهرون من الذنوب وهم الملائكة
WARNING luna-max c952: QURTUBI-FULL:56:77-79 row 14: anchor not found verbatim in the segment: وكذا قال أبو العالية وابن زيد إنهم الذين طهروا من الذنوب كالرسل من الملائكة
WARNING luna-max c952: QURTUBI-FULL:56:77-79 row 15: anchor not found verbatim in the segment: الكلبي هم السفرة الكرام البررة
WARNING luna-max c952: QURTUBI-FULL:56:77-79 row 16: anchor not found verbatim in the segment: وهذا كله قول واحد وهو نحو ما اختاره مالك أحسن ما سمعت في قوله لا يمسه إلا المطهر
WARNING luna-max c952: QURTUBI-FULL:56:77-79 row 17: anchor not found verbatim in the segment: وقيل معنى لا يمسه لا ينزل به إلا المطهرون أي الرسل من الملائكة على الرسل
WARNING luna-max c952: QURTUBI-FULL:56:77-79 row 18: anchor not found verbatim in the segment: وقيل لا يمس اللوح المحفوظ الذي هو الكتاب المكنون إلا الملائكة المطهرون
WARNING luna-max c952: QURTUBI-FULL:56:77-79 row 19: anchor not found verbatim in the segment: وقيل إن إسرافيل هو الموكل بذلك حكاه القشيري
WARNING luna-max c952: QURTUBI-FULL:56:77-79 row 20: anchor not found verbatim in the segment: ابن العربي وهذا باطل لأن الملائكة لا تناله في وقت ولا تصل إليه بحال
WARNING luna-max c952: QURTUBI-FULL:56:77-79 row 21: anchor not found verbatim in the segment: وأما من قال إنه الذي بأيدي الملائكة في الصحف فهو قول محتمل وهو اختيار مالك
WARNING luna-max c952: QURTUBI-FULL:56:77-79 row 22: anchor not found verbatim in the segment: وقيل المراد بالكتاب المصحف الذي بأيدينا وهو الأظهر
WARNING luna-max c952: QURTUBI-FULL:64:6 row 1: anchor not found verbatim in the segment: قوله تعالى ذلك أي هذا العذاب لهم بكفرهم بالرسل تأتيهم بالبينات
WARNING luna-max c952: QURTUBI-FULL:64:6 row 2: anchor not found verbatim in the segment: بالبينات أي بالدلائل الواضحة
WARNING luna-max c952: QURTUBI-FULL:64:6 row 4: anchor not found verbatim in the segment: وارتفع أبشر على الابتداء وقيل بإضمار فعل
WARNING luna-max c952: QURTUBI-FULL:64:6 row 5: anchor not found verbatim in the segment: والجمع على معنى بشر ولهذا قال يهدوننا ولم يقل يهدينا
WARNING luna-max c952: QURTUBI-FULL:64:6 row 6: anchor not found verbatim in the segment: وقد يأتي الجمع بمعنى الواحد نحو قوله تعالى ما هذا بشرا
WARNING luna-max c952: QURTUBI-FULL:64:6 row 8: anchor not found verbatim in the segment: وقيل كفروا بالرسل وتولوا عن البرهان وأعرضوا عن الإيمان والموعظة
WARNING luna-max c952: QURTUBI-FULL:64:6 row 9: anchor not found verbatim in the segment: قاله مقاتل واستغنى الله أي بسلطانه عن طاعة عباده
WARNING luna-max c952: QURTUBI-FULL:64:6 row 10: anchor not found verbatim in the segment: وقيل استغنى الله بما أظهره لهم من البرهان وأوضحه لهم من البيان
WARNING luna-max c952: QURTUBI-FULL:66:6 row 2: anchor not found verbatim in the segment: قال الضحاك معناه قوا أنفسكم وأهلوكم فليقوا أنفسهم نارا
WARNING luna-max c952: QURTUBI-FULL:66:6 row 3: anchor not found verbatim in the segment: وروى علي بن أبي طلحة عن ابن عباس قوا أنفسكم وأمروا أهليكم بالذكر والدعاء
WARNING luna-max c952: QURTUBI-FULL:66:6 row 4: anchor not found verbatim in the segment: وقال علي وقتادة ومجاهد قوا أنفسكم بأفعالكم وقوا أهليكم بوصيتكم
WARNING luna-max c952: QURTUBI-FULL:66:6 row 5: anchor not found verbatim in the segment: ابن العربي وهو الصحيح والفقه الذي يعطيه العطف الذي يقتضي التشريك بين المعطوف وال
WARNING luna-max c952: QURTUBI-FULL:66:6 row 6: anchor not found verbatim in the segment: والفقه الذي يعطيه العطف الذي يقتضي التشريك بين المعطوف والمعطوف عليه في معنى الف
WARNING luna-max c952: QURTUBI-FULL:66:6 row 7: anchor not found verbatim in the segment: فعلى الرجل أن يصلح نفسه بالطاعة ويصلح أهله إصلاح الراعي للرعية
WARNING luna-max c952: QURTUBI-FULL:66:6 row 8: anchor not found verbatim in the segment: ففي صحيح الحديث أن النبي صلى الله عليه وسلم قال كلكم راع وكلكم مسؤول عن رعيته
WARNING luna-max c952: QURTUBI-FULL:66:6 row 9: anchor not found verbatim in the segment: وعن هذا عبر الحسن في هذه الآية بقوله يأمرهم وينهاهم
WARNING luna-max c952: QURTUBI-FULL:66:6 row 10: anchor not found verbatim in the segment: وقال بعض العلماء لما قال قوا أنفسكم دخل فيه الأولاد لأن الولد بعض منه
WARNING luna-max c952: QURTUBI-FULL:66:6 row 11: anchor not found verbatim in the segment: وقال عليه السلام حق الولد على الوالد أن يحسن اسمه ويعلمه الكتابة
WARNING luna-max c952: QURTUBI-FULL:66:6 row 12: anchor not found verbatim in the segment: وقال عليه السلام ما نحل والد ولدا أفضل من أدب حسن
WARNING luna-max c952: QURTUBI-FULL:66:6 row 13: anchor not found verbatim in the segment: وقد روى عمرو بن شعيب عن أبيه عن جده عن النبي صلى الله عليه وسلم مروا أبناءكم بال
WARNING luna-max c952: QURTUBI-FULL:66:6 row 14: anchor not found verbatim in the segment: وخرج أيضا عن سمرة بن جندب قال قال النبي صلى الله عليه وسلم مروا الصبي بالصلاة إذ
WARNING luna-max c952: QURTUBI-FULL:66:6#2 row 1: anchor not found verbatim in the segment: أن النبي صلى الله عليه وسلم كان إذا أوتر يقول قومي فأوتري يا عائشة
WARNING luna-max c952: QURTUBI-FULL:66:6#2 row 2: anchor not found verbatim in the segment: وروي أن النبي صلى الله عليه وسلم قال رحم الله امرءا قام من الليل فصلى فأيقظ أهله
WARNING luna-max c952: QURTUBI-FULL:66:6#2 row 3: anchor not found verbatim in the segment: ومنه قوله صلى الله عليه وسلم أيقظوا صواحب الحجر
WARNING luna-max c952: QURTUBI-FULL:66:6#2 row 4: anchor not found verbatim in the segment: ويدخل هذا في عموم قوله تعالى وتعاونوا على البر والتقوى
WARNING luna-max c952: QURTUBI-FULL:66:6#2 row 5: anchor not found verbatim in the segment: وذكر القشيري أن عمر رضي الله عنه قال لما نزلت هذه الآية يا رسول الله نقي أنفسنا
WARNING luna-max c952: QURTUBI-FULL:66:6#2 row 6: anchor not found verbatim in the segment: وقال مقاتل ذلك حق عليه في نفسه وولده وأهله وعبيده وإمائه
WARNING luna-max c952: QURTUBI-FULL:66:6#2 row 7: anchor not found verbatim in the segment: قال الكيا فعلينا تعليم أولادنا وأهلينا الدين والخير وما لا يستغنى عنه من الأدب
WARNING luna-max c952: QURTUBI-FULL:66:6#2 row 8: anchor not found verbatim in the segment: وهو قوله تعالى وأمر أهلك بالصلاة واصطبر عليها ونحو قوله تعالى وأنذر عشيرتك الأقر
WARNING luna-max c952: QURTUBI-FULL:66:6#2 row 9: anchor not found verbatim in the segment: وفي الحديث مروهم بالصلاة وهم أبناء سبع
WARNING luna-max c952: QURTUBI-FULL:66:6#3 row 1: anchor not found verbatim in the segment: وقودها الناس والحجارة تقدم في سورة البقرة القول فيه
WARNING luna-max c952: QURTUBI-FULL:66:6#3 row 2: anchor not found verbatim in the segment: يعني الملائكة الزبانية غلاظ القلوب لا يرحمون إذا استرحموا خلقوا من الغضب
WARNING luna-max c952: QURTUBI-FULL:66:6#3 row 3: anchor not found verbatim in the segment: شداد أي شداد الأبدان
WARNING luna-max c952: QURTUBI-FULL:66:6#3 row 4: anchor not found verbatim in the segment: وقيل غلاظ الأقوال شداد الأفعال
WARNING luna-max c952: QURTUBI-FULL:66:6#3 row 6: anchor not found verbatim in the segment: وقيل أراد بالغلاظ ضخامة أجسامهم وبالشدة القوة
WARNING luna-max c952: QURTUBI-FULL:66:6#3 row 7: anchor not found verbatim in the segment: قال ابن عباس ما بين منكبي الواحد منهم مسيرة سنة وقوة الواحد منهم أن يضرب بالمقمع
WARNING luna-max c952: QURTUBI-FULL:66:6#3 row 8: anchor not found verbatim in the segment: وحدثنا عبد الرحمن بن زيد قال قال رسول الله صلى الله عليه وسلم في خزنة جهنم ما بي
WARNING luna-max c952: QURTUBI-FULL:66:6#4 row 2: anchor not found verbatim in the segment: أي في وقته فلا يؤخرونه ولا يقدمونه
WARNING luna-max c952: QURTUBI-FULL:66:6#4 row 4: anchor not found verbatim in the segment: ذكره بعض المعتزلة وعندهم أنه يستحيل التكليف غدا
WARNING luna-max c952: QURTUBI-FULL:66:6#4 row 5: anchor not found verbatim in the segment: ولا يخفى معتقد أهل الحق في أن الله يكلف العبد اليوم وغدا ولا ينكر التكليف في حق 
WARNING luna-max c952: QURTUBI-FULL:68:1 row 6: anchor not found verbatim in the segment: فروى معاوية بن قرة عن أبيه يرفعه إلى النبي صلى الله عليه وسلم أنه قال ن لوح من ن
WARNING luna-max c952: QURTUBI-FULL:68:1 row 7: anchor not found verbatim in the segment: وروى ثابت البناني أن ن الدواة وقاله الحسن وقتادة
WARNING luna-max c952: QURTUBI-FULL:68:1 row 8: anchor not found verbatim in the segment: عن أبي هريرة قال سمعت رسول الله صلى الله عليه وسلم يقول أول ما خلق الله القلم ثم
WARNING luna-max c952: QURTUBI-FULL:68:1 row 9: anchor not found verbatim in the segment: وعن مجاهد قال ن الحوت الذي تحت الأرض السابعة قال والقلم الذي كتب به الذكر
WARNING luna-max c952: QURTUBI-FULL:68:1 row 10: anchor not found verbatim in the segment: وكذا قال مقاتل ومرة الهمداني وعطاء الخراساني والسدي والكلبي إن النون هو الحوت
WARNING luna-max c952: QURTUBI-FULL:68:1 row 11: anchor not found verbatim in the segment: وروى أبو ظبيان عن ابن عباس قال أول ما خلق الله القلم فجرى بما هو كائن
WARNING luna-max c952: QURTUBI-FULL:68:1#2 row 1: anchor not found verbatim in the segment: وقال الكلبي ومقاتل اسمه البهموت
WARNING luna-max c952: QURTUBI-FULL:68:1#2 row 2: anchor not found verbatim in the segment: قال الراجز مالي أراكم كلكم سكوتا والله ربي خلق البهموتا
WARNING luna-max c952: QURTUBI-FULL:68:1#2 row 3: anchor not found verbatim in the segment: وقال أبو اليقظان والواقدي ليوثا
WARNING luna-max c952: QURTUBI-FULL:68:1#2 row 4: anchor not found verbatim in the segment: وقال كعب لوثوثا قال بلهموثا
WARNING luna-max c952: QURTUBI-FULL:68:1#2 row 5: anchor not found verbatim in the segment: قال كعب إن إبليس تغلغل إلى الحوت الذي على ظهره الأرضون فوسوس في قلبه
WARNING luna-max c952: QURTUBI-FULL:68:1#2 row 6: anchor not found verbatim in the segment: وقال الضحاك عن ابن عباس إن ن آخر حرف من حروف الرحمن قال الر وحم ون الرحمن تعالى 
WARNING luna-max c952: QURTUBI-FULL:68:1#2 row 7: anchor not found verbatim in the segment: وقال ابن زيد هو قسم أقسم الله تعالى به
WARNING luna-max c952: QURTUBI-FULL:68:1#2 row 8: anchor not found verbatim in the segment: وقال ابن كيسان هو فاتحة السورة
WARNING luna-max c952: QURTUBI-FULL:68:1#2 row 9: anchor not found verbatim in the segment: وقيل اسم السورة
WARNING luna-max c952: QURTUBI-FULL:68:1#2 row 10: anchor not found verbatim in the segment: وقال عطاء وأبو العالية هو افتتاح اسمه نصير ونور وناصر
WARNING luna-max c952: QURTUBI-FULL:68:1#2 row 11: anchor not found verbatim in the segment: وقال محمد بن كعب أقسم الله تعالى بنصره للمؤمنين وهو حق
WARNING luna-max c952: QURTUBI-FULL:68:1#2 row 12: anchor not found verbatim in the segment: وقال جعفر الصادق هو نهر من أنهار الجنة يقال له نون
WARNING luna-max c952: QURTUBI-FULL:68:1#2 row 13: anchor not found verbatim in the segment: وهو اختيار القشيري أبو نصر عبد الرحيم في تفسيره قال لأن ن حرف لم يعرب
WARNING luna-max c952: QURTUBI-FULL:68:1#2 row 15: anchor not found verbatim in the segment: ومنه قول أبي الفتح البستي إذا أقسم الأبطال يوما بسيفهم وعدوه مما يكسب المجد والك
WARNING luna-max c952: QURTUBI-FULL:68:1#2 row 16: anchor not found verbatim in the segment: وقال ابن عباس هذا قسم بالقلم الذي خلقه الله فأمره فجرى بكتابة جميع ما هو كائن
WARNING luna-max c952: QURTUBI-FULL:68:1#2 row 17: anchor not found verbatim in the segment: ويقال خلق الله القلم ثم نظر إليه فانشق نصفين فقال اجر فقال يا رب بم أجري
WARNING luna-max c952: QURTUBI-FULL:68:1#2 row 18: anchor not found verbatim in the segment: وقال الوليد بن عبادة بن الصامت أوصاني أبي عند موته فقال يا بني اتق الله واعلم
WARNING luna-max c952: QURTUBI-FULL:68:1-3 row 2: anchor not found verbatim in the segment: وقال ابن عباس أول ما خلق الله القلم فأمره أن يكتب ما هو كائن فكتب فيما كتب تبت ي
WARNING luna-max c952: QURTUBI-FULL:68:1-3 row 3: anchor not found verbatim in the segment: وقال قتادة القلم نعمة من الله تعالى على عباده
WARNING luna-max c952: QURTUBI-FULL:68:1-3 row 4: anchor not found verbatim in the segment: قال غيره فخلق الله القلم الأول فكتب ما يكون في الذكر ووضعه عنده فوق عرشه
WARNING luna-max c952: QURTUBI-FULL:68:1-3 row 5: anchor not found verbatim in the segment: قوله تعالى وما يسطرون أي وما يكتبون
WARNING luna-max c952: QURTUBI-FULL:68:1-3 row 7: anchor not found verbatim in the segment: وقيل وما يكتبون أي الناس ويتفاهمون به
WARNING luna-max c952: QURTUBI-FULL:68:1-3 row 8: anchor not found verbatim in the segment: وقال ابن عباس ومعنى وما يسطرون وما يعلمون
WARNING luna-max c952: QURTUBI-FULL:68:1-3 row 9: anchor not found verbatim in the segment: وما موصولة أو مصدرية أي ومسطوراتهم أو وسطرهم ويراد به كل من يسطر
WARNING luna-max c952: QURTUBI-FULL:68:1-3 row 9: word «مَا يَسْطُرُونَ» is not in the text of 68:1
WARNING luna-max c952: QURTUBI-FULL:68:1-3 row 10: anchor not found verbatim in the segment: هذا جواب القسم وهو نفي وكان المشركون يقولون للنبي صلى الله عليه وسلم إنه مجنون ب
WARNING luna-max c952: QURTUBI-FULL:68:1-3 row 11: anchor not found verbatim in the segment: أي برحمة ربك والنعمة ههنا الرحمة
WARNING luna-max c952: QURTUBI-FULL:68:1-3 row 12: anchor not found verbatim in the segment: ويحتمل ثانيا أن النعمة ههنا قسم وتقديره ما أنت ونعمة ربك بمجنون
WARNING luna-max c952: QURTUBI-FULL:68:1-3 row 13: anchor not found verbatim in the segment: وقيل هو كما تقول ما أنت بمجنون والحمد لله
WARNING luna-max c952: QURTUBI-FULL:68:1-3 row 14: anchor not found verbatim in the segment: وقيل معناه ما أنت بمجنون والنعمة لربك كقولهم سبحانك اللهم وبحمدك
WARNING luna-max c952: QURTUBI-FULL:68:1-3 row 15: anchor not found verbatim in the segment: ومنه قول لبيد وأفردت في الدنيا بفقد عشيرتي وفارقني جار بأربد نافع أي وهو أربد
WARNING luna-max c952: QURTUBI-FULL:68:1-3 row 16: anchor not found verbatim in the segment: والباء في بنعمة ربك متعلقة بمجنون منفيا كما يتعلق بغافل مثبتا
WARNING luna-max c952: QURTUBI-FULL:68:1-3 row 17: anchor not found verbatim in the segment: غير مقطوع ولا منقوص يقال مننت الحبل إذا قطعته وحبل منين إذا كان غير متين
WARNING luna-max c952: QURTUBI-FULL:68:4 row 1: anchor not found verbatim in the segment: قال ابن عباس ومجاهد على خلق على دين عظيم من الأديان ليس دين أحب إلى الله
WARNING luna-max c952: QURTUBI-FULL:68:4 row 2: anchor not found verbatim in the segment: وفي صحيح مسلم عن عائشة أن خلقه كان القرآن
WARNING luna-max c952: QURTUBI-FULL:68:4 row 3: anchor not found verbatim in the segment: وقال علي وعطية هو أدب القرآن
WARNING luna-max c952: QURTUBI-FULL:68:4 row 4: anchor not found verbatim in the segment: وقيل هو رفقه بأمته وإكرامه إياهم
WARNING luna-max c952: QURTUBI-FULL:68:4 row 5: anchor not found verbatim in the segment: وقال قتادة هو ما كان يأتمر به من أمر الله وينتهى عنه مما نهى الله عنه
WARNING luna-max c952: QURTUBI-FULL:68:4 row 6: anchor not found verbatim in the segment: وقيل أي إنك على طبع كريم الماوردي وهو الظاهر
WARNING luna-max c952: QURTUBI-FULL:68:4 row 7: anchor not found verbatim in the segment: وحقيقة الخلق في اللغة هو ما يأخذ به الإنسان نفسه من الأدب يسمى خلقا
WARNING luna-max c952: QURTUBI-FULL:68:4 row 8: anchor not found verbatim in the segment: وأما ما طبع عليه من الأدب فهو الخيم بالكسر السجية والطبيعة
WARNING luna-max c952: QURTUBI-FULL:68:4 row 9: anchor not found verbatim in the segment: وقد أوضح الأعشى ذلك في شعره وإذا ذو الفضول ضن على المولى وعادت لخيمها الأخلاق
WARNING luna-max c952: QURTUBI-FULL:68:4 row 10: anchor not found verbatim in the segment: وسئلت أيضا عن خلقه عليه السلام فقرأت قد أفلح المؤمنون إلى عشر آيات
WARNING luna-max c952: QURTUBI-FULL:68:4 row 11: anchor not found verbatim in the segment: قلت ما ذكرته عن عائشة في صحيح مسلم أصح الأقوال ولم يذكر خلق محمود إلا وكان للنبي
WARNING luna-max c952: QURTUBI-FULL:68:4 row 12: anchor not found verbatim in the segment: وقال الجنيد سمي خلقه عظيما لأنه لم تكن له همة سوى الله تعالى
WARNING luna-max c952: QURTUBI-FULL:68:4 row 13: anchor not found verbatim in the segment: وقيل سمي خلقه عظيما لاجتماع مكارم الأخلاق فيه يدل عليه قوله عليه السلام إن الله 
WARNING luna-max c952: QURTUBI-FULL:68:4 row 14: anchor not found verbatim in the segment: وقيل لأنه امتثل تأديب الله تعالى إياه بقوله تعالى خذ العفو وأمر بالعرف وأعرض عن 
WARNING luna-max c1181: TABRISI:74:31 row 5: anchor not found verbatim in the segment: وقيل معناه ولأن يقولوا ماذا أراد الله بهذا الوصف والعدد ويتدبروه فيؤدي بهم التدب
WARNING luna-max c1181: TABRISI:74:31 row 7: anchor not found verbatim in the segment: وقيل يضل عن طريق الجنة والثواب من يشاء ويهدي من يشاء إليه
WARNING luna-max c1181: TABRISI:74:31 row 9: anchor not found verbatim in the segment: وقيل هذا جواب أبي جهل حين قال ما لمحمد أعوان إلا تسعة عشر عن مقاتل
WARNING luna-max c1181: TABRISI:74:31 row 12: anchor not found verbatim in the segment: وقيل معناه وما هذه النار في الدنيا إلا تذكرة للبشر من نار الآخرة
WARNING luna-max c1181: TABRISI:74:31 row 13: anchor not found verbatim in the segment: وقيل ما هذه السورة إلا تذكرة للناس
WARNING luna-max c1181: TABRISI:74:31 row 14: anchor not found verbatim in the segment: وقيل وما هذه الملائكة التسعة عشر إلا عبرة للخلق يستدلون بذلك على كمال قدرة الله
luna-max: 1464 chunks checked, 17 with problems, 133226 rows
