== map-103_1-20261008
NOTE work/t1_s087_20261009/out/luna-max/c65.jsonl: its agent has not finished; not read (its notes arrive in a later update)
NOTE work/t1_s087_20261009/out/luna-max/c650.jsonl: its agent has not finished; not read (its notes arrive in a later update)
NOTE work/t1_s087_20261009/out/luna-max/c652.jsonl: its agent has not finished; not read (its notes arrive in a later update)
NOTE work/t1_s087_20261009/out/luna-max/c654.jsonl: its agent has not finished; not read (its notes arrive in a later update)
NOTE work/t1_s087_20261009/out/luna-max/c657.jsonl: its agent has not finished; not read (its notes arrive in a later update)
NOTE work/t1_s087_20261009/out/luna-max/c659.jsonl: its agent has not finished; not read (its notes arrive in a later update)
NOTE work/t1_s087_20261009/out/luna-max/c660.jsonl: its agent has not finished; not read (its notes arrive in a later update)
NOTE work/t1_s087_20261009/out/luna-max/c661.jsonl: its agent has not finished; not read (its notes arrive in a later update)
NOTE work/t1_s087_20261009/out/luna-max/c664.jsonl: its agent has not finished; not read (its notes arrive in a later update)
NOTE work/t1_s087_20261009/out/luna-max/c694.jsonl: its agent has not finished; not read (its notes arrive in a later update)
NOTE work/t1_s087_20261009/out/luna-max/c695.jsonl: its agent has not finished; not read (its notes arrive in a later update)
NOTE work/t1_s087_20261009/out/luna-max/c698.jsonl: its agent has not finished; not read (its notes arrive in a later update)
NOTE work/t1_s087_20261009/out/luna-max/c70.jsonl: its agent has not finished; not read (its notes arrive in a later update)
NOTE work/t1_s087_20261009/out/luna-max/c700.jsonl: its agent has not finished; not read (its notes arrive in a later update)
NOTE work/t1_s087_20261009/out/luna-max/c701.jsonl: its agent has not finished; not read (its notes arrive in a later update)
NOTE work/t1_s087_20261009/out/luna-max/c702.jsonl: its agent has not finished; not read (its notes arrive in a later update)
NOTE work/t1_s087_20261009/out/luna-max/c703.jsonl: its agent has not finished; not read (its notes arrive in a later update)
NOTE work/t1_s087_20261009/out/luna-max/c704.jsonl: its agent has not finished; not read (its notes arrive in a later update)
NOTE work/t1_s087_20261009/out/luna-max/c705.jsonl: its agent has not finished; not read (its notes arrive in a later update)
12:36: no new notes
NOTE work/t1_s087_20261009/out/luna-max/c655.jsonl: its agent has not finished; not read (its notes arrive in a later update)
NOTE work/t1_s087_20261009/out/luna-max/c682.jsonl: its agent has not finished; not read (its notes arrive in a later update)
12:41: no new notes
NOTE work/t1_s087_20261009/out/luna-max/c656.jsonl: its agent has not finished; not read (its notes arrive in a later update)
12:42: no new notes
79:42: no new notes
0 update(s) built
== map_s096_20261009
1:1: update 1, 19 new notes, 1,133,793 characters  spawn enrichment/v9/work/map_s096_20261009/map/spawn/sol-high_1-1.u1.md
1:2: update 1, 13 new notes, 801,723 characters  spawn enrichment/v9/work/map_s096_20261009/map/spawn/sol-high_1-2.u1.md
1:3: update 1, 5 new notes, 41,638 characters  spawn enrichment/v9/work/map_s096_20261009/map/spawn/sol-high_1-3.u1.md
1:5: no new notes
1:6: no new notes
1:7: no new notes
2:2: update 1, 1 new notes, 21,499 characters  spawn enrichment/v9/work/map_s096_20261009/map/spawn/sol-high_2-2.u1.md
2:21: no new notes
2:22: update 1, 2 new notes, 175,545 characters  spawn enrichment/v9/work/map_s096_20261009/map/spawn/sol-high_2-22.u1.md
2:31: update 1, 12 new notes, 55,466 characters  spawn enrichment/v9/work/map_s096_20261009/map/spawn/sol-high_2-31.u1.md
2:32: no new notes
2:40: update 1, 3 new notes, 28,241 characters  spawn enrichment/v9/work/map_s096_20261009/map/spawn/sol-high_2-40.u1.md
2:44: no new notes
2:114: no new notes
2:142: no new notes
2:144: no new notes
2:156: no new notes
2:186: update 1, 4 new notes, 245,408 characters  spawn enrichment/v9/work/map_s096_20261009/map/spawn/sol-high_2-186.u1.md
2:192: no new notes
2:204: no new notes
2:205: no new notes
2:206: update 1, 1 new notes, 27,151 characters  spawn enrichment/v9/work/map_s096_20261009/map/spawn/sol-high_2-206.u1.md
2:228: no new notes
2:239: no new notes
2:286: no new notes
3:35: no new notes
3:37: no new notes
3:44: no new notes
3:79: no new notes
3:83: no new notes
4:1: no new notes
4:23: no new notes
4:28: update 1, 4 new notes, 20,216 characters  spawn enrichment/v9/work/map_s096_20261009/map/spawn/sol-high_4-28.u1.md
4:105: no new notes
4:113: no new notes
5:4: no new notes
5:27: update 1, 2 new notes, 40,761 characters  spawn enrichment/v9/work/map_s096_20261009/map/spawn/sol-high_5-27.u1.md
5:28: no new notes
5:30: no new notes
5:55: no new notes
5:56: no new notes
6:94: no new notes
7:11: no new notes
7:12: no new notes
7:19: update 1, 1 new notes, 27,418 characters  spawn enrichment/v9/work/map_s096_20261009/map/spawn/sol-high_7-19.u1.md
7:20: no new notes
7:29: no new notes
7:91: no new notes
7:92: no new notes
7:150: update 1, 7 new notes, 243,589 characters  spawn enrichment/v9/work/map_s096_20261009/map/spawn/sol-high_7-150.u1.md
7:168: update 1, 9 new notes, 25,151 characters  spawn enrichment/v9/work/map_s096_20261009/map/spawn/sol-high_7-168.u1.md
7:172: update 1, 2 new notes, 49,920 characters  spawn enrichment/v9/work/map_s096_20261009/map/spawn/sol-high_7-172.u1.md
7:194: no new notes
7:195: no new notes
7:206: update 1, 5 new notes, 29,664 characters  spawn enrichment/v9/work/map_s096_20261009/map/spawn/sol-high_7-206.u1.md
8:38: no new notes
9:67: no new notes
9:71: no new notes
9:76: no new notes
9:78: no new notes
9:103: update 1, 1 new notes, 44,004 characters  spawn enrichment/v9/work/map_s096_20261009/map/spawn/sol-high_9-103.u1.md
10:24: no new notes
11:41: no new notes
11:53: no new notes
11:54: no new notes
11:55: update 1, 1 new notes, 15,512 characters  spawn enrichment/v9/work/map_s096_20261009/map/spawn/sol-high_11-55.u1.md
11:56: no new notes
11:68: no new notes
11:84: no new notes
11:87: no new notes
11:88: no new notes
11:112: update 1, 7 new notes, 31,337 characters  spawn enrichment/v9/work/map_s096_20261009/map/spawn/sol-high_11-112.u1.md
12:26: no new notes
12:27: no new notes
12:32: no new notes
12:33: no new notes
12:91: no new notes
12:92: no new notes
12:97: no new notes
13:14: no new notes
13:15: no new notes
13:17: no new notes
15:73: update 1, 1 new notes, 7,566 characters  spawn enrichment/v9/work/map_s096_20261009/map/spawn/sol-high_15-73.u1.md
15:74: no new notes
15:75: no new notes
15:76: no new notes
16:4: no new notes
16:15: no new notes
16:16: update 1, 16 new notes, 25,622 characters  spawn enrichment/v9/work/map_s096_20261009/map/spawn/sol-high_16-16.u1.md
16:36: no new notes
16:78: no new notes
17:11: no new notes
17:13: no new notes
17:14: update 1, 1 new notes, 21,609 characters  spawn enrichment/v9/work/map_s096_20261009/map/spawn/sol-high_17-14.u1.md
17:70: no new notes
17:78: no new notes
17:85: no new notes
17:106: no new notes
17:110: no new notes
18:1: no new notes
18:32: no new notes
18:34: update 1, 4 new notes, 23,933 characters  spawn enrichment/v9/work/map_s096_20261009/map/spawn/sol-high_18-34.u1.md
18:35: no new notes
NOTE work/t1_s087_20261009/out/luna-max/c754.jsonl: its agent has not finished; not read (its notes arrive in a later update)
18:36: no new notes
NOTE work/t1_s087_20261009/out/luna-max/c752.jsonl: its agent has not finished; not read (its notes arrive in a later update)
NOTE work/t1_s087_20261009/out/luna-max/c763.jsonl: its agent has not finished; not read (its notes arrive in a later update)
18:37: no new notes
NOTE work/t1_s087_20261009/out/luna-max/c750.jsonl: its agent has not finished; not read (its notes arrive in a later update)
NOTE work/t1_s087_20261009/out/luna-max/c753.jsonl: its agent has not finished; not read (its notes arrive in a later update)
NOTE work/t1_s087_20261009/out/luna-max/c758.jsonl: its agent has not finished; not read (its notes arrive in a later update)
18:39: no new notes
18:42: update 1, 3 new notes, 27,439 characters  spawn enrichment/v9/work/map_s096_20261009/map/spawn/sol-high_18-42.u1.md
18:52: no new notes
NOTE work/t1_s087_20261009/out/luna-max/c745.jsonl: its agent has not finished; not read (its notes arrive in a later update)
18:54: no new notes
19:3: no new notes
19:7: no new notes
NOTE work/t1_s087_20261009/out/luna-max/c766.jsonl: its agent has not finished; not read (its notes arrive in a later update)
19:42: no new notes
NOTE work/t1_s087_20261009/out/luna-max/c746.jsonl: its agent has not finished; not read (its notes arrive in a later update)
NOTE work/t1_s087_20261009/out/luna-max/c760.jsonl: its agent has not finished; not read (its notes arrive in a later update)
NOTE work/t1_s087_20261009/out/luna-max/c765.jsonl: its agent has not finished; not read (its notes arrive in a later update)
NOTE work/t1_s087_20261009/out/luna-max/c768.jsonl: its agent has not finished; not read (its notes arrive in a later update)
19:43: no new notes
NOTE work/t1_s087_20261009/out/luna-max/c767.jsonl: its agent has not finished; not read (its notes arrive in a later update)
19:46: no new notes
NOTE work/t1_s087_20261009/out/luna-max/c747.jsonl: its agent has not finished; not read (its notes arrive in a later update)
19:64: no new notes
NOTE work/t1_s087_20261009/out/luna-max/c741.jsonl: its agent has not finished; not read (its notes arrive in a later update)
19:65: no new notes
NOTE work/t1_s087_20261009/out/luna-max/c739.jsonl: its agent has not finished; not read (its notes arrive in a later update)
NOTE work/t1_s087_20261009/out/luna-max/c761.jsonl: its agent has not finished; not read (its notes arrive in a later update)
19:73: no new notes
19:74: no new notes
19:77: no new notes
NOTE work/t1_s087_20261009/out/luna-max/c762.jsonl: its agent has not finished; not read (its notes arrive in a later update)
19:78: no new notes
NOTE work/t1_s087_20261009/out/luna-max/c769.jsonl: its agent has not finished; not read (its notes arrive in a later update)
19:79: no new notes
NOTE work/t1_s087_20261009/out/luna-max/c742.jsonl: its agent has not finished; not read (its notes arrive in a later update)
19:80: no new notes
NOTE work/t1_s087_20261009/out/luna-max/c759.jsonl: its agent has not finished; not read (its notes arrive in a later update)
19:93: no new notes
20:11: update 1, 1 new notes, 15,667 characters  spawn enrichment/v9/work/map_s096_20261009/map/spawn/sol-high_20-11.u1.md
20:12: update 1, 35 new notes, 33,782 characters  spawn enrichment/v9/work/map_s096_20261009/map/spawn/sol-high_20-12.u1.md
NOTE work/t1_s087_20261009/out/luna-max/c748.jsonl: its agent has not finished; not read (its notes arrive in a later update)
20:13: update 1, 16 new notes, 20,107 characters  spawn enrichment/v9/work/map_s096_20261009/map/spawn/sol-high_20-13.u1.md
20:24: no new notes
NOTE work/t1_s087_20261009/out/luna-max/c751.jsonl: its agent has not finished; not read (its notes arrive in a later update)
NOTE work/t1_s087_20261009/out/luna-max/c764.jsonl: its agent has not finished; not read (its notes arrive in a later update)
20:43: update 1, 6 new notes, 14,545 characters  spawn enrichment/v9/work/map_s096_20261009/map/spawn/sol-high_20-43.u1.md
20:44: update 1, 2 new notes, 23,381 characters  spawn enrichment/v9/work/map_s096_20261009/map/spawn/sol-high_20-44.u1.md
20:45: no new notes
NOTE work/t1_s087_20261009/out/luna-max/c770.jsonl: its agent has not finished; not read (its notes arrive in a later update)
20:46: no new notes
NOTE work/t1_s087_20261009/out/luna-max/c743.jsonl: its agent has not finished; not read (its notes arrive in a later update)
20:47: no new notes
NOTE work/t1_s087_20261009/out/luna-max/c755.jsonl: its agent has not finished; not read (its notes arrive in a later update)
NOTE work/t1_s087_20261009/out/luna-max/c756.jsonl: its agent has not finished; not read (its notes arrive in a later update)
20:48: no new notes
20:49: no new notes
NOTE work/t1_s087_20261009/out/luna-max/c749.jsonl: its agent has not finished; not read (its notes arrive in a later update)
20:50: no new notes
NOTE work/t1_s087_20261009/out/luna-max/c740.jsonl: its agent has not finished; not read (its notes arrive in a later update)
20:53: update 1, 1 new notes, 22,038 characters  spawn enrichment/v9/work/map_s096_20261009/map/spawn/sol-high_20-53.u1.md
NOTE work/t1_s087_20261009/out/luna-max/c744.jsonl: its agent has not finished; not read (its notes arrive in a later update)
20:54: no new notes
20:56: no new notes
20:69: update 1, 9 new notes, 23,804 characters  spawn enrichment/v9/work/map_s096_20261009/map/spawn/sol-high_20-69.u1.md
20:70: update 1, 11 new notes, 21,336 characters  spawn enrichment/v9/work/map_s096_20261009/map/spawn/sol-high_20-70.u1.md
20:71: update 1, 5 new notes, 24,272 characters  spawn enrichment/v9/work/map_s096_20261009/map/spawn/sol-high_20-71.u1.md
20:80: no new notes
20:81: update 1, 1 new notes, 21,126 characters  spawn enrichment/v9/work/map_s096_20261009/map/spawn/sol-high_20-81.u1.md
20:94: update 1, 6 new notes, 22,474 characters  spawn enrichment/v9/work/map_s096_20261009/map/spawn/sol-high_20-94.u1.md
NOTE work/t1_s087_20261009/out/luna-max/c76.jsonl: its agent has not finished; not read (its notes arrive in a later update)
20:130: no new notes
NOTE work/t1_s087_20261009/out/luna-max/c75.jsonl: its agent has not finished; not read (its notes arrive in a later update)
NOTE work/t1_s087_20261009/out/luna-max/c77.jsonl: its agent has not finished; not read (its notes arrive in a later update)
20:131: no new notes
20:132: update 1, 7 new notes, 34,108 characters  spawn enrichment/v9/work/map_s096_20261009/map/spawn/sol-high_20-132.u1.md
21:1: update 1, 5 new notes, 35,815 characters  spawn enrichment/v9/work/map_s096_20261009/map/spawn/sol-high_21-1.u1.md
NOTE work/t1_s087_20261009/out/luna-max/c757.jsonl: its agent has not finished; not read (its notes arrive in a later update)
21:26: no new notes
21:97: no new notes
22:5: no new notes
WARNING 22:18: the current sol-high map has 2 problem(s); no update built (run check)
22:40: update 1, 1 new notes, 42,453 characters  spawn enrichment/v9/work/map_s096_20261009/map/spawn/sol-high_22-40.u1.md
NOTE work/t1_s087_20261009/out/luna-max/c771.jsonl: its agent has not finished; not read (its notes arrive in a later update)
NOTE work/t1_s087_20261009/out/luna-max/c773.jsonl: its agent has not finished; not read (its notes arrive in a later update)
22:67: no new notes
23:13: no new notes
23:14: update 1, 1 new notes, 40,365 characters  spawn enrichment/v9/work/map_s096_20261009/map/spawn/sol-high_23-14.u1.md
23:47: no new notes
NOTE work/t1_s087_20261009/out/luna-max/c74.jsonl: its agent has not finished; not read (its notes arrive in a later update)
23:99: no new notes
23:100: no new notes
NOTE work/t1_s087_20261009/out/luna-max/c772.jsonl: its agent has not finished; not read (its notes arrive in a later update)
23:104: no new notes
24:27: no new notes
25:41: no new notes
25:43: no new notes
25:44: no new notes
26:7: no new notes
26:10: no new notes
26:11: no new notes
26:18: no new notes
26:19: no new notes
26:21: no new notes
26:22: no new notes
26:105: no new notes
26:106: no new notes
26:107: no new notes
26:108: no new notes
26:115: no new notes
26:116: no new notes
26:124: no new notes
26:126: no new notes
26:142: no new notes
26:144: no new notes
26:161: no new notes
NOTE work/t1_s087_20261009/out/luna-max/c775.jsonl: its agent has not finished; not read (its notes arrive in a later update)
26:163: no new notes
26:166: no new notes
26:167: no new notes
26:179: no new notes
NOTE work/t1_s087_20261009/out/luna-max/c774.jsonl: its agent has not finished; not read (its notes arrive in a later update)
26:216: no new notes
26:217: no new notes
26:218: no new notes
26:219: no new notes
27:8: update 1, 13 new notes, 28,623 characters  spawn enrichment/v9/work/map_s096_20261009/map/spawn/sol-high_27-8.u1.md
27:10: update 1, 1 new notes, 21,846 characters  spawn enrichment/v9/work/map_s096_20261009/map/spawn/sol-high_27-10.u1.md
27:28: update 1, 12 new notes, 25,047 characters  spawn enrichment/v9/work/map_s096_20261009/map/spawn/sol-high_27-28.u1.md
27:29: no new notes
27:30: no new notes
27:35: no new notes
27:36: update 1, 1 new notes, 26,567 characters  spawn enrichment/v9/work/map_s096_20261009/map/spawn/sol-high_27-36.u1.md
28:8: no new notes
28:15: update 1, 1 new notes, 36,924 characters  spawn enrichment/v9/work/map_s096_20261009/map/spawn/sol-high_28-15.u1.md
28:19: no new notes
28:20: no new notes
28:21: update 1, 1 new notes, 12,007 characters  spawn enrichment/v9/work/map_s096_20261009/map/spawn/sol-high_28-21.u1.md
28:38: no new notes
28:64: no new notes
28:76: no new notes
28:77: no new notes
28:78: no new notes
28:81: no new notes
29:16: update 1, 2 new notes, 12,314 characters  spawn enrichment/v9/work/map_s096_20261009/map/spawn/sol-high_29-16.u1.md
29:17: update 1, 4 new notes, 25,226 characters  spawn enrichment/v9/work/map_s096_20261009/map/spawn/sol-high_29-17.u1.md
29:29: no new notes
NOTE work/t1_s087_20261009/out/luna-max/c777.jsonl: its agent has not finished; not read (its notes arrive in a later update)
29:45: no new notes
30:11: update 1, 1 new notes, 16,545 characters  spawn enrichment/v9/work/map_s096_20261009/map/spawn/sol-high_30-11.u1.md
31:10: update 1, 5 new notes, 17,087 characters  spawn enrichment/v9/work/map_s096_20261009/map/spawn/sol-high_31-10.u1.md
31:11: no new notes
31:16: no new notes
31:25: update 1, 1 new notes, 12,733 characters  spawn enrichment/v9/work/map_s096_20261009/map/spawn/sol-high_31-25.u1.md
31:26: update 1, 1 new notes, 11,464 characters  spawn enrichment/v9/work/map_s096_20261009/map/spawn/sol-high_31-26.u1.md
NOTE work/t1_s087_20261009/out/luna-max/c776.jsonl: its agent has not finished; not read (its notes arrive in a later update)
31:27: update 1, 1 new notes, 22,384 characters  spawn enrichment/v9/work/map_s096_20261009/map/spawn/sol-high_31-27.u1.md
32:11: no new notes
32:12: no new notes
NOTE work/t1_s087_20261009/out/luna-max/c779.jsonl: its agent has not finished; not read (its notes arrive in a later update)
32:21: no new notes
NOTE work/t1_s087_20261009/out/luna-max/c778.jsonl: its agent has not finished; not read (its notes arrive in a later update)
33:5: no new notes
33:43: no new notes
33:56: no new notes
34:24: update 1, 3 new notes, 20,603 characters  spawn enrichment/v9/work/map_s096_20261009/map/spawn/sol-high_34-24.u1.md
34:25: update 1, 3 new notes, 11,118 characters  spawn enrichment/v9/work/map_s096_20261009/map/spawn/sol-high_34-25.u1.md
35:14: no new notes
NOTE work/t1_s087_20261009/out/luna-max/c781.jsonl: its agent has not finished; not read (its notes arrive in a later update)
35:15: no new notes
36:14: update 1, 1 new notes, 32,210 characters  spawn enrichment/v9/work/map_s096_20261009/map/spawn/sol-high_36-14.u1.md
36:18: no new notes
36:77: no new notes
36:78: no new notes
36:79: no new notes
38:4: no new notes
38:6: no new notes
38:7: update 1, 1 new notes, 21,325 characters  spawn enrichment/v9/work/map_s096_20261009/map/spawn/sol-high_38-7.u1.md
39:6: no new notes
39:22: no new notes
NOTE work/t1_s087_20261009/out/luna-max/c78.jsonl: its agent has not finished; not read (its notes arrive in a later update)
39:23: update 1, 5 new notes, 37,783 characters  spawn enrichment/v9/work/map_s096_20261009/map/spawn/sol-high_39-23.u1.md
39:24: no new notes
39:36: no new notes
39:49: no new notes
39:50: no new notes
39:71: update 1, 1 new notes, 24,043 characters  spawn enrichment/v9/work/map_s096_20261009/map/spawn/sol-high_39-71.u1.md
40:26: no new notes
40:28: no new notes
40:49: no new notes
40:50: no new notes
41:11: no new notes
41:37: no new notes
NOTE work/t1_s087_20261009/out/luna-max/c780.jsonl: its agent has not finished; not read (its notes arrive in a later update)
42:27: no new notes
42:28: no new notes
43:51: no new notes
43:54: no new notes
44:47: no new notes
44:49: update 1, 1 new notes, 13,839 characters  spawn enrichment/v9/work/map_s096_20261009/map/spawn/sol-high_44-49.u1.md
47:16: no new notes
47:17: no new notes
49:13: no new notes
50:16: update 1, 5 new notes, 27,032 characters  spawn enrichment/v9/work/map_s096_20261009/map/spawn/sol-high_50-16.u1.md
50:27: update 1, 5 new notes, 17,563 characters  spawn enrichment/v9/work/map_s096_20261009/map/spawn/sol-high_50-27.u1.md
52:13: no new notes
52:14: no new notes
53:2: no new notes
53:5: no new notes
53:10: no new notes
53:13: no new notes
NOTE work/t1_s087_20261009/out/luna-max/c782.jsonl: its agent has not finished; not read (its notes arrive in a later update)
53:14: no new notes
53:17: no new notes
53:23: no new notes
53:30: no new notes
NOTE work/t1_s087_20261009/out/luna-max/c784.jsonl: its agent has not finished; not read (its notes arrive in a later update)
53:33: no new notes
53:34: no new notes
53:35: no new notes
53:36: no new notes
53:39: no new notes
53:40: no new notes
53:42: no new notes
53:48: no new notes
54:1: no new notes
55:1: update 1, 6 new notes, 24,125 characters  spawn enrichment/v9/work/map_s096_20261009/map/spawn/sol-high_55-1.u1.md
55:2: update 1, 1 new notes, 29,321 characters  spawn enrichment/v9/work/map_s096_20261009/map/spawn/sol-high_55-2.u1.md
55:3: update 1, 1 new notes, 14,721 characters  spawn enrichment/v9/work/map_s096_20261009/map/spawn/sol-high_55-3.u1.md
55:4: update 1, 1 new notes, 19,686 characters  spawn enrichment/v9/work/map_s096_20261009/map/spawn/sol-high_55-4.u1.md
55:6: no new notes
NOTE work/t1_s087_20261009/out/luna-max/c785.jsonl: its agent has not finished; not read (its notes arrive in a later update)
55:8: no new notes
55:39: no new notes
55:41: no new notes
56:1: no new notes
NOTE work/t1_s087_20261009/out/luna-max/c783.jsonl: its agent has not finished; not read (its notes arrive in a later update)
56:2: no new notes
56:10: no new notes
56:11: no new notes
56:77: no new notes
56:78: no new notes
64:6: no new notes
66:6: no new notes
67:22: no new notes
NOTE work/t1_s087_20261009/out/luna-max/c786.jsonl: its agent has not finished; not read (its notes arrive in a later update)
68:1: no new notes
68:2: no new notes
68:4: no new notes
68:8: no new notes
68:9: no new notes
68:42: no new notes
68:43: no new notes
NOTE work/t1_s087_20261009/out/luna-max/c788.jsonl: its agent has not finished; not read (its notes arrive in a later update)
69:5: no new notes
69:6: no new notes
69:9: no new notes
69:10: no new notes
69:11: no new notes
69:12: no new notes
69:25: no new notes
69:28: no new notes
69:29: no new notes
69:30: no new notes
69:31: no new notes
70:10: no new notes
70:13: no new notes
70:15: no new notes
70:17: no new notes
72:1: no new notes
72:18: no new notes
72:19: no new notes
72:20: update 1, 1 new notes, 10,685 characters  spawn enrichment/v9/work/map_s096_20261009/map/spawn/sol-high_72-20.u1.md
74:11: no new notes
74:12: no new notes
NOTE work/t1_s087_20261009/out/luna-max/c789.jsonl: its agent has not finished; not read (its notes arrive in a later update)
74:13: no new notes
74:14: no new notes
74:15: no new notes
74:16: update 1, 4 new notes, 14,200 characters  spawn enrichment/v9/work/map_s096_20261009/map/spawn/sol-high_74-16.u1.md
74:26: update 1, 1 new notes, 12,430 characters  spawn enrichment/v9/work/map_s096_20261009/map/spawn/sol-high_74-26.u1.md
74:29: update 1, 3 new notes, 9,870 characters  spawn enrichment/v9/work/map_s096_20261009/map/spawn/sol-high_74-29.u1.md
74:31: update 1, 1 new notes, 33,522 characters  spawn enrichment/v9/work/map_s096_20261009/map/spawn/sol-high_74-31.u1.md
74:43: no new notes
75:11: no new notes
NOTE work/t1_s087_20261009/out/luna-max/c787.jsonl: its agent has not finished; not read (its notes arrive in a later update)
75:12: no new notes
75:16: update 1, 14 new notes, 25,528 characters  spawn enrichment/v9/work/map_s096_20261009/map/spawn/sol-high_75-16.u1.md
75:17: update 1, 10 new notes, 22,018 characters  spawn enrichment/v9/work/map_s096_20261009/map/spawn/sol-high_75-17.u1.md
75:18: update 1, 14 new notes, 25,002 characters  spawn enrichment/v9/work/map_s096_20261009/map/spawn/sol-high_75-18.u1.md
75:19: update 1, 13 new notes, 24,766 characters  spawn enrichment/v9/work/map_s096_20261009/map/spawn/sol-high_75-19.u1.md
75:30: update 1, 1 new notes, 16,789 characters  spawn enrichment/v9/work/map_s096_20261009/map/spawn/sol-high_75-30.u1.md
75:31: no new notes
75:32: no new notes
75:33: no new notes
75:34: update 1, 3 new notes, 19,884 characters  spawn enrichment/v9/work/map_s096_20261009/map/spawn/sol-high_75-34.u1.md
75:38: no new notes
76:24: no new notes
76:25: no new notes
76:26: no new notes
77:20: no new notes
77:21: no new notes
77:22: no new notes
78:21: no new notes
78:22: no new notes
79:17: no new notes
79:18: update 1, 2 new notes, 17,302 characters  spawn enrichment/v9/work/map_s096_20261009/map/spawn/sol-high_79-18.u1.md
79:19: update 1, 4 new notes, 17,858 characters  spawn enrichment/v9/work/map_s096_20261009/map/spawn/sol-high_79-19.u1.md
79:21: no new notes
79:22: no new notes
79:23: no new notes
79:24: no new notes
79:25: update 1, 1 new notes, 13,886 characters  spawn enrichment/v9/work/map_s096_20261009/map/spawn/sol-high_79-25.u1.md
79:35: no new notes
79:37: no new notes
79:38: no new notes
79:39: no new notes
79:40: no new notes
79:41: no new notes
79:44: no new notes
80:2: update 1, 7 new notes, 24,698 characters  spawn enrichment/v9/work/map_s096_20261009/map/spawn/sol-high_80-2.u1.md
80:5: update 1, 4 new notes, 12,372 characters  spawn enrichment/v9/work/map_s096_20261009/map/spawn/sol-high_80-5.u1.md
80:6: update 1, 14 new notes, 15,982 characters  spawn enrichment/v9/work/map_s096_20261009/map/spawn/sol-high_80-6.u1.md
80:16: update 1, 1 new notes, 11,796 characters  spawn enrichment/v9/work/map_s096_20261009/map/spawn/sol-high_80-16.u1.md
80:17: no new notes
80:18: no new notes
80:19: no new notes
82:6: no new notes
82:7: no new notes
82:8: no new notes
83:28: no new notes
84:6: no new notes
84:13: no new notes
84:14: no new notes
84:15: no new notes
84:21: no new notes
86:5: no new notes
86:6: no new notes
86:8: no new notes
86:11: no new notes
86:12: no new notes
87:1: update 1, 1 new notes, 32,574 characters  spawn enrichment/v9/work/map_s096_20261009/map/spawn/sol-high_87-1.u1.md
87:2: no new notes
87:3: no new notes
87:6: update 1, 4 new notes, 24,468 characters  spawn enrichment/v9/work/map_s096_20261009/map/spawn/sol-high_87-6.u1.md
87:12: update 1, 2 new notes, 12,128 characters  spawn enrichment/v9/work/map_s096_20261009/map/spawn/sol-high_87-12.u1.md
87:14: no new notes
87:15: no new notes
89:9: no new notes
89:11: no new notes
89:15: no new notes
89:16: no new notes
89:17: no new notes
89:18: no new notes
89:20: no new notes
89:24: no new notes
89:27: no new notes
89:28: no new notes
89:29: no new notes
89:30: no new notes
90:6: no new notes
90:7: no new notes
90:8: no new notes
91:11: no new notes
91:13: no new notes
91:14: no new notes
92:4: no new notes
92:5: no new notes
92:6: no new notes
92:7: update 1, 2 new notes, 15,596 characters  spawn enrichment/v9/work/map_s096_20261009/map/spawn/sol-high_92-7.u1.md
92:8: no new notes
92:9: no new notes
92:10: update 1, 2 new notes, 16,692 characters  spawn enrichment/v9/work/map_s096_20261009/map/spawn/sol-high_92-10.u1.md
92:11: no new notes
92:12: update 1, 1 new notes, 11,674 characters  spawn enrichment/v9/work/map_s096_20261009/map/spawn/sol-high_92-12.u1.md
92:13: no new notes
92:15: no new notes
92:16: no new notes
92:17: no new notes
92:18: no new notes
93:6: no new notes
93:7: no new notes
93:8: no new notes
96:1: update 1, 8 new notes, 154,806 characters  spawn enrichment/v9/work/map_s096_20261009/map/spawn/sol-high_96-1.u1.md
96:2: no new notes
96:3: no new notes
96:4: no new notes
96:5: no new notes
96:6: no new notes
96:7: no new notes
96:8: no new notes
96:9: no new notes
96:10: no new notes
96:11: no new notes
96:12: no new notes
96:13: no new notes
96:14: no new notes
96:15: no new notes
96:16: no new notes
96:17: no new notes
96:18: no new notes
96:19: no new notes
100:8: no new notes
107:1: no new notes
107:2: no new notes
107:4: no new notes
107:5: no new notes
107:6: no new notes
107:7: no new notes
111:1: no new notes
111:2: no new notes
90 update(s) built
== map_s096r_20261009
5:4: no new notes
13:17: no new notes
22:18: no new notes
31:16: no new notes
0 update(s) built
== map_s103_20261009
0 update(s) built
== map_s103w_20261009
100:6: no new notes
12:18: no new notes
20:10: update 2, 21 new notes, 27,640 characters  spawn enrichment/v9/work/map_s103w_20261009/map/spawn/sol-high_20-10.u2.md
26:177: no new notes
2:282: no new notes
31:13: no new notes
31:17: no new notes
4:6: no new notes
55:7: no new notes
76:2: no new notes
95:4: no new notes
1 update(s) built
== maptest-20261008
0 update(s) built
