out/88_1/DM.r13.images.r13.map3.nohft.tool.tool.tool/augment.augment9.luna.max: 158 passages, ~38,080 tokens in; subscription, no USD (gpt-6-luna, effort max)
WARNING: in an addition, line 108: source 80:43 no such ayah
WARNING: in an addition, line 108: source 80:44 no such ayah
WARNING: reference line of ¶20 names what the paragraph already cites: 88:21
WARNING: reference line of ¶23 names what the paragraph already cites: 12:107
WARNING: reference line of ¶24 names what the paragraph already cites: 44:10
WARNING: 34:7: ref ¶6 in the verdict, no such addition applied
WARNING: 53:59: ref ¶5 in the verdict, no such addition applied
WARNING: 56:81: ref ¶20 in the verdict, no such addition applied
WARNING: 11:120: ref ¶9 in the verdict, no such addition applied
WARNING: 71:7: ref ¶5 in the verdict, no such addition applied
WARNING: 9:52: ref ¶23 in the verdict, no such addition applied
WARNING: 26:89: ref ¶20 in the verdict, no such addition applied
WARNING: 52:34: ref ¶6 in the verdict, no such addition applied
WARNING: 12:104: ref ¶6 in the verdict, no such addition applied
WARNING: 21:3: ref ¶6 in the verdict, no such addition applied
WARNING: 44:9: ref ¶13 in the verdict, no such addition applied
WARNING: 53:61: ref ¶6 in the verdict, no such addition applied
WARNING: 85:19: ref ¶2 in the verdict, no such addition applied
WARNING: 85:19: ref ¶17 in the verdict, no such addition applied
WARNING: 85:20: ref ¶2 in the verdict, no such addition applied
WARNING: 85:20: ref ¶17 in the verdict, no such addition applied
WARNING: 38:23: ref ¶2 in the verdict, no such addition applied
WARNING: 99:3: context ¶5 in the verdict, no such addition applied
WARNING: 7:40: context ¶11 in the verdict, no such addition applied
WARNING: 39:25: ref ¶9 in the verdict, no such addition applied
WARNING: 44:14: ref ¶6 in the verdict, no such addition applied
WARNING: 44:14: ref ¶13 in the verdict, no such addition applied
WARNING: 88:2: ref ¶5 in the verdict, no such addition applied
WARNING: 88:24: ref ¶16 in the verdict, no such addition applied
WARNING: added without a verdict line: 23:44, 2:5, 2:6, 2:8, 2:9, 34:19, 44:10, 80:33, 80:34, 80:35, 80:36, 80:37, 80:38, 80:39, 80:40, 80:41, 80:42, 80:43, 80:44, 83:14, 99:6
WARNING: consecutive ayat as separate references: ¶23: 12:108 and 12:109
WARNING: consecutive ayat as separate references: ¶23: 12:108 and 12:107
tokens: in 36291 (cached 4864), out 67043 (reasoning 56850), commands 0
out/88_1/DM.r13.images.r13.map3.nohft.tool.tool.tool/augment.augment9.luna.max: ok $0.0 35/35 applied 595s
out/88_2/DM.r13.images.r13.map3.nohft.tool.tool.tool/augment.augment9.luna.max: 200 passages, ~45,701 tokens in; subscription, no USD (gpt-6-luna, effort max)
WARNING: 20:111: ref ¶2 in the verdict, no such addition applied
WARNING: 39:24: ref ¶2 in the verdict, no such addition applied
WARNING: 57:16: ref ¶22 in the verdict, no such addition applied
WARNING: 68:42: ref ¶22 in the verdict, no such addition applied
WARNING: 2:112: ref ¶19 in the verdict, no such addition applied
WARNING: 3:20: ref ¶19 in the verdict, no such addition applied
WARNING: 3:20: ref ¶20 in the verdict, no such addition applied
WARNING: 4:125: ref ¶19 in the verdict, no such addition applied
WARNING: 6:79: ref ¶18 in the verdict, no such addition applied
WARNING: 14:50: ref ¶13 in the verdict, no such addition applied
WARNING: 17:97: ref ¶3 in the verdict, no such addition applied
WARNING: 43:17: ref ¶9 in the verdict, no such addition applied
WARNING: 67:22: ref ¶3 in the verdict, no such addition applied
WARNING: 67:27: ref ¶2 in the verdict, no such addition applied
WARNING: 67:27: ref ¶17 in the verdict, no such addition applied
WARNING: 75:25: ref ¶3 in the verdict, no such addition applied
WARNING: 76:10: ref ¶2 in the verdict, no such addition applied
WARNING: 79:8: ref ¶2 in the verdict, no such addition applied
WARNING: 92:16: ref ¶20 in the verdict, no such addition applied
WARNING: 92:20: ref ¶19 in the verdict, no such addition applied
WARNING: 55:44: ref ¶2 in the verdict, no such addition applied
WARNING: 2:144: ref ¶18 in the verdict, no such addition applied
WARNING: 18:28: ref ¶22 in the verdict, no such addition applied
WARNING: 41:39: ref ¶14 in the verdict, no such addition applied
WARNING: 54:48: ref ¶21 in the verdict, no such addition applied
WARNING: 20:105: ref ¶6 in the verdict, no such addition applied
WARNING: 20:106: ref ¶6 in the verdict, no such addition applied
WARNING: 80:34: ref ¶13 in the verdict, no such addition applied
WARNING: 80:35: ref ¶13 in the verdict, no such addition applied
WARNING: 80:42: ref ¶13 in the verdict, no such addition applied
WARNING: 86:6: ref ¶9 in the verdict, no such addition applied
WARNING: 86:7: ref ¶9 in the verdict, no such addition applied
WARNING: 86:10: ref ¶9 in the verdict, no such addition applied
WARNING: consecutive ayat as separate references: ¶19: 6:74 and 6:75
WARNING: consecutive ayat as separate references: ¶20: 2:142 and 2:143
tokens: in 42899 (cached 4864), out 35241 (reasoning 26585), commands 0
out/88_2/DM.r13.images.r13.map3.nohft.tool.tool.tool/augment.augment9.luna.max: ok $0.0 23/23 applied 282s
out/88_3/DM.r13.images.r13.map3.nohft.tool.tool.tool/augment.augment9.luna.max: 212 passages, ~47,908 tokens in; subscription, no USD (gpt-6-luna, effort max)
WARNING: not applied (¶17, 35:35): already cited in this paragraph
WARNING: 9:105: ref ¶13 in the verdict, no such addition applied
WARNING: 9:120: ref ¶5 in the verdict, no such addition applied
WARNING: 24:39: ref ¶11 in the verdict, no such addition applied
WARNING: 32:17: ref ¶13 in the verdict, no such addition applied
WARNING: 76:22: ref ¶15 in the verdict, no such addition applied
WARNING: 92:4: ref ¶15 in the verdict, no such addition applied
WARNING: 92:5: ref ¶15 in the verdict, no such addition applied
WARNING: 92:6: ref ¶15 in the verdict, no such addition applied
WARNING: 92:7: ref ¶15 in the verdict, no such addition applied
WARNING: 92:8: ref ¶15 in the verdict, no such addition applied
WARNING: 92:9: ref ¶15 in the verdict, no such addition applied
WARNING: 92:10: ref ¶15 in the verdict, no such addition applied
WARNING: 94:7: ref ¶4 in the verdict, no such addition applied
WARNING: 99:7: ref ¶13 in the verdict, no such addition applied
WARNING: 99:8: ref ¶13 in the verdict, no such addition applied
WARNING: 2:286: ref ¶11 in the verdict, no such addition applied
WARNING: 3:136: ref ¶11 in the verdict, no such addition applied
WARNING: 4:124: ref ¶11 in the verdict, no such addition applied
WARNING: 5:9: ref ¶11 in the verdict, no such addition applied
WARNING: 9:17: ref ¶14 in the verdict, no such addition applied
WARNING: 10:14: ref ¶3 in the verdict, no such addition applied
WARNING: 14:51: ref ¶11 in the verdict, no such addition applied
WARNING: 14:51: ref ¶13 in the verdict, no such addition applied
WARNING: 15:93: ref ¶13 in the verdict, no such addition applied
WARNING: 16:96: ref ¶11 in the verdict, no such addition applied
WARNING: 16:97: ref ¶11 in the verdict, no such addition applied
WARNING: 19:76: ref ¶11 in the verdict, no such addition applied
WARNING: 20:112: ref ¶11 in the verdict, no such addition applied
WARNING: 21:47: ref ¶11 in the verdict, no such addition applied
WARNING: 21:47: ref ¶13 in the verdict, no such addition applied
WARNING: 21:94: ref ¶11 in the verdict, no such addition applied
WARNING: 28:77: ref ¶11 in the verdict, no such addition applied
WARNING: 32:19: ref ¶11 in the verdict, no such addition applied
WARNING: 33:19: ref ¶13 in the verdict, no such addition applied
WARNING: 33:19: ref ¶14 in the verdict, no such addition applied
WARNING: 37:61: ref ¶11 in the verdict, no such addition applied
WARNING: 37:61: ref ¶15 in the verdict, no such addition applied
WARNING: 40:40: ref ¶11 in the verdict, no such addition applied
WARNING: 41:46: ref ¶11 in the verdict, no such addition applied
WARNING: 41:50: ref ¶13 in the verdict, no such addition applied
WARNING: 42:20: ref ¶11 in the verdict, no such addition applied
WARNING: 43:72: ref ¶11 in the verdict, no such addition applied
WARNING: 45:15: ref ¶11 in the verdict, no such addition applied
WARNING: 46:14: ref ¶11 in the verdict, no such addition applied
WARNING: 52:16: ref ¶13 in the verdict, no such addition applied
WARNING: 52:21: ref ¶11 in the verdict, no such addition applied
WARNING: 53:31: ref ¶11 in the verdict, no such addition applied
WARNING: 56:24: ref ¶11 in the verdict, no such addition applied
WARNING: 57:10: ref ¶11 in the verdict, no such addition applied
WARNING: 64:9: ref ¶11 in the verdict, no such addition applied
WARNING: 74:38: ref ¶11 in the verdict, no such addition applied
WARNING: 80:39: ref ¶2 in the verdict, no such addition applied
WARNING: 84:25: ref ¶11 in the verdict, no such addition applied
WARNING: 95:6: ref ¶11 in the verdict, no such addition applied
WARNING: 55:44: ref ¶13 in the verdict, no such addition applied
WARNING: 74:10: ref ¶2 in the verdict, no such addition applied
WARNING: 80:41: ref ¶2 in the verdict, no such addition applied
WARNING: 2:202: ref ¶11 in the verdict, no such addition applied
WARNING: 29:58: ref ¶11 in the verdict, no such addition applied
WARNING: 29:58: ref ¶17 in the verdict, no such addition applied
WARNING: 33:31: ref ¶11 in the verdict, no such addition applied
WARNING: 80:38: ref ¶2 in the verdict, no such addition applied
WARNING: 3:190: ref ¶12 in the verdict, no such addition applied
WARNING: 3:192: ref ¶12 in the verdict, no such addition applied
WARNING: 3:193: ref ¶12 in the verdict, no such addition applied
WARNING: 3:194: ref ¶12 in the verdict, no such addition applied
WARNING: 3:196: ref ¶13 in the verdict, no such addition applied
WARNING: 3:197: ref ¶13 in the verdict, no such addition applied
WARNING: 18:101: ref ¶13 in the verdict, no such addition applied
WARNING: 18:102: ref ¶13 in the verdict, no such addition applied
WARNING: 18:106: ref ¶13 in the verdict, no such addition applied
WARNING: 35:36: context ¶17 in the verdict, no such addition applied
WARNING: 35:37: context ¶17 in the verdict, no such addition applied
WARNING: 52:12: ref ¶14 in the verdict, no such addition applied
WARNING: 52:15: ref ¶14 in the verdict, no such addition applied
WARNING: 52:17: ref ¶14 in the verdict, no such addition applied
WARNING: 52:18: ref ¶14 in the verdict, no such addition applied
WARNING: 88:8: ref ¶1 in the verdict, no such addition applied
WARNING: 88:8: ref ¶2 in the verdict, no such addition applied
WARNING: 88:12: ref ¶13 in the verdict, no such addition applied
WARNING: 80:40: ref ¶2 in the verdict, no such addition applied
WARNING: consecutive ayat as separate references: ¶13: 24:38 and 24:37
WARNING: consecutive ayat as separate references: ¶17: 88:11 and 88:12
WARNING: consecutive ayat as separate references: ¶17: 88:13 and 88:12
tokens: in 43048 (cached 4864), out 48376 (reasoning 38807), commands 0
out/88_3/DM.r13.images.r13.map3.nohft.tool.tool.tool/augment.augment9.luna.max: ok $0.0 17/18 applied 420s
