S103 s103-20261009: 15 Sol max image authors; expected ≈ $22 API-equivalent (S87 pilot: about 1M input tokens per image, mostly cached)
sec14: WARNING started earlier without a completed turn; needs a fresh run tag
sec12: ok, 10 annotations, 211 verdicts, $2.24
sec7: ok, 10 annotations, 354 verdicts, $2.88
sec13: ok, 10 annotations, 262 verdicts, $3.45
sec10: ok, 15 annotations, 271 verdicts, $3.51
sec6: ok, 15 annotations, 285 verdicts, $3.37
sec11: ok, 10 annotations, 222 verdicts, $3.57
sec9: failed, 15 annotations, 366 verdicts, $3.41
  WARNING verdict 238: evidence was not opened with corpus get: WLC:Exod.33.11
  WARNING verdict 239: evidence was not opened with corpus get: WLC:Ezek.37.22
sec3: failed, 15 annotations, 235 verdicts, $3.80
  WARNING call_6b81f55f75a944cbb3eef906f8787e64: command outside Bible image rules
sec4: failed, 15 annotations, 290 verdicts, $3.45
  WARNING call_f023ded37e9d4e709beaeafca7eaa573: command outside Bible image rules
sec5: ok, 15 annotations, 374 verdicts, $4.42
sec2: ok, 19 annotations, 318 verdicts, $4.39
sec8: failed, 10 annotations, 357 verdicts, $4.12
  WARNING call_eafeef4e2d104d56981cc6866a4fb6bd: command outside Bible image rules
sec1: failed, 18 annotations, 361 verdicts, $4.25
  WARNING call_fab1daf9257643469281f536b803364a: command outside Bible image rules
  WARNING call_015e0c2ae1d144ff98729b8a929ade54: command outside Bible image rules
  WARNING call_09cbd81d819e46f59dffc01d431a8326: command outside Bible image rules
sec15: ok, 20 annotations, 342 verdicts, $4.32
actual: $54.24 API-equivalent
{
  "status": "done"
}
