S103: merged 18 targets; 19 handoffs; models luna, sol
NOTE: prefetch without the Sefaria links of each WLC verse (--no-related); recorded in prefetch.json
  fetched [404] https://www.sefaria.org/api/v3/texts/1_Enoch_41%3A1?version=primary&version=translation -> raw/texts/1_Enoch_41%3A1.json
0 of 1 fetched
  fetched [404] https://www.sefaria.org/api/v3/texts/1_Enoch_47%3A3?version=primary&version=translation -> raw/texts/1_Enoch_47%3A3.json
0 of 1 fetched
  fetched [404] https://www.sefaria.org/api/v3/texts/1_Maccabees_2%3A31?version=primary&version=translation -> raw/texts/1_Maccabees_2%3A31.json
0 of 1 fetched
  fetched [404] https://www.sefaria.org/api/v3/texts/1_Maccabees_2%3A38?version=primary&version=translation -> raw/texts/1_Maccabees_2%3A38.json
0 of 1 fetched
  fetched [404] https://www.sefaria.org/api/v3/texts/1_Maccabees_2%3A50?version=primary&version=translation -> raw/texts/1_Maccabees_2%3A50.json
0 of 1 fetched
  fetched [404] https://www.sefaria.org/api/v3/texts/1QS_3%3A20-4%3A26?version=primary&version=translation -> raw/texts/1QS_3%3A20-4%3A26.json
0 of 1 fetched
  fetched [404] https://www.sefaria.org/api/v3/texts/1QS_5%3A24-25?version=primary&version=translation -> raw/texts/1QS_5%3A24-25.json
0 of 1 fetched
  fetched [404] https://www.sefaria.org/api/v3/texts/2_Baruch_24%3A1?version=primary&version=translation -> raw/texts/2_Baruch_24%3A1.json
0 of 1 fetched
  fetched [404] https://www.sefaria.org/api/v3/texts/2_Maccabees_7%3A2?version=primary&version=translation -> raw/texts/2_Maccabees_7%3A2.json
0 of 1 fetched
  fetched [404] https://www.sefaria.org/api/v3/texts/2_Maccabees_7%3A20?version=primary&version=translation -> raw/texts/2_Maccabees_7%3A20.json
0 of 1 fetched
  fetched [404] https://www.sefaria.org/api/v3/texts/2_Maccabees_7%3A21?version=primary&version=translation -> raw/texts/2_Maccabees_7%3A21.json
0 of 1 fetched
  fetched [404] https://www.sefaria.org/api/v3/texts/2_Maccabees_7%3A29?version=primary&version=translation -> raw/texts/2_Maccabees_7%3A29.json
0 of 1 fetched
  fetched [404] https://www.sefaria.org/api/v3/texts/2_Maccabees_7%3A9?version=primary&version=translation -> raw/texts/2_Maccabees_7%3A9.json
0 of 1 fetched
  fetched [404] https://www.sefaria.org/api/v3/texts/4_Ezra_%282_Esdras%29_7%3A33?version=primary&version=translation -> raw/texts/4_Ezra_%282_Esdras%29_7%3A33.json
0 of 1 fetched
  fetched [404] https://www.sefaria.org/api/v3/texts/4_Ezra_%282_Esdras%29_7%3A35?version=primary&version=translation -> raw/texts/4_Ezra_%282_Esdras%29_7%3A35.json
0 of 1 fetched
  fetched [404] https://www.sefaria.org/api/v3/texts/4_Ezra_13%3A10-11?version=primary&version=translation -> raw/texts/4_Ezra_13%3A10-11.json
0 of 1 fetched
  fetched [404] https://www.sefaria.org/api/v3/texts/4_Ezra_4%3A35?version=primary&version=translation -> raw/texts/4_Ezra_4%3A35.json
0 of 1 fetched
  fetched [404] https://www.sefaria.org/api/v3/texts/4_Ezra_4%3A36?version=primary&version=translation -> raw/texts/4_Ezra_4%3A36.json
0 of 1 fetched
  fetched [404] https://www.sefaria.org/api/v3/texts/4_Ezra_7%3A35?version=primary&version=translation -> raw/texts/4_Ezra_7%3A35.json
0 of 1 fetched
  fetched [404] https://www.sefaria.org/api/v3/texts/4_Ezra_7%3A6-9?version=primary&version=translation -> raw/texts/4_Ezra_7%3A6-9.json
0 of 1 fetched
  fetched [404] https://www.sefaria.org/api/v3/texts/4_Maccabees_1%3A1?version=primary&version=translation -> raw/texts/4_Maccabees_1%3A1.json
0 of 1 fetched
  fetched [404] https://www.sefaria.org/api/v3/texts/4_Maccabees_6?version=primary&version=translation -> raw/texts/4_Maccabees_6.json
0 of 1 fetched
SEFARIA:Arakhin.16b  [William Davidson Edition - Vocalized Aramaic (he), William Davidson Edition - English (en)]
1 of 1 fetched
  fetched [404] https://www.sefaria.org/api/v3/texts/Augustine%2C_City_of_God_15.26?version=primary&version=translation -> raw/texts/Augustine%2C_City_of_God_15.26.json
0 of 1 fetched
SEFARIA:Pirkei_Avot  [Torat Emet 357 (he), Mishnah Yomit by Dr. Joshua Kulp (en)]
1 of 1 fetched
SEFARIA:Pirkei_Avot  [Torat Emet 357 (he), Mishnah Yomit by Dr. Joshua Kulp (en)]
1 of 1 fetched
  fetched [404] https://www.sefaria.org/api/v3/texts/Babylonian_Talmud_Kiddushin_40b?version=primary&version=translation -> raw/texts/Babylonian_Talmud_Kiddushin_40b.json
0 of 1 fetched
  fetched [404] https://www.sefaria.org/api/v3/texts/Babylonian_Talmud_Rosh_Hashanah_16b?version=primary&version=translation -> raw/texts/Babylonian_Talmud_Rosh_Hashanah_16b.json
0 of 1 fetched
  fetched [404] https://www.sefaria.org/api/v3/texts/Babylonian_Talmud%2C_Arakhin_16b?version=primary&version=translation -> raw/texts/Babylonian_Talmud%2C_Arakhin_16b.json
0 of 1 fetched
  fetched [404] https://www.sefaria.org/api/v3/texts/Babylonian_Talmud%2C_Bava_Batra_147b?version=primary&version=translation -> raw/texts/Babylonian_Talmud%2C_Bava_Batra_147b.json
0 of 1 fetched
  fetched [404] https://www.sefaria.org/api/v3/texts/Babylonian_Talmud%2C_Bava_Metzia_30b?version=primary&version=translation -> raw/texts/Babylonian_Talmud%2C_Bava_Metzia_30b.json
0 of 1 fetched
  fetched [404] https://www.sefaria.org/api/v3/texts/Babylonian_Talmud%2C_Bava_Metzia_83a?version=primary&version=translation -> raw/texts/Babylonian_Talmud%2C_Bava_Metzia_83a.json
0 of 1 fetched
  fetched [404] https://www.sefaria.org/api/v3/texts/Babylonian_Talmud%2C_Bava_Metzia_84a?version=primary&version=translation -> raw/texts/Babylonian_Talmud%2C_Bava_Metzia_84a.json
0 of 1 fetched
  fetched [404] https://www.sefaria.org/api/v3/texts/Babylonian_Talmud%2C_Berakhot_26b?version=primary&version=translation -> raw/texts/Babylonian_Talmud%2C_Berakhot_26b.json
0 of 1 fetched
  fetched [404] https://www.sefaria.org/api/v3/texts/Babylonian_Talmud%2C_Berakhot_60b?version=primary&version=translation -> raw/texts/Babylonian_Talmud%2C_Berakhot_60b.json
0 of 1 fetched
  fetched [404] https://www.sefaria.org/api/v3/texts/Babylonian_Talmud%2C_Berakhot_64a?version=primary&version=translation -> raw/texts/Babylonian_Talmud%2C_Berakhot_64a.json
0 of 1 fetched
  fetched [404] https://www.sefaria.org/api/v3/texts/Babylonian_Talmud%2C_Eruvin_13b?version=primary&version=translation -> raw/texts/Babylonian_Talmud%2C_Eruvin_13b.json
0 of 1 fetched
  fetched [404] https://www.sefaria.org/api/v3/texts/Babylonian_Talmud%2C_Kiddushin_30b?version=primary&version=translation -> raw/texts/Babylonian_Talmud%2C_Kiddushin_30b.json
0 of 1 fetched
  fetched [404] https://www.sefaria.org/api/v3/texts/Babylonian_Talmud%2C_Makkot_10a?version=primary&version=translation -> raw/texts/Babylonian_Talmud%2C_Makkot_10a.json
0 of 1 fetched
  fetched [404] https://www.sefaria.org/api/v3/texts/Babylonian_Talmud%2C_Makkot_24a?version=primary&version=translation -> raw/texts/Babylonian_Talmud%2C_Makkot_24a.json
0 of 1 fetched
  fetched [404] https://www.sefaria.org/api/v3/texts/Babylonian_Talmud%2C_Pesahim_56a?version=primary&version=translation -> raw/texts/Babylonian_Talmud%2C_Pesahim_56a.json
0 of 1 fetched
  fetched [404] https://www.sefaria.org/api/v3/texts/Babylonian_Talmud%2C_Sanhedrin_6b?version=primary&version=translation -> raw/texts/Babylonian_Talmud%2C_Sanhedrin_6b.json
0 of 1 fetched
  fetched [404] https://www.sefaria.org/api/v3/texts/Babylonian_Talmud%2C_Shabbat_127a?version=primary&version=translation -> raw/texts/Babylonian_Talmud%2C_Shabbat_127a.json
0 of 1 fetched
  fetched [404] https://www.sefaria.org/api/v3/texts/Babylonian_Talmud%2C_Shabbat_31a?version=primary&version=translation -> raw/texts/Babylonian_Talmud%2C_Shabbat_31a.json
0 of 1 fetched
  fetched [404] https://www.sefaria.org/api/v3/texts/Babylonian_Talmud%2C_Shevuot_39a?version=primary&version=translation -> raw/texts/Babylonian_Talmud%2C_Shevuot_39a.json
0 of 1 fetched
  fetched [404] https://www.sefaria.org/api/v3/texts/Babylonian_Talmud%2C_Sotah_37a?version=primary&version=translation -> raw/texts/Babylonian_Talmud%2C_Sotah_37a.json
0 of 1 fetched
  fetched [404] https://www.sefaria.org/api/v3/texts/Babylonian_Talmud%2C_Ta%27anit_22a?version=primary&version=translation -> raw/texts/Babylonian_Talmud%2C_Ta%27anit_22a.json
0 of 1 fetched
  fetched [404] https://www.sefaria.org/api/v3/texts/Babylonian_Talmud%2C_Ta%27anit_23a?version=primary&version=translation -> raw/texts/Babylonian_Talmud%2C_Ta%27anit_23a.json
0 of 1 fetched
  fetched [404] https://www.sefaria.org/api/v3/texts/Babylonian_Talmud%2C_Yevamot_14b?version=primary&version=translation -> raw/texts/Babylonian_Talmud%2C_Yevamot_14b.json
0 of 1 fetched
  fetched [404] https://www.sefaria.org/api/v3/texts/Babylonian_Talmud%2C_Yevamot_65b?version=primary&version=translation -> raw/texts/Babylonian_Talmud%2C_Yevamot_65b.json
0 of 1 fetched
  fetched [404] https://www.sefaria.org/api/v3/texts/Babylonian_Talmud%2C_Yoma_9b?version=primary&version=translation -> raw/texts/Babylonian_Talmud%2C_Yoma_9b.json
0 of 1 fetched
SEFARIA:Bava_Kamma.60a  [William Davidson Edition - Vocalized Aramaic (he), William Davidson Edition - English (en)]
1 of 1 fetched
SEFARIA:Bava_Metzia.30b  [William Davidson Edition - Vocalized Aramaic (he), William Davidson Edition - English (en)]
1 of 1 fetched
SEFARIA:Bava_Metzia.32a  [William Davidson Edition - Vocalized Aramaic (he), William Davidson Edition - English (en)]
1 of 1 fetched
SEFARIA:Bava_Metzia.32b  [William Davidson Edition - Vocalized Aramaic (he), William Davidson Edition - English (en)]
1 of 1 fetched
SEFARIA:Bava_Metzia.85a  [William Davidson Edition - Vocalized Aramaic (he), William Davidson Edition - English (en)]
1 of 1 fetched
SEFARIA:Berakhot.26b  [William Davidson Edition - Vocalized Aramaic (he), William Davidson Edition - English (en)]
1 of 1 fetched
SEFARIA:Berakhot.2a  [William Davidson Edition - Vocalized Aramaic (he), William Davidson Edition - English (en)]
1 of 1 fetched
SEFARIA:Berakhot.40a  [William Davidson Edition - Vocalized Aramaic (he), William Davidson Edition - English (en)]
1 of 1 fetched
SEFARIA:Berakhot.5a  [William Davidson Edition - Vocalized Aramaic (he), William Davidson Edition - English (en)]
1 of 1 fetched
SEFARIA:Berakhot.5b  [William Davidson Edition - Vocalized Aramaic (he), William Davidson Edition - English (en)]
1 of 1 fetched
SEFARIA:Berakhot.60b  [William Davidson Edition - Vocalized Aramaic (he), William Davidson Edition - English (en)]
1 of 1 fetched
SEFARIA:Berakhot.6b  [William Davidson Edition - Vocalized Aramaic (he), William Davidson Edition - English (en)]
1 of 1 fetched
SEFARIA:Shemot_Rabbah.2.2  [Midrash Rabbah -- TE (he), The Sefaria Midrash Rabbah, 2022 (en)]
1 of 1 fetched
SEFARIA:Bereshit_Rabbah.32.6  [Midrash Rabbah -- TE (he), The Sefaria Midrash Rabbah, 2022 (en)]
1 of 1 fetched
SEFARIA:Bereshit_Rabbah.56.1  [Midrash Rabbah -- TE (he), The Sefaria Midrash Rabbah, 2022 (en)]
1 of 1 fetched
SEFARIA:Bereshit_Rabbah.56.8  [Midrash Rabbah -- TE (he), The Sefaria Midrash Rabbah, 2022 (en)]
1 of 1 fetched
SEFARIA:Bereshit_Rabbah.84.21  [Midrash Rabbah -- TE (he), The Sefaria Midrash Rabbah, 2022 (en)]
1 of 1 fetched
SEFARIA:Bereshit_Rabbah.89.1  [Midrash Rabbah -- TE (he), The Sefaria Midrash Rabbah, 2022 (en)]
1 of 1 fetched
SEFARIA:Bereshit_Rabbah.89.3  [Midrash Rabbah -- TE (he), The Sefaria Midrash Rabbah, 2022 (en)]
1 of 1 fetched
SEFARIA:Bereshit_Rabbah.8.5  [Midrash Rabbah -- TE (he), The Sefaria Midrash Rabbah, 2022 (en)]
1 of 1 fetched
SEFARIA:Bereshit_Rabbah.98.2  [Midrash Rabbah -- TE (he), The Sefaria Midrash Rabbah, 2022 (en)]
1 of 1 fetched
SEFARIA:Kiddushin.40b  [William Davidson Edition - Vocalized Aramaic (he), William Davidson Edition - English (en)]
1 of 1 fetched
SEFARIA:Makkot.10a  [William Davidson Edition - Vocalized Aramaic (he), William Davidson Edition - English (en)]
1 of 1 fetched
SEFARIA:Makkot.24a  [William Davidson Edition - Vocalized Aramaic (he), William Davidson Edition - English (en)]
1 of 1 fetched
SEFARIA:Menachot.53b  [William Davidson Edition - Vocalized Aramaic (he), William Davidson Edition - English (en)]
1 of 1 fetched
SEFARIA:Pirkei_Avot.1.1  [Torat Emet 357 (he), Mishnah Yomit by Dr. Joshua Kulp (en)]
1 of 1 fetched
SEFARIA:Pirkei_Avot.1.12  [Torat Emet 357 (he), Mishnah Yomit by Dr. Joshua Kulp (en)]
1 of 1 fetched
SEFARIA:Pirkei_Avot.1.14  [Torat Emet 357 (he), Mishnah Yomit by Dr. Joshua Kulp (en)]
1 of 1 fetched
SEFARIA:Pirkei_Avot.1.15  [Torat Emet 357 (he), Mishnah Yomit by Dr. Joshua Kulp (en)]
1 of 1 fetched
SEFARIA:Pirkei_Avot.1.17  [Torat Emet 357 (he), Mishnah Yomit by Dr. Joshua Kulp (en)]
1 of 1 fetched
SEFARIA:Pirkei_Avot.1.18  [Torat Emet 357 (he), Mishnah Yomit by Dr. Joshua Kulp (en)]
1 of 1 fetched
SEFARIA:Pirkei_Avot.1.2  [Torat Emet 357 (he), Mishnah Yomit by Dr. Joshua Kulp (en)]
1 of 1 fetched
SEFARIA:Pirkei_Avot.1.6  [Torat Emet 357 (he), Mishnah Yomit by Dr. Joshua Kulp (en)]
1 of 1 fetched
SEFARIA:Pirkei_Avot.2.1  [Torat Emet 357 (he), Mishnah Yomit by Dr. Joshua Kulp (en)]
1 of 1 fetched
SEFARIA:Pirkei_Avot.2.15  [Torat Emet 357 (he), Mishnah Yomit by Dr. Joshua Kulp (en)]
1 of 1 fetched
SEFARIA:Pirkei_Avot.2.16  [Torat Emet 357 (he), Mishnah Yomit by Dr. Joshua Kulp (en)]
1 of 1 fetched
SEFARIA:Pirkei_Avot.2.4  [Torat Emet 357 (he), Mishnah Yomit by Dr. Joshua Kulp (en)]
1 of 1 fetched
SEFARIA:Pirkei_Avot.3.1  [Torat Emet 357 (he), Mishnah Yomit by Dr. Joshua Kulp (en)]
1 of 1 fetched
SEFARIA:Pirkei_Avot.3.14  [Torat Emet 357 (he), Mishnah Yomit by Dr. Joshua Kulp (en)]
1 of 1 fetched
SEFARIA:Pirkei_Avot.3.15  [Torat Emet 357 (he), Mishnah Yomit by Dr. Joshua Kulp (en)]
1 of 1 fetched
SEFARIA:Pirkei_Avot.3.16  [Torat Emet 357 (he), Mishnah Yomit by Dr. Joshua Kulp (en)]
1 of 1 fetched
SEFARIA:Pirkei_Avot.3.2  [Torat Emet 357 (he), Mishnah Yomit by Dr. Joshua Kulp (en)]
1 of 1 fetched
SEFARIA:Pirkei_Avot.3.9  [Torat Emet 357 (he), Mishnah Yomit by Dr. Joshua Kulp (en)]
1 of 1 fetched
SEFARIA:Pirkei_Avot.4.1  [Torat Emet 357 (he), Mishnah Yomit by Dr. Joshua Kulp (en)]
1 of 1 fetched
SEFARIA:Pirkei_Avot.4.11  [Torat Emet 357 (he), Mishnah Yomit by Dr. Joshua Kulp (en)]
1 of 1 fetched
SEFARIA:Pirkei_Avot.4.16  [Torat Emet 357 (he), Mishnah Yomit by Dr. Joshua Kulp (en)]
1 of 1 fetched
SEFARIA:Pirkei_Avot.4.17  [Torat Emet 357 (he), Mishnah Yomit by Dr. Joshua Kulp (en)]
1 of 1 fetched
SEFARIA:Pirkei_Avot.4.2  [Torat Emet 357 (he), Mishnah Yomit by Dr. Joshua Kulp (en)]
1 of 1 fetched
SEFARIA:Pirkei_Avot.4.22  [Torat Emet 357 (he), Mishnah Yomit by Dr. Joshua Kulp (en)]
1 of 1 fetched
SEFARIA:Pirkei_Avot.5.10  [Torat Emet 357 (he), Mishnah Yomit by Dr. Joshua Kulp (en)]
1 of 1 fetched
SEFARIA:Pirkei_Avot.5.17  [Torat Emet 357 (he), Mishnah Yomit by Dr. Joshua Kulp (en)]
1 of 1 fetched
SEFARIA:Pirkei_Avot.5.21  [Torat Emet 357 (he), Mishnah Yomit by Dr. Joshua Kulp (en)]
1 of 1 fetched
SEFARIA:Mishnah_Berakhot.1.1  [Torat Emet 357 (he), William Davidson Edition - English (en)]
1 of 1 fetched
SEFARIA:Mishnah_Berakhot.1.2  [Torat Emet 357 (he), William Davidson Edition - English (en)]
1 of 1 fetched
SEFARIA:Mishnah_Berakhot.4.1  [Torat Emet 357 (he), William Davidson Edition - English (en)]
1 of 1 fetched
SEFARIA:Mishnah_Horayot.3.8  [Torat Emet 357 (he), William Davidson Edition - English (en)]
1 of 1 fetched
SEFARIA:Mishnah_Ketubot.4.4  [Torat Emet 357 (he), William Davidson Edition - English (en)]
1 of 1 fetched
SEFARIA:Mishnah_Makkot.2.5  [Torat Emet 357 (he), William Davidson Edition - English (en)]
1 of 1 fetched
SEFARIA:Mishnah_Makkot.2.6  [Torat Emet 357 (he), William Davidson Edition - English (en)]
1 of 1 fetched
SEFARIA:Mishnah_Peah.1.1  [Torat Emet 357 (he), Mishnah Yomit by Dr. Joshua Kulp (en)]
1 of 1 fetched
SEFARIA:Mishnah_Pesachim.10.5  [Torat Emet 357 (he), William Davidson Edition - English (en)]
1 of 1 fetched
SEFARIA:Mishnah_Rosh_Hashanah.1.2  [Torat Emet 357 (he), William Davidson Edition - English (en)]
1 of 1 fetched
SEFARIA:Mishnah_Rosh_Hashanah.3.8  [Torat Emet 357 (he), William Davidson Edition - English (en)]
1 of 1 fetched
SEFARIA:Mishnah_Sanhedrin.4.5  [Torat Emet 357 (he), William Davidson Edition - English (en)]
1 of 1 fetched
SEFARIA:Mishnah_Sanhedrin.5.1  [Torat Emet 357 (he), William Davidson Edition - English (en)]
1 of 1 fetched
SEFARIA:Mishnah_Ta'anit.1.1  [Torat Emet 357 (he), William Davidson Edition - English (en)]
1 of 1 fetched
SEFARIA:Mishnah_Ta'anit.2.1  [Torat Emet 357 (he), William Davidson Edition - English (en)]
1 of 1 fetched
SEFARIA:Mishnah_Ta'anit.3.8  [Torat Emet 357 (he), William Davidson Edition - English (en)]
1 of 1 fetched
SEFARIA:Mishnah_Yoma.8.1  [Torat Emet 357 (he), William Davidson Edition - English (en)]
1 of 1 fetched
  fetched [404] https://www.sefaria.org/api/v3/texts/Mishnah%2C_Avot_1%3A17?version=primary&version=translation -> raw/texts/Mishnah%2C_Avot_1%3A17.json
0 of 1 fetched
  fetched [404] https://www.sefaria.org/api/v3/texts/Mishnah%2C_Avot_2%3A15?version=primary&version=translation -> raw/texts/Mishnah%2C_Avot_2%3A15.json
0 of 1 fetched
  fetched [404] https://www.sefaria.org/api/v3/texts/Mishnah%2C_Avot_2%3A16?version=primary&version=translation -> raw/texts/Mishnah%2C_Avot_2%3A16.json
0 of 1 fetched
  fetched [404] https://www.sefaria.org/api/v3/texts/Mishnah%2C_Avot_3%3A16?version=primary&version=translation -> raw/texts/Mishnah%2C_Avot_3%3A16.json
0 of 1 fetched
  fetched [404] https://www.sefaria.org/api/v3/texts/Mishnah%2C_Avot_3%3A5?version=primary&version=translation -> raw/texts/Mishnah%2C_Avot_3%3A5.json
0 of 1 fetched
  fetched [404] https://www.sefaria.org/api/v3/texts/Mishnah%2C_Avot_4%3A17?version=primary&version=translation -> raw/texts/Mishnah%2C_Avot_4%3A17.json
0 of 1 fetched
  fetched [404] https://www.sefaria.org/api/v3/texts/Mishnah%2C_Shevuot_4%3A1?version=primary&version=translation -> raw/texts/Mishnah%2C_Shevuot_4%3A1.json
0 of 1 fetched
SEFARIA:Pesachim.56a  [William Davidson Edition - Vocalized Aramaic (he), William Davidson Edition - English (en)]
1 of 1 fetched
SEFARIA:Pirkei_Avot.1.17  [Torat Emet 357 (he), Mishnah Yomit by Dr. Joshua Kulp (en)]
1 of 1 fetched
SEFARIA:Pirkei_Avot.1.6  [Torat Emet 357 (he), Mishnah Yomit by Dr. Joshua Kulp (en)]
1 of 1 fetched
SEFARIA:Pirkei_Avot.2.15  [Torat Emet 357 (he), Mishnah Yomit by Dr. Joshua Kulp (en)]
1 of 1 fetched
SEFARIA:Pirkei_Avot.2.16  [Torat Emet 357 (he), Mishnah Yomit by Dr. Joshua Kulp (en)]
1 of 1 fetched
SEFARIA:Pirkei_Avot.3.17  [Torat Emet 357 (he), Mishnah Yomit by Dr. Joshua Kulp (en)]
1 of 1 fetched
SEFARIA:Pirkei_Avot.3.5  [Torat Emet 357 (he), Mishnah Yomit by Dr. Joshua Kulp (en)]
1 of 1 fetched
SEFARIA:Pirkei_Avot.4.1  [Torat Emet 357 (he), Mishnah Yomit by Dr. Joshua Kulp (en)]
1 of 1 fetched
SEFARIA:Pirkei_Avot.4.16  [Torat Emet 357 (he), Mishnah Yomit by Dr. Joshua Kulp (en)]
1 of 1 fetched
SEFARIA:Pirkei_Avot.4.20  [Torat Emet 357 (he), Mishnah Yomit by Dr. Joshua Kulp (en)]
1 of 1 fetched
SEFARIA:Pirkei_Avot.5.23  [Torat Emet 357 (he), Mishnah Yomit by Dr. Joshua Kulp (en)]
1 of 1 fetched
SEFARIA:Rosh_Hashanah.16b  [William Davidson Edition - Vocalized Aramaic (he), William Davidson Edition - English (en)]
1 of 1 fetched
SEFARIA:Rosh_Hashanah.29a  [William Davidson Edition - Vocalized Aramaic (he), William Davidson Edition - English (en)]
1 of 1 fetched
SEFARIA:Sanhedrin.108b  [William Davidson Edition - Vocalized Aramaic (he), William Davidson Edition - English (en)]
1 of 1 fetched
SEFARIA:Sanhedrin.37a  [William Davidson Edition - Vocalized Aramaic (he), William Davidson Edition - English (en)]
1 of 1 fetched
SEFARIA:Shabbat.127a  [William Davidson Edition - Vocalized Aramaic (he), William Davidson Edition - English (en)]
1 of 1 fetched
SEFARIA:Shabbat.128b  [William Davidson Edition - Vocalized Aramaic (he), William Davidson Edition - English (en)]
1 of 1 fetched
SEFARIA:Shabbat.153a  [William Davidson Edition - Vocalized Aramaic (he), William Davidson Edition - English (en)]
1 of 1 fetched
SEFARIA:Shabbat.31a  [William Davidson Edition - Vocalized Aramaic (he), William Davidson Edition - English (en)]
1 of 1 fetched
SEFARIA:Shabbat.54b  [William Davidson Edition - Vocalized Aramaic (he), William Davidson Edition - English (en)]
1 of 1 fetched
SEFARIA:Shabbat.55a  [William Davidson Edition - Vocalized Aramaic (he), William Davidson Edition - English (en)]
1 of 1 fetched
SEFARIA:Shevuot.39a  [William Davidson Edition - Vocalized Aramaic (he), William Davidson Edition - English (en)]
1 of 1 fetched
  fetched [404] https://www.sefaria.org/api/v3/texts/Sifra%2C_Kedoshim_4%3A12?version=primary&version=translation -> raw/texts/Sifra%2C_Kedoshim_4%3A12.json
0 of 1 fetched
SEFARIA:Ben_Sira.10.14  [Ben Sira, David Kahana ed. -- Wikisource  (he), Sefaria Community Translation (en)]
1 of 1 fetched
SEFARIA:Ben_Sira.10.19  [Ben Sira, David Kahana ed. -- Wikisource  (he), Sefaria Community Translation (en)]
1 of 1 fetched
SEFARIA:Ben_Sira.11.19  [Ben Sira, David Kahana ed. -- Wikisource  (he), Sefaria Community Translation (en)]
1 of 1 fetched
SEFARIA:Ben_Sira.11.26  [Ben Sira, David Kahana ed. -- Wikisource  (he), Sefaria Community Translation (en)]
1 of 1 fetched
SEFARIA:Ben_Sira.14.12  [Ben Sira, David Kahana ed. -- Wikisource  (he), The Wisdom of Ben Sira, Cambridge University Press, 1899 (en)]
1 of 1 fetched
SEFARIA:Ben_Sira.14.13  [Ben Sira, David Kahana ed. -- Wikisource  (he), The Wisdom of Ben Sira, Cambridge University Press, 1899 (en)]
1 of 1 fetched
  fetched [404] https://www.sefaria.org/api/v3/texts/Sirach_18%3A10?version=primary&version=translation -> raw/texts/Sirach_18%3A10.json
0 of 1 fetched
  fetched [404] https://www.sefaria.org/api/v3/texts/Sirach_18%3A30?version=primary&version=translation -> raw/texts/Sirach_18%3A30.json
0 of 1 fetched
  fetched [404] https://www.sefaria.org/api/v3/texts/Sirach_18%3A9?version=primary&version=translation -> raw/texts/Sirach_18%3A9.json
0 of 1 fetched
  fetched [404] https://www.sefaria.org/api/v3/texts/Sirach_19%3A12?version=primary&version=translation -> raw/texts/Sirach_19%3A12.json
0 of 1 fetched
SEFARIA:Ben_Sira.21.3  [Ben Sira, David Kahana ed. -- Wikisource  (he)]
1 of 1 fetched
SEFARIA:Ben_Sira.27.5  [Ben Sira, David Kahana ed. -- Wikisource  (he)]
1 of 1 fetched
SEFARIA:Ben_Sira.27.6  [Ben Sira, David Kahana ed. -- Wikisource  (he)]
1 of 1 fetched
  fetched [404] https://www.sefaria.org/api/v3/texts/Sirach_27%3A7?version=primary&version=translation -> raw/texts/Sirach_27%3A7.json
0 of 1 fetched
  fetched [404] https://www.sefaria.org/api/v3/texts/Sirach_28%3A17?version=primary&version=translation -> raw/texts/Sirach_28%3A17.json
0 of 1 fetched
  fetched [404] https://www.sefaria.org/api/v3/texts/Sirach_28%3A18?version=primary&version=translation -> raw/texts/Sirach_28%3A18.json
0 of 1 fetched
SEFARIA:Ben_Sira.28.2  [Ben Sira, David Kahana ed. -- Wikisource  (he)]
1 of 1 fetched
  fetched [404] https://www.sefaria.org/api/v3/texts/Sirach_28%3A8?version=primary&version=translation -> raw/texts/Sirach_28%3A8.json
0 of 1 fetched
  fetched [404] https://www.sefaria.org/api/v3/texts/Sirach_29%3A11?version=primary&version=translation -> raw/texts/Sirach_29%3A11.json
0 of 1 fetched
  fetched [404] https://www.sefaria.org/api/v3/texts/Sirach_29%3A14?version=primary&version=translation -> raw/texts/Sirach_29%3A14.json
0 of 1 fetched
  fetched [404] https://www.sefaria.org/api/v3/texts/Sirach_29%3A15?version=primary&version=translation -> raw/texts/Sirach_29%3A15.json
0 of 1 fetched
  fetched [404] https://www.sefaria.org/api/v3/texts/Sirach_29%3A3?version=primary&version=translation -> raw/texts/Sirach_29%3A3.json
0 of 1 fetched
SEFARIA:Ben_Sira.2.10  [Ben Sira, David Kahana ed. -- Wikisource  (he), Sefaria Community Translation (en)]
1 of 1 fetched
SEFARIA:Ben_Sira.2.2  [Ben Sira, David Kahana ed. -- Wikisource  (he), Sefaria Community Translation (en)]
1 of 1 fetched
SEFARIA:Ben_Sira.2.4  [Ben Sira, David Kahana ed. -- Wikisource  (he), Sefaria Community Translation (en)]
1 of 1 fetched
SEFARIA:Ben_Sira.2.5  [Ben Sira, David Kahana ed. -- Wikisource  (he), Sefaria Community Translation (en)]
1 of 1 fetched
SEFARIA:Ben_Sira.2.6  [Ben Sira, David Kahana ed. -- Wikisource  (he), Sefaria Community Translation (en)]
1 of 1 fetched
  fetched [404] https://www.sefaria.org/api/v3/texts/Sirach_33%3A22?version=primary&version=translation -> raw/texts/Sirach_33%3A22.json
0 of 1 fetched
  fetched [404] https://www.sefaria.org/api/v3/texts/Sirach_33%3A24?version=primary&version=translation -> raw/texts/Sirach_33%3A24.json
0 of 1 fetched
  fetched [404] https://www.sefaria.org/api/v3/texts/Sirach_33%3A25?version=primary&version=translation -> raw/texts/Sirach_33%3A25.json
0 of 1 fetched
SEFARIA:Ben_Sira_38.25-26  [Ben Sira, David Kahana ed. -- Wikisource  (he), The Wisdom of Ben Sira, Cambridge University Press, 1899 (en)]
1 of 1 fetched
SEFARIA:Ben_Sira.38.4  [Ben Sira, David Kahana ed. -- Wikisource  (he), The Wisdom of Ben Sira, Cambridge University Press, 1899 (en)]
1 of 1 fetched
SEFARIA:Ben_Sira.4.1  [Ben Sira, David Kahana ed. -- Wikisource  (he), The Wisdom of Ben Sira, Cambridge University Press, 1899 (en)]
1 of 1 fetched
SEFARIA:Ben_Sira.4.28  [Ben Sira, David Kahana ed. -- Wikisource  (he), The Wisdom of Ben Sira, Cambridge University Press, 1899 (en)]
1 of 1 fetched
SEFARIA:Ben_Sira.4.31  [Ben Sira, David Kahana ed. -- Wikisource  (he), The Wisdom of Ben Sira, Cambridge University Press, 1899 (en)]
1 of 1 fetched
SEFARIA:Ben_Sira.4.9  [Ben Sira, David Kahana ed. -- Wikisource  (he), The Wisdom of Ben Sira, Cambridge University Press, 1899 (en)]
1 of 1 fetched
SEFARIA:Ben_Sira.51.26  [Ben Sira, David Kahana ed. -- Wikisource  (he), The Wisdom of Ben Sira, Cambridge University Press, 1899 (en)]
1 of 1 fetched
SEFARIA:Ben_Sira.51.27  [Ben Sira, David Kahana ed. -- Wikisource  (he), The Wisdom of Ben Sira, Cambridge University Press, 1899 (en)]
1 of 1 fetched
SEFARIA:Ben_Sira.5.7  [Ben Sira, David Kahana ed. -- Wikisource  (he), The Wisdom of Ben Sira, Cambridge University Press, 1899 (en)]
1 of 1 fetched
SEFARIA:Ben_Sira.6.14  [Ben Sira, David Kahana ed. -- Wikisource  (he), The Wisdom of Ben Sira, Cambridge University Press, 1899 (en)]
1 of 1 fetched
SEFARIA:Ben_Sira.6.16  [Ben Sira, David Kahana ed. -- Wikisource  (he), The Wisdom of Ben Sira, Cambridge University Press, 1899 (en)]
1 of 1 fetched
SEFARIA:Ben_Sira.6.25  [Ben Sira, David Kahana ed. -- Wikisource  (he), The Wisdom of Ben Sira, Cambridge University Press, 1899 (en)]
1 of 1 fetched
  fetched [404] https://www.sefaria.org/api/v3/texts/Sirach_6%3A26?version=primary&version=translation -> raw/texts/Sirach_6%3A26.json
0 of 1 fetched
SEFARIA:Ben_Sira.6.30  [Ben Sira, David Kahana ed. -- Wikisource  (he), The Wisdom of Ben Sira, Cambridge University Press, 1899 (en)]
1 of 1 fetched
SEFARIA:Sotah.21a  [William Davidson Edition - Vocalized Aramaic (he), William Davidson Edition - English (en)]
1 of 1 fetched
  fetched [404] https://www.sefaria.org/api/v3/texts/Susanna_%28Theodotion%29_51-59?version=primary&version=translation -> raw/texts/Susanna_%28Theodotion%29_51-59.json
0 of 1 fetched
SEFARIA:Taanit.23a  [William Davidson Edition - Vocalized Aramaic (he), William Davidson Edition - English (en)]
1 of 1 fetched
SEFARIA:Taanit.7a  [William Davidson Edition - Vocalized Aramaic (he), William Davidson Edition - English (en)]
1 of 1 fetched
SEFARIA:Taanit.5b  [William Davidson Edition - Vocalized Aramaic (he), William Davidson Edition - English (en)]
1 of 1 fetched
SEFARIA:Taanit.7a  [William Davidson Edition - Vocalized Aramaic (he), William Davidson Edition - English (en)]
1 of 1 fetched
  fetched [404] https://www.sefaria.org/api/v3/texts/Targum_Onkelos_on_Genesis_15%3A6?version=primary&version=translation -> raw/texts/Targum_Onkelos_on_Genesis_15%3A6.json
0 of 1 fetched
  fetched [404] https://www.sefaria.org/api/v3/texts/Targum_Onkelos%2C_Genesis_15%3A6?version=primary&version=translation -> raw/texts/Targum_Onkelos%2C_Genesis_15%3A6.json
0 of 1 fetched
SEFARIA:Aramaic_Targum_to_Psalms.91.4  [Mikraot Gedolot (he), The Psalms Targum: An English Translation (Edward M. Cook) (en)]
1 of 1 fetched
  fetched [404] https://www.sefaria.org/api/v3/texts/Testament_of_Abraham%2C_Recension_A_13?version=primary&version=translation -> raw/texts/Testament_of_Abraham%2C_Recension_A_13.json
0 of 1 fetched
  fetched [404] https://www.sefaria.org/api/v3/texts/Testament_of_Gad_6?version=primary&version=translation -> raw/texts/Testament_of_Gad_6.json
0 of 1 fetched
  fetched [404] https://www.sefaria.org/api/v3/texts/Testament_of_Job_46%E2%80%9353?version=primary&version=translation -> raw/texts/Testament_of_Job_46%E2%80%9353.json
0 of 1 fetched
  fetched [404] https://www.sefaria.org/api/v3/texts/Tobit_11%3A13?version=primary&version=translation -> raw/texts/Tobit_11%3A13.json
0 of 1 fetched
  fetched [404] https://www.sefaria.org/api/v3/texts/Tobit_12%3A8?version=primary&version=translation -> raw/texts/Tobit_12%3A8.json
0 of 1 fetched
  fetched [404] https://www.sefaria.org/api/v3/texts/Tobit_4%3A10?version=primary&version=translation -> raw/texts/Tobit_4%3A10.json
0 of 1 fetched
  fetched [404] https://www.sefaria.org/api/v3/texts/Tobit_4%3A16?version=primary&version=translation -> raw/texts/Tobit_4%3A16.json
0 of 1 fetched
SEFARIA:Book_of_Tobit.4.3  [The Book of Tobit, Hebrew translation, by A. Neubauer, 1878 (he), The Book of Tobit, English translation by A. Neubauer, 1878 (en)]
1 of 1 fetched
SEFARIA:Book_of_Tobit.4.7  [The Book of Tobit, Hebrew translation, by A. Neubauer, 1878 (he), The Book of Tobit, English translation by A. Neubauer, 1878 (en)]
1 of 1 fetched
  fetched [404] https://www.sefaria.org/api/v3/texts/Tobit_4%3A9?version=primary&version=translation -> raw/texts/Tobit_4%3A9.json
0 of 1 fetched
SEFARIA:The_Wisdom_of_Solomon.2.20  [Chokhmat Shlomo, Warsaw 1885 (he)]
1 of 1 fetched
SEFARIA:The_Wisdom_of_Solomon.10.4  [Chokhmat Shlomo, Warsaw 1885 (he)]
1 of 1 fetched
SEFARIA:The_Wisdom_of_Solomon_18.15-16  [Chokhmat Shlomo, Warsaw 1885 (he)]
1 of 1 fetched
SEFARIA:The_Wisdom_of_Solomon.2.1  [Chokhmat Shlomo, Warsaw 1885 (he), Sefaria Community Translation (en)]
1 of 1 fetched
SEFARIA:The_Wisdom_of_Solomon.2.19  [Chokhmat Shlomo, Warsaw 1885 (he)]
1 of 1 fetched
SEFARIA:The_Wisdom_of_Solomon.2.2  [Chokhmat Shlomo, Warsaw 1885 (he), Sefaria Community Translation (en)]
1 of 1 fetched
SEFARIA:The_Wisdom_of_Solomon.2.20  [Chokhmat Shlomo, Warsaw 1885 (he)]
1 of 1 fetched
SEFARIA:The_Wisdom_of_Solomon.2.4  [Chokhmat Shlomo, Warsaw 1885 (he)]
1 of 1 fetched
SEFARIA:The_Wisdom_of_Solomon.2.5  [Chokhmat Shlomo, Warsaw 1885 (he)]
1 of 1 fetched
SEFARIA:The_Wisdom_of_Solomon.3.1  [Chokhmat Shlomo, Warsaw 1885 (he)]
1 of 1 fetched
SEFARIA:The_Wisdom_of_Solomon.3.5  [Chokhmat Shlomo, Warsaw 1885 (he)]
1 of 1 fetched
SEFARIA:The_Wisdom_of_Solomon.3.6  [Chokhmat Shlomo, Warsaw 1885 (he)]
1 of 1 fetched
SEFARIA:The_Wisdom_of_Solomon.3.9  [Chokhmat Shlomo, Warsaw 1885 (he)]
1 of 1 fetched
SEFARIA:The_Wisdom_of_Solomon.5.1  [Chokhmat Shlomo, Warsaw 1885 (he)]
1 of 1 fetched
SEFARIA:The_Wisdom_of_Solomon.5.15  [Chokhmat Shlomo, Warsaw 1885 (he)]
1 of 1 fetched
SEFARIA:The_Wisdom_of_Solomon_5.17-20  [Chokhmat Shlomo, Warsaw 1885 (he)]
1 of 1 fetched
SEFARIA:The_Wisdom_of_Solomon.5.3  [Chokhmat Shlomo, Warsaw 1885 (he)]
1 of 1 fetched
SEFARIA:The_Wisdom_of_Solomon.5.4  [Chokhmat Shlomo, Warsaw 1885 (he)]
1 of 1 fetched
SEFARIA:The_Wisdom_of_Solomon.5.8  [Chokhmat Shlomo, Warsaw 1885 (he)]
1 of 1 fetched
SEFARIA:The_Wisdom_of_Solomon.5.9  [Chokhmat Shlomo, Warsaw 1885 (he)]
1 of 1 fetched
SEFARIA:The_Wisdom_of_Solomon.6.5  [Chokhmat Shlomo, Warsaw 1885 (he)]
1 of 1 fetched
SEFARIA:The_Wisdom_of_Solomon.6.6  [Chokhmat Shlomo, Warsaw 1885 (he)]
1 of 1 fetched
SEFARIA:The_Wisdom_of_Solomon.6.7  [Chokhmat Shlomo, Warsaw 1885 (he)]
1 of 1 fetched
SEFARIA:The_Wisdom_of_Solomon.9.15  [Chokhmat Shlomo, Warsaw 1885 (he)]
1 of 1 fetched
  fetched [404] https://www.sefaria.org/api/v3/texts/b._Shabbat_88b?version=primary&version=translation -> raw/texts/b._Shabbat_88b.json
0 of 1 fetched
WARNING: Bible source gap: 1 Clement 12
WARNING: Bible source gap: 1 Clement 12:7
WARNING: Bible source gap: 1 Clement 13:1
WARNING: Bible source gap: 1 Clement 34:2
WARNING: Bible source gap: 1 Clement 37:5
WARNING: Bible source gap: 1 Clement 38.1-2
WARNING: Bible source gap: 1 Clement 38:1
WARNING: Bible source gap: 1 Clement 38:2
WARNING: Bible source gap: 1 Clement 44:1
WARNING: Bible source gap: 1 Clement 46:5
WARNING: Bible source gap: 1 Clement 49:4
WARNING: Bible source gap: 1 Clement 54:1
WARNING: Bible source gap: Augustine, City of God 15.26
WARNING: Bible source gap: Augustine, City of God 20.14
WARNING: Bible source gap: Augustine, Confessions 11.20.26
WARNING: Bible source gap: Augustine, Confessions 13.9.10
WARNING: Bible source gap: Augustine, Confessions 9.11.27
WARNING: Bible source gap: Augustine, Tractates on John 121
WARNING: Bible source gap: Augustine, Tractates on the Gospel of John 121.5
WARNING: Bible source gap: Didache 1.1
WARNING: Bible source gap: Didache 11.8-12
WARNING: Bible source gap: Didache 14:1
WARNING: Bible source gap: Didache 14:2
WARNING: Bible source gap: Didache 15.3
WARNING: Bible source gap: Didache 15:3
WARNING: Bible source gap: Didache 16.1
WARNING: Bible source gap: Didache 16.2
WARNING: Bible source gap: Didache 16:1
WARNING: Bible source gap: Didache 16:2
WARNING: Bible source gap: Didache 16:5
WARNING: Bible source gap: Didache 1:1
WARNING: Bible source gap: Didache 1:3
WARNING: Bible source gap: Didache 1:5
WARNING: Bible source gap: Didache 1:6
WARNING: Bible source gap: Didache 2:7
WARNING: Bible source gap: Didache 4.1
WARNING: Bible source gap: Didache 4.2
WARNING: Bible source gap: Didache 4.3
WARNING: Bible source gap: Didache 4:3
WARNING: Bible source gap: Didache 4:5
WARNING: Bible source gap: Didache 4:8
WARNING: Bible source gap: Didache 4:9
WARNING: Bible source gap: Didache 8.3
WARNING: Bible source gap: Didache 8:1
WARNING: Bible source gap: Didache 8:3
WARNING: Bible source gap: Epistle of Barnabas 18:1
WARNING: Bible source gap: Gospel of Thomas 25
WARNING: Bible source gap: Gospel of Thomas 3
WARNING: Bible source gap: Gospel of Thomas 59
WARNING: Bible source gap: Gospel of Thomas 63
WARNING: Bible source gap: Gospel of Thomas 90
WARNING: Bible source gap: Gregory of Tours, Glory of the Martyrs 1.95
WARNING: Bible source gap: Gregory of Tours, Glory of the Martyrs 94
WARNING: Bible source gap: Gregory the Great, Homilies on the Gospels 19
WARNING: Bible source gap: Gregory the Great, Homilies on the Gospels 26.7
WARNING: Bible source gap: Ignatius of Antioch, Letter to the Romans 4:1
WARNING: Bible source gap: Ignatius of Antioch, To the Ephesians 9:1
WARNING: Bible source gap: Ignatius, Ephesians 20:2
WARNING: Bible source gap: Ignatius, Ephesians 9:1
WARNING: Bible source gap: Ignatius, Letter to Polycarp 1:2
WARNING: Bible source gap: Ignatius, Letter to Polycarp 3:1
WARNING: Bible source gap: Justin Martyr, Dialogue with Trypho 138
WARNING: Bible source gap: Justin Martyr, First Apology 12
WARNING: Bible source gap: Justin Martyr, First Apology 67
WARNING: Bible source gap: Martyrdom of Polycarp 11:2
WARNING: Bible source gap: Protevangelium of James 8
WARNING: Bible source gap: Shepherd of Hermas, Mandate 5
WARNING: Bible source gap: Shepherd of Hermas, Mandate 5.1
WARNING: Bible source gap: Shepherd of Hermas, Similitude 2
WARNING: Bible source gap: Shepherd of Hermas, Similitude 5.3
WARNING: Bible source gap: Shepherd of Hermas, Vision 3 (tower vision)
WARNING: Bible source gap: Shepherd of Hermas, Vision 3.2
WARNING: Bible source gap: Shepherd of Hermas, Vision 3.3
WARNING: Bible source gap: Tertullian, Apology 39
WARNING: Bible source gap: Tertullian, On Prayer 25
WARNING: Bible source gap: Wisdom of Solomon 18:15
WARNING: Bible source gap: Wisdom of Solomon 18:16
WARNING: Bible source gap: Wisdom of Solomon 5:21
WARNING: Bible source gap: 1 Enoch 41:1
WARNING: Bible source gap: 1 Enoch 47:3
WARNING: Bible source gap: 1 Maccabees 2:31
WARNING: Bible source gap: 1 Maccabees 2:38
WARNING: Bible source gap: 1 Maccabees 2:50
WARNING: Bible source gap: 1QS 3:20-4:26
WARNING: Bible source gap: 1QS 5:24-25
WARNING: Bible source gap: 2 Baruch 24:1
WARNING: Bible source gap: 2 Maccabees 7:2
WARNING: Bible source gap: 2 Maccabees 7:20
WARNING: Bible source gap: 2 Maccabees 7:21
WARNING: Bible source gap: 2 Maccabees 7:29
WARNING: Bible source gap: 2 Maccabees 7:9
WARNING: Bible source gap: 4 Ezra (2 Esdras) 7:33
WARNING: Bible source gap: 4 Ezra (2 Esdras) 7:35
WARNING: Bible source gap: 4 Ezra 13:10-11
WARNING: Bible source gap: 4 Ezra 4:35
WARNING: Bible source gap: 4 Ezra 4:36
WARNING: Bible source gap: 4 Ezra 7:35
WARNING: Bible source gap: 4 Ezra 7:6-9
WARNING: Bible source gap: 4 Maccabees 1:1
WARNING: Bible source gap: 4 Maccabees 6
WARNING: Bible source gap: Babylonian Talmud Kiddushin 40b
WARNING: Bible source gap: Babylonian Talmud Rosh Hashanah 16b
WARNING: Bible source gap: Babylonian Talmud, Arakhin 16b
WARNING: Bible source gap: Babylonian Talmud, Bava Batra 147b
WARNING: Bible source gap: Babylonian Talmud, Bava Metzia 30b
WARNING: Bible source gap: Babylonian Talmud, Bava Metzia 83a
WARNING: Bible source gap: Babylonian Talmud, Bava Metzia 84a
WARNING: Bible source gap: Babylonian Talmud, Berakhot 26b
WARNING: Bible source gap: Babylonian Talmud, Berakhot 60b
WARNING: Bible source gap: Babylonian Talmud, Berakhot 64a
WARNING: Bible source gap: Babylonian Talmud, Eruvin 13b
WARNING: Bible source gap: Babylonian Talmud, Kiddushin 30b
WARNING: Bible source gap: Babylonian Talmud, Makkot 10a
WARNING: Bible source gap: Babylonian Talmud, Makkot 24a
WARNING: Bible source gap: Babylonian Talmud, Pesahim 56a
WARNING: Bible source gap: Babylonian Talmud, Sanhedrin 6b
WARNING: Bible source gap: Babylonian Talmud, Shabbat 127a
WARNING: Bible source gap: Babylonian Talmud, Shabbat 31a
WARNING: Bible source gap: Babylonian Talmud, Shevuot 39a
WARNING: Bible source gap: Babylonian Talmud, Sotah 37a
WARNING: Bible source gap: Babylonian Talmud, Ta'anit 22a
WARNING: Bible source gap: Babylonian Talmud, Ta'anit 23a
WARNING: Bible source gap: Babylonian Talmud, Yevamot 14b
WARNING: Bible source gap: Babylonian Talmud, Yevamot 65b
WARNING: Bible source gap: Babylonian Talmud, Yoma 9b
WARNING: Bible source gap: Mishnah, Avot 1:17
WARNING: Bible source gap: Mishnah, Avot 2:15
WARNING: Bible source gap: Mishnah, Avot 2:16
WARNING: Bible source gap: Mishnah, Avot 3:16
WARNING: Bible source gap: Mishnah, Avot 3:5
WARNING: Bible source gap: Mishnah, Avot 4:17
WARNING: Bible source gap: Mishnah, Shevuot 4:1
WARNING: Bible source gap: Sifra, Kedoshim 4:12
WARNING: Bible source gap: Sirach 18:10
WARNING: Bible source gap: Sirach 18:30
WARNING: Bible source gap: Sirach 18:9
WARNING: Bible source gap: Sirach 19:12
WARNING: Bible source gap: Sirach 27:7
WARNING: Bible source gap: Sirach 28:17
WARNING: Bible source gap: Sirach 28:18
WARNING: Bible source gap: Sirach 28:8
WARNING: Bible source gap: Sirach 29:11
WARNING: Bible source gap: Sirach 29:14
WARNING: Bible source gap: Sirach 29:15
WARNING: Bible source gap: Sirach 29:3
WARNING: Bible source gap: Sirach 33:22
WARNING: Bible source gap: Sirach 33:24
WARNING: Bible source gap: Sirach 33:25
WARNING: Bible source gap: Sirach 6:26
WARNING: Bible source gap: Susanna (Theodotion) 51-59
WARNING: Bible source gap: Targum Onkelos on Genesis 15:6
WARNING: Bible source gap: Targum Onkelos, Genesis 15:6
WARNING: Bible source gap: Testament of Abraham, Recension A 13
WARNING: Bible source gap: Testament of Gad 6
WARNING: Bible source gap: Testament of Job 46–53
WARNING: Bible source gap: Tobit 11:13
WARNING: Bible source gap: Tobit 12:8
WARNING: Bible source gap: Tobit 4:10
WARNING: Bible source gap: Tobit 4:16
WARNING: Bible source gap: Tobit 4:9
WARNING: Bible source gap: b. Shabbat 88b
prefetch: 2582 candidates; 162 gaps; 0 errors
