7513 segments, 264 chunks, 10,289,573 characters, 264 spawn files
  c01  1 sources  24 segments  41,585 chars: BURSEVI
  c02  1 sources  22 segments  40,635 chars: BURSEVI
  c03  1 sources  24 segments  41,822 chars: BURSEVI
  c04  1 sources  21 segments  41,595 chars: BURSEVI
  c05  1 sources  23 segments  40,185 chars: BURSEVI
  c06  1 sources  15 segments  28,114 chars: BURSEVI
  c07  1 sources  51 segments  44,671 chars: QASHANI
  c08  2 sources  26 segments  38,843 chars: QASHANI QUSHAYRI
  c09  1 sources  76 segments  47,145 chars: SULAMI
  c10  1 sources  34 segments  27,395 chars: SULAMI
  c11  1 sources 109 segments  38,472 chars: TUSTARI
  c12  1 sources  27 segments  17,533 chars: AKHFASH
  c13  2 sources  94 segments  45,145 chars: FARRA IBNQUTAYBA-GHARIB
  c14  1 sources  26 segments  10,798 chars: MAJAZ
  c15  1 sources  31 segments  42,649 chars: NAHHAS
  c16  1 sources   3 segments   4,405 chars: NAHHAS
  c17  1 sources  26 segments  41,817 chars: SAMIN-DURR
  c18  1 sources  50 segments  44,593 chars: SAMIN-DURR
  c19  1 sources  64 segments  45,907 chars: SAMIN-DURR
  c20  1 sources  49 segments  43,649 chars: SAMIN-DURR
  c21  2 sources  51 segments  42,688 chars: SAMIN-DURR ZAJJAJ
  c22  1 sources 101 segments  50,045 chars: ASAD-NOTES
  c23  1 sources  80 segments  41,893 chars: ASAD-NOTES
  c24  1 sources  27 segments  43,803 chars: CORPUSCORANICUM
  c25  1 sources  53 segments  48,115 chars: CORPUSCORANICUM
  c26  1 sources  37 segments  45,473 chars: CORPUSCORANICUM
  c27  1 sources  24 segments  43,094 chars: CORPUSCORANICUM
  c28  1 sources  17 segments  40,888 chars: CORPUSCORANICUM
  c29  1 sources  32 segments  39,082 chars: CORPUSCORANICUM
  c30  1 sources  14 segments  41,690 chars: CORPUSCORANICUM
  c31  1 sources  12 segments  18,178 chars: CORPUSCORANICUM
  c32  1 sources  32 segments  42,647 chars: SAMARRAI-LAMASAT
  c33  1 sources  31 segments  42,110 chars: SAMARRAI-LAMASAT
  c34  1 sources  17 segments  20,582 chars: SAMARRAI-LAMASAT
  c35  1 sources  26 segments  42,668 chars: SAMARRAI-LAMASAT-HALAQAT
  c36  1 sources  29 segments  41,910 chars: SAMARRAI-LAMASAT-HALAQAT
  c37  1 sources  13 segments  19,126 chars: SAMARRAI-LAMASAT-HALAQAT
  c38  1 sources  18 segments  41,191 chars: ISLAHI-TADABBUR
  c39  1 sources  17 segments  41,757 chars: ISLAHI-TADABBUR
  c40  1 sources  17 segments  39,395 chars: ISLAHI-TADABBUR
  c41  1 sources  16 segments  39,376 chars: ISLAHI-TADABBUR
  c42  1 sources  15 segments  41,182 chars: ISLAHI-TADABBUR
  c43  1 sources  17 segments  39,434 chars: ISLAHI-TADABBUR
  c44  1 sources  16 segments  41,391 chars: ISLAHI-TADABBUR
  c45  1 sources  15 segments  35,352 chars: ISLAHI-TADABBUR
  c46  1 sources  27 segments  41,775 chars: FARISI-HUJJA
  c47  1 sources  33 segments  35,723 chars: FARISI-HUJJA
  c48  3 sources  31 segments  35,274 chars: IBNJINNI-MUHTASAB IBNKHALAWAYH-HUJJA IBNMUJAHID
  c49  2 sources 165 segments  53,936 chars: QIRAAT-ER ABDURRAZZAQ
  c50  1 sources  22 segments  42,226 chars: ABUHAYYAN-FULL
  c51  1 sources  24 segments  42,835 chars: ABUHAYYAN-FULL
  c52  1 sources  26 segments  42,764 chars: ABUHAYYAN-FULL
  c53  2 sources  30 segments  41,482 chars: ABUHAYYAN-FULL ALUSI
  c54  1 sources  17 segments  40,245 chars: ALUSI-FULL
  c55  1 sources  16 segments  41,285 chars: ALUSI-FULL
  c56  1 sources  16 segments  39,830 chars: ALUSI-FULL
  c57  1 sources  17 segments  41,409 chars: ALUSI-FULL
  c58  1 sources  23 segments  40,511 chars: ALUSI-FULL
  c59  1 sources  37 segments  42,737 chars: ALUSI-FULL
  c60  1 sources  36 segments  42,728 chars: ALUSI-FULL
  c61  1 sources  33 segments  41,986 chars: ALUSI-FULL
  c62  1 sources  25 segments  42,439 chars: ALUSI-FULL
  c63  1 sources  25 segments  42,421 chars: ALUSI-FULL
  c64  1 sources  18 segments  41,039 chars: ALUSI-FULL
  c65  1 sources  29 segments  42,868 chars: ALUSI-FULL
  c66  1 sources  28 segments  42,226 chars: ALUSI-FULL
  c67  1 sources  20 segments  40,692 chars: ALUSI-FULL
  c68  1 sources  19 segments  41,814 chars: ALUSI-FULL
  c69  1 sources  18 segments  41,887 chars: ALUSI-FULL
  c70  2 sources  14 segments  18,967 chars: ALUSI-FULL BAGHAWI
  c71  1 sources  40 segments  43,589 chars: BAGHAWI-FULL
  c72  1 sources  37 segments  42,469 chars: BAGHAWI-FULL
  c73  1 sources  22 segments  25,538 chars: BAGHAWI-FULL
  c74  1 sources  47 segments  44,688 chars: BAYDAWI-FULL
  c75  1 sources  29 segments  24,505 chars: BAYDAWI-FULL
  c76  1 sources  30 segments  41,403 chars: BINTSHATI
  c77  1 sources  30 segments  42,384 chars: BINTSHATI
  c78  1 sources  29 segments  41,456 chars: BINTSHATI
  c79  1 sources  29 segments  42,295 chars: BINTSHATI
  c80  1 sources  27 segments  41,128 chars: BINTSHATI
  c81  1 sources  16 segments  22,761 chars: BINTSHATI
  c82  1 sources  18 segments  41,553 chars: BIQAI-FULL
  c83  1 sources  19 segments  40,714 chars: BIQAI-FULL
  c84  1 sources  18 segments  41,233 chars: BIQAI-FULL
  c85  1 sources  19 segments  41,915 chars: BIQAI-FULL
  c86  1 sources  20 segments  41,034 chars: BIQAI-FULL
  c87  1 sources  21 segments  40,572 chars: BIQAI-FULL
  c88  1 sources  19 segments  40,620 chars: BIQAI-FULL
  c89  1 sources  20 segments  40,966 chars: BIQAI-FULL
  c90  1 sources  17 segments  41,953 chars: BIQAI-FULL
  c91  1 sources  16 segments  34,163 chars: BIQAI-FULL
  c92  1 sources  48 segments  40,850 chars: DURR
  c93  1 sources   1 segments   2,527 chars: DURR
  c94  1 sources  25 segments  41,332 chars: DURR-FULL
  c95  1 sources  26 segments  41,326 chars: DURR-FULL
  c96  1 sources  27 segments  40,748 chars: DURR-FULL
  c97  1 sources  25 segments  41,557 chars: DURR-FULL
  c98  1 sources  25 segments  41,030 chars: DURR-FULL
  c99  1 sources  24 segments  41,066 chars: DURR-FULL
  c100  1 sources   3 segments   5,000 chars: DURR-FULL
  c101  1 sources  72 segments  47,975 chars: IBNABIHATIM
  c102  1 sources  38 segments  25,249 chars: IBNABIHATIM
  c103  1 sources  29 segments  41,949 chars: IBNASHUR
  c104  1 sources  17 segments  26,938 chars: IBNASHUR
  c105  1 sources  22 segments  41,957 chars: IBNASHUR-FULL
  c106  1 sources  23 segments  42,401 chars: IBNASHUR-FULL
  c107  1 sources  24 segments  42,240 chars: IBNASHUR-FULL
  c108  1 sources  25 segments  41,753 chars: IBNASHUR-FULL
  c109  1 sources  25 segments  42,890 chars: IBNASHUR-FULL
  c110  1 sources  25 segments  42,705 chars: IBNASHUR-FULL
  c111  1 sources  24 segments  42,106 chars: IBNASHUR-FULL
  c112  1 sources  27 segments  43,259 chars: IBNASHUR-FULL
  c113  1 sources  26 segments  42,522 chars: IBNASHUR-FULL
  c114  1 sources  26 segments  42,425 chars: IBNASHUR-FULL
  c115  1 sources   5 segments   9,065 chars: IBNASHUR-FULL
  c116  1 sources  27 segments  43,744 chars: IBNATIYYA-FULL
  c117  1 sources  29 segments  42,817 chars: IBNATIYYA-FULL
  c118  1 sources  32 segments  43,764 chars: IBNATIYYA-FULL
  c119  1 sources   2 segments   2,843 chars: IBNATIYYA-FULL
  c120  1 sources 108 segments  52,071 chars: IBNJAWZI-ZAD
  c121  1 sources  84 segments  49,525 chars: IBNJAWZI-ZAD
  c122  1 sources  22 segments  15,084 chars: IBNJAWZI-ZAD
  c123  1 sources   1 segments  69,611 chars: IBNKATHIR
  c124  1 sources   5 segments  33,990 chars: IBNKATHIR
  c125  1 sources  16 segments  40,845 chars: IBNKATHIR
  c126  1 sources  18 segments  32,012 chars: IBNKATHIR
  c127  1 sources  38 segments  52,442 chars: IBNKATHIR-FULL
  c128  1 sources  28 segments  46,583 chars: IBNKATHIR-FULL
  c129  1 sources  29 segments  48,043 chars: IBNKATHIR-FULL
  c130  1 sources  29 segments  45,127 chars: IBNKATHIR-FULL
  c131  1 sources  16 segments  24,884 chars: IBNKATHIR-FULL
  c132  1 sources  24 segments  42,414 chars: JISHUMI
  c133  1 sources  25 segments  41,558 chars: JISHUMI
  c134  1 sources  20 segments  32,517 chars: JISHUMI
  c135  1 sources  99 segments  46,021 chars: KASHSHAF
  c136  1 sources  47 segments  27,471 chars: KASHSHAF
  c137  1 sources  39 segments  42,634 chars: KASHSHAF-FULL
  c138  1 sources  34 segments  42,502 chars: KASHSHAF-FULL
  c139  2 sources  48 segments  41,663 chars: KASHSHAF-FULL MAWARDI
  c140  1 sources  32 segments  43,590 chars: MAWARDI-FULL
  c141  1 sources  29 segments  42,395 chars: MAWARDI-FULL
  c142  2 sources  80 segments  46,939 chars: MAWARDI-FULL MUJAHID
  c143  1 sources  33 segments  42,319 chars: MUQATIL
  c144  1 sources  11 segments  14,419 chars: MUQATIL
  c145  1 sources 143 segments  56,037 chars: NASAFI-FULL
  c146  2 sources  86 segments  33,669 chars: NASAFI-FULL QURTUBI
  c147  1 sources  27 segments  41,230 chars: QURTUBI-FULL
  c148  1 sources  35 segments  43,640 chars: QURTUBI-FULL
  c149  1 sources  37 segments  43,397 chars: QURTUBI-FULL
  c150  1 sources  38 segments  42,897 chars: QURTUBI-FULL
  c151  1 sources  36 segments  43,637 chars: QURTUBI-FULL
  c152  1 sources  25 segments  41,342 chars: QURTUBI-FULL
  c153  1 sources  28 segments  41,465 chars: QURTUBI-FULL
  c154  1 sources  14 segments  20,313 chars: QURTUBI-FULL
  c155  1 sources  31 segments  42,009 chars: QUTB-ZILAL
  c156  1 sources  64 segments  44,455 chars: QUTB-ZILAL
  c157  1 sources  40 segments  42,592 chars: QUTB-ZILAL
  c158  1 sources  54 segments  43,524 chars: QUTB-ZILAL
  c159  1 sources  12 segments  38,208 chars: QUTB-ZILAL
  c160  1 sources  22 segments  40,495 chars: QUTB-ZILAL
  c161  1 sources  20 segments  27,992 chars: QUTB-ZILAL
  c162  1 sources  33 segments  40,932 chars: RAZI
  c163  1 sources   3 segments   3,299 chars: RAZI
  c164  1 sources  21 segments  41,447 chars: RAZI-FULL
  c165  1 sources  20 segments  41,339 chars: RAZI-FULL
  c166  1 sources  20 segments  42,056 chars: RAZI-FULL
  c167  1 sources  18 segments  40,864 chars: RAZI-FULL
  c168  1 sources  20 segments  40,506 chars: RAZI-FULL
  c169  1 sources  21 segments  41,794 chars: RAZI-FULL
  c170  1 sources  18 segments  41,485 chars: RAZI-FULL
  c171  1 sources  20 segments  42,157 chars: RAZI-FULL
  c172  1 sources  18 segments  41,665 chars: RAZI-FULL
  c173  1 sources  19 segments  41,684 chars: RAZI-FULL
  c174  1 sources  45 segments  44,010 chars: RAZI-FULL
  c175  1 sources  27 segments  42,218 chars: RAZI-FULL
  c176  1 sources  37 segments  43,462 chars: RAZI-FULL
  c177  1 sources  30 segments  41,612 chars: RAZI-FULL
  c178  1 sources  33 segments  43,363 chars: RAZI-FULL
  c179  1 sources  25 segments  41,147 chars: RAZI-FULL
  c180  1 sources  32 segments  43,136 chars: RAZI-FULL
  c181  1 sources  31 segments  42,432 chars: RAZI-FULL
  c182  1 sources  24 segments  42,271 chars: RAZI-FULL
  c183  1 sources  21 segments  39,048 chars: RAZI-FULL
  c184  1 sources  22 segments  41,184 chars: RAZI-FULL
  c185  1 sources  25 segments  41,845 chars: RAZI-FULL
  c186  1 sources  27 segments  42,624 chars: RAZI-FULL
  c187  1 sources  11 segments  11,904 chars: RAZI-FULL
  c188  1 sources  12 segments  40,743 chars: STUDYQURAN
  c189  1 sources  52 segments  45,214 chars: STUDYQURAN
  c190  1 sources  32 segments  43,019 chars: STUDYQURAN
  c191  1 sources  42 segments  44,048 chars: STUDYQURAN
  c192  1 sources  35 segments  43,480 chars: STUDYQURAN
  c193  1 sources   7 segments   8,457 chars: STUDYQURAN
  c194  1 sources  28 segments  41,582 chars: TAB
  c195  1 sources  21 segments  39,012 chars: TAB
  c196  1 sources  20 segments  40,347 chars: TAB
  c197  1 sources  12 segments  39,224 chars: TAB
  c198  1 sources  26 segments  44,719 chars: TAB-FULL
  c199  1 sources  24 segments  43,664 chars: TAB-FULL
  c200  1 sources  52 segments  55,478 chars: TAB-FULL
  c201  1 sources  37 segments  50,591 chars: TAB-FULL
  c202  1 sources  43 segments  51,986 chars: TAB-FULL
  c203  1 sources  47 segments  53,372 chars: TAB-FULL
  c204  1 sources  31 segments  48,991 chars: TAB-FULL
  c205  1 sources  27 segments  48,066 chars: TAB-FULL
  c206  1 sources  21 segments  30,222 chars: TAB-FULL
  c207  1 sources  23 segments  42,284 chars: TABATABAI
  c208  1 sources  21 segments  41,582 chars: TABATABAI
  c209  1 sources  22 segments  40,774 chars: TABATABAI
  c210  1 sources  21 segments  41,406 chars: TABATABAI
  c211  1 sources  17 segments  27,918 chars: TABATABAI
  c212  1 sources  26 segments  41,692 chars: TABRISI
  c213  1 sources  23 segments  42,092 chars: TABRISI
  c214  1 sources  26 segments  41,538 chars: TABRISI
  c215  1 sources  23 segments  42,287 chars: TABRISI
  c216  1 sources  21 segments  34,874 chars: TABRISI
  c217  1 sources  26 segments  43,316 chars: THALABI
  c218  1 sources  30 segments  43,870 chars: THALABI
  c219  1 sources  30 segments  43,684 chars: THALABI
  c220  1 sources  28 segments  42,556 chars: THALABI
  c221  1 sources  26 segments  42,879 chars: THALABI
  c222  1 sources   4 segments   5,017 chars: THALABI
  c223  1 sources  29 segments  42,168 chars: WAHIDI-BASIT
  c224  1 sources  61 segments  46,546 chars: WAHIDI-BASIT
  c225  1 sources  75 segments  47,384 chars: WAHIDI-BASIT
  c226  1 sources  54 segments  45,122 chars: WAHIDI-BASIT
  c227  1 sources  12 segments  11,198 chars: WAHIDI-BASIT
  c228  1 sources 243 segments  49,631 chars: WAHIDI-QT
  c229  1 sources  38 segments  19,372 chars: WAHIDI-WAJIZ
  c230  1 sources   6 segments  38,498 chars: ELMALILI
  c231  1 sources   6 segments  38,223 chars: ELMALILI
  c232  1 sources   8 segments  39,539 chars: ELMALILI
  c233  1 sources   7 segments  34,331 chars: ELMALILI
  c234  1 sources   6 segments  37,840 chars: ELMALILI
  c235  1 sources   8 segments  37,574 chars: ELMALILI
  c236  1 sources   7 segments  32,624 chars: ELMALILI
  c237  1 sources   6 segments  39,998 chars: ELMALILI
  c238  1 sources   8 segments  35,127 chars: ELMALILI
  c239  1 sources   9 segments  38,904 chars: ELMALILI
  c240  1 sources   8 segments  40,325 chars: ELMALILI
  c241  1 sources   9 segments  40,203 chars: ELMALILI
  c242  1 sources   9 segments  38,432 chars: ELMALILI
  c243  1 sources   8 segments  40,231 chars: ELMALILI
  c244  1 sources   8 segments  37,748 chars: ELMALILI
  c245  1 sources  11 segments  32,889 chars: ELMALILI
  c246  1 sources   7 segments  34,566 chars: ELMALILI
  c247  1 sources   6 segments  38,476 chars: ELMALILI
  c248  1 sources   7 segments  36,872 chars: ELMALILI
  c249  1 sources   8 segments  40,581 chars: ELMALILI
  c250  1 sources   7 segments  40,188 chars: ELMALILI
  c251  1 sources   7 segments  36,933 chars: ELMALILI
  c252  1 sources   7 segments  35,597 chars: ELMALILI
  c253  1 sources   6 segments  37,687 chars: ELMALILI
  c254  1 sources   7 segments  38,330 chars: ELMALILI
  c255  1 sources   7 segments  38,392 chars: ELMALILI
  c256  1 sources   6 segments  35,407 chars: ELMALILI
  c257  1 sources   6 segments  37,340 chars: ELMALILI
  c258  1 sources   6 segments  37,355 chars: ELMALILI
  c259  1 sources   8 segments  36,654 chars: ELMALILI
  c260  1 sources   7 segments  37,528 chars: ELMALILI
  c261  1 sources  22 segments  41,424 chars: KURANYOLU-TEFSIR
  c262  1 sources  26 segments  41,315 chars: KURANYOLU-TEFSIR
  c263  1 sources  15 segments  40,614 chars: KURANYOLU-TEFSIR
  c264  3 sources  32 segments  35,274 chars: KURANYOLU-TEFSIR SUYUTI-LUBAB WAHIDI-ASBAB
SKIPPED 1840 segment(s): already digested in s103-1 (each listed in manifest.json)
SKIPPED 218 segment(s): already digested in s103-23 (each listed in manifest.json)
SKIPPED 163 segment(s): already digested in test-20261007 (each listed in manifest.json)
SKIPPED 24162 segment(s): kind meal (each listed in manifest.json)
SKIPPED 295 segment(s): kind quran (each listed in manifest.json)
SKIPPED 590 segment(s): kind translation (each listed in manifest.json)
SKIPPED 3895 segment(s): short edition where the FULL edition covers the verse (each listed in manifest.json)
