NOTE surah-level S2: 1586 segments, 2,192,981 characters, reserved for the surah page (listed in manifest.json)
NOTE surah-level S3: 520 segments, 627,895 characters, reserved for the surah page (listed in manifest.json)
NOTE surah-level S4: 548 segments, 691,218 characters, reserved for the surah page (listed in manifest.json)
NOTE surah-level S5: 467 segments, 606,353 characters, reserved for the surah page (listed in manifest.json)
NOTE surah-level S6: 419 segments, 498,565 characters, reserved for the surah page (listed in manifest.json)
NOTE surah-level S7: 748 segments, 953,313 characters, reserved for the surah page (listed in manifest.json)
NOTE surah-level S8: 151 segments, 170,989 characters, reserved for the surah page (listed in manifest.json)
NOTE surah-level S9: 457 segments, 571,539 characters, reserved for the surah page (listed in manifest.json)
NOTE surah-level S10: 236 segments, 256,828 characters, reserved for the surah page (listed in manifest.json)
NOTE surah-level S11: 317 segments, 394,843 characters, reserved for the surah page (listed in manifest.json)
NOTE surah-level S13: 153 segments, 170,236 characters, reserved for the surah page (listed in manifest.json)
NOTE surah-level S14: 125 segments, 129,045 characters, reserved for the surah page (listed in manifest.json)
NOTE surah-level S15: 153 segments, 160,274 characters, reserved for the surah page (listed in manifest.json)
NOTE surah-level S16: 409 segments, 449,679 characters, reserved for the surah page (listed in manifest.json)
NOTE surah-level S20: 168 segments, 176,068 characters, reserved for the surah page (listed in manifest.json)
NOTE surah-level S21: 157 segments, 175,294 characters, reserved for the surah page (listed in manifest.json)
NOTE surah-level S22: 115 segments, 132,031 characters, reserved for the surah page (listed in manifest.json)
NOTE surah-level S23: 106 segments, 94,879 characters, reserved for the surah page (listed in manifest.json)
NOTE surah-level S24: 164 segments, 183,403 characters, reserved for the surah page (listed in manifest.json)
NOTE surah-level S25: 119 segments, 112,464 characters, reserved for the surah page (listed in manifest.json)
NOTE surah-level S26: 136 segments, 124,119 characters, reserved for the surah page (listed in manifest.json)
NOTE surah-level S27: 128 segments, 137,994 characters, reserved for the surah page (listed in manifest.json)
NOTE surah-level S28: 85 segments, 99,798 characters, reserved for the surah page (listed in manifest.json)
NOTE surah-level S29: 61 segments, 75,039 characters, reserved for the surah page (listed in manifest.json)
NOTE surah-level S30: 84 segments, 94,885 characters, reserved for the surah page (listed in manifest.json)
NOTE surah-level S32: 53 segments, 51,592 characters, reserved for the surah page (listed in manifest.json)
NOTE surah-level S33: 206 segments, 290,764 characters, reserved for the surah page (listed in manifest.json)
NOTE surah-level S34: 101 segments, 111,341 characters, reserved for the surah page (listed in manifest.json)
NOTE surah-level S36: 116 segments, 121,677 characters, reserved for the surah page (listed in manifest.json)
NOTE surah-level S37: 189 segments, 212,356 characters, reserved for the surah page (listed in manifest.json)
NOTE surah-level S39: 159 segments, 198,396 characters, reserved for the surah page (listed in manifest.json)
NOTE surah-level S40: 124 segments, 151,927 characters, reserved for the surah page (listed in manifest.json)
NOTE surah-level S41: 72 segments, 79,882 characters, reserved for the surah page (listed in manifest.json)
NOTE surah-level S42: 163 segments, 215,178 characters, reserved for the surah page (listed in manifest.json)
NOTE surah-level S43: 62 segments, 51,546 characters, reserved for the surah page (listed in manifest.json)
NOTE surah-level S45: 42 segments, 32,103 characters, reserved for the surah page (listed in manifest.json)
NOTE surah-level S46: 237 segments, 352,273 characters, reserved for the surah page (listed in manifest.json)
NOTE surah-level S47: 75 segments, 88,335 characters, reserved for the surah page (listed in manifest.json)
NOTE surah-level S48: 101 segments, 144,747 characters, reserved for the surah page (listed in manifest.json)
NOTE surah-level S51: 52 segments, 59,477 characters, reserved for the surah page (listed in manifest.json)
NOTE surah-level S53: 117 segments, 138,007 characters, reserved for the surah page (listed in manifest.json)
NOTE surah-level S55: 151 segments, 159,378 characters, reserved for the surah page (listed in manifest.json)
NOTE surah-level S56: 103 segments, 103,703 characters, reserved for the surah page (listed in manifest.json)
NOTE surah-level S59: 120 segments, 134,868 characters, reserved for the surah page (listed in manifest.json)
NOTE surah-level S60: 28 segments, 30,430 characters, reserved for the surah page (listed in manifest.json)
NOTE surah-level S67: 36 segments, 38,894 characters, reserved for the surah page (listed in manifest.json)
NOTE surah-level S68: 82 segments, 82,163 characters, reserved for the surah page (listed in manifest.json)
NOTE surah-level S70: 56 segments, 40,106 characters, reserved for the surah page (listed in manifest.json)
NOTE surah-level S72: 37 segments, 33,619 characters, reserved for the surah page (listed in manifest.json)
NOTE surah-level S74: 46 segments, 39,468 characters, reserved for the surah page (listed in manifest.json)
NOTE surah-level S78: 68 segments, 67,044 characters, reserved for the surah page (listed in manifest.json)
NOTE surah-level S79: 47 segments, 34,443 characters, reserved for the surah page (listed in manifest.json)
NOTE surah-level S80: 52 segments, 40,265 characters, reserved for the surah page (listed in manifest.json)
NOTE surah-level S81: 155 segments, 107,313 characters, reserved for the surah page (listed in manifest.json)
NOTE surah-level S82: 26 segments, 14,298 characters, reserved for the surah page (listed in manifest.json)
12501 segments, 1075 chunks, 19,814,182 characters, 1075 spawn files
  c01  1 sources  10 segments  18,811 chars: BURSEVI
  c02  1 sources  10 segments  18,774 chars: BURSEVI
  c03  1 sources  12 segments  19,949 chars: BURSEVI
  c04  1 sources  12 segments  19,526 chars: BURSEVI
  c05  1 sources  10 segments  18,705 chars: BURSEVI
  c06  1 sources  12 segments  19,454 chars: BURSEVI
  c07  1 sources  18 segments  19,438 chars: BURSEVI
  c08  1 sources  17 segments  19,903 chars: BURSEVI
  c09  1 sources  16 segments  18,690 chars: BURSEVI
  c10  1 sources  12 segments  18,584 chars: BURSEVI
  c11  1 sources  11 segments  17,815 chars: BURSEVI
  c12  1 sources  12 segments  19,048 chars: BURSEVI
  c13  1 sources  13 segments  18,820 chars: BURSEVI
  c14  1 sources  13 segments  19,760 chars: BURSEVI
  c15  1 sources  14 segments  19,318 chars: BURSEVI
  c16  1 sources  15 segments  19,495 chars: BURSEVI
  c17  1 sources  16 segments  19,977 chars: BURSEVI
  c18  1 sources  13 segments  18,779 chars: BURSEVI
  c19  1 sources  13 segments  19,670 chars: BURSEVI
  c20  1 sources  14 segments  19,825 chars: BURSEVI
  c21  1 sources  16 segments  18,792 chars: BURSEVI
  c22  1 sources  14 segments  19,580 chars: BURSEVI
  c23  1 sources   9 segments  19,139 chars: BURSEVI
  c24  1 sources  10 segments  19,324 chars: BURSEVI
  c25  1 sources  10 segments  18,512 chars: BURSEVI
  c26  1 sources   5 segments   9,263 chars: BURSEVI
  c27  1 sources  19 segments  19,329 chars: QASHANI
  c28  1 sources  19 segments  19,405 chars: QASHANI
  c29  1 sources  18 segments  19,155 chars: QASHANI
  c30  1 sources  16 segments  19,649 chars: QASHANI
  c31  1 sources  18 segments  18,122 chars: QASHANI
  c32  1 sources   8 segments  18,333 chars: QUSHAYRI
  c33  1 sources   8 segments  17,458 chars: QUSHAYRI
  c34  1 sources   9 segments  19,998 chars: QUSHAYRI
  c35  1 sources   9 segments  19,834 chars: QUSHAYRI
  c36  1 sources   8 segments  18,030 chars: QUSHAYRI
  c37  1 sources  10 segments  19,835 chars: QUSHAYRI
  c38  1 sources   8 segments  19,129 chars: QUSHAYRI
  c39  1 sources   8 segments  19,648 chars: QUSHAYRI
  c40  1 sources   3 segments   7,236 chars: QUSHAYRI
  c41  1 sources  30 segments  19,710 chars: SULAMI
  c42  1 sources  32 segments  19,607 chars: SULAMI
  c43  1 sources  33 segments  19,982 chars: SULAMI
  c44  1 sources  31 segments  19,100 chars: SULAMI
  c45  1 sources  19 segments   9,288 chars: SULAMI
  c46  1 sources  43 segments  19,920 chars: TUSTARI
  c47  1 sources   3 segments     848 chars: TUSTARI
  c48  1 sources  17 segments  19,816 chars: AKHFASH
  c49  1 sources  21 segments  19,980 chars: AKHFASH
  c50  1 sources  12 segments   9,052 chars: AKHFASH
  c51  1 sources  12 segments  19,175 chars: FARRA
  c52  1 sources  13 segments  18,432 chars: FARRA
  c53  1 sources  14 segments  19,282 chars: FARRA
  c54  1 sources   3 segments   4,686 chars: FARRA
  c55  1 sources  79 segments  19,953 chars: IBNQUTAYBA-GHARIB
  c56  1 sources  10 segments   2,428 chars: IBNQUTAYBA-GHARIB
  c57  1 sources  23 segments  19,973 chars: MAJAZ
  c58  1 sources  20 segments  16,143 chars: MAJAZ
  c59  1 sources  11 segments  18,644 chars: NAHHAS
  c60  1 sources  10 segments  19,226 chars: NAHHAS
  c61  1 sources  10 segments  18,695 chars: NAHHAS
  c62  1 sources  11 segments  18,779 chars: NAHHAS
  c63  1 sources  11 segments  18,950 chars: NAHHAS
  c64  1 sources  11 segments  19,306 chars: NAHHAS
  c65  1 sources  12 segments  18,832 chars: NAHHAS
  c66  1 sources  10 segments  19,741 chars: NAHHAS
  c67  1 sources  12 segments  19,889 chars: NAHHAS
  c68  1 sources  15 segments  18,292 chars: SAMIN-DURR
  c69  1 sources  15 segments  19,744 chars: SAMIN-DURR
  c70  1 sources  14 segments  19,108 chars: SAMIN-DURR
  c71  1 sources  13 segments  19,011 chars: SAMIN-DURR
  c72  1 sources  13 segments  19,001 chars: SAMIN-DURR
  c73  1 sources  15 segments  19,412 chars: SAMIN-DURR
  c74  1 sources  16 segments  19,944 chars: SAMIN-DURR
  c75  1 sources  11 segments  19,387 chars: SAMIN-DURR
  c76  1 sources  13 segments  19,838 chars: SAMIN-DURR
  c77  1 sources  19 segments  19,788 chars: SAMIN-DURR
  c78  1 sources  15 segments  19,687 chars: SAMIN-DURR
  c79  1 sources  19 segments  19,304 chars: SAMIN-DURR
  c80  1 sources  20 segments  19,883 chars: SAMIN-DURR
  c81  1 sources  24 segments  19,241 chars: SAMIN-DURR
  c82  1 sources  25 segments  19,971 chars: SAMIN-DURR
  c83  1 sources  28 segments  19,728 chars: SAMIN-DURR
  c84  1 sources  25 segments  18,684 chars: SAMIN-DURR
  c85  1 sources  23 segments  19,688 chars: SAMIN-DURR
  c86  1 sources   4 segments   2,842 chars: SAMIN-DURR
  c87  1 sources  18 segments  19,889 chars: ZAJJAJ
  c88  1 sources  13 segments  19,436 chars: ZAJJAJ
  c89  1 sources  15 segments  18,592 chars: ZAJJAJ
  c90  1 sources  16 segments  19,714 chars: ZAJJAJ
  c91  1 sources  18 segments  19,468 chars: ZAJJAJ
  c92  1 sources  18 segments  19,423 chars: ZAJJAJ
  c93  1 sources  20 segments  18,953 chars: ZAJJAJ
  c94  1 sources  17 segments  18,860 chars: ZAJJAJ
  c95  1 sources  14 segments  13,187 chars: ZAJJAJ
  c96  1 sources  37 segments  19,838 chars: ASAD-NOTES
  c97  1 sources  32 segments  19,890 chars: ASAD-NOTES
  c98  1 sources  37 segments  18,966 chars: ASAD-NOTES
  c99  1 sources  32 segments  19,501 chars: ASAD-NOTES
  c100  1 sources  45 segments  19,879 chars: ASAD-NOTES
  c101  1 sources  47 segments  19,844 chars: ASAD-NOTES
  c102  1 sources  37 segments  19,217 chars: ASAD-NOTES
  c103  1 sources  40 segments  18,954 chars: ASAD-NOTES
  c104  1 sources  28 segments  19,905 chars: ASAD-NOTES
  c105  1 sources  23 segments   9,817 chars: ASAD-NOTES
  c106  2 sources   3 segments  14,396 chars: SAMARRAI-ASRAR SAMARRAI-LAMASAT
  c107  1 sources   5 segments  16,895 chars: ISLAHI-TADABBUR
  c108  1 sources   5 segments  17,203 chars: ISLAHI-TADABBUR
  c109  1 sources   5 segments  18,901 chars: ISLAHI-TADABBUR
  c110  1 sources   5 segments  18,079 chars: ISLAHI-TADABBUR
  c111  1 sources   5 segments  19,182 chars: ISLAHI-TADABBUR
  c112  1 sources   5 segments  16,567 chars: ISLAHI-TADABBUR
  c113  1 sources   5 segments  19,190 chars: ISLAHI-TADABBUR
  c114  1 sources   5 segments  18,913 chars: ISLAHI-TADABBUR
  c115  1 sources   5 segments  16,771 chars: ISLAHI-TADABBUR
  c116  1 sources   5 segments  19,505 chars: ISLAHI-TADABBUR
  c117  1 sources   5 segments  17,740 chars: ISLAHI-TADABBUR
  c118  1 sources   5 segments  18,523 chars: ISLAHI-TADABBUR
  c119  1 sources   5 segments  18,751 chars: ISLAHI-TADABBUR
  c120  1 sources   5 segments  18,836 chars: ISLAHI-TADABBUR
  c121  1 sources   5 segments  16,301 chars: ISLAHI-TADABBUR
  c122  1 sources   5 segments  19,125 chars: ISLAHI-TADABBUR
  c123  1 sources   5 segments  18,843 chars: ISLAHI-TADABBUR
  c124  1 sources   5 segments  17,146 chars: ISLAHI-TADABBUR
  c125  1 sources   6 segments  19,504 chars: ISLAHI-TADABBUR
  c126  1 sources   5 segments  18,171 chars: ISLAHI-TADABBUR
  c127  1 sources   5 segments  19,505 chars: ISLAHI-TADABBUR
  c128  1 sources   7 segments  17,186 chars: ISLAHI-TADABBUR
  c129  1 sources   5 segments  17,632 chars: ISLAHI-TADABBUR
  c130  1 sources   5 segments  17,426 chars: ISLAHI-TADABBUR
  c131  1 sources   8 segments  18,197 chars: ISLAHI-TADABBUR
  c132  1 sources   6 segments  19,034 chars: ISLAHI-TADABBUR
  c133  1 sources   6 segments  18,362 chars: ISLAHI-TADABBUR
  c134  1 sources   6 segments  19,666 chars: ISLAHI-TADABBUR
  c135  1 sources   5 segments  16,897 chars: ISLAHI-TADABBUR
  c136  1 sources   6 segments  18,114 chars: ISLAHI-TADABBUR
  c137  1 sources   6 segments  19,430 chars: ISLAHI-TADABBUR
  c138  1 sources   6 segments  17,506 chars: ISLAHI-TADABBUR
  c139  1 sources   5 segments  18,953 chars: ISLAHI-TADABBUR
  c140  1 sources   5 segments  18,246 chars: ISLAHI-TADABBUR
  c141  1 sources   5 segments  17,424 chars: ISLAHI-TADABBUR
  c142  1 sources   5 segments  16,912 chars: ISLAHI-TADABBUR
  c143  1 sources   5 segments  18,219 chars: ISLAHI-TADABBUR
  c144  1 sources   6 segments  18,832 chars: ISLAHI-TADABBUR
  c145  1 sources   5 segments  17,433 chars: ISLAHI-TADABBUR
  c146  1 sources   5 segments  16,752 chars: ISLAHI-TADABBUR
  c147  1 sources   5 segments  17,390 chars: ISLAHI-TADABBUR
  c148  1 sources   6 segments  19,591 chars: ISLAHI-TADABBUR
  c149  1 sources   6 segments  18,733 chars: ISLAHI-TADABBUR
  c150  1 sources   6 segments  18,862 chars: ISLAHI-TADABBUR
  c151  1 sources   5 segments  16,692 chars: ISLAHI-TADABBUR
  c152  1 sources   5 segments  17,599 chars: ISLAHI-TADABBUR
  c153  1 sources   7 segments  19,201 chars: ISLAHI-TADABBUR
  c154  1 sources   6 segments  19,753 chars: ISLAHI-TADABBUR
  c155  1 sources   6 segments  18,496 chars: ISLAHI-TADABBUR
  c156  1 sources   7 segments  17,221 chars: ISLAHI-TADABBUR
  c157  1 sources   6 segments  19,589 chars: ISLAHI-TADABBUR
  c158  1 sources   6 segments  18,170 chars: ISLAHI-TADABBUR
  c159  1 sources   7 segments  17,682 chars: ISLAHI-TADABBUR
  c160  1 sources   6 segments  18,062 chars: ISLAHI-TADABBUR
  c161  1 sources   6 segments  18,003 chars: ISLAHI-TADABBUR
  c162  1 sources   6 segments  17,973 chars: ISLAHI-TADABBUR
  c163  1 sources   6 segments  17,254 chars: ISLAHI-TADABBUR
  c164  1 sources   6 segments  17,514 chars: ISLAHI-TADABBUR
  c165  1 sources   6 segments  17,392 chars: ISLAHI-TADABBUR
  c166  1 sources   6 segments  18,611 chars: ISLAHI-TADABBUR
  c167  1 sources   7 segments  19,319 chars: ISLAHI-TADABBUR
  c168  1 sources   7 segments  18,945 chars: ISLAHI-TADABBUR
  c169  1 sources   7 segments  18,008 chars: ISLAHI-TADABBUR
  c170  1 sources   7 segments  18,624 chars: ISLAHI-TADABBUR
  c171  1 sources   6 segments  17,486 chars: ISLAHI-TADABBUR
  c172  1 sources   7 segments  19,015 chars: ISLAHI-TADABBUR
  c173  1 sources   7 segments  18,834 chars: ISLAHI-TADABBUR
  c174  1 sources   7 segments  19,554 chars: ISLAHI-TADABBUR
  c175  1 sources   7 segments  19,139 chars: ISLAHI-TADABBUR
  c176  1 sources   7 segments  18,446 chars: ISLAHI-TADABBUR
  c177  1 sources   6 segments  17,094 chars: ISLAHI-TADABBUR
  c178  1 sources   6 segments  17,236 chars: ISLAHI-TADABBUR
  c179  1 sources   5 segments  17,070 chars: ISLAHI-TADABBUR
  c180  1 sources   6 segments  19,984 chars: ISLAHI-TADABBUR
  c181  1 sources   5 segments  17,779 chars: ISLAHI-TADABBUR
  c182  1 sources   5 segments  17,900 chars: ISLAHI-TADABBUR
  c183  1 sources   8 segments  19,999 chars: ISLAHI-TADABBUR
  c184  1 sources   5 segments  17,232 chars: ISLAHI-TADABBUR
  c185  1 sources   5 segments  17,437 chars: ISLAHI-TADABBUR
  c186  1 sources   6 segments  19,081 chars: ISLAHI-TADABBUR
  c187  1 sources   5 segments  17,301 chars: ISLAHI-TADABBUR
  c188  1 sources   5 segments  17,761 chars: ISLAHI-TADABBUR
  c189  1 sources   5 segments  16,804 chars: ISLAHI-TADABBUR
  c190  1 sources   7 segments  17,419 chars: ISLAHI-TADABBUR
  c191  1 sources   5 segments  17,209 chars: ISLAHI-TADABBUR
  c192  1 sources   5 segments  17,595 chars: ISLAHI-TADABBUR
  c193  1 sources   6 segments  19,963 chars: ISLAHI-TADABBUR
  c194  1 sources   6 segments  17,504 chars: ISLAHI-TADABBUR
  c195  1 sources   5 segments  17,770 chars: ISLAHI-TADABBUR
  c196  1 sources   6 segments  18,432 chars: ISLAHI-TADABBUR
  c197  1 sources   5 segments  18,147 chars: ISLAHI-TADABBUR
  c198  1 sources   5 segments  16,733 chars: ISLAHI-TADABBUR
  c199  1 sources   5 segments  18,262 chars: ISLAHI-TADABBUR
  c200  1 sources   5 segments  17,396 chars: ISLAHI-TADABBUR
  c201  1 sources   7 segments  17,295 chars: ISLAHI-TADABBUR
  c202  1 sources   5 segments  17,600 chars: ISLAHI-TADABBUR
  c203  1 sources   5 segments  18,601 chars: ISLAHI-TADABBUR
  c204  1 sources   5 segments  16,806 chars: ISLAHI-TADABBUR
  c205  1 sources   7 segments  18,147 chars: ISLAHI-TADABBUR
  c206  1 sources   7 segments  18,562 chars: ISLAHI-TADABBUR
  c207  1 sources   7 segments  16,609 chars: ISLAHI-TADABBUR
  c208  1 sources  14 segments  19,624 chars: FARISI-HUJJA
  c209  1 sources  15 segments  19,734 chars: FARISI-HUJJA
  c210  1 sources  15 segments  19,145 chars: FARISI-HUJJA
  c211  1 sources  29 segments  19,829 chars: FARISI-HUJJA
  c212  1 sources   1 segments   1,188 chars: FARISI-HUJJA
  c213  1 sources  12 segments  19,945 chars: IBNJINNI-MUHTASAB
  c214  1 sources   6 segments  10,339 chars: IBNJINNI-MUHTASAB
  c215  1 sources  17 segments  14,444 chars: IBNKHALAWAYH-HUJJA
  c216  1 sources  13 segments  18,860 chars: IBNMUJAHID
  c217  1 sources   6 segments   6,447 chars: IBNMUJAHID
  c218  1 sources  76 segments  19,939 chars: QIRAAT-ER
  c219  1 sources  75 segments  19,776 chars: QIRAAT-ER
  c220  1 sources  24 segments   6,662 chars: QIRAAT-ER
  c221  1 sources  41 segments  19,568 chars: ABDURRAZZAQ
  c222  1 sources  44 segments  16,413 chars: ABDURRAZZAQ
  c223  1 sources  10 segments  19,260 chars: ABUHAYYAN-FULL
  c224  1 sources  11 segments  19,257 chars: ABUHAYYAN-FULL
  c225  1 sources  10 segments  19,086 chars: ABUHAYYAN-FULL
  c226  1 sources  10 segments  17,993 chars: ABUHAYYAN-FULL
  c227  1 sources  10 segments  18,664 chars: ABUHAYYAN-FULL
  c228  1 sources  11 segments  19,813 chars: ABUHAYYAN-FULL
  c229  1 sources  11 segments  19,007 chars: ABUHAYYAN-FULL
  c230  1 sources   9 segments  18,503 chars: ABUHAYYAN-FULL
  c231  1 sources   9 segments  18,217 chars: ABUHAYYAN-FULL
  c232  1 sources  10 segments  19,391 chars: ABUHAYYAN-FULL
  c233  1 sources  10 segments  19,977 chars: ABUHAYYAN-FULL
  c234  1 sources  10 segments  19,560 chars: ABUHAYYAN-FULL
  c235  1 sources  11 segments  19,038 chars: ABUHAYYAN-FULL
  c236  1 sources  11 segments  19,157 chars: ABUHAYYAN-FULL
  c237  1 sources  11 segments  19,402 chars: ABUHAYYAN-FULL
  c238  1 sources  11 segments  19,166 chars: ABUHAYYAN-FULL
  c239  1 sources  10 segments  18,477 chars: ABUHAYYAN-FULL
  c240  1 sources  11 segments  19,787 chars: ABUHAYYAN-FULL
  c241  1 sources  11 segments  19,771 chars: ABUHAYYAN-FULL
  c242  1 sources  11 segments  18,212 chars: ABUHAYYAN-FULL
  c243  1 sources  11 segments  19,486 chars: ABUHAYYAN-FULL
  c244  1 sources  11 segments  19,025 chars: ABUHAYYAN-FULL
  c245  1 sources  11 segments  19,509 chars: ABUHAYYAN-FULL
  c246  1 sources  11 segments  18,262 chars: ABUHAYYAN-FULL
  c247  1 sources  11 segments  18,451 chars: ABUHAYYAN-FULL
  c248  1 sources  11 segments  18,499 chars: ABUHAYYAN-FULL
  c249  1 sources  10 segments  18,278 chars: ABUHAYYAN-FULL
  c250  1 sources   9 segments  18,645 chars: ABUHAYYAN-FULL
  c251  1 sources  11 segments  18,429 chars: ABUHAYYAN-FULL
  c252  1 sources  11 segments  19,814 chars: ABUHAYYAN-FULL
  c253  1 sources  10 segments  19,217 chars: ABUHAYYAN-FULL
  c254  1 sources  10 segments  19,458 chars: ABUHAYYAN-FULL
  c255  1 sources  10 segments  18,564 chars: ABUHAYYAN-FULL
  c256  1 sources  10 segments  18,831 chars: ABUHAYYAN-FULL
  c257  1 sources   9 segments  18,727 chars: ABUHAYYAN-FULL
  c258  1 sources  10 segments  19,062 chars: ABUHAYYAN-FULL
  c259  1 sources  10 segments  18,558 chars: ABUHAYYAN-FULL
  c260  1 sources  10 segments  19,109 chars: ABUHAYYAN-FULL
  c261  1 sources  10 segments  18,484 chars: ABUHAYYAN-FULL
  c262  1 sources  11 segments  19,204 chars: ABUHAYYAN-FULL
  c263  1 sources  11 segments  19,371 chars: ABUHAYYAN-FULL
  c264  1 sources  10 segments  18,863 chars: ABUHAYYAN-FULL
  c265  1 sources  10 segments  19,966 chars: ABUHAYYAN-FULL
  c266  1 sources  10 segments  18,953 chars: ABUHAYYAN-FULL
  c267  1 sources  10 segments  19,569 chars: ABUHAYYAN-FULL
  c268  1 sources  11 segments  19,939 chars: ABUHAYYAN-FULL
  c269  1 sources  10 segments  18,710 chars: ABUHAYYAN-FULL
  c270  1 sources  10 segments  18,845 chars: ABUHAYYAN-FULL
  c271  1 sources  11 segments  19,656 chars: ABUHAYYAN-FULL
  c272  1 sources  10 segments  19,762 chars: ABUHAYYAN-FULL
  c273  1 sources  11 segments  19,421 chars: ABUHAYYAN-FULL
  c274  1 sources  10 segments  19,896 chars: ABUHAYYAN-FULL
  c275  1 sources  10 segments  19,243 chars: ABUHAYYAN-FULL
  c276  1 sources  11 segments  19,025 chars: ABUHAYYAN-FULL
  c277  1 sources  10 segments  18,780 chars: ABUHAYYAN-FULL
  c278  1 sources  12 segments  19,267 chars: ABUHAYYAN-FULL
  c279  1 sources   9 segments  18,198 chars: ABUHAYYAN-FULL
  c280  1 sources  10 segments  19,677 chars: ABUHAYYAN-FULL
  c281  1 sources  10 segments  19,295 chars: ABUHAYYAN-FULL
  c282  1 sources   9 segments  18,333 chars: ABUHAYYAN-FULL
  c283  1 sources  10 segments  19,518 chars: ABUHAYYAN-FULL
  c284  1 sources  10 segments  19,455 chars: ABUHAYYAN-FULL
  c285  1 sources  10 segments  18,247 chars: ABUHAYYAN-FULL
  c286  1 sources  11 segments  19,600 chars: ABUHAYYAN-FULL
  c287  1 sources  10 segments  19,050 chars: ABUHAYYAN-FULL
  c288  1 sources  10 segments  18,704 chars: ABUHAYYAN-FULL
  c289  1 sources   9 segments  17,875 chars: ABUHAYYAN-FULL
  c290  1 sources  10 segments  19,159 chars: ABUHAYYAN-FULL
  c291  1 sources  10 segments  19,210 chars: ABUHAYYAN-FULL
  c292  1 sources  10 segments  18,408 chars: ABUHAYYAN-FULL
  c293  1 sources  11 segments  19,578 chars: ABUHAYYAN-FULL
  c294  1 sources  11 segments  19,930 chars: ABUHAYYAN-FULL
  c295  1 sources  11 segments  18,893 chars: ABUHAYYAN-FULL
  c296  1 sources  10 segments  19,088 chars: ABUHAYYAN-FULL
  c297  1 sources  10 segments  18,879 chars: ABUHAYYAN-FULL
  c298  1 sources  10 segments  18,173 chars: ABUHAYYAN-FULL
  c299  1 sources  10 segments  18,403 chars: ABUHAYYAN-FULL
  c300  1 sources  12 segments  19,964 chars: ABUHAYYAN-FULL
  c301  1 sources  10 segments  19,205 chars: ABUHAYYAN-FULL
  c302  1 sources  11 segments  19,719 chars: ABUHAYYAN-FULL
  c303  1 sources  12 segments  19,746 chars: ABUHAYYAN-FULL
  c304  1 sources  11 segments  18,893 chars: ABUHAYYAN-FULL
  c305  1 sources  11 segments  18,388 chars: ABUHAYYAN-FULL
  c306  1 sources  11 segments  19,426 chars: ABUHAYYAN-FULL
  c307  1 sources   9 segments  18,625 chars: ABUHAYYAN-FULL
  c308  1 sources  10 segments  18,812 chars: ABUHAYYAN-FULL
  c309  1 sources  10 segments  18,724 chars: ABUHAYYAN-FULL
  c310  1 sources  10 segments  19,513 chars: ABUHAYYAN-FULL
  c311  1 sources  10 segments  18,202 chars: ABUHAYYAN-FULL
  c312  1 sources  10 segments  19,639 chars: ABUHAYYAN-FULL
  c313  1 sources  11 segments  19,228 chars: ABUHAYYAN-FULL
  c314  1 sources  11 segments  19,881 chars: ABUHAYYAN-FULL
  c315  1 sources  11 segments  19,998 chars: ABUHAYYAN-FULL
  c316  1 sources  10 segments  18,975 chars: ABUHAYYAN-FULL
  c317  1 sources  10 segments  18,449 chars: ABUHAYYAN-FULL
  c318  1 sources  10 segments  19,101 chars: ABUHAYYAN-FULL
  c319  1 sources  10 segments  19,791 chars: ABUHAYYAN-FULL
  c320  1 sources  10 segments  18,776 chars: ABUHAYYAN-FULL
  c321  1 sources  10 segments  19,249 chars: ABUHAYYAN-FULL
  c322  1 sources  10 segments  18,571 chars: ABUHAYYAN-FULL
  c323  1 sources  11 segments  18,737 chars: ABUHAYYAN-FULL
  c324  1 sources  10 segments  18,530 chars: ABUHAYYAN-FULL
  c325  1 sources  11 segments  18,931 chars: ABUHAYYAN-FULL
  c326  1 sources  10 segments  18,923 chars: ABUHAYYAN-FULL
  c327  1 sources  10 segments  17,837 chars: ABUHAYYAN-FULL
  c328  1 sources  10 segments  19,616 chars: ABUHAYYAN-FULL
  c329  1 sources  11 segments  19,556 chars: ABUHAYYAN-FULL
  c330  1 sources  11 segments  19,722 chars: ABUHAYYAN-FULL
  c331  1 sources  10 segments  18,356 chars: ABUHAYYAN-FULL
  c332  1 sources  10 segments  18,512 chars: ABUHAYYAN-FULL
  c333  1 sources  11 segments  18,372 chars: ABUHAYYAN-FULL
  c334  1 sources  10 segments  18,216 chars: ABUHAYYAN-FULL
  c335  1 sources  10 segments  19,219 chars: ABUHAYYAN-FULL
  c336  1 sources  10 segments  19,112 chars: ABUHAYYAN-FULL
  c337  1 sources  11 segments  19,385 chars: ABUHAYYAN-FULL
  c338  1 sources  11 segments  19,828 chars: ABUHAYYAN-FULL
  c339  1 sources  10 segments  19,136 chars: ABUHAYYAN-FULL
  c340  1 sources  11 segments  19,842 chars: ABUHAYYAN-FULL
  c341  1 sources  11 segments  18,874 chars: ABUHAYYAN-FULL
  c342  1 sources  10 segments  17,166 chars: ABUHAYYAN-FULL
  c343  1 sources   7 segments  18,709 chars: ALUSI-FULL
  c344  1 sources   9 segments  18,992 chars: ALUSI-FULL
  c345  1 sources   8 segments  17,474 chars: ALUSI-FULL
  c346  1 sources   8 segments  18,492 chars: ALUSI-FULL
  c347  1 sources   9 segments  18,433 chars: ALUSI-FULL
  c348  1 sources   9 segments  18,243 chars: ALUSI-FULL
  c349  1 sources  11 segments  19,310 chars: ALUSI-FULL
  c350  1 sources   9 segments  17,049 chars: ALUSI-FULL
  c351  1 sources   8 segments  18,689 chars: ALUSI-FULL
  c352  1 sources  10 segments  17,124 chars: ALUSI-FULL
  c353  1 sources  10 segments  18,235 chars: ALUSI-FULL
  c354  1 sources   8 segments  19,587 chars: ALUSI-FULL
  c355  1 sources  10 segments  19,736 chars: ALUSI-FULL
  c356  1 sources  10 segments  19,014 chars: ALUSI-FULL
  c357  1 sources  12 segments  18,456 chars: ALUSI-FULL
  c358  1 sources  11 segments  18,017 chars: ALUSI-FULL
  c359  1 sources  11 segments  19,714 chars: ALUSI-FULL
  c360  1 sources  11 segments  17,441 chars: ALUSI-FULL
  c361  1 sources  11 segments  19,387 chars: ALUSI-FULL
  c362  1 sources   9 segments  19,802 chars: ALUSI-FULL
  c363  1 sources   9 segments  19,492 chars: ALUSI-FULL
  c364  1 sources   7 segments  17,271 chars: ALUSI-FULL
  c365  1 sources   9 segments  18,682 chars: ALUSI-FULL
  c366  1 sources  10 segments  18,891 chars: ALUSI-FULL
  c367  1 sources  10 segments  18,717 chars: ALUSI-FULL
  c368  1 sources   8 segments  19,249 chars: ALUSI-FULL
  c369  1 sources  10 segments  18,835 chars: ALUSI-FULL
  c370  1 sources  10 segments  18,854 chars: ALUSI-FULL
  c371  1 sources  10 segments  19,540 chars: ALUSI-FULL
  c372  1 sources   9 segments  17,393 chars: ALUSI-FULL
  c373  1 sources  11 segments  18,722 chars: ALUSI-FULL
  c374  1 sources  12 segments  18,802 chars: ALUSI-FULL
  c375  1 sources  12 segments  19,578 chars: ALUSI-FULL
  c376  1 sources  13 segments  19,710 chars: ALUSI-FULL
  c377  1 sources  13 segments  18,777 chars: ALUSI-FULL
  c378  1 sources  14 segments  19,032 chars: ALUSI-FULL
  c379  1 sources  15 segments  18,887 chars: ALUSI-FULL
  c380  1 sources  12 segments  19,884 chars: ALUSI-FULL
  c381  1 sources  11 segments  19,135 chars: ALUSI-FULL
  c382  1 sources  16 segments  19,132 chars: ALUSI-FULL
  c383  1 sources  10 segments  19,096 chars: ALUSI-FULL
  c384  1 sources  12 segments  19,944 chars: ALUSI-FULL
  c385  1 sources  14 segments  18,381 chars: ALUSI-FULL
  c386  1 sources  10 segments  19,518 chars: ALUSI-FULL
  c387  1 sources  11 segments  18,878 chars: ALUSI-FULL
  c388  1 sources  15 segments  18,404 chars: ALUSI-FULL
  c389  1 sources  14 segments  19,607 chars: ALUSI-FULL
  c390  1 sources  13 segments  17,675 chars: ALUSI-FULL
  c391  1 sources   3 segments   5,070 chars: ALUSI-FULL
  c392  1 sources  15 segments  19,685 chars: BAGHAWI-FULL
  c393  1 sources  13 segments  19,790 chars: BAGHAWI-FULL
  c394  1 sources  15 segments  19,907 chars: BAGHAWI-FULL
  c395  1 sources  17 segments  19,821 chars: BAGHAWI-FULL
  c396  1 sources  19 segments  19,882 chars: BAGHAWI-FULL
  c397  1 sources  18 segments  19,293 chars: BAGHAWI-FULL
  c398  1 sources  18 segments  19,755 chars: BAGHAWI-FULL
  c399  1 sources  21 segments  19,894 chars: BAGHAWI-FULL
  c400  1 sources  23 segments  19,740 chars: BAGHAWI-FULL
  c401  1 sources  16 segments  19,599 chars: BAGHAWI-FULL
  c402  1 sources  18 segments  18,917 chars: BAGHAWI-FULL
  c403  1 sources  17 segments  18,415 chars: BAGHAWI-FULL
  c404  1 sources  20 segments  19,029 chars: BAGHAWI-FULL
  c405  1 sources  19 segments  19,268 chars: BAGHAWI-FULL
  c406  1 sources  11 segments  11,255 chars: BAGHAWI-FULL
  c407  1 sources  17 segments  19,306 chars: BAYDAWI-FULL
  c408  1 sources  18 segments  18,766 chars: BAYDAWI-FULL
  c409  1 sources  15 segments  19,927 chars: BAYDAWI-FULL
  c410  1 sources  26 segments  19,887 chars: BAYDAWI-FULL
  c411  1 sources  23 segments  19,969 chars: BAYDAWI-FULL
  c412  1 sources  25 segments  18,997 chars: BAYDAWI-FULL
  c413  1 sources  22 segments  19,309 chars: BAYDAWI-FULL
  c414  1 sources  23 segments  19,603 chars: BAYDAWI-FULL
  c415  1 sources  22 segments  18,844 chars: BAYDAWI-FULL
  c416  1 sources   9 segments   7,443 chars: BAYDAWI-FULL
  c417  1 sources  10 segments  15,988 chars: BINTSHATI
  c418  1 sources   8 segments  19,751 chars: BIQAI-FULL
  c419  1 sources   9 segments  17,274 chars: BIQAI-FULL
  c420  1 sources   8 segments  18,616 chars: BIQAI-FULL
  c421  1 sources   8 segments  18,764 chars: BIQAI-FULL
  c422  1 sources   9 segments  18,974 chars: BIQAI-FULL
  c423  1 sources   7 segments  17,392 chars: BIQAI-FULL
  c424  1 sources   8 segments  18,468 chars: BIQAI-FULL
  c425  1 sources  10 segments  19,095 chars: BIQAI-FULL
  c426  1 sources   8 segments  19,641 chars: BIQAI-FULL
  c427  1 sources   8 segments  19,375 chars: BIQAI-FULL
  c428  1 sources   8 segments  18,445 chars: BIQAI-FULL
  c429  1 sources   9 segments  19,605 chars: BIQAI-FULL
  c430  1 sources   8 segments  19,447 chars: BIQAI-FULL
  c431  1 sources   8 segments  17,285 chars: BIQAI-FULL
  c432  1 sources   8 segments  17,711 chars: BIQAI-FULL
  c433  1 sources   7 segments  19,015 chars: BIQAI-FULL
  c434  1 sources   9 segments  19,807 chars: BIQAI-FULL
  c435  1 sources   8 segments  19,729 chars: BIQAI-FULL
  c436  1 sources   8 segments  18,410 chars: BIQAI-FULL
  c437  1 sources   8 segments  16,481 chars: BIQAI-FULL
  c438  1 sources   9 segments  19,387 chars: BIQAI-FULL
  c439  1 sources  11 segments  19,861 chars: BIQAI-FULL
  c440  1 sources   8 segments  17,928 chars: BIQAI-FULL
  c441  1 sources   7 segments  18,053 chars: BIQAI-FULL
  c442  1 sources   7 segments  18,490 chars: BIQAI-FULL
  c443  1 sources   8 segments  18,533 chars: BIQAI-FULL
  c444  1 sources   8 segments  19,896 chars: BIQAI-FULL
  c445  1 sources   8 segments  19,962 chars: BIQAI-FULL
  c446  1 sources   8 segments  18,689 chars: BIQAI-FULL
  c447  1 sources   6 segments  17,368 chars: BIQAI-FULL
  c448  1 sources   8 segments  18,584 chars: BIQAI-FULL
  c449  1 sources   6 segments  17,593 chars: BIQAI-FULL
  c450  1 sources   7 segments  17,998 chars: BIQAI-FULL
  c451  1 sources   6 segments  17,152 chars: BIQAI-FULL
  c452  1 sources   9 segments  19,943 chars: BIQAI-FULL
  c453  1 sources   8 segments  18,564 chars: BIQAI-FULL
  c454  1 sources   7 segments  18,790 chars: BIQAI-FULL
  c455  1 sources   9 segments  19,643 chars: BIQAI-FULL
  c456  1 sources   9 segments  18,920 chars: BIQAI-FULL
  c457  1 sources   6 segments  17,582 chars: BIQAI-FULL
  c458  1 sources   8 segments  18,869 chars: BIQAI-FULL
  c459  1 sources   8 segments  17,626 chars: BIQAI-FULL
  c460  1 sources  11 segments  18,367 chars: DURR-FULL
  c461  1 sources  12 segments  19,761 chars: DURR-FULL
  c462  1 sources  12 segments  19,983 chars: DURR-FULL
  c463  1 sources  11 segments  18,698 chars: DURR-FULL
  c464  1 sources  11 segments  18,472 chars: DURR-FULL
  c465  1 sources  12 segments  18,688 chars: DURR-FULL
  c466  1 sources  11 segments  18,529 chars: DURR-FULL
  c467  1 sources  12 segments  19,976 chars: DURR-FULL
  c468  1 sources  12 segments  19,257 chars: DURR-FULL
  c469  1 sources  11 segments  19,239 chars: DURR-FULL
  c470  1 sources  11 segments  18,338 chars: DURR-FULL
  c471  1 sources  11 segments  18,688 chars: DURR-FULL
  c472  1 sources  12 segments  19,202 chars: DURR-FULL
  c473  1 sources  12 segments  19,575 chars: DURR-FULL
  c474  1 sources  13 segments  19,539 chars: DURR-FULL
  c475  1 sources  12 segments  19,041 chars: DURR-FULL
  c476  1 sources  12 segments  18,918 chars: DURR-FULL
  c477  1 sources  12 segments  18,641 chars: DURR-FULL
  c478  1 sources  11 segments  19,067 chars: DURR-FULL
  c479  1 sources  14 segments  19,313 chars: DURR-FULL
  c480  1 sources  10 segments  15,669 chars: DURR-FULL
  c481  1 sources  12 segments  19,478 chars: IBNABIHATIM
  c482  1 sources  12 segments  18,695 chars: IBNABIHATIM
  c483  1 sources  14 segments  18,435 chars: IBNABIHATIM
  c484  1 sources  14 segments  19,229 chars: IBNABIHATIM
  c485  1 sources  13 segments  18,375 chars: IBNABIHATIM
  c486  1 sources  13 segments  19,561 chars: IBNABIHATIM
  c487  1 sources  16 segments  19,918 chars: IBNABIHATIM
  c488  1 sources  14 segments  19,110 chars: IBNABIHATIM
  c489  1 sources  14 segments  19,107 chars: IBNABIHATIM
  c490  1 sources  13 segments  18,696 chars: IBNABIHATIM
  c491  1 sources  19 segments  19,776 chars: IBNABIHATIM
  c492  1 sources  18 segments  19,166 chars: IBNABIHATIM
  c493  1 sources  23 segments  15,229 chars: IBNABIHATIM
  c494  1 sources  11 segments  19,374 chars: IBNASHUR-FULL
  c495  1 sources  12 segments  19,170 chars: IBNASHUR-FULL
  c496  1 sources  11 segments  19,426 chars: IBNASHUR-FULL
  c497  1 sources  11 segments  19,820 chars: IBNASHUR-FULL
  c498  1 sources  12 segments  19,904 chars: IBNASHUR-FULL
  c499  1 sources  12 segments  18,253 chars: IBNASHUR-FULL
  c500  1 sources  13 segments  19,756 chars: IBNASHUR-FULL
  c501  1 sources  12 segments  18,667 chars: IBNASHUR-FULL
  c502  1 sources  11 segments  18,718 chars: IBNASHUR-FULL
  c503  1 sources  12 segments  19,975 chars: IBNASHUR-FULL
  c504  1 sources  11 segments  18,366 chars: IBNASHUR-FULL
  c505  1 sources  11 segments  18,429 chars: IBNASHUR-FULL
  c506  1 sources  11 segments  17,885 chars: IBNASHUR-FULL
  c507  1 sources  12 segments  19,152 chars: IBNASHUR-FULL
  c508  1 sources  13 segments  19,838 chars: IBNASHUR-FULL
  c509  1 sources  10 segments  17,934 chars: IBNASHUR-FULL
  c510  1 sources  12 segments  19,735 chars: IBNASHUR-FULL
  c511  1 sources  12 segments  18,827 chars: IBNASHUR-FULL
  c512  1 sources  11 segments  19,909 chars: IBNASHUR-FULL
  c513  1 sources  12 segments  19,906 chars: IBNASHUR-FULL
  c514  1 sources  11 segments  19,894 chars: IBNASHUR-FULL
  c515  1 sources  14 segments  19,422 chars: IBNASHUR-FULL
  c516  1 sources  15 segments  19,962 chars: IBNASHUR-FULL
  c517  1 sources  13 segments  19,091 chars: IBNASHUR-FULL
  c518  1 sources  13 segments  19,773 chars: IBNASHUR-FULL
  c519  1 sources  13 segments  19,282 chars: IBNASHUR-FULL
  c520  1 sources  13 segments  18,568 chars: IBNASHUR-FULL
  c521  1 sources  10 segments  18,209 chars: IBNASHUR-FULL
  c522  1 sources  12 segments  19,228 chars: IBNASHUR-FULL
  c523  1 sources  10 segments  18,710 chars: IBNASHUR-FULL
  c524  1 sources  12 segments  19,950 chars: IBNASHUR-FULL
  c525  1 sources  10 segments  18,835 chars: IBNASHUR-FULL
  c526  1 sources  11 segments  18,797 chars: IBNASHUR-FULL
  c527  1 sources  10 segments  19,114 chars: IBNASHUR-FULL
  c528  1 sources  11 segments  18,344 chars: IBNASHUR-FULL
  c529  1 sources  10 segments  18,537 chars: IBNASHUR-FULL
  c530  1 sources  11 segments  19,560 chars: IBNASHUR-FULL
  c531  1 sources  11 segments  20,000 chars: IBNASHUR-FULL
  c532  1 sources  12 segments  19,655 chars: IBNASHUR-FULL
  c533  1 sources  11 segments  19,164 chars: IBNASHUR-FULL
  c534  1 sources  12 segments  18,490 chars: IBNATIYYA-FULL
  c535  1 sources  12 segments  18,108 chars: IBNATIYYA-FULL
  c536  1 sources  12 segments  19,103 chars: IBNATIYYA-FULL
  c537  1 sources  11 segments  19,342 chars: IBNATIYYA-FULL
  c538  1 sources  12 segments  19,320 chars: IBNATIYYA-FULL
  c539  1 sources  12 segments  18,768 chars: IBNATIYYA-FULL
  c540  1 sources  12 segments  19,857 chars: IBNATIYYA-FULL
  c541  1 sources  12 segments  18,712 chars: IBNATIYYA-FULL
  c542  1 sources  11 segments  19,338 chars: IBNATIYYA-FULL
  c543  1 sources  11 segments  18,954 chars: IBNATIYYA-FULL
  c544  1 sources  11 segments  19,290 chars: IBNATIYYA-FULL
  c545  1 sources  11 segments  18,060 chars: IBNATIYYA-FULL
  c546  1 sources  13 segments  19,675 chars: IBNATIYYA-FULL
  c547  1 sources  13 segments  19,388 chars: IBNATIYYA-FULL
  c548  1 sources  12 segments  18,775 chars: IBNATIYYA-FULL
  c549  1 sources  12 segments  18,355 chars: IBNATIYYA-FULL
  c550  1 sources  13 segments  19,471 chars: IBNATIYYA-FULL
  c551  1 sources  13 segments  18,449 chars: IBNATIYYA-FULL
  c552  1 sources  14 segments  19,868 chars: IBNATIYYA-FULL
  c553  1 sources  13 segments  18,508 chars: IBNATIYYA-FULL
  c554  1 sources  16 segments  19,240 chars: IBNATIYYA-FULL
  c555  1 sources  14 segments  19,351 chars: IBNATIYYA-FULL
  c556  1 sources  15 segments  18,992 chars: IBNATIYYA-FULL
  c557  1 sources  14 segments  18,752 chars: IBNATIYYA-FULL
  c558  1 sources  13 segments  19,344 chars: IBNATIYYA-FULL
  c559  1 sources  14 segments  19,797 chars: IBNATIYYA-FULL
  c560  1 sources  12 segments  18,461 chars: IBNATIYYA-FULL
  c561  1 sources  13 segments  17,932 chars: IBNATIYYA-FULL
  c562  1 sources  15 segments  18,630 chars: IBNATIYYA-FULL
  c563  1 sources  12 segments  17,742 chars: IBNATIYYA-FULL
  c564  1 sources  25 segments  19,376 chars: IBNJAWZI-ZAD
  c565  1 sources  24 segments  18,762 chars: IBNJAWZI-ZAD
  c566  1 sources  16 segments  19,541 chars: IBNJAWZI-ZAD
  c567  1 sources  20 segments  19,418 chars: IBNJAWZI-ZAD
  c568  1 sources  25 segments  19,631 chars: IBNJAWZI-ZAD
  c569  1 sources  24 segments  19,889 chars: IBNJAWZI-ZAD
  c570  1 sources  21 segments  19,326 chars: IBNJAWZI-ZAD
  c571  1 sources  33 segments  18,717 chars: IBNJAWZI-ZAD
  c572  1 sources  31 segments  19,518 chars: IBNJAWZI-ZAD
  c573  1 sources  35 segments  19,614 chars: IBNJAWZI-ZAD
  c574  1 sources  30 segments  19,423 chars: IBNJAWZI-ZAD
  c575  1 sources  30 segments  19,672 chars: IBNJAWZI-ZAD
  c576  1 sources  10 segments   5,161 chars: IBNJAWZI-ZAD
  c577  1 sources  12 segments  19,472 chars: IBNKATHIR-FULL
  c578  1 sources  12 segments  18,709 chars: IBNKATHIR-FULL
  c579  1 sources  11 segments  18,592 chars: IBNKATHIR-FULL
  c580  1 sources  11 segments  19,447 chars: IBNKATHIR-FULL
  c581  1 sources  11 segments  18,452 chars: IBNKATHIR-FULL
  c582  1 sources  12 segments  18,514 chars: IBNKATHIR-FULL
  c583  1 sources  12 segments  19,270 chars: IBNKATHIR-FULL
  c584  1 sources  10 segments  18,074 chars: IBNKATHIR-FULL
  c585  1 sources  10 segments  18,031 chars: IBNKATHIR-FULL
  c586  1 sources  11 segments  19,904 chars: IBNKATHIR-FULL
  c587  1 sources  10 segments  18,768 chars: IBNKATHIR-FULL
  c588  1 sources  12 segments  19,534 chars: IBNKATHIR-FULL
  c589  1 sources  10 segments  19,151 chars: IBNKATHIR-FULL
  c590  1 sources  12 segments  19,514 chars: IBNKATHIR-FULL
  c591  1 sources  12 segments  18,804 chars: IBNKATHIR-FULL
  c592  1 sources  14 segments  19,453 chars: IBNKATHIR-FULL
  c593  1 sources  11 segments  19,551 chars: IBNKATHIR-FULL
  c594  1 sources  14 segments  18,849 chars: IBNKATHIR-FULL
  c595  1 sources  15 segments  19,585 chars: IBNKATHIR-FULL
  c596  1 sources  14 segments  19,886 chars: IBNKATHIR-FULL
  c597  1 sources  14 segments  18,608 chars: IBNKATHIR-FULL
  c598  1 sources  14 segments  18,465 chars: IBNKATHIR-FULL
  c599  1 sources  13 segments  19,097 chars: IBNKATHIR-FULL
  c600  1 sources  15 segments  18,282 chars: IBNKATHIR-FULL
  c601  1 sources  12 segments  19,732 chars: IBNKATHIR-FULL
  c602  1 sources  12 segments  19,621 chars: IBNKATHIR-FULL
  c603  1 sources  13 segments  19,155 chars: IBNKATHIR-FULL
  c604  1 sources  12 segments  19,093 chars: IBNKATHIR-FULL
  c605  1 sources  11 segments  19,383 chars: IBNKATHIR-FULL
  c606  1 sources  14 segments  18,816 chars: IBNKATHIR-FULL
  c607  1 sources  12 segments  19,189 chars: IBNKATHIR-FULL
  c608  1 sources   6 segments   8,742 chars: IBNKATHIR-FULL
  c609  1 sources  11 segments  19,717 chars: JISHUMI
  c610  1 sources  11 segments  19,980 chars: JISHUMI
  c611  1 sources  12 segments  19,415 chars: JISHUMI
  c612  1 sources  11 segments  18,808 chars: JISHUMI
  c613  1 sources  11 segments  19,040 chars: JISHUMI
  c614  1 sources  10 segments  18,325 chars: JISHUMI
  c615  1 sources  11 segments  19,477 chars: JISHUMI
  c616  1 sources  12 segments  18,880 chars: JISHUMI
  c617  1 sources  11 segments  19,104 chars: JISHUMI
  c618  1 sources  12 segments  19,730 chars: JISHUMI
  c619  1 sources  10 segments  18,876 chars: JISHUMI
  c620  1 sources  11 segments  18,001 chars: JISHUMI
  c621  1 sources  11 segments  18,465 chars: JISHUMI
  c622  1 sources  11 segments  18,957 chars: JISHUMI
  c623  1 sources   3 segments   4,352 chars: JISHUMI
  c624  1 sources  21 segments  19,717 chars: KASHSHAF-FULL
  c625  1 sources  21 segments  19,546 chars: KASHSHAF-FULL
  c626  1 sources  21 segments  19,068 chars: KASHSHAF-FULL
  c627  1 sources  21 segments  19,599 chars: KASHSHAF-FULL
  c628  1 sources  13 segments  18,452 chars: KASHSHAF-FULL
  c629  1 sources  17 segments  19,285 chars: KASHSHAF-FULL
  c630  1 sources  18 segments  19,321 chars: KASHSHAF-FULL
  c631  1 sources  18 segments  19,454 chars: KASHSHAF-FULL
  c632  1 sources  20 segments  19,983 chars: KASHSHAF-FULL
  c633  1 sources  16 segments  19,708 chars: KASHSHAF-FULL
  c634  1 sources  14 segments  17,796 chars: KASHSHAF-FULL
  c635  1 sources  15 segments  19,128 chars: KASHSHAF-FULL
  c636  1 sources   9 segments  13,589 chars: KASHSHAF-FULL
  c637  1 sources   9 segments  18,838 chars: MAWARDI-FULL
  c638  1 sources  10 segments  19,165 chars: MAWARDI-FULL
  c639  1 sources   9 segments  18,370 chars: MAWARDI-FULL
  c640  1 sources  13 segments  18,086 chars: MAWARDI-FULL
  c641  1 sources  14 segments  19,572 chars: MAWARDI-FULL
  c642  1 sources  15 segments  19,924 chars: MAWARDI-FULL
  c643  1 sources  15 segments  18,803 chars: MAWARDI-FULL
  c644  1 sources  15 segments  18,909 chars: MAWARDI-FULL
  c645  1 sources  10 segments  17,158 chars: MAWARDI-FULL
  c646  1 sources  10 segments  19,958 chars: MAWARDI-FULL
  c647  1 sources  12 segments  18,887 chars: MAWARDI-FULL
  c648  1 sources   2 segments   3,865 chars: MAWARDI-FULL
  c649  1 sources  57 segments  19,583 chars: MUJAHID
  c650  1 sources  20 segments   6,314 chars: MUJAHID
  c651  1 sources  17 segments  19,999 chars: MUQATIL
  c652  1 sources  18 segments  19,018 chars: MUQATIL
  c653  1 sources  19 segments  19,417 chars: MUQATIL
  c654  1 sources  22 segments  19,217 chars: MUQATIL
  c655  1 sources  21 segments  18,290 chars: MUQATIL
  c656  1 sources  20 segments  19,958 chars: MUQATIL
  c657  1 sources  26 segments  19,862 chars: MUQATIL
  c658  1 sources   5 segments   8,165 chars: MUQATIL
  c659  1 sources  18 segments  19,481 chars: NASAFI-FULL
  c660  1 sources  16 segments  19,068 chars: NASAFI-FULL
  c661  1 sources  30 segments  18,913 chars: NASAFI-FULL
  c662  1 sources  34 segments  19,871 chars: NASAFI-FULL
  c663  1 sources  39 segments  19,163 chars: NASAFI-FULL
  c664  1 sources  36 segments  19,718 chars: NASAFI-FULL
  c665  1 sources  40 segments  19,708 chars: NASAFI-FULL
  c666  1 sources   1 segments     304 chars: NASAFI-FULL
  c667  1 sources  10 segments  18,725 chars: QURTUBI-FULL
  c668  1 sources  12 segments  19,626 chars: QURTUBI-FULL
  c669  1 sources  12 segments  18,992 chars: QURTUBI-FULL
  c670  1 sources  10 segments  19,585 chars: QURTUBI-FULL
  c671  1 sources  11 segments  19,461 chars: QURTUBI-FULL
  c672  1 sources  10 segments  19,216 chars: QURTUBI-FULL
  c673  1 sources  10 segments  18,983 chars: QURTUBI-FULL
  c674  1 sources  12 segments  18,475 chars: QURTUBI-FULL
  c675  1 sources  11 segments  17,773 chars: QURTUBI-FULL
  c676  1 sources   9 segments  18,347 chars: QURTUBI-FULL
  c677  1 sources  10 segments  18,822 chars: QURTUBI-FULL
  c678  1 sources  11 segments  19,764 chars: QURTUBI-FULL
  c679  1 sources  12 segments  19,980 chars: QURTUBI-FULL
  c680  1 sources   9 segments  18,257 chars: QURTUBI-FULL
  c681  1 sources  14 segments  18,167 chars: QURTUBI-FULL
  c682  1 sources  12 segments  18,823 chars: QURTUBI-FULL
  c683  1 sources  12 segments  19,894 chars: QURTUBI-FULL
  c684  1 sources  14 segments  19,587 chars: QURTUBI-FULL
  c685  1 sources  12 segments  18,123 chars: QURTUBI-FULL
  c686  1 sources  13 segments  19,472 chars: QURTUBI-FULL
  c687  1 sources  12 segments  19,951 chars: QURTUBI-FULL
  c688  1 sources  11 segments  19,864 chars: QURTUBI-FULL
  c689  1 sources  13 segments  19,472 chars: QURTUBI-FULL
  c690  1 sources  12 segments  18,094 chars: QURTUBI-FULL
  c691  1 sources  11 segments  19,589 chars: QURTUBI-FULL
  c692  1 sources  13 segments  18,458 chars: QURTUBI-FULL
  c693  1 sources  12 segments  18,091 chars: QURTUBI-FULL
  c694  1 sources  13 segments  18,884 chars: QURTUBI-FULL
  c695  1 sources  11 segments  18,405 chars: QURTUBI-FULL
  c696  1 sources  14 segments  19,795 chars: QURTUBI-FULL
  c697  1 sources  12 segments  18,028 chars: QURTUBI-FULL
  c698  1 sources   6 segments  10,861 chars: QURTUBI-FULL
  c699  1 sources   8 segments  18,657 chars: RAZI-FULL
  c700  1 sources   9 segments  19,408 chars: RAZI-FULL
  c701  1 sources   8 segments  18,024 chars: RAZI-FULL
  c702  1 sources   9 segments  19,826 chars: RAZI-FULL
  c703  1 sources   8 segments  18,505 chars: RAZI-FULL
  c704  1 sources   8 segments  18,085 chars: RAZI-FULL
  c705  1 sources   8 segments  18,871 chars: RAZI-FULL
  c706  1 sources  13 segments  19,718 chars: RAZI-FULL
  c707  1 sources   8 segments  18,436 chars: RAZI-FULL
  c708  1 sources   8 segments  19,707 chars: RAZI-FULL
  c709  1 sources  11 segments  19,448 chars: RAZI-FULL
  c710  1 sources   9 segments  17,906 chars: RAZI-FULL
  c711  1 sources   9 segments  18,506 chars: RAZI-FULL
  c712  1 sources  10 segments  18,922 chars: RAZI-FULL
  c713  1 sources   9 segments  18,230 chars: RAZI-FULL
  c714  1 sources  11 segments  17,994 chars: RAZI-FULL
  c715  1 sources  10 segments  19,648 chars: RAZI-FULL
  c716  1 sources  11 segments  18,457 chars: RAZI-FULL
  c717  1 sources  11 segments  18,124 chars: RAZI-FULL
  c718  1 sources  11 segments  19,523 chars: RAZI-FULL
  c719  1 sources  10 segments  18,182 chars: RAZI-FULL
  c720  1 sources  12 segments  19,881 chars: RAZI-FULL
  c721  1 sources   9 segments  18,884 chars: RAZI-FULL
  c722  1 sources  13 segments  19,845 chars: RAZI-FULL
  c723  1 sources  10 segments  19,117 chars: RAZI-FULL
  c724  1 sources  12 segments  19,660 chars: RAZI-FULL
  c725  1 sources  10 segments  18,112 chars: RAZI-FULL
  c726  1 sources  12 segments  19,184 chars: RAZI-FULL
  c727  1 sources  14 segments  19,079 chars: RAZI-FULL
  c728  1 sources  10 segments  18,456 chars: RAZI-FULL
  c729  1 sources  12 segments  18,980 chars: RAZI-FULL
  c730  1 sources  11 segments  19,857 chars: RAZI-FULL
  c731  1 sources  11 segments  19,505 chars: RAZI-FULL
  c732  1 sources  12 segments  19,838 chars: RAZI-FULL
  c733  1 sources  11 segments  18,089 chars: RAZI-FULL
  c734  1 sources  15 segments  19,789 chars: RAZI-FULL
  c735  1 sources  10 segments  19,212 chars: RAZI-FULL
  c736  1 sources  13 segments  19,995 chars: RAZI-FULL
  c737  1 sources  11 segments  18,280 chars: RAZI-FULL
  c738  1 sources  11 segments  18,953 chars: RAZI-FULL
  c739  1 sources  10 segments  18,547 chars: RAZI-FULL
  c740  1 sources  10 segments  19,403 chars: RAZI-FULL
  c741  1 sources  12 segments  18,866 chars: RAZI-FULL
  c742  1 sources  12 segments  19,056 chars: RAZI-FULL
  c743  1 sources  12 segments  18,916 chars: RAZI-FULL
  c744  1 sources  10 segments  19,067 chars: RAZI-FULL
  c745  1 sources  13 segments  19,895 chars: RAZI-FULL
  c746  1 sources  13 segments  18,201 chars: RAZI-FULL
  c747  1 sources  13 segments  18,707 chars: RAZI-FULL
  c748  1 sources  10 segments  18,601 chars: RAZI-FULL
  c749  1 sources  12 segments  18,510 chars: RAZI-FULL
  c750  1 sources  10 segments  18,553 chars: RAZI-FULL
  c751  1 sources  10 segments  19,976 chars: RAZI-FULL
  c752  1 sources  13 segments  18,123 chars: RAZI-FULL
  c753  1 sources  13 segments  17,597 chars: RAZI-FULL
  c754  1 sources  13 segments  19,046 chars: RAZI-FULL
  c755  1 sources  12 segments  18,482 chars: RAZI-FULL
  c756  1 sources  13 segments  18,987 chars: RAZI-FULL
  c757  1 sources   3 segments   3,409 chars: RAZI-FULL
  c758  1 sources   8 segments  19,215 chars: STUDYQURAN
  c759  1 sources   2 segments   8,838 chars: STUDYQURAN
  c760  1 sources   7 segments  19,660 chars: STUDYQURAN
  c761  1 sources   6 segments  17,001 chars: STUDYQURAN
  c762  1 sources   1 segments   5,211 chars: STUDYQURAN
  c763  1 sources   1 segments  29,774 chars: STUDYQURAN
  c764  1 sources   5 segments  19,737 chars: STUDYQURAN
  c765  1 sources   8 segments  16,556 chars: STUDYQURAN
  c766  1 sources   1 segments  25,297 chars: STUDYQURAN
  c767  1 sources  10 segments  17,096 chars: STUDYQURAN
  c768  1 sources   3 segments  19,835 chars: STUDYQURAN
  c769  1 sources   9 segments  19,911 chars: STUDYQURAN
  c770  1 sources   7 segments  18,753 chars: STUDYQURAN
  c771  1 sources   8 segments  15,636 chars: STUDYQURAN
  c772  1 sources  15 segments  19,521 chars: STUDYQURAN
  c773  1 sources  20 segments  19,917 chars: STUDYQURAN
  c774  1 sources  10 segments   9,679 chars: STUDYQURAN
  c775  1 sources   8 segments  19,598 chars: STUDYQURAN
  c776  1 sources   9 segments  14,416 chars: STUDYQURAN
  c777  1 sources   8 segments  17,390 chars: STUDYQURAN
  c778  1 sources   9 segments  19,510 chars: STUDYQURAN
  c779  1 sources   7 segments  12,840 chars: STUDYQURAN
  c780  1 sources   4 segments  19,471 chars: STUDYQURAN
  c781  1 sources   6 segments  19,257 chars: STUDYQURAN
  c782  1 sources   8 segments  19,537 chars: STUDYQURAN
  c783  1 sources  11 segments  18,203 chars: STUDYQURAN
  c784  1 sources  13 segments  18,627 chars: STUDYQURAN
  c785  1 sources   7 segments  10,767 chars: STUDYQURAN
  c786  1 sources  13 segments  19,857 chars: TAB-FULL
  c787  1 sources  13 segments  18,801 chars: TAB-FULL
  c788  1 sources  14 segments  18,981 chars: TAB-FULL
  c789  1 sources  12 segments  19,539 chars: TAB-FULL
  c790  1 sources  11 segments  19,448 chars: TAB-FULL
  c791  1 sources   9 segments  18,407 chars: TAB-FULL
  c792  1 sources  10 segments  19,885 chars: TAB-FULL
  c793  1 sources   9 segments  18,407 chars: TAB-FULL
  c794  1 sources  10 segments  18,685 chars: TAB-FULL
  c795  1 sources   9 segments  18,026 chars: TAB-FULL
  c796  1 sources  12 segments  19,915 chars: TAB-FULL
  c797  1 sources   9 segments  17,786 chars: TAB-FULL
  c798  1 sources   9 segments  18,351 chars: TAB-FULL
  c799  1 sources  11 segments  19,243 chars: TAB-FULL
  c800  1 sources  11 segments  18,917 chars: TAB-FULL
  c801  1 sources  10 segments  18,900 chars: TAB-FULL
  c802  1 sources  12 segments  18,244 chars: TAB-FULL
  c803  1 sources  13 segments  18,329 chars: TAB-FULL
  c804  1 sources  12 segments  19,967 chars: TAB-FULL
  c805  1 sources  11 segments  18,166 chars: TAB-FULL
  c806  1 sources  12 segments  19,190 chars: TAB-FULL
  c807  1 sources  10 segments  19,968 chars: TAB-FULL
  c808  1 sources   9 segments  18,385 chars: TAB-FULL
  c809  1 sources  10 segments  19,124 chars: TAB-FULL
  c810  1 sources  11 segments  18,621 chars: TAB-FULL
  c811  1 sources  16 segments  19,852 chars: TAB-FULL
  c812  1 sources  15 segments  19,559 chars: TAB-FULL
  c813  1 sources  11 segments  19,664 chars: TAB-FULL
  c814  1 sources  14 segments  19,836 chars: TAB-FULL
  c815  1 sources  11 segments  19,885 chars: TAB-FULL
  c816  1 sources  11 segments  19,485 chars: TAB-FULL
  c817  1 sources  12 segments  17,830 chars: TAB-FULL
  c818  1 sources  13 segments  19,731 chars: TAB-FULL
  c819  1 sources  12 segments  19,943 chars: TAB-FULL
  c820  1 sources  15 segments  18,982 chars: TAB-FULL
  c821  1 sources  13 segments  19,288 chars: TAB-FULL
  c822  1 sources  18 segments  19,698 chars: TAB-FULL
  c823  1 sources  15 segments  18,549 chars: TAB-FULL
  c824  1 sources  15 segments  19,902 chars: TAB-FULL
  c825  1 sources  16 segments  19,520 chars: TAB-FULL
  c826  1 sources  17 segments  19,536 chars: TAB-FULL
  c827  1 sources  21 segments  19,910 chars: TAB-FULL
  c828  1 sources  16 segments  18,405 chars: TAB-FULL
  c829  1 sources  17 segments  19,448 chars: TAB-FULL
  c830  1 sources  18 segments  19,692 chars: TAB-FULL
  c831  1 sources  16 segments  19,130 chars: TAB-FULL
  c832  1 sources  12 segments  18,438 chars: TAB-FULL
  c833  1 sources   9 segments  19,411 chars: TABATABAI
  c834  1 sources  10 segments  19,574 chars: TABATABAI
  c835  1 sources  10 segments  18,989 chars: TABATABAI
  c836  1 sources   9 segments  18,438 chars: TABATABAI
  c837  1 sources   9 segments  19,432 chars: TABATABAI
  c838  1 sources  10 segments  19,176 chars: TABATABAI
  c839  1 sources  10 segments  19,963 chars: TABATABAI
  c840  1 sources   9 segments  19,826 chars: TABATABAI
  c841  1 sources   9 segments  18,471 chars: TABATABAI
  c842  1 sources  10 segments  19,832 chars: TABATABAI
  c843  1 sources  11 segments  19,176 chars: TABATABAI
  c844  1 sources  10 segments  19,347 chars: TABATABAI
  c845  1 sources  11 segments  19,596 chars: TABATABAI
  c846  1 sources  10 segments  19,227 chars: TABATABAI
  c847  1 sources  10 segments  18,243 chars: TABATABAI
  c848  1 sources   9 segments  19,232 chars: TABATABAI
  c849  1 sources  10 segments  18,224 chars: TABATABAI
  c850  1 sources   8 segments  18,449 chars: TABATABAI
  c851  1 sources  11 segments  18,661 chars: TABATABAI
  c852  1 sources  10 segments  18,917 chars: TABATABAI
  c853  1 sources   9 segments  19,844 chars: TABATABAI
  c854  1 sources   9 segments  18,731 chars: TABATABAI
  c855  1 sources   9 segments  19,666 chars: TABATABAI
  c856  1 sources   9 segments  17,970 chars: TABATABAI
  c857  1 sources  10 segments  19,716 chars: TABATABAI
  c858  1 sources  10 segments  19,133 chars: TABATABAI
  c859  1 sources  10 segments  19,230 chars: TABATABAI
  c860  1 sources   9 segments  18,541 chars: TABATABAI
  c861  1 sources  10 segments  18,917 chars: TABATABAI
  c862  1 sources   9 segments  19,604 chars: TABATABAI
  c863  1 sources   9 segments  17,761 chars: TABATABAI
  c864  1 sources  10 segments  19,909 chars: TABATABAI
  c865  1 sources  10 segments  19,344 chars: TABATABAI
  c866  1 sources   8 segments  18,947 chars: TABATABAI
  c867  1 sources  11 segments  18,188 chars: TABATABAI
  c868  1 sources  10 segments  18,359 chars: TABATABAI
  c869  1 sources  10 segments  19,317 chars: TABATABAI
  c870  1 sources  10 segments  18,271 chars: TABATABAI
  c871  1 sources   9 segments  19,777 chars: TABATABAI
  c872  1 sources  10 segments  19,612 chars: TABATABAI
  c873  1 sources  11 segments  19,652 chars: TABATABAI
  c874  1 sources   9 segments  17,624 chars: TABATABAI
  c875  1 sources   9 segments  18,496 chars: TABATABAI
  c876  1 sources  12 segments  19,634 chars: TABATABAI
  c877  1 sources   9 segments  19,332 chars: TABATABAI
  c878  1 sources   9 segments  17,937 chars: TABATABAI
  c879  1 sources   9 segments  19,523 chars: TABATABAI
  c880  1 sources   8 segments  17,840 chars: TABATABAI
  c881  1 sources  10 segments  18,061 chars: TABATABAI
  c882  1 sources  10 segments  18,558 chars: TABATABAI
  c883  1 sources   9 segments  18,483 chars: TABATABAI
  c884  1 sources   9 segments  19,935 chars: TABATABAI
  c885  1 sources  11 segments  19,830 chars: TABATABAI
  c886  1 sources  11 segments  18,921 chars: TABATABAI
  c887  1 sources  10 segments  19,674 chars: TABATABAI
  c888  1 sources  10 segments  19,935 chars: TABATABAI
  c889  1 sources  11 segments  19,854 chars: TABATABAI
  c890  1 sources  11 segments  19,447 chars: TABATABAI
  c891  1 sources   9 segments  17,984 chars: TABATABAI
  c892  1 sources   9 segments  18,751 chars: TABATABAI
  c893  1 sources   9 segments  18,721 chars: TABATABAI
  c894  1 sources   8 segments  18,289 chars: TABATABAI
  c895  1 sources  10 segments  19,054 chars: TABATABAI
  c896  1 sources   9 segments  18,364 chars: TABATABAI
  c897  1 sources   9 segments  19,099 chars: TABATABAI
  c898  1 sources   9 segments  18,441 chars: TABATABAI
  c899  1 sources   9 segments  18,067 chars: TABATABAI
  c900  1 sources   8 segments  18,333 chars: TABATABAI
  c901  1 sources  10 segments  19,534 chars: TABATABAI
  c902  1 sources   9 segments  18,354 chars: TABATABAI
  c903  1 sources   9 segments  17,700 chars: TABATABAI
  c904  1 sources  10 segments  19,974 chars: TABATABAI
  c905  1 sources  10 segments  19,123 chars: TABATABAI
  c906  1 sources  10 segments  18,960 chars: TABATABAI
  c907  1 sources  10 segments  19,261 chars: TABATABAI
  c908  1 sources  10 segments  19,868 chars: TABATABAI
  c909  1 sources   9 segments  19,488 chars: TABATABAI
  c910  1 sources   9 segments  19,327 chars: TABATABAI
  c911  1 sources   9 segments  17,909 chars: TABATABAI
  c912  1 sources  11 segments  19,875 chars: TABATABAI
  c913  1 sources  10 segments  16,724 chars: TABATABAI
  c914  1 sources  10 segments  19,470 chars: TABRISI
  c915  1 sources  11 segments  18,799 chars: TABRISI
  c916  1 sources  11 segments  19,481 chars: TABRISI
  c917  1 sources  12 segments  19,719 chars: TABRISI
  c918  1 sources  12 segments  19,775 chars: TABRISI
  c919  1 sources  11 segments  18,537 chars: TABRISI
  c920  1 sources  11 segments  18,782 chars: TABRISI
  c921  1 sources  10 segments  18,685 chars: TABRISI
  c922  1 sources  11 segments  19,102 chars: TABRISI
  c923  1 sources  12 segments  19,102 chars: TABRISI
  c924  1 sources  11 segments  19,690 chars: TABRISI
  c925  1 sources  10 segments  18,541 chars: TABRISI
  c926  1 sources  11 segments  19,535 chars: TABRISI
  c927  1 sources  12 segments  19,333 chars: TABRISI
  c928  1 sources  10 segments  19,380 chars: TABRISI
  c929  1 sources  11 segments  18,458 chars: TABRISI
  c930  1 sources  11 segments  19,303 chars: TABRISI
  c931  1 sources  11 segments  18,013 chars: TABRISI
  c932  1 sources  11 segments  18,718 chars: TABRISI
  c933  1 sources  12 segments  17,970 chars: TABRISI
  c934  1 sources   9 segments  19,005 chars: TABRISI
  c935  1 sources  11 segments  19,250 chars: TABRISI
  c936  1 sources  11 segments  17,763 chars: TABRISI
  c937  1 sources   9 segments  18,633 chars: TABRISI
  c938  1 sources  11 segments  19,515 chars: TABRISI
  c939  1 sources   9 segments  16,785 chars: TABRISI
  c940  1 sources  12 segments  19,008 chars: THALABI
  c941  1 sources  12 segments  19,740 chars: THALABI
  c942  1 sources  12 segments  18,812 chars: THALABI
  c943  1 sources  12 segments  18,279 chars: THALABI
  c944  1 sources  13 segments  18,718 chars: THALABI
  c945  1 sources  12 segments  19,581 chars: THALABI
  c946  1 sources  10 segments  18,177 chars: THALABI
  c947  1 sources  12 segments  19,855 chars: THALABI
  c948  1 sources  12 segments  19,942 chars: THALABI
  c949  1 sources  11 segments  17,984 chars: THALABI
  c950  1 sources  12 segments  18,920 chars: THALABI
  c951  1 sources  11 segments  19,580 chars: THALABI
  c952  1 sources  13 segments  19,507 chars: THALABI
  c953  1 sources  12 segments  19,943 chars: THALABI
  c954  1 sources  11 segments  18,493 chars: THALABI
  c955  1 sources  12 segments  19,158 chars: THALABI
  c956  1 sources  13 segments  19,495 chars: THALABI
  c957  1 sources  14 segments  18,443 chars: THALABI
  c958  1 sources  13 segments  18,637 chars: THALABI
  c959  1 sources  12 segments  19,640 chars: THALABI
  c960  1 sources  11 segments  18,959 chars: THALABI
  c961  1 sources  10 segments  18,753 chars: THALABI
  c962  1 sources  11 segments  19,095 chars: THALABI
  c963  1 sources  11 segments  18,997 chars: THALABI
  c964  1 sources  13 segments  18,663 chars: THALABI
  c965  1 sources  12 segments  19,956 chars: THALABI
  c966  1 sources  14 segments  19,929 chars: THALABI
  c967  1 sources  12 segments  18,581 chars: THALABI
  c968  1 sources  13 segments  19,714 chars: THALABI
  c969  1 sources   2 segments   3,327 chars: THALABI
  c970  1 sources  15 segments  19,233 chars: WAHIDI-BASIT
  c971  1 sources  15 segments  19,983 chars: WAHIDI-BASIT
  c972  1 sources  17 segments  19,934 chars: WAHIDI-BASIT
  c973  1 sources  21 segments  19,262 chars: WAHIDI-BASIT
  c974  1 sources  17 segments  19,772 chars: WAHIDI-BASIT
  c975  1 sources  16 segments  18,223 chars: WAHIDI-BASIT
  c976  1 sources  16 segments  19,396 chars: WAHIDI-BASIT
  c977  1 sources  17 segments  19,946 chars: WAHIDI-BASIT
  c978  1 sources  17 segments  19,465 chars: WAHIDI-BASIT
  c979  1 sources  19 segments  19,207 chars: WAHIDI-BASIT
  c980  1 sources  19 segments  19,931 chars: WAHIDI-BASIT
  c981  1 sources  16 segments  19,082 chars: WAHIDI-BASIT
  c982  1 sources  17 segments  19,060 chars: WAHIDI-BASIT
  c983  1 sources  24 segments  19,593 chars: WAHIDI-BASIT
  c984  1 sources  15 segments  18,948 chars: WAHIDI-BASIT
  c985  1 sources  22 segments  19,737 chars: WAHIDI-BASIT
  c986  1 sources  26 segments  19,916 chars: WAHIDI-BASIT
  c987  1 sources  26 segments  19,290 chars: WAHIDI-BASIT
  c988  1 sources  21 segments  19,439 chars: WAHIDI-BASIT
  c989  1 sources  22 segments  19,614 chars: WAHIDI-BASIT
  c990  1 sources  16 segments  15,255 chars: WAHIDI-BASIT
  c991  1 sources  21 segments  19,817 chars: WAHIDI-WAJIZ
  c992  1 sources  24 segments  19,481 chars: WAHIDI-WAJIZ
  c993  1 sources  31 segments  19,845 chars: WAHIDI-WAJIZ
  c994  1 sources  34 segments  19,805 chars: WAHIDI-WAJIZ
  c995  1 sources  20 segments  12,079 chars: WAHIDI-WAJIZ
  c996  1 sources  22 segments  19,140 chars: YAHYA-SALLAM
  c997  1 sources  22 segments  18,992 chars: YAHYA-SALLAM
  c998  1 sources  17 segments  15,787 chars: YAHYA-SALLAM
  c999  1 sources   3 segments  17,811 chars: ELMALILI
  c1000  1 sources   3 segments  19,851 chars: ELMALILI
  c1001  1 sources   3 segments  15,433 chars: ELMALILI
  c1002  1 sources   3 segments  15,899 chars: ELMALILI
  c1003  1 sources   3 segments  19,850 chars: ELMALILI
  c1004  1 sources   3 segments  15,612 chars: ELMALILI
  c1005  1 sources   3 segments  19,776 chars: ELMALILI
  c1006  1 sources   4 segments  19,906 chars: ELMALILI
  c1007  1 sources   3 segments  19,926 chars: ELMALILI
  c1008  1 sources   4 segments  18,851 chars: ELMALILI
  c1009  1 sources   5 segments  19,360 chars: ELMALILI
  c1010  1 sources   4 segments  19,499 chars: ELMALILI
  c1011  1 sources   4 segments  16,513 chars: ELMALILI
  c1012  1 sources   3 segments  15,512 chars: ELMALILI
  c1013  1 sources   4 segments  18,948 chars: ELMALILI
  c1014  1 sources   3 segments  14,246 chars: ELMALILI
  c1015  1 sources   3 segments  15,233 chars: ELMALILI
  c1016  1 sources   4 segments  17,870 chars: ELMALILI
  c1017  1 sources   4 segments  16,276 chars: ELMALILI
  c1018  1 sources   4 segments  18,385 chars: ELMALILI
  c1019  1 sources   4 segments  19,416 chars: ELMALILI
  c1020  1 sources   5 segments  17,803 chars: ELMALILI
  c1021  1 sources   4 segments  18,917 chars: ELMALILI
  c1022  1 sources   4 segments  17,240 chars: ELMALILI
  c1023  1 sources   5 segments  19,732 chars: ELMALILI
  c1024  1 sources  11 segments  19,384 chars: ELMALILI
  c1025  1 sources  10 segments  18,983 chars: ELMALILI
  c1026  1 sources   4 segments  14,446 chars: ELMALILI
  c1027  1 sources   4 segments  14,943 chars: ELMALILI
  c1028  1 sources   7 segments  18,847 chars: ELMALILI
  c1029  1 sources   5 segments  18,842 chars: ELMALILI
  c1030  1 sources   7 segments  17,591 chars: ELMALILI
  c1031  1 sources   6 segments  12,684 chars: ELMALILI
  c1032  1 sources   1 segments  14,241 chars: ELMALILI
  c1033  1 sources   4 segments  16,213 chars: ELMALILI
  c1034  1 sources   3 segments  19,687 chars: ELMALILI
  c1035  1 sources   4 segments  18,454 chars: ELMALILI
  c1036  1 sources   4 segments  19,500 chars: ELMALILI
  c1037  1 sources   3 segments  18,835 chars: ELMALILI
  c1038  1 sources   3 segments  13,614 chars: ELMALILI
  c1039  1 sources   1 segments  15,406 chars: ELMALILI
  c1040  1 sources   3 segments  13,108 chars: ELMALILI
  c1041  1 sources   2 segments  15,646 chars: ELMALILI
  c1042  1 sources   4 segments  16,747 chars: ELMALILI
  c1043  1 sources   3 segments  17,332 chars: ELMALILI
  c1044  1 sources   4 segments  18,676 chars: ELMALILI
  c1045  1 sources   3 segments  13,516 chars: ELMALILI
  c1046  1 sources   3 segments  19,504 chars: ELMALILI
  c1047  1 sources   3 segments  17,236 chars: ELMALILI
  c1048  1 sources   4 segments  18,184 chars: ELMALILI
  c1049  1 sources   3 segments  12,769 chars: KURANYOLU-TEFSIR
  c1050  1 sources   2 segments  14,440 chars: KURANYOLU-TEFSIR
  c1051  1 sources   3 segments   8,995 chars: KURANYOLU-TEFSIR
  c1052  1 sources   4 segments  18,000 chars: KURANYOLU-TEFSIR
  c1053  1 sources   2 segments  15,898 chars: KURANYOLU-TEFSIR
  c1054  1 sources   1 segments  10,396 chars: KURANYOLU-TEFSIR
  c1055  1 sources   2 segments  17,724 chars: KURANYOLU-TEFSIR
  c1056  1 sources   4 segments  18,994 chars: KURANYOLU-TEFSIR
  c1057  1 sources   6 segments  16,216 chars: KURANYOLU-TEFSIR
  c1058  1 sources  12 segments  19,581 chars: KURANYOLU-TEFSIR
  c1059  1 sources  11 segments  15,511 chars: KURANYOLU-TEFSIR
  c1060  1 sources   3 segments  17,990 chars: KURANYOLU-TEFSIR
  c1061  1 sources  14 segments  18,487 chars: KURANYOLU-TEFSIR
  c1062  1 sources   7 segments  13,874 chars: KURANYOLU-TEFSIR
  c1063  1 sources   7 segments  19,973 chars: KURANYOLU-TEFSIR
  c1064  1 sources   2 segments  19,422 chars: KURANYOLU-TEFSIR
  c1065  1 sources  14 segments  19,956 chars: KURANYOLU-TEFSIR
  c1066  1 sources  15 segments  19,445 chars: KURANYOLU-TEFSIR
  c1067  1 sources  12 segments  19,618 chars: KURANYOLU-TEFSIR
  c1068  1 sources   4 segments  19,468 chars: KURANYOLU-TEFSIR
  c1069  1 sources   7 segments  19,867 chars: KURANYOLU-TEFSIR
  c1070  1 sources   9 segments  14,778 chars: KURANYOLU-TEFSIR
  c1071  1 sources   2 segments   7,254 chars: KURANYOLU-TEFSIR
  c1072  1 sources  15 segments  16,150 chars: SUYUTI-LUBAB
  c1073  1 sources  11 segments  18,553 chars: WAHIDI-ASBAB
  c1074  1 sources  15 segments  19,857 chars: WAHIDI-ASBAB
  c1075  1 sources   4 segments   4,290 chars: WAHIDI-ASBAB
SKIPPED 1559 segment(s): already digested in s103-1/luna-max (each listed in manifest.json)
SKIPPED 788 segment(s): already digested in s103-23/luna-max (each listed in manifest.json)
SKIPPED 17425 segment(s): kind meal (each listed in manifest.json)
SKIPPED 212 segment(s): kind quran (each listed in manifest.json)
SKIPPED 424 segment(s): kind translation (each listed in manifest.json)
SKIPPED 10488 segment(s): surah-level (each listed in manifest.json)
