100:6: 374 notes from 62 sources, 67,602 characters, 7 parts
SKIPPED 103:1: already mapped (work/map-103_1-20261008/map/out/sol-high/103-1.jsonl); new notes go through update-all
SKIPPED 103:2: already mapped (work/map-103_1-20261008/map/out/sol-high/103-2.jsonl); new notes go through update-all
NOTE work/t1_s087_20261009/out/luna-max/c12.jsonl: its agent has not finished; not read (its notes arrive in a later update)
103:3: 660 notes from 63 sources, 134,285 characters, 14 parts — NOTE: over 90,000 characters, one agent still reads it all
12:18: 449 notes from 49 sources, 91,838 characters, 10 parts — NOTE: over 90,000 characters, one agent still reads it all
20:10: 237 notes from 43 sources, 45,933 characters, 5 parts
NOTE work/t1_s087_20261009/out/luna-max/c09.jsonl: its agent has not finished; not read (its notes arrive in a later update)
NOTE work/t1_s087_20261009/out/luna-max/c130.jsonl: its agent has not finished; not read (its notes arrive in a later update)
26:177: 60 notes from 22 sources, 13,262 characters, 2 parts
SKIPPED 2:266: already mapped (work/map-103_1-20261008/map/out/sol-high/2-266.jsonl); new notes go through update-all
2:282: 3098 notes from 61 sources, 656,448 characters, 66 parts — NOTE: over 90,000 characters, one agent still reads it all
31:13: 241 notes from 41 sources, 52,748 characters, 6 parts
31:17: 155 notes from 37 sources, 31,608 characters, 4 parts
4:6: 1030 notes from 46 sources, 211,535 characters, 22 parts — NOTE: over 90,000 characters, one agent still reads it all
55:7: 150 notes from 38 sources, 29,934 characters, 3 parts
76:2: 429 notes from 48 sources, 83,957 characters, 9 parts
95:4: 447 notes from 70 sources, 90,363 characters, 10 parts — NOTE: over 90,000 characters, one agent still reads it all
  spawn enrichment/v9/work/map_s103w_20261009/map/spawn/sol-high_100-6.md
  spawn enrichment/v9/work/map_s103w_20261009/map/spawn/sol-high_103-3.md
  spawn enrichment/v9/work/map_s103w_20261009/map/spawn/sol-high_12-18.md
  spawn enrichment/v9/work/map_s103w_20261009/map/spawn/sol-high_20-10.md
  spawn enrichment/v9/work/map_s103w_20261009/map/spawn/sol-high_26-177.md
  spawn enrichment/v9/work/map_s103w_20261009/map/spawn/sol-high_2-282.md
  spawn enrichment/v9/work/map_s103w_20261009/map/spawn/sol-high_31-13.md
  spawn enrichment/v9/work/map_s103w_20261009/map/spawn/sol-high_31-17.md
  spawn enrichment/v9/work/map_s103w_20261009/map/spawn/sol-high_4-6.md
  spawn enrichment/v9/work/map_s103w_20261009/map/spawn/sol-high_55-7.md
  spawn enrichment/v9/work/map_s103w_20261009/map/spawn/sol-high_76-2.md
  spawn enrichment/v9/work/map_s103w_20261009/map/spawn/sol-high_95-4.md
