/root/v9u_map-103_1-20261008_sol-high_2-264_u2: already run, skipped
/root/v9u_map-103_1-20261008_sol-high_2-265_u2: already run, skipped
/root/v9u_map-103_1-20261008_sol-high_2-266_u2: already run, skipped
/root/v9u_map-103_1-20261008_sol-high_11-114_u2: already run, skipped
/root/v9u_map-103_1-20261008_sol-high_12-35_u2: already run, skipped
/root/v9u_map-103_1-20261008_sol-high_12-36_u2: already run, skipped
/root/v9u_map-103_1-20261008_sol-high_12-41_u2: already run, skipped
/root/v9u_map-103_1-20261008_sol-high_12-42_u2: already run, skipped
/root/v9u_map-103_1-20261008_sol-high_12-43_u2: already run, skipped
/root/v9u_map-103_1-20261008_sol-high_18-10_u2: already run, skipped
/root/v9u_map-103_1-20261008_sol-high_18-11_u2: already run, skipped
/root/v9u_map-103_1-20261008_sol-high_18-16_u2: already run, skipped
/root/v9u_map-103_1-20261008_sol-high_18-25_u2: already run, skipped
/root/v9u_map-103_1-20261008_sol-high_35-37_u2: already run, skipped
/root/v9u_map-103_1-20261008_sol-high_68-17_u2: already run, skipped
/root/v9u_map-103_1-20261008_sol-high_68-20_u2: already run, skipped
/root/v9u_map-103_1-20261008_sol-high_74-34_u2: already run, skipped
/root/v9u_map-103_1-20261008_sol-high_79-42_u1: already run, skipped
/root/v9u_map-103_1-20261008_sol-high_79-46_u2: already run, skipped
/root/v9u_map-103_1-20261008_sol-high_89-1_u2: already run, skipped
/root/v9u_map-103_1-20261008_sol-high_92-1_u1: already run, skipped
/root/v9u_map-103_1-20261008_sol-high_93-1_u2: already run, skipped
/root/v9u_map-103_1-20261008_sol-high_103-1_u2: already run, skipped
/root/v9u_map-103_1-20261008_sol-high_103-2_u2: already run, skipped
/root/v9u_map-103_1-20261008_sol-high_78-14_u2: already run, skipped
/root/v9u_map-103_1-20261008_sol-high_18-19_u2: already run, skipped
/root/v9u_map_s103_20261009_sol-high_2-14_u1: already run, skipped
/root/v9u_map_s103_20261009_sol-high_2-16_u1: already run, skipped
/root/v9u_map_s103_20261009_sol-high_2-27_u1: already run, skipped
/root/v9u_map_s103_20261009_sol-high_2-132_u1: already run, skipped
/root/v9u_map_s103_20261009_sol-high_2-133_u1: already run, skipped
/root/v9u_map_s103_20261009_sol-high_2-175_u1: already run, skipped
/root/v9u_map_s103_20261009_sol-high_2-250_u1: already run, skipped
/root/v9u_map_s103_20261009_sol-high_2-283_u1: already run, skipped
/root/v9u_map_s103_20261009_sol-high_3-200_u1: already run, skipped
/root/v9u_map_s103_20261009_sol-high_6-31_u1: rc 0, completed True, commands 4, max request 23476 tokens, $0.0674 equivalent
/root/v9u_map_s103_20261009_sol-high_6-80_u1: rc 0, completed True, commands 4, max request 23183 tokens, $0.0860 equivalent
/root/v9u_map_s103_20261009_sol-high_6-81_u1: rc 0, completed True, commands 4, max request 20949 tokens, $0.0591 equivalent
/root/v9u_map_s103_20261009_sol-high_6-82_u1: already run, skipped
/root/v9u_map_s103_20261009_sol-high_6-151_u1: already run, skipped
/root/v9u_map_s103_20261009_sol-high_6-152_u1: already run, skipped
/root/v9u_map_s103_20261009_sol-high_6-153_u1: already run, skipped
/root/v9u_map_s103_20261009_sol-high_7-8_u1: already run, skipped
/root/v9u_map_s103_20261009_sol-high_7-9_u1: already run, skipped
/root/v9u_map_s103_20261009_sol-high_7-124_u1: already run, skipped
/root/v9u_map_s103_20261009_sol-high_9-6_u1: already run, skipped
/root/v9u_map_s103_20261009_sol-high_10-31_u1: already run, skipped
/root/v9u_map_s103_20261009_sol-high_11-22_u1: already run, skipped
/root/v9u_map_s103_20261009_sol-high_12-16_u1: already run, skipped
/root/v9u_map_s103_20261009_sol-high_12-17_u1: already run, skipped
/root/v9u_map_s103_20261009_sol-high_14-34_u1: already run, skipped
/root/v9u_map_s103_20261009_sol-high_18-28_u1: already run, skipped
/root/v9u_map_s103_20261009_sol-high_18-45_u1: already run, skipped
/root/v9u_map_s103_20261009_sol-high_18-46_u1: already run, skipped
/root/v9u_map_s103_20261009_sol-high_18-103_u1: already run, skipped
/root/v9u_map_s103_20261009_sol-high_18-104_u1: already run, skipped
/root/v9u_map_s103_20261009_sol-high_21-18_u1: already run, skipped
/root/v9u_map_s103_20261009_sol-high_22-11_u1: already run, skipped
/root/v9u_map_s103_20261009_sol-high_22-12_u1: already run, skipped
/root/v9u_map_s103_20261009_sol-high_23-103_u1: already run, skipped
/root/v9u_map_s103_20261009_sol-high_26-181_u1: already run, skipped
/root/v9u_map_s103_20261009_sol-high_28-29_u1: already run, skipped
/root/v9u_map_s103_20261009_sol-high_29-57_u1: already run, skipped
/root/v9u_map_s103_20261009_sol-high_30-60_u1: already run, skipped
/root/v9u_map_s103_20261009_sol-high_31-14_u1: already run, skipped
/root/v9u_map_s103_20261009_sol-high_33-72_u1: already run, skipped
/root/v9u_map_s103_20261009_sol-high_39-10_u1: already run, skipped
/root/v9u_map_s103_20261009_sol-high_41-34_u1: already run, skipped
/root/v9u_map_s103_20261009_sol-high_41-35_u1: already run, skipped
/root/v9u_map_s103_20261009_sol-high_51-52_u1: already run, skipped
/root/v9u_map_s103_20261009_sol-high_51-53_u1: already run, skipped
/root/v9u_map_s103_20261009_sol-high_55-9_u1: already run, skipped
/root/v9u_map_s103_20261009_sol-high_69-1_u1: already run, skipped
/root/v9u_map_s103_20261009_sol-high_69-3_u1: already run, skipped
/root/v9u_map_s103_20261009_sol-high_70-19_u1: already run, skipped
/root/v9u_map_s103_20261009_sol-high_70-20_u1: already run, skipped
/root/v9u_map_s103_20261009_sol-high_70-21_u1: already run, skipped
/root/v9u_map_s103_20261009_sol-high_70-22_u1: already run, skipped
/root/v9u_map_s103_20261009_sol-high_83-1_u1: already run, skipped
/root/v9u_map_s103_20261009_sol-high_83-2_u1: already run, skipped
/root/v9u_map_s103_20261009_sol-high_83-3_u1: already run, skipped
/root/v9u_map_s103_20261009_sol-high_83-4_u1: already run, skipped
/root/v9u_map_s103_20261009_sol-high_84-25_u1: already run, skipped
/root/v9u_map_s103_20261009_sol-high_90-13_u1: already run, skipped
/root/v9u_map_s103_20261009_sol-high_90-17_u1: already run, skipped
/root/v9u_map_s103_20261009_sol-high_95-5_u1: already run, skipped
/root/v9u_map_s103_20261009_sol-high_95-6_u1: already run, skipped
/root/v9u_map_s103_20261009_sol-high_101-6_u1: already run, skipped
/root/v9u_map_s103_20261009_sol-high_101-7_u1: already run, skipped
/root/v9u_map_s103_20261009_sol-high_101-8_u1: already run, skipped
/root/v9u_map_s103_20261009_sol-high_101-9_u1: already run, skipped
/root/v9u_map_s103_20261009_sol-high_102-1_u1: rc 0, completed True, commands 4, max request 21973 tokens, $0.0561 equivalent
/root/v9u_map_s103_20261009_sol-high_102-2_u1: rc 0, completed True, commands 3, max request 20281 tokens, $0.0522 equivalent
/root/v9u_map_s103_20261009_sol-high_104-2_u1: rc 0, completed True, commands 3, max request 20631 tokens, $0.0480 equivalent
/root/v9u_map_s103_20261009_sol-high_104-3_u1: rc 0, completed True, commands 3, max request 20122 tokens, $0.0457 equivalent
/root/v9u_map_s103w_20261009_sol-high_12-18_u1: rc 0, completed True, commands 4, max request 20135 tokens, $0.0500 equivalent
/root/v9u_map_s103w_20261009_sol-high_20-10_u1: rc 0, completed True, commands 4, max request 22825 tokens, $0.0783 equivalent
/root/v9u_maptest-20261008_sol-high_100-1_u1: rc 0, completed True, commands 4, max request 25956 tokens, $0.1179 equivalent
/root/v9u_maptest-20261008_sol-high_12-49_u2: rc 0, completed True, commands 4, max request 20407 tokens, $0.0541 equivalent
/root/v9u_maptest-20261008_sol-high_6-52_u2: rc 0, completed True, commands 6, max request 26232 tokens, $0.0873 equivalent
