/root/v9u_map-103_1-20261008_sol-high_2-264_u2: rc 0, completed True, commands 10, max request 40850 tokens, $0.1920 equivalent
/root/v9u_map-103_1-20261008_sol-high_2-265_u2: rc 0, completed True, commands 5, max request 23309 tokens, $0.0796 equivalent
/root/v9u_map-103_1-20261008_sol-high_2-266_u2: rc 0, completed True, commands 5, max request 26236 tokens, $0.0931 equivalent
/root/v9u_map-103_1-20261008_sol-high_11-114_u2: rc 0, completed True, commands 5, max request 22637 tokens, $0.0621 equivalent
/root/v9u_map-103_1-20261008_sol-high_12-35_u2: rc 0, completed True, commands 5, max request 23464 tokens, $0.1029 equivalent
/root/v9u_map-103_1-20261008_sol-high_12-36_u2: rc 0, completed True, commands 10, max request 44324 tokens, $0.2021 equivalent
/root/v9u_map-103_1-20261008_sol-high_12-41_u2: rc 0, completed True, commands 5, max request 28383 tokens, $0.1402 equivalent
/root/v9u_map-103_1-20261008_sol-high_12-42_u2: rc 0, completed True, commands 5, max request 22645 tokens, $0.0615 equivalent
/root/v9u_map-103_1-20261008_sol-high_12-43_u2: rc 0, completed True, commands 5, max request 26242 tokens, $0.1241 equivalent
/root/v9u_map-103_1-20261008_sol-high_18-10_u2: rc 0, completed True, commands 6, max request 24663 tokens, $0.0896 equivalent
/root/v9u_map-103_1-20261008_sol-high_18-11_u2: rc 0, completed True, commands 4, max request 20328 tokens, $0.0659 equivalent
/root/v9u_map-103_1-20261008_sol-high_18-16_u2: rc 0, completed True, commands 5, max request 22782 tokens, $0.0613 equivalent
/root/v9u_map-103_1-20261008_sol-high_18-25_u2: rc 0, completed True, commands 4, max request 20638 tokens, $0.0551 equivalent
/root/v9u_map-103_1-20261008_sol-high_35-37_u2: rc 0, completed True, commands 5, max request 26313 tokens, $0.0839 equivalent
/root/v9u_map-103_1-20261008_sol-high_68-17_u2: rc 0, completed True, commands 4, max request 21118 tokens, $0.0522 equivalent
/root/v9u_map-103_1-20261008_sol-high_68-20_u2: rc 0, completed True, commands 3, max request 16989 tokens, $0.0488 equivalent
/root/v9u_map-103_1-20261008_sol-high_74-34_u2: rc 0, completed True, commands 3, max request 18311 tokens, $0.0423 equivalent
/root/v9u_map-103_1-20261008_sol-high_79-42_u1: rc 0, completed True, commands 3, max request 17065 tokens, $0.0451 equivalent
/root/v9u_map-103_1-20261008_sol-high_79-46_u2: rc 0, completed True, commands 4, max request 21227 tokens, $0.0743 equivalent
/root/v9u_map-103_1-20261008_sol-high_89-1_u2: rc 0, completed True, commands 8, max request 38869 tokens, $0.2073 equivalent
/root/v9u_map-103_1-20261008_sol-high_92-1_u1: rc 0, completed True, commands 6, max request 31375 tokens, $0.1593 equivalent
/root/v9u_map-103_1-20261008_sol-high_93-1_u2: rc 0, completed True, commands 8, max request 39957 tokens, $0.2860 equivalent
/root/v9u_map-103_1-20261008_sol-high_103-1_u2: rc 0, completed True, commands 8, max request 40335 tokens, $0.2022 equivalent
/root/v9u_map-103_1-20261008_sol-high_103-2_u2: rc 0, completed True, commands 7, max request 33992 tokens, $0.1968 equivalent
/root/v9u_map-103_1-20261008_sol-high_78-14_u2: rc 0, completed True, commands 4, max request 23461 tokens, $0.1131 equivalent
/root/v9u_map-103_1-20261008_sol-high_18-19_u2: rc 0, completed True, commands 8, max request 31744 tokens, $0.1158 equivalent
/root/v9u_map_s103_20261009_sol-high_2-14_u1: rc 0, completed True, commands 5, max request 26013 tokens, $0.1041 equivalent
/root/v9u_map_s103_20261009_sol-high_2-16_u1: rc 0, completed True, commands 4, max request 22518 tokens, $0.0800 equivalent
/root/v9u_map_s103_20261009_sol-high_2-27_u1: rc 0, completed True, commands 4, max request 21055 tokens, $0.0560 equivalent
/root/v9u_map_s103_20261009_sol-high_2-132_u1: rc 0, completed True, commands 5, max request 24039 tokens, $0.0709 equivalent
/root/v9u_map_s103_20261009_sol-high_2-133_u1: rc 0, completed True, commands 4, max request 25625 tokens, $0.0904 equivalent
/root/v9u_map_s103_20261009_sol-high_2-175_u1: rc 0, completed True, commands 4, max request 24752 tokens, $0.1004 equivalent
/root/v9u_map_s103_20261009_sol-high_2-250_u1: rc 0, completed True, commands 3, max request 18994 tokens, $0.0509 equivalent
/root/v9u_map_s103_20261009_sol-high_2-283_u1: rc 0, completed True, commands 6, max request 31938 tokens, $0.1536 equivalent
/root/v9u_map_s103_20261009_sol-high_3-200_u1: rc 0, completed True, commands 4, max request 21412 tokens, $0.0687 equivalent
/root/v9u_map_s103_20261009_sol-high_6-31_u1: rc 1, completed False, commands 0, max request 0 tokens, $0.0000 equivalent
/root/v9u_map_s103_20261009_sol-high_6-80_u1: rc 1, completed False, commands 0, max request 0 tokens, $0.0000 equivalent
/root/v9u_map_s103_20261009_sol-high_6-81_u1: rc 1, completed False, commands 0, max request 0 tokens, $0.0000 equivalent
/root/v9u_map_s103_20261009_sol-high_6-82_u1: rc 0, completed True, commands 4, max request 21351 tokens, $0.0842 equivalent
/root/v9u_map_s103_20261009_sol-high_6-151_u1: rc 0, completed True, commands 6, max request 30501 tokens, $0.1449 equivalent
/root/v9u_map_s103_20261009_sol-high_6-152_u1: rc 0, completed True, commands 5, max request 26789 tokens, $0.1189 equivalent
/root/v9u_map_s103_20261009_sol-high_6-153_u1: rc 0, completed True, commands 5, max request 23506 tokens, $0.0879 equivalent
/root/v9u_map_s103_20261009_sol-high_7-8_u1: rc 0, completed True, commands 4, max request 20644 tokens, $0.0706 equivalent
/root/v9u_map_s103_20261009_sol-high_7-9_u1: rc 0, completed True, commands 4, max request 20200 tokens, $0.0718 equivalent
/root/v9u_map_s103_20261009_sol-high_7-124_u1: rc 0, completed True, commands 3, max request 17656 tokens, $0.0559 equivalent
/root/v9u_map_s103_20261009_sol-high_9-6_u1: rc 0, completed True, commands 4, max request 22735 tokens, $0.1080 equivalent
/root/v9u_map_s103_20261009_sol-high_10-31_u1: rc 0, completed True, commands 4, max request 22361 tokens, $0.0786 equivalent
/root/v9u_map_s103_20261009_sol-high_11-22_u1: rc 0, completed True, commands 3, max request 18193 tokens, $0.0551 equivalent
/root/v9u_map_s103_20261009_sol-high_12-16_u1: rc 0, completed True, commands 3, max request 18695 tokens, $0.0607 equivalent
/root/v9u_map_s103_20261009_sol-high_12-17_u1: rc 0, completed True, commands 5, max request 24802 tokens, $0.1145 equivalent
/root/v9u_map_s103_20261009_sol-high_14-34_u1: rc 0, completed True, commands 4, max request 20479 tokens, $0.0621 equivalent
/root/v9u_map_s103_20261009_sol-high_18-28_u1: rc 0, completed True, commands 5, max request 24587 tokens, $0.0902 equivalent
/root/v9u_map_s103_20261009_sol-high_18-45_u1: rc 0, completed True, commands 4, max request 22357 tokens, $0.0751 equivalent
/root/v9u_map_s103_20261009_sol-high_18-46_u1: rc 0, completed True, commands 4, max request 22281 tokens, $0.0906 equivalent
/root/v9u_map_s103_20261009_sol-high_18-103_u1: rc 0, completed True, commands 4, max request 19598 tokens, $0.0520 equivalent
/root/v9u_map_s103_20261009_sol-high_18-104_u1: rc 0, completed True, commands 4, max request 19860 tokens, $0.0652 equivalent
/root/v9u_map_s103_20261009_sol-high_21-18_u1: rc 0, completed True, commands 4, max request 21619 tokens, $0.0748 equivalent
/root/v9u_map_s103_20261009_sol-high_22-11_u1: rc 0, completed True, commands 4, max request 23804 tokens, $0.0827 equivalent
/root/v9u_map_s103_20261009_sol-high_22-12_u1: rc 0, completed True, commands 3, max request 19877 tokens, $0.0599 equivalent
/root/v9u_map_s103_20261009_sol-high_23-103_u1: rc 0, completed True, commands 3, max request 16961 tokens, $0.0405 equivalent
/root/v9u_map_s103_20261009_sol-high_26-181_u1: rc 0, completed True, commands 2, max request 15447 tokens, $0.0278 equivalent
/root/v9u_map_s103_20261009_sol-high_28-29_u1: rc 0, completed True, commands 5, max request 28423 tokens, $0.1129 equivalent
/root/v9u_map_s103_20261009_sol-high_29-57_u1: rc 0, completed True, commands 3, max request 17279 tokens, $0.0497 equivalent
/root/v9u_map_s103_20261009_sol-high_30-60_u1: rc 0, completed True, commands 3, max request 20076 tokens, $0.0699 equivalent
/root/v9u_map_s103_20261009_sol-high_31-14_u1: rc 0, completed True, commands 5, max request 28906 tokens, $0.1362 equivalent
/root/v9u_map_s103_20261009_sol-high_33-72_u1: rc 0, completed True, commands 4, max request 23606 tokens, $0.0981 equivalent
/root/v9u_map_s103_20261009_sol-high_39-10_u1: rc 0, completed True, commands 5, max request 27643 tokens, $0.1318 equivalent
/root/v9u_map_s103_20261009_sol-high_41-34_u1: rc 0, completed True, commands 4, max request 22695 tokens, $0.0791 equivalent
/root/v9u_map_s103_20261009_sol-high_41-35_u1: rc 0, completed True, commands 3, max request 18395 tokens, $0.0672 equivalent
/root/v9u_map_s103_20261009_sol-high_51-52_u1: rc 0, completed True, commands 3, max request 19149 tokens, $0.0509 equivalent
/root/v9u_map_s103_20261009_sol-high_51-53_u1: rc 0, completed True, commands 3, max request 17515 tokens, $0.0587 equivalent
/root/v9u_map_s103_20261009_sol-high_55-9_u1: rc 0, completed True, commands 3, max request 20053 tokens, $0.0660 equivalent
/root/v9u_map_s103_20261009_sol-high_69-1_u1: rc 0, completed True, commands 3, max request 21679 tokens, $0.0903 equivalent
/root/v9u_map_s103_20261009_sol-high_69-3_u1: rc 0, completed True, commands 3, max request 18939 tokens, $0.0555 equivalent
/root/v9u_map_s103_20261009_sol-high_70-19_u1: rc 0, completed True, commands 4, max request 21900 tokens, $0.0863 equivalent
/root/v9u_map_s103_20261009_sol-high_70-20_u1: rc 0, completed True, commands 3, max request 18460 tokens, $0.0671 equivalent
/root/v9u_map_s103_20261009_sol-high_70-21_u1: rc 0, completed True, commands 3, max request 19805 tokens, $0.0595 equivalent
/root/v9u_map_s103_20261009_sol-high_70-22_u1: rc 0, completed True, commands 3, max request 17833 tokens, $0.0548 equivalent
/root/v9u_map_s103_20261009_sol-high_83-1_u1: rc 0, completed True, commands 3, max request 20641 tokens, $0.0655 equivalent
/root/v9u_map_s103_20261009_sol-high_83-2_u1: rc 0, completed True, commands 3, max request 19176 tokens, $0.0695 equivalent
/root/v9u_map_s103_20261009_sol-high_83-3_u1: rc 0, completed True, commands 3, max request 20331 tokens, $0.0812 equivalent
/root/v9u_map_s103_20261009_sol-high_83-4_u1: rc 0, completed True, commands 3, max request 17377 tokens, $0.0374 equivalent
/root/v9u_map_s103_20261009_sol-high_84-25_u1: rc 0, completed True, commands 3, max request 17933 tokens, $0.0483 equivalent
/root/v9u_map_s103_20261009_sol-high_90-13_u1: rc 0, completed True, commands 4, max request 19687 tokens, $0.0724 equivalent
/root/v9u_map_s103_20261009_sol-high_90-17_u1: rc 0, completed True, commands 4, max request 23286 tokens, $0.0785 equivalent
/root/v9u_map_s103_20261009_sol-high_95-5_u1: rc 0, completed True, commands 4, max request 22151 tokens, $0.0903 equivalent
/root/v9u_map_s103_20261009_sol-high_95-6_u1: rc 0, completed True, commands 4, max request 22841 tokens, $0.0757 equivalent
/root/v9u_map_s103_20261009_sol-high_101-6_u1: rc 0, completed True, commands 3, max request 19264 tokens, $0.0563 equivalent
/root/v9u_map_s103_20261009_sol-high_101-7_u1: rc 0, completed True, commands 3, max request 16769 tokens, $0.0424 equivalent
/root/v9u_map_s103_20261009_sol-high_101-8_u1: rc 0, completed True, commands 3, max request 18152 tokens, $0.0466 equivalent
/root/v9u_map_s103_20261009_sol-high_101-9_u1: rc 0, completed True, commands 3, max request 18420 tokens, $0.0557 equivalent
/root/v9u_map_s103_20261009_sol-high_102-1_u1: rc 1, completed False, commands 0, max request 0 tokens, $0.0000 equivalent
/root/v9u_map_s103_20261009_sol-high_102-2_u1: rc 1, completed False, commands 0, max request 0 tokens, $0.0000 equivalent
/root/v9u_map_s103_20261009_sol-high_104-2_u1: rc 1, completed False, commands 0, max request 0 tokens, $0.0000 equivalent
/root/v9u_map_s103_20261009_sol-high_104-3_u1: rc 1, completed False, commands 0, max request 0 tokens, $0.0000 equivalent
/root/v9u_map_s103w_20261009_sol-high_12-18_u1: rc 1, completed False, commands 0, max request 0 tokens, $0.0000 equivalent
/root/v9u_map_s103w_20261009_sol-high_20-10_u1: rc 1, completed False, commands 0, max request 0 tokens, $0.0000 equivalent
/root/v9u_maptest-20261008_sol-high_100-1_u1: rc 1, completed False, commands 0, max request 0 tokens, $0.0000 equivalent
/root/v9u_maptest-20261008_sol-high_12-49_u2: rc 1, completed False, commands 0, max request 0 tokens, $0.0000 equivalent
/root/v9u_maptest-20261008_sol-high_6-52_u2: rc 1, completed False, commands 0, max request 0 tokens, $0.0000 equivalent
