== map-103_1-20261008
NOTE work/t1_s087_20261009/out/luna-max/c219.jsonl: its agent has not finished; not read (its notes arrive in a later update)
NOTE work/t1_s087_20261009/out/luna-max/c221.jsonl: its agent has not finished; not read (its notes arrive in a later update)
NOTE work/t1_s087_20261009/out/luna-max/c222.jsonl: its agent has not finished; not read (its notes arrive in a later update)
NOTE work/t1_s087_20261009/out/luna-max/c225.jsonl: its agent has not finished; not read (its notes arrive in a later update)
NOTE work/t1_s087_20261009/out/luna-max/c232.jsonl: its agent has not finished; not read (its notes arrive in a later update)
NOTE work/t1_s087_20261009/out/luna-max/c240.jsonl: its agent has not finished; not read (its notes arrive in a later update)
NOTE work/t1_s087_20261009/out/luna-max/c248.jsonl: its agent has not finished; not read (its notes arrive in a later update)
NOTE work/t1_s087_20261009/out/luna-max/c249.jsonl: its agent has not finished; not read (its notes arrive in a later update)
NOTE work/t1_s087_20261009/out/luna-max/c253.jsonl: its agent has not finished; not read (its notes arrive in a later update)
NOTE work/t1_s087_20261009/out/luna-max/c254.jsonl: its agent has not finished; not read (its notes arrive in a later update)
NOTE work/t1_s087_20261009/out/luna-max/c255.jsonl: its agent has not finished; not read (its notes arrive in a later update)
NOTE work/t1_s087_20261009/out/luna-max/c256.jsonl: its agent has not finished; not read (its notes arrive in a later update)
NOTE work/t1_s087_20261009/out/luna-max/c258.jsonl: its agent has not finished; not read (its notes arrive in a later update)
NOTE work/t1_s087_20261009/out/luna-max/c259.jsonl: its agent has not finished; not read (its notes arrive in a later update)
NOTE work/t1_s087_20261009/out/luna-max/c261.jsonl: its agent has not finished; not read (its notes arrive in a later update)
NOTE work/t1_s087_20261009/out/luna-max/c262.jsonl: its agent has not finished; not read (its notes arrive in a later update)
NOTE work/t1_s087_20261009/out/luna-max/c263.jsonl: its agent has not finished; not read (its notes arrive in a later update)
NOTE work/t1_s087_20261009/out/luna-max/c264.jsonl: its agent has not finished; not read (its notes arrive in a later update)
NOTE work/t1_s087_20261009/out/luna-max/c266.jsonl: its agent has not finished; not read (its notes arrive in a later update)
NOTE work/t1_s087_20261009/out/luna-max/c267.jsonl: its agent has not finished; not read (its notes arrive in a later update)
NOTE work/t1_s087_20261009/out/luna-max/c270.jsonl: its agent has not finished; not read (its notes arrive in a later update)
NOTE work/t1_s087_20261009/out/luna-max/c271.jsonl: its agent has not finished; not read (its notes arrive in a later update)
NOTE work/t1_s087_20261009/out/luna-max/c273.jsonl: its agent has not finished; not read (its notes arrive in a later update)
2:264: update 2, 102 new notes, 70,238 characters  spawn enrichment/v9/work/map-103_1-20261008/map/spawn/sol-high_2-264.u2.md
NOTE work/t1_s087_20261009/out/luna-max/c251.jsonl: its agent has not finished; not read (its notes arrive in a later update)
NOTE work/t1_s087_20261009/out/luna-max/c268.jsonl: its agent has not finished; not read (its notes arrive in a later update)
NOTE work/t1_s087_20261009/out/luna-max/c269.jsonl: its agent has not finished; not read (its notes arrive in a later update)
NOTE work/t1_s087_20261009/out/luna-max/c272.jsonl: its agent has not finished; not read (its notes arrive in a later update)
NOTE work/t1_s087_20261009/out/luna-max/c274.jsonl: its agent has not finished; not read (its notes arrive in a later update)
NOTE work/t1_s087_20261009/out/luna-max/c275.jsonl: its agent has not finished; not read (its notes arrive in a later update)
NOTE work/t1_s087_20261009/out/luna-max/c276.jsonl: its agent has not finished; not read (its notes arrive in a later update)
NOTE work/t1_s087_20261009/out/luna-max/c28.jsonl: its agent has not finished; not read (its notes arrive in a later update)
2:265: update 2, 1 new notes, 32,335 characters  spawn enrichment/v9/work/map-103_1-20261008/map/spawn/sol-high_2-265.u2.md
NOTE work/t1_s087_20261009/out/luna-max/c277.jsonl: its agent has not finished; not read (its notes arrive in a later update)
NOTE work/t1_s087_20261009/out/luna-max/c278.jsonl: its agent has not finished; not read (its notes arrive in a later update)
2:266: update 2, 11 new notes, 39,415 characters  spawn enrichment/v9/work/map-103_1-20261008/map/spawn/sol-high_2-266.u2.md
NOTE work/t1_s087_20261009/out/luna-max/c265.jsonl: its agent has not finished; not read (its notes arrive in a later update)
NOTE work/t1_s087_20261009/out/luna-max/c29.jsonl: its agent has not finished; not read (its notes arrive in a later update)
11:114: update 2, 7 new notes, 32,899 characters  spawn enrichment/v9/work/map-103_1-20261008/map/spawn/sol-high_11-114.u2.md
NOTE work/t1_s087_20261009/out/luna-max/c280.jsonl: its agent has not finished; not read (its notes arrive in a later update)
NOTE work/t1_s087_20261009/out/luna-max/c281.jsonl: its agent has not finished; not read (its notes arrive in a later update)
NOTE work/t1_s087_20261009/out/luna-max/c285.jsonl: its agent has not finished; not read (its notes arrive in a later update)
12:35: update 2, 11 new notes, 32,391 characters  spawn enrichment/v9/work/map-103_1-20261008/map/spawn/sol-high_12-35.u2.md
NOTE work/t1_s087_20261009/out/luna-max/c279.jsonl: its agent has not finished; not read (its notes arrive in a later update)
NOTE work/t1_s087_20261009/out/luna-max/c282.jsonl: its agent has not finished; not read (its notes arrive in a later update)
NOTE work/t1_s087_20261009/out/luna-max/c284.jsonl: its agent has not finished; not read (its notes arrive in a later update)
NOTE work/t1_s087_20261009/out/luna-max/c287.jsonl: its agent has not finished; not read (its notes arrive in a later update)
12:36: update 2, 158 new notes, 71,943 characters  spawn enrichment/v9/work/map-103_1-20261008/map/spawn/sol-high_12-36.u2.md
12:41: update 2, 33 new notes, 37,978 characters  spawn enrichment/v9/work/map-103_1-20261008/map/spawn/sol-high_12-41.u2.md
NOTE work/t1_s087_20261009/out/luna-max/c286.jsonl: its agent has not finished; not read (its notes arrive in a later update)
NOTE work/t1_s087_20261009/out/luna-max/c288.jsonl: its agent has not finished; not read (its notes arrive in a later update)
NOTE work/t1_s087_20261009/out/luna-max/c289.jsonl: its agent has not finished; not read (its notes arrive in a later update)
NOTE work/t1_s087_20261009/out/luna-max/c290.jsonl: its agent has not finished; not read (its notes arrive in a later update)
NOTE work/t1_s087_20261009/out/luna-max/c292.jsonl: its agent has not finished; not read (its notes arrive in a later update)
12:42: update 2, 1 new notes, 34,436 characters  spawn enrichment/v9/work/map-103_1-20261008/map/spawn/sol-high_12-42.u2.md
NOTE work/t1_s087_20261009/out/luna-max/c295.jsonl: its agent has not finished; not read (its notes arrive in a later update)
12:43: update 2, 7 new notes, 32,621 characters  spawn enrichment/v9/work/map-103_1-20261008/map/spawn/sol-high_12-43.u2.md
NOTE work/t1_s087_20261009/out/luna-max/c293.jsonl: its agent has not finished; not read (its notes arrive in a later update)
12:45: no new notes
NOTE work/t1_s087_20261009/out/luna-max/c283.jsonl: its agent has not finished; not read (its notes arrive in a later update)
NOTE work/t1_s087_20261009/out/luna-max/c291.jsonl: its agent has not finished; not read (its notes arrive in a later update)
NOTE work/t1_s087_20261009/out/luna-max/c296.jsonl: its agent has not finished; not read (its notes arrive in a later update)
12:47: no new notes
12:48: no new notes
NOTE work/t1_s087_20261009/out/luna-max/c297.jsonl: its agent has not finished; not read (its notes arrive in a later update)
NOTE work/t1_s087_20261009/out/luna-max/c300.jsonl: its agent has not finished; not read (its notes arrive in a later update)
NOTE work/t1_s087_20261009/out/luna-max/c301.jsonl: its agent has not finished; not read (its notes arrive in a later update)
18:10: update 2, 1 new notes, 40,085 characters  spawn enrichment/v9/work/map-103_1-20261008/map/spawn/sol-high_18-10.u2.md
NOTE work/t1_s087_20261009/out/luna-max/c30.jsonl: its agent has not finished; not read (its notes arrive in a later update)
NOTE work/t1_s087_20261009/out/luna-max/c302.jsonl: its agent has not finished; not read (its notes arrive in a later update)
NOTE work/t1_s087_20261009/out/luna-max/c304.jsonl: its agent has not finished; not read (its notes arrive in a later update)
18:11: update 2, 2 new notes, 22,923 characters  spawn enrichment/v9/work/map-103_1-20261008/map/spawn/sol-high_18-11.u2.md
NOTE work/t1_s087_20261009/out/luna-max/c298.jsonl: its agent has not finished; not read (its notes arrive in a later update)
NOTE work/t1_s087_20261009/out/luna-max/c299.jsonl: its agent has not finished; not read (its notes arrive in a later update)
NOTE work/t1_s087_20261009/out/luna-max/c305.jsonl: its agent has not finished; not read (its notes arrive in a later update)
NOTE work/t1_s087_20261009/out/luna-max/c31.jsonl: its agent has not finished; not read (its notes arrive in a later update)
18:16: update 2, 1 new notes, 33,661 characters  spawn enrichment/v9/work/map-103_1-20261008/map/spawn/sol-high_18-16.u2.md
NOTE work/t1_s087_20261009/out/luna-max/c303.jsonl: its agent has not finished; not read (its notes arrive in a later update)
NOTE work/t1_s087_20261009/out/luna-max/c307.jsonl: its agent has not finished; not read (its notes arrive in a later update)
18:25: update 2, 1 new notes, 23,216 characters  spawn enrichment/v9/work/map-103_1-20261008/map/spawn/sol-high_18-25.u2.md
NOTE work/t1_s087_20261009/out/luna-max/c306.jsonl: its agent has not finished; not read (its notes arrive in a later update)
NOTE work/t1_s087_20261009/out/luna-max/c308.jsonl: its agent has not finished; not read (its notes arrive in a later update)
35:37: update 2, 21 new notes, 37,994 characters  spawn enrichment/v9/work/map-103_1-20261008/map/spawn/sol-high_35-37.u2.md
68:17: update 2, 1 new notes, 26,793 characters  spawn enrichment/v9/work/map-103_1-20261008/map/spawn/sol-high_68-17.u2.md
NOTE work/t1_s087_20261009/out/luna-max/c310.jsonl: its agent has not finished; not read (its notes arrive in a later update)
68:18: no new notes
NOTE work/t1_s087_20261009/out/luna-max/c309.jsonl: its agent has not finished; not read (its notes arrive in a later update)
NOTE work/t1_s087_20261009/out/luna-max/c311.jsonl: its agent has not finished; not read (its notes arrive in a later update)
NOTE work/t1_s087_20261009/out/luna-max/c312.jsonl: its agent has not finished; not read (its notes arrive in a later update)
NOTE work/t1_s087_20261009/out/luna-max/c313.jsonl: its agent has not finished; not read (its notes arrive in a later update)
68:19: no new notes
NOTE work/t1_s087_20261009/out/luna-max/c314.jsonl: its agent has not finished; not read (its notes arrive in a later update)
NOTE work/t1_s087_20261009/out/luna-max/c317.jsonl: its agent has not finished; not read (its notes arrive in a later update)
NOTE work/t1_s087_20261009/out/luna-max/c32.jsonl: its agent has not finished; not read (its notes arrive in a later update)
68:20: update 2, 1 new notes, 12,482 characters  spawn enrichment/v9/work/map-103_1-20261008/map/spawn/sol-high_68-20.u2.md
NOTE work/t1_s087_20261009/out/luna-max/c315.jsonl: its agent has not finished; not read (its notes arrive in a later update)
NOTE work/t1_s087_20261009/out/luna-max/c316.jsonl: its agent has not finished; not read (its notes arrive in a later update)
NOTE work/t1_s087_20261009/out/luna-max/c319.jsonl: its agent has not finished; not read (its notes arrive in a later update)
NOTE work/t1_s087_20261009/out/luna-max/c320.jsonl: its agent has not finished; not read (its notes arrive in a later update)
NOTE work/t1_s087_20261009/out/luna-max/c321.jsonl: its agent has not finished; not read (its notes arrive in a later update)
68:24: no new notes
NOTE work/t1_s087_20261009/out/luna-max/c318.jsonl: its agent has not finished; not read (its notes arrive in a later update)
NOTE work/t1_s087_20261009/out/luna-max/c323.jsonl: its agent has not finished; not read (its notes arrive in a later update)
68:26: no new notes
NOTE work/t1_s087_20261009/out/luna-max/c322.jsonl: its agent has not finished; not read (its notes arrive in a later update)
NOTE work/t1_s087_20261009/out/luna-max/c392.jsonl: its agent has not finished; not read (its notes arrive in a later update)
NOTE work/t1_s087_20261009/out/luna-max/c393.jsonl: its agent has not finished; not read (its notes arrive in a later update)
68:27: no new notes
NOTE work/t1_s087_20261009/out/luna-max/c324.jsonl: its agent has not finished; not read (its notes arrive in a later update)
NOTE work/t1_s087_20261009/out/luna-max/c394.jsonl: its agent has not finished; not read (its notes arrive in a later update)
74:34: update 2, 3 new notes, 14,166 characters  spawn enrichment/v9/work/map-103_1-20261008/map/spawn/sol-high_74-34.u2.md
78:15: no new notes
78:16: no new notes
79:42: update 1, 1 new notes, 12,572 characters  spawn enrichment/v9/work/map-103_1-20261008/map/spawn/sol-high_79-42.u1.md
79:46: update 2, 3 new notes, 22,797 characters  spawn enrichment/v9/work/map-103_1-20261008/map/spawn/sol-high_79-46.u2.md
89:1: update 2, 155 new notes, 56,957 characters  spawn enrichment/v9/work/map-103_1-20261008/map/spawn/sol-high_89-1.u2.md
92:1: update 1, 82 new notes, 35,426 characters  spawn enrichment/v9/work/map-103_1-20261008/map/spawn/sol-high_92-1.u1.md
93:1: update 2, 162 new notes, 54,758 characters  spawn enrichment/v9/work/map-103_1-20261008/map/spawn/sol-high_93-1.u2.md
103:1: update 2, 176 new notes, 60,420 characters  spawn enrichment/v9/work/map-103_1-20261008/map/spawn/sol-high_103-1.u2.md
103:2: update 2, 100 new notes, 41,761 characters  spawn enrichment/v9/work/map-103_1-20261008/map/spawn/sol-high_103-2.u2.md
78:14: update 2, 18 new notes, 21,481 characters  spawn enrichment/v9/work/map-103_1-20261008/map/spawn/sol-high_78-14.u2.md
18:19: update 2, 7 new notes, 60,935 characters  spawn enrichment/v9/work/map-103_1-20261008/map/spawn/sol-high_18-19.u2.md
26 update(s) built
== map_s096_20261009
0 update(s) built
== map_s103_20261009
2:14: update 1, 11 new notes, 32,662 characters  spawn enrichment/v9/work/map_s103_20261009/map/spawn/sol-high_2-14.u1.md
2:16: update 1, 7 new notes, 22,800 characters  spawn enrichment/v9/work/map_s103_20261009/map/spawn/sol-high_2-16.u1.md
2:27: update 1, 4 new notes, 25,831 characters  spawn enrichment/v9/work/map_s103_20261009/map/spawn/sol-high_2-27.u1.md
2:132: update 1, 3 new notes, 31,577 characters  spawn enrichment/v9/work/map_s103_20261009/map/spawn/sol-high_2-132.u1.md
2:133: update 1, 15 new notes, 29,963 characters  spawn enrichment/v9/work/map_s103_20261009/map/spawn/sol-high_2-133.u1.md
2:175: update 1, 31 new notes, 27,759 characters  spawn enrichment/v9/work/map_s103_20261009/map/spawn/sol-high_2-175.u1.md
2:250: update 1, 4 new notes, 19,598 characters  spawn enrichment/v9/work/map_s103_20261009/map/spawn/sol-high_2-250.u1.md
2:283: update 1, 27 new notes, 40,120 characters  spawn enrichment/v9/work/map_s103_20261009/map/spawn/sol-high_2-283.u1.md
3:200: update 1, 5 new notes, 25,525 characters  spawn enrichment/v9/work/map_s103_20261009/map/spawn/sol-high_3-200.u1.md
6:31: update 1, 7 new notes, 27,704 characters  spawn enrichment/v9/work/map_s103_20261009/map/spawn/sol-high_6-31.u1.md
6:80: update 1, 7 new notes, 29,977 characters  spawn enrichment/v9/work/map_s103_20261009/map/spawn/sol-high_6-80.u1.md
6:81: update 1, 2 new notes, 22,022 characters  spawn enrichment/v9/work/map_s103_20261009/map/spawn/sol-high_6-81.u1.md
6:82: update 1, 8 new notes, 25,889 characters  spawn enrichment/v9/work/map_s103_20261009/map/spawn/sol-high_6-82.u1.md
6:151: update 1, 28 new notes, 47,856 characters  spawn enrichment/v9/work/map_s103_20261009/map/spawn/sol-high_6-151.u1.md
6:152: update 1, 7 new notes, 38,973 characters  spawn enrichment/v9/work/map_s103_20261009/map/spawn/sol-high_6-152.u1.md
6:153: update 1, 4 new notes, 31,734 characters  spawn enrichment/v9/work/map_s103_20261009/map/spawn/sol-high_6-153.u1.md
7:8: update 1, 3 new notes, 26,758 characters  spawn enrichment/v9/work/map_s103_20261009/map/spawn/sol-high_7-8.u1.md
7:9: update 1, 2 new notes, 24,093 characters  spawn enrichment/v9/work/map_s103_20261009/map/spawn/sol-high_7-9.u1.md
7:124: update 1, 1 new notes, 16,038 characters  spawn enrichment/v9/work/map_s103_20261009/map/spawn/sol-high_7-124.u1.md
7:126: no new notes
9:6: update 1, 10 new notes, 27,989 characters  spawn enrichment/v9/work/map_s103_20261009/map/spawn/sol-high_9-6.u1.md
10:31: update 1, 4 new notes, 25,103 characters  spawn enrichment/v9/work/map_s103_20261009/map/spawn/sol-high_10-31.u1.md
10:32: no new notes
11:21: no new notes
11:22: update 1, 1 new notes, 16,948 characters  spawn enrichment/v9/work/map_s103_20261009/map/spawn/sol-high_11-22.u1.md
12:16: update 1, 2 new notes, 16,143 characters  spawn enrichment/v9/work/map_s103_20261009/map/spawn/sol-high_12-16.u1.md
12:17: update 1, 17 new notes, 25,783 characters  spawn enrichment/v9/work/map_s103_20261009/map/spawn/sol-high_12-17.u1.md
14:34: update 1, 6 new notes, 22,004 characters  spawn enrichment/v9/work/map_s103_20261009/map/spawn/sol-high_14-34.u1.md
18:28: update 1, 8 new notes, 32,436 characters  spawn enrichment/v9/work/map_s103_20261009/map/spawn/sol-high_18-28.u1.md
18:45: update 1, 6 new notes, 24,615 characters  spawn enrichment/v9/work/map_s103_20261009/map/spawn/sol-high_18-45.u1.md
18:46: update 1, 8 new notes, 25,635 characters  spawn enrichment/v9/work/map_s103_20261009/map/spawn/sol-high_18-46.u1.md
18:103: update 1, 2 new notes, 20,054 characters  spawn enrichment/v9/work/map_s103_20261009/map/spawn/sol-high_18-103.u1.md
18:104: update 1, 3 new notes, 20,343 characters  spawn enrichment/v9/work/map_s103_20261009/map/spawn/sol-high_18-104.u1.md
18:105: no new notes
21:18: update 1, 8 new notes, 22,917 characters  spawn enrichment/v9/work/map_s103_20261009/map/spawn/sol-high_21-18.u1.md
22:11: update 1, 8 new notes, 28,911 characters  spawn enrichment/v9/work/map_s103_20261009/map/spawn/sol-high_22-11.u1.md
22:12: update 1, 3 new notes, 17,071 characters  spawn enrichment/v9/work/map_s103_20261009/map/spawn/sol-high_22-12.u1.md
23:103: update 1, 1 new notes, 12,277 characters  spawn enrichment/v9/work/map_s103_20261009/map/spawn/sol-high_23-103.u1.md
26:181: update 1, 1 new notes, 8,261 characters  spawn enrichment/v9/work/map_s103_20261009/map/spawn/sol-high_26-181.u1.md
28:29: update 1, 32 new notes, 37,375 characters  spawn enrichment/v9/work/map_s103_20261009/map/spawn/sol-high_28-29.u1.md
29:57: update 1, 1 new notes, 12,305 characters  spawn enrichment/v9/work/map_s103_20261009/map/spawn/sol-high_29-57.u1.md
29:58: no new notes
29:59: no new notes
30:60: update 1, 2 new notes, 18,524 characters  spawn enrichment/v9/work/map_s103_20261009/map/spawn/sol-high_30-60.u1.md
31:14: update 1, 38 new notes, 34,166 characters  spawn enrichment/v9/work/map_s103_20261009/map/spawn/sol-high_31-14.u1.md
33:72: update 1, 13 new notes, 22,195 characters  spawn enrichment/v9/work/map_s103_20261009/map/spawn/sol-high_33-72.u1.md
39:10: update 1, 11 new notes, 38,063 characters  spawn enrichment/v9/work/map_s103_20261009/map/spawn/sol-high_39-10.u1.md
39:15: no new notes
40:55: no new notes
41:34: update 1, 11 new notes, 26,321 characters  spawn enrichment/v9/work/map_s103_20261009/map/spawn/sol-high_41-34.u1.md
41:35: update 1, 2 new notes, 15,812 characters  spawn enrichment/v9/work/map_s103_20261009/map/spawn/sol-high_41-35.u1.md
51:11: no new notes
51:52: update 1, 5 new notes, 18,066 characters  spawn enrichment/v9/work/map_s103_20261009/map/spawn/sol-high_51-52.u1.md
51:53: update 1, 3 new notes, 12,931 characters  spawn enrichment/v9/work/map_s103_20261009/map/spawn/sol-high_51-53.u1.md
55:9: update 1, 6 new notes, 18,703 characters  spawn enrichment/v9/work/map_s103_20261009/map/spawn/sol-high_55-9.u1.md
69:1: update 1, 18 new notes, 14,362 characters  spawn enrichment/v9/work/map_s103_20261009/map/spawn/sol-high_69-1.u1.md
69:3: update 1, 2 new notes, 14,871 characters  spawn enrichment/v9/work/map_s103_20261009/map/spawn/sol-high_69-3.u1.md
70:19: update 1, 18 new notes, 20,477 characters  spawn enrichment/v9/work/map_s103_20261009/map/spawn/sol-high_70-19.u1.md
70:20: update 1, 4 new notes, 12,601 characters  spawn enrichment/v9/work/map_s103_20261009/map/spawn/sol-high_70-20.u1.md
70:21: update 1, 4 new notes, 18,550 characters  spawn enrichment/v9/work/map_s103_20261009/map/spawn/sol-high_70-21.u1.md
70:22: update 1, 4 new notes, 12,596 characters  spawn enrichment/v9/work/map_s103_20261009/map/spawn/sol-high_70-22.u1.md
76:3: no new notes
83:1: update 1, 11 new notes, 19,694 characters  spawn enrichment/v9/work/map_s103_20261009/map/spawn/sol-high_83-1.u1.md
83:2: update 1, 4 new notes, 17,566 characters  spawn enrichment/v9/work/map_s103_20261009/map/spawn/sol-high_83-2.u1.md
83:3: update 1, 5 new notes, 19,523 characters  spawn enrichment/v9/work/map_s103_20261009/map/spawn/sol-high_83-3.u1.md
83:4: update 1, 1 new notes, 14,537 characters  spawn enrichment/v9/work/map_s103_20261009/map/spawn/sol-high_83-4.u1.md
83:5: no new notes
84:25: update 1, 5 new notes, 12,701 characters  spawn enrichment/v9/work/map_s103_20261009/map/spawn/sol-high_84-25.u1.md
90:13: update 1, 2 new notes, 22,527 characters  spawn enrichment/v9/work/map_s103_20261009/map/spawn/sol-high_90-13.u1.md
90:17: update 1, 5 new notes, 28,293 characters  spawn enrichment/v9/work/map_s103_20261009/map/spawn/sol-high_90-17.u1.md
95:5: update 1, 15 new notes, 21,794 characters  spawn enrichment/v9/work/map_s103_20261009/map/spawn/sol-high_95-5.u1.md
95:6: update 1, 10 new notes, 23,452 characters  spawn enrichment/v9/work/map_s103_20261009/map/spawn/sol-high_95-6.u1.md
101:6: update 1, 2 new notes, 17,394 characters  spawn enrichment/v9/work/map_s103_20261009/map/spawn/sol-high_101-6.u1.md
101:7: update 1, 1 new notes, 12,394 characters  spawn enrichment/v9/work/map_s103_20261009/map/spawn/sol-high_101-7.u1.md
101:8: update 1, 1 new notes, 16,258 characters  spawn enrichment/v9/work/map_s103_20261009/map/spawn/sol-high_101-8.u1.md
101:9: update 1, 3 new notes, 15,867 characters  spawn enrichment/v9/work/map_s103_20261009/map/spawn/sol-high_101-9.u1.md
102:1: update 1, 1 new notes, 27,064 characters  spawn enrichment/v9/work/map_s103_20261009/map/spawn/sol-high_102-1.u1.md
102:2: update 1, 2 new notes, 18,425 characters  spawn enrichment/v9/work/map_s103_20261009/map/spawn/sol-high_102-2.u1.md
104:2: update 1, 2 new notes, 19,987 characters  spawn enrichment/v9/work/map_s103_20261009/map/spawn/sol-high_104-2.u1.md
104:3: update 1, 3 new notes, 19,198 characters  spawn enrichment/v9/work/map_s103_20261009/map/spawn/sol-high_104-3.u1.md
69 update(s) built
== map_s103w_20261009
100:6: no new notes
103:3: no new notes
12:18: update 1, 4 new notes, 23,817 characters  spawn enrichment/v9/work/map_s103w_20261009/map/spawn/sol-high_12-18.u1.md
20:10: update 1, 4 new notes, 23,820 characters  spawn enrichment/v9/work/map_s103w_20261009/map/spawn/sol-high_20-10.u1.md
26:177: no new notes
2:282: no new notes
31:13: no new notes
31:17: no new notes
4:6: no new notes
55:7: no new notes
76:2: no new notes
95:4: no new notes
2 update(s) built
== maptest-20261008
100:1: update 1, 28 new notes, 26,537 characters  spawn enrichment/v9/work/maptest-20261008/map/spawn/sol-high_100-1.u1.md
12:49: update 2, 1 new notes, 21,323 characters  spawn enrichment/v9/work/maptest-20261008/map/spawn/sol-high_12-49.u2.md
6:52: update 2, 25 new notes, 42,476 characters  spawn enrichment/v9/work/maptest-20261008/map/spawn/sol-high_6-52.u2.md
3 update(s) built
