4638 segments, 196 chunks, 7,665,214 characters, 196 spawn files
  c01  1 sources  25 segments  40,985 chars: BURSEVI
  c02  1 sources  32 segments  41,623 chars: BURSEVI
  c03  1 sources  30 segments  42,315 chars: BURSEVI
  c04  1 sources  23 segments  38,154 chars: BURSEVI
  c05  1 sources  30 segments  30,907 chars: QASHANI
  c06  1 sources  17 segments  41,330 chars: QUSHAYRI
  c07  3 sources  59 segments  32,677 chars: QUSHAYRI SULAMI TUSTARI
  c08  1 sources  20 segments  18,100 chars: AKHFASH
  c09  3 sources  60 segments  42,824 chars: FARRA IBNQUTAYBA-GHARIB MAJAZ
  c10  1 sources  25 segments  42,217 chars: NAHHAS
  c11  1 sources  11 segments  16,903 chars: NAHHAS
  c12  1 sources  34 segments  43,384 chars: SAMIN-DURR
  c13  1 sources  32 segments  43,064 chars: SAMIN-DURR
  c14  1 sources  50 segments  45,018 chars: SAMIN-DURR
  c15  1 sources  10 segments   6,484 chars: SAMIN-DURR
  c16  1 sources  35 segments  41,799 chars: ZAJJAJ
  c17  1 sources  10 segments   9,770 chars: ZAJJAJ
  c18  1 sources  98 segments  49,745 chars: ASAD-NOTES
  c19  2 sources  34 segments  23,554 chars: ASAD-NOTES CORPUSCORANICUM
  c20  1 sources  22 segments  29,261 chars: SAMARRAI-LAMASAT-HALAQAT
  c21  1 sources  12 segments  40,764 chars: ISLAHI-TADABBUR
  c22  1 sources  11 segments  39,690 chars: ISLAHI-TADABBUR
  c23  1 sources  11 segments  38,402 chars: ISLAHI-TADABBUR
  c24  1 sources  10 segments  38,235 chars: ISLAHI-TADABBUR
  c25  1 sources  10 segments  38,318 chars: ISLAHI-TADABBUR
  c26  1 sources  12 segments  41,671 chars: ISLAHI-TADABBUR
  c27  1 sources  15 segments  41,999 chars: ISLAHI-TADABBUR
  c28  1 sources  13 segments  39,499 chars: ISLAHI-TADABBUR
  c29  1 sources  12 segments  39,500 chars: ISLAHI-TADABBUR
  c30  1 sources  13 segments  39,221 chars: ISLAHI-TADABBUR
  c31  1 sources  13 segments  40,053 chars: ISLAHI-TADABBUR
  c32  1 sources  11 segments  38,711 chars: ISLAHI-TADABBUR
  c33  1 sources  13 segments  41,785 chars: ISLAHI-TADABBUR
  c34  1 sources  14 segments  39,151 chars: ISLAHI-TADABBUR
  c35  1 sources  13 segments  41,500 chars: ISLAHI-TADABBUR
  c36  1 sources  18 segments  41,408 chars: ISLAHI-TADABBUR
  c37  1 sources  14 segments  39,064 chars: ISLAHI-TADABBUR
  c38  1 sources  13 segments  40,408 chars: ISLAHI-TADABBUR
  c39  1 sources  12 segments  41,173 chars: ISLAHI-TADABBUR
  c40  1 sources  13 segments  40,017 chars: ISLAHI-TADABBUR
  c41  1 sources  12 segments  41,528 chars: ISLAHI-TADABBUR
  c42  1 sources  13 segments  41,766 chars: ISLAHI-TADABBUR
  c43  1 sources  13 segments  38,908 chars: ISLAHI-TADABBUR
  c44  1 sources  15 segments  41,875 chars: ISLAHI-TADABBUR
  c45  1 sources  16 segments  40,385 chars: ISLAHI-TADABBUR
  c46  1 sources   5 segments  12,244 chars: ISLAHI-TADABBUR
  c47  1 sources  28 segments  39,904 chars: FARISI-HUJJA
  c48  4 sources  78 segments  44,307 chars: IBNJINNI-MUHTASAB IBNKHALAWAYH-HUJJA IBNMUJAHID QIRAAT-ER
  c49  1 sources  26 segments  10,395 chars: ABDURRAZZAQ
  c50  1 sources  23 segments  42,328 chars: ABUHAYYAN-FULL
  c51  1 sources  22 segments  41,323 chars: ABUHAYYAN-FULL
  c52  1 sources  22 segments  42,016 chars: ABUHAYYAN-FULL
  c53  1 sources  24 segments  42,201 chars: ABUHAYYAN-FULL
  c54  1 sources  25 segments  42,855 chars: ABUHAYYAN-FULL
  c55  1 sources  23 segments  42,316 chars: ABUHAYYAN-FULL
  c56  1 sources  26 segments  43,345 chars: ABUHAYYAN-FULL
  c57  1 sources  22 segments  41,349 chars: ABUHAYYAN-FULL
  c58  1 sources  24 segments  43,251 chars: ABUHAYYAN-FULL
  c59  1 sources  23 segments  43,077 chars: ABUHAYYAN-FULL
  c60  1 sources  24 segments  43,121 chars: ABUHAYYAN-FULL
  c61  1 sources  23 segments  41,884 chars: ABUHAYYAN-FULL
  c62  1 sources  23 segments  42,749 chars: ABUHAYYAN-FULL
  c63  1 sources  23 segments  42,815 chars: ABUHAYYAN-FULL
  c64  1 sources  24 segments  42,566 chars: ABUHAYYAN-FULL
  c65  1 sources  23 segments  42,798 chars: ABUHAYYAN-FULL
  c66  1 sources  23 segments  43,036 chars: ABUHAYYAN-FULL
  c67  1 sources  22 segments  42,509 chars: ABUHAYYAN-FULL
  c68  1 sources  24 segments  42,588 chars: ABUHAYYAN-FULL
  c69  1 sources  21 segments  41,031 chars: ABUHAYYAN-FULL
  c70  1 sources  23 segments  41,885 chars: ABUHAYYAN-FULL
  c71  1 sources  23 segments  41,780 chars: ABUHAYYAN-FULL
  c72  1 sources  23 segments  42,670 chars: ABUHAYYAN-FULL
  c73  1 sources  22 segments  42,313 chars: ABUHAYYAN-FULL
  c74  1 sources  24 segments  43,177 chars: ABUHAYYAN-FULL
  c75  1 sources  24 segments  42,708 chars: ABUHAYYAN-FULL
  c76  1 sources  22 segments  42,849 chars: ABUHAYYAN-FULL
  c77  1 sources  23 segments  41,307 chars: ABUHAYYAN-FULL
  c78  1 sources  24 segments  42,871 chars: ABUHAYYAN-FULL
  c79  1 sources  19 segments  31,859 chars: ABUHAYYAN-FULL
  c80  1 sources  17 segments  40,516 chars: ALUSI-FULL
  c81  1 sources  20 segments  40,809 chars: ALUSI-FULL
  c82  1 sources  25 segments  41,286 chars: ALUSI-FULL
  c83  1 sources  22 segments  41,544 chars: ALUSI-FULL
  c84  1 sources  26 segments  42,210 chars: ALUSI-FULL
  c85  1 sources  28 segments  42,804 chars: ALUSI-FULL
  c86  1 sources   6 segments   6,992 chars: ALUSI-FULL
  c87  1 sources  42 segments  43,947 chars: BAGHAWI-FULL
  c88  1 sources  38 segments  39,068 chars: BAGHAWI-FULL
  c89  1 sources  51 segments  44,844 chars: BAYDAWI-FULL
  c90  2 sources  36 segments  43,118 chars: BAYDAWI-FULL BINTSHATI
  c91  1 sources  18 segments  41,003 chars: BIQAI-FULL
  c92  1 sources  18 segments  42,148 chars: BIQAI-FULL
  c93  1 sources  18 segments  41,665 chars: BIQAI-FULL
  c94  1 sources  17 segments  39,726 chars: BIQAI-FULL
  c95  1 sources  19 segments  40,283 chars: BIQAI-FULL
  c96  2 sources  18 segments  37,440 chars: BIQAI-FULL DURR
  c97  1 sources  24 segments  40,541 chars: DURR-FULL
  c98  1 sources  25 segments  41,571 chars: DURR-FULL
  c99  1 sources  18 segments  30,111 chars: DURR-FULL
  c100  1 sources  28 segments  42,427 chars: IBNABIHATIM
  c101  1 sources  36 segments  43,097 chars: IBNABIHATIM
  c102  2 sources  18 segments  13,421 chars: IBNABIHATIM IBNASHUR
  c103  1 sources  25 segments  42,850 chars: IBNASHUR-FULL
  c104  1 sources  30 segments  43,454 chars: IBNASHUR-FULL
  c105  1 sources  24 segments  42,339 chars: IBNASHUR-FULL
  c106  1 sources  29 segments  42,645 chars: IBNASHUR-FULL
  c107  1 sources  24 segments  42,217 chars: IBNASHUR-FULL
  c108  1 sources  24 segments  41,185 chars: IBNASHUR-FULL
  c109  1 sources  29 segments  43,688 chars: IBNATIYYA-FULL
  c110  1 sources  32 segments  43,657 chars: IBNATIYYA-FULL
  c111  1 sources  32 segments  44,265 chars: IBNATIYYA-FULL
  c112  1 sources  18 segments  28,127 chars: IBNATIYYA-FULL
  c113  1 sources  62 segments  47,263 chars: IBNJAWZI-ZAD
  c114  2 sources  35 segments  19,424 chars: IBNJAWZI-ZAD IBNKATHIR
  c115  1 sources  32 segments  50,612 chars: IBNKATHIR-FULL
  c116  1 sources  30 segments  49,475 chars: IBNKATHIR-FULL
  c117  1 sources  37 segments  51,282 chars: IBNKATHIR-FULL
  c118  1 sources  32 segments  45,803 chars: IBNKATHIR-FULL
  c119  1 sources  25 segments  43,065 chars: JISHUMI
  c120  2 sources  29 segments  42,800 chars: JISHUMI KASHSHAF
  c121  1 sources  44 segments  45,060 chars: KASHSHAF-FULL
  c122  1 sources  23 segments  27,452 chars: KASHSHAF-FULL
  c123  1 sources  27 segments  42,244 chars: MAWARDI-FULL
  c124  2 sources  39 segments  42,918 chars: MAWARDI-FULL MUJAHID
  c125  1 sources  44 segments  44,411 chars: MUQATIL
  c126  1 sources   6 segments   6,116 chars: MUQATIL
  c127  1 sources  71 segments  45,377 chars: NASAFI-FULL
  c128  1 sources  23 segments  41,071 chars: QURTUBI-FULL
  c129  1 sources  24 segments  41,371 chars: QURTUBI-FULL
  c130  1 sources  27 segments  42,687 chars: QURTUBI-FULL
  c131  1 sources  25 segments  42,693 chars: QURTUBI-FULL
  c132  1 sources  27 segments  41,872 chars: QURTUBI-FULL
  c133  1 sources  26 segments  41,653 chars: QURTUBI-FULL
  c134  2 sources   7 segments  27,328 chars: QUTB-ZILAL RAZI
  c135  1 sources  21 segments  41,557 chars: RAZI-FULL
  c136  1 sources  20 segments  40,998 chars: RAZI-FULL
  c137  1 sources  25 segments  42,485 chars: RAZI-FULL
  c138  1 sources  25 segments  41,289 chars: RAZI-FULL
  c139  1 sources  27 segments  41,347 chars: RAZI-FULL
  c140  1 sources  27 segments  42,957 chars: RAZI-FULL
  c141  1 sources  29 segments  41,568 chars: RAZI-FULL
  c142  1 sources  11 segments  11,492 chars: RAZI-FULL
  c143  1 sources  12 segments  24,373 chars: STUDYQURAN
  c144  1 sources   3 segments  24,974 chars: STUDYQURAN
  c145  1 sources  11 segments  30,398 chars: STUDYQURAN
  c146  1 sources   8 segments  37,578 chars: STUDYQURAN
  c147  1 sources   9 segments  39,803 chars: STUDYQURAN
  c148  1 sources  10 segments  40,496 chars: STUDYQURAN
  c149  2 sources  24 segments  34,985 chars: STUDYQURAN TAB
  c150  1 sources  32 segments  48,280 chars: TAB-FULL
  c151  1 sources  31 segments  48,424 chars: TAB-FULL
  c152  1 sources  33 segments  48,074 chars: TAB-FULL
  c153  1 sources  33 segments  48,545 chars: TAB-FULL
  c154  1 sources  44 segments  52,848 chars: TAB-FULL
  c155  1 sources  16 segments  19,614 chars: TAB-FULL
  c156  1 sources  21 segments  41,345 chars: TABATABAI
  c157  1 sources  22 segments  41,794 chars: TABATABAI
  c158  1 sources  21 segments  42,060 chars: TABATABAI
  c159  1 sources  22 segments  42,150 chars: TABATABAI
  c160  1 sources  20 segments  41,585 chars: TABATABAI
  c161  1 sources  21 segments  41,273 chars: TABATABAI
  c162  1 sources  21 segments  41,970 chars: TABATABAI
  c163  1 sources  20 segments  42,064 chars: TABATABAI
  c164  1 sources  21 segments  40,277 chars: TABATABAI
  c165  1 sources  21 segments  41,981 chars: TABATABAI
  c166  1 sources  20 segments  41,883 chars: TABATABAI
  c167  1 sources  21 segments  41,964 chars: TABATABAI
  c168  1 sources  22 segments  41,376 chars: TABATABAI
  c169  1 sources  23 segments  41,845 chars: TABATABAI
  c170  1 sources  20 segments  40,891 chars: TABATABAI
  c171  1 sources  22 segments  41,726 chars: TABATABAI
  c172  1 sources  25 segments  42,126 chars: TABRISI
  c173  1 sources  24 segments  41,266 chars: TABRISI
  c174  1 sources  22 segments  41,714 chars: TABRISI
  c175  1 sources  19 segments  34,184 chars: TABRISI
  c176  1 sources  28 segments  43,811 chars: THALABI
  c177  1 sources  26 segments  42,304 chars: THALABI
  c178  1 sources  27 segments  42,706 chars: THALABI
  c179  1 sources  29 segments  43,583 chars: THALABI
  c180  1 sources   4 segments   5,140 chars: THALABI
  c181  1 sources  34 segments  43,389 chars: WAHIDI-BASIT
  c182  1 sources  45 segments  44,205 chars: WAHIDI-BASIT
  c183  2 sources  48 segments  38,477 chars: WAHIDI-BASIT WAHIDI-QT
  c184  2 sources  56 segments  45,501 chars: WAHIDI-WAJIZ YAHYA-SALLAM
  c185  1 sources   8 segments  40,754 chars: ELMALILI
  c186  1 sources   7 segments  34,579 chars: ELMALILI
  c187  1 sources   8 segments  40,542 chars: ELMALILI
  c188  1 sources   7 segments  39,304 chars: ELMALILI
  c189  1 sources  13 segments  40,248 chars: ELMALILI
  c190  1 sources  11 segments  38,993 chars: ELMALILI
  c191  1 sources  10 segments  38,689 chars: ELMALILI
  c192  1 sources   9 segments  38,670 chars: ELMALILI
  c193  1 sources  16 segments  41,005 chars: KURANYOLU-TEFSIR
  c194  1 sources   8 segments  40,669 chars: KURANYOLU-TEFSIR
  c195  1 sources  12 segments  33,160 chars: KURANYOLU-TEFSIR
  c196  3 sources  16 segments  30,379 chars: KURANYOLU-TEFSIR SUYUTI-LUBAB WAHIDI-ASBAB
SKIPPED 656 segment(s): already digested in s103-1 (each listed in manifest.json)
SKIPPED 28 segment(s): already digested in test-20261007 (each listed in manifest.json)
SKIPPED 5656 segment(s): kind meal (each listed in manifest.json)
SKIPPED 69 segment(s): kind quran (each listed in manifest.json)
SKIPPED 138 segment(s): kind translation (each listed in manifest.json)
SKIPPED 79 segment(s): short edition where the FULL edition covers the verse (each listed in manifest.json)
