12715 segments, 443 chunks, 16,039,136 characters, 443 spawn files
  c01  1 sources  23 segments  40,505 chars: BURSEVI
  c02  1 sources  23 segments  40,861 chars: BURSEVI
  c03  1 sources  26 segments  41,631 chars: BURSEVI
  c04  1 sources  29 segments  41,702 chars: BURSEVI
  c05  1 sources  26 segments  40,835 chars: BURSEVI
  c06  1 sources  25 segments  41,352 chars: BURSEVI
  c07  1 sources  30 segments  41,495 chars: BURSEVI
  c08  1 sources  28 segments  41,243 chars: BURSEVI
  c09  1 sources  25 segments  41,395 chars: BURSEVI
  c10  1 sources  24 segments  40,978 chars: BURSEVI
  c11  1 sources  29 segments  41,737 chars: BURSEVI
  c12  1 sources  29 segments  41,339 chars: BURSEVI
  c13  1 sources  30 segments  42,016 chars: BURSEVI
  c14  1 sources  11 segments  13,856 chars: BURSEVI
  c15  1 sources  39 segments  43,432 chars: QASHANI
  c16  1 sources  42 segments  43,895 chars: QASHANI
  c17  1 sources  20 segments  18,596 chars: QASHANI
  c18  1 sources  20 segments  41,823 chars: QUSHAYRI
  c19  1 sources  16 segments  39,904 chars: QUSHAYRI
  c20  1 sources   1 segments   4,119 chars: QUSHAYRI
  c21  1 sources  52 segments  25,030 chars: SULAMI
  c22  1 sources  42 segments  24,913 chars: SULAMI
  c23  1 sources  48 segments  22,883 chars: SULAMI
  c24  2 sources  53 segments  22,685 chars: SULAMI TUSTARI
  c25  1 sources  26 segments  22,193 chars: AKHFASH
  c26  1 sources  32 segments  41,229 chars: FARRA
  c27  2 sources  40 segments  28,096 chars: FARRA IBNQUTAYBA-GHARIB
  c28  1 sources 119 segments  28,037 chars: IBNQUTAYBA-GHARIB
  c29  1 sources  41 segments  32,125 chars: MAJAZ
  c30  1 sources  10 segments  20,340 chars: NAHHAS
  c31  1 sources  12 segments  20,452 chars: NAHHAS
  c32  1 sources  12 segments  21,176 chars: NAHHAS
  c33  1 sources  12 segments  20,881 chars: NAHHAS
  c34  1 sources  15 segments  27,020 chars: NAHHAS
  c35  1 sources  21 segments  22,907 chars: SAMIN-DURR
  c36  1 sources  26 segments  21,713 chars: SAMIN-DURR
  c37  1 sources  17 segments  22,079 chars: SAMIN-DURR
  c38  1 sources  26 segments  21,692 chars: SAMIN-DURR
  c39  1 sources  28 segments  22,783 chars: SAMIN-DURR
  c40  1 sources  26 segments  22,633 chars: SAMIN-DURR
  c41  1 sources  42 segments  43,184 chars: SAMIN-DURR
  c42  1 sources  25 segments  21,939 chars: SAMIN-DURR
  c43  1 sources  28 segments  23,183 chars: SAMIN-DURR
  c44  1 sources  29 segments  22,070 chars: SAMIN-DURR
  c45  1 sources  21 segments  22,015 chars: SAMIN-DURR
  c46  1 sources  25 segments  22,055 chars: SAMIN-DURR
  c47  1 sources  23 segments  21,716 chars: SAMIN-DURR
  c48  1 sources  31 segments  22,788 chars: SAMIN-DURR
  c49  1 sources  27 segments  22,355 chars: SAMIN-DURR
  c50  1 sources  25 segments  22,587 chars: SAMIN-DURR
  c51  1 sources  29 segments  22,712 chars: SAMIN-DURR
  c52  1 sources  31 segments  32,447 chars: SAMIN-DURR
  c53  1 sources  35 segments  41,940 chars: ZAJJAJ
  c54  1 sources  21 segments  21,150 chars: ZAJJAJ
  c55  1 sources  22 segments  21,219 chars: ZAJJAJ
  c56  1 sources  39 segments  42,383 chars: ZAJJAJ
  c57  1 sources  22 segments  23,529 chars: ZAJJAJ
  c58  1 sources  64 segments  26,661 chars: ASAD-NOTES
  c59  1 sources  64 segments  26,545 chars: ASAD-NOTES
  c60  1 sources 126 segments  52,417 chars: ASAD-NOTES
  c61  1 sources 110 segments  51,364 chars: ASAD-NOTES
  c62  1 sources  65 segments  26,543 chars: ASAD-NOTES
  c63  1 sources  64 segments  26,578 chars: ASAD-NOTES
  c64  1 sources 101 segments  43,209 chars: ASAD-NOTES
  c65  1 sources   8 segments  11,788 chars: SAMARRAI-LAMASAT-HALAQAT
  c66  1 sources  13 segments  39,294 chars: ISLAHI-TADABBUR
  c67  1 sources  12 segments  39,807 chars: ISLAHI-TADABBUR
  c68  1 sources  13 segments  39,734 chars: ISLAHI-TADABBUR
  c69  1 sources  12 segments  39,422 chars: ISLAHI-TADABBUR
  c70  1 sources  12 segments  40,526 chars: ISLAHI-TADABBUR
  c71  1 sources   3 segments  10,765 chars: ISLAHI-TADABBUR
  c72  1 sources  34 segments  41,156 chars: FARISI-HUJJA
  c73  1 sources  34 segments  42,132 chars: FARISI-HUJJA
  c74  1 sources  40 segments  43,249 chars: FARISI-HUJJA
  c75  1 sources  15 segments  22,812 chars: IBNJINNI-MUHTASAB
  c76  1 sources  34 segments  32,254 chars: IBNKHALAWAYH-HUJJA
  c77  1 sources  24 segments  31,385 chars: IBNMUJAHID
  c78  1 sources 126 segments  29,740 chars: QIRAAT-ER
  c79  1 sources 108 segments  29,980 chars: QIRAAT-ER
  c80  1 sources 148 segments  41,341 chars: QIRAAT-ER
  c81  1 sources  51 segments  26,022 chars: ABDURRAZZAQ
  c82  1 sources  54 segments  26,256 chars: ABDURRAZZAQ
  c83  1 sources  62 segments  24,064 chars: ABDURRAZZAQ
  c84  1 sources  23 segments  42,897 chars: ABUHAYYAN-FULL
  c85  1 sources  23 segments  42,551 chars: ABUHAYYAN-FULL
  c86  1 sources  24 segments  41,930 chars: ABUHAYYAN-FULL
  c87  1 sources  22 segments  42,262 chars: ABUHAYYAN-FULL
  c88  1 sources  11 segments  20,783 chars: ABUHAYYAN-FULL
  c89  1 sources  12 segments  22,127 chars: ABUHAYYAN-FULL
  c90  1 sources  22 segments  42,294 chars: ABUHAYYAN-FULL
  c91  1 sources  23 segments  41,649 chars: ABUHAYYAN-FULL
  c92  1 sources  24 segments  42,758 chars: ABUHAYYAN-FULL
  c93  1 sources  23 segments  41,932 chars: ABUHAYYAN-FULL
  c94  1 sources  12 segments  21,904 chars: ABUHAYYAN-FULL
  c95  1 sources  22 segments  41,774 chars: ALUSI-FULL
  c96  1 sources  24 segments  41,648 chars: ALUSI-FULL
  c97  1 sources  21 segments  42,091 chars: ALUSI-FULL
  c98  1 sources  20 segments  40,538 chars: ALUSI-FULL
  c99  1 sources  21 segments  40,890 chars: ALUSI-FULL
  c100  1 sources  25 segments  42,333 chars: ALUSI-FULL
  c101  1 sources  25 segments  39,955 chars: ALUSI-FULL
  c102  1 sources  23 segments  42,100 chars: ALUSI-FULL
  c103  1 sources  23 segments  41,403 chars: ALUSI-FULL
  c104  1 sources  23 segments  41,849 chars: ALUSI-FULL
  c105  1 sources  19 segments  40,654 chars: ALUSI-FULL
  c106  1 sources  20 segments  40,474 chars: ALUSI-FULL
  c107  1 sources  20 segments  40,660 chars: ALUSI-FULL
  c108  1 sources  18 segments  40,933 chars: ALUSI-FULL
  c109  1 sources  20 segments  40,086 chars: ALUSI-FULL
  c110  1 sources  21 segments  42,251 chars: ALUSI-FULL
  c111  1 sources  26 segments  41,902 chars: ALUSI-FULL
  c112  1 sources  18 segments  41,996 chars: ALUSI-FULL
  c113  1 sources  26 segments  42,887 chars: ALUSI-FULL
  c114  1 sources  21 segments  42,027 chars: ALUSI-FULL
  c115  1 sources  22 segments  42,276 chars: ALUSI-FULL
  c116  1 sources  16 segments  39,044 chars: ALUSI-FULL
  c117  1 sources  21 segments  41,584 chars: ALUSI-FULL
  c118  1 sources  24 segments  41,189 chars: ALUSI-FULL
  c119  1 sources  23 segments  40,495 chars: ALUSI-FULL
  c120  1 sources  20 segments  41,529 chars: ALUSI-FULL
  c121  1 sources  25 segments  41,021 chars: ALUSI-FULL
  c122  1 sources  24 segments  42,107 chars: ALUSI-FULL
  c123  1 sources  24 segments  41,786 chars: ALUSI-FULL
  c124  1 sources  19 segments  42,080 chars: ALUSI-FULL
  c125  1 sources  24 segments  41,977 chars: ALUSI-FULL
  c126  1 sources  22 segments  41,481 chars: ALUSI-FULL
  c127  1 sources  19 segments  41,395 chars: ALUSI-FULL
  c128  1 sources  30 segments  42,758 chars: ALUSI-FULL
  c129  1 sources  23 segments  42,336 chars: ALUSI-FULL
  c130  1 sources  27 segments  42,220 chars: ALUSI-FULL
  c131  1 sources  28 segments  43,068 chars: ALUSI-FULL
  c132  1 sources  29 segments  42,324 chars: ALUSI-FULL
  c133  1 sources  24 segments  41,253 chars: ALUSI-FULL
  c134  1 sources  27 segments  42,693 chars: ALUSI-FULL
  c135  1 sources  13 segments  19,470 chars: ALUSI-FULL
  c136  1 sources  43 segments  43,300 chars: BAGHAWI-FULL
  c137  1 sources  27 segments  21,962 chars: BAGHAWI-FULL
  c138  1 sources  22 segments  22,207 chars: BAGHAWI-FULL
  c139  1 sources  19 segments  21,445 chars: BAGHAWI-FULL
  c140  1 sources  22 segments  21,276 chars: BAGHAWI-FULL
  c141  1 sources  42 segments  42,835 chars: BAGHAWI-FULL
  c142  1 sources  22 segments  22,155 chars: BAGHAWI-FULL
  c143  1 sources  20 segments  20,683 chars: BAGHAWI-FULL
  c144  1 sources  23 segments  22,204 chars: BAGHAWI-FULL
  c145  1 sources  24 segments  21,696 chars: BAGHAWI-FULL
  c146  1 sources  38 segments  35,658 chars: BAGHAWI-FULL
  c147  1 sources  26 segments  22,954 chars: BAYDAWI-FULL
  c148  1 sources  35 segments  23,003 chars: BAYDAWI-FULL
  c149  1 sources  35 segments  23,558 chars: BAYDAWI-FULL
  c150  1 sources  30 segments  22,809 chars: BAYDAWI-FULL
  c151  1 sources  29 segments  23,525 chars: BAYDAWI-FULL
  c152  1 sources  34 segments  23,215 chars: BAYDAWI-FULL
  c153  1 sources  30 segments  23,196 chars: BAYDAWI-FULL
  c154  1 sources  41 segments  23,843 chars: BAYDAWI-FULL
  c155  1 sources  43 segments  27,423 chars: BAYDAWI-FULL
  c156  1 sources  20 segments  42,311 chars: BIQAI-FULL
  c157  1 sources  15 segments  40,443 chars: BIQAI-FULL
  c158  1 sources  17 segments  41,702 chars: BIQAI-FULL
  c159  1 sources  16 segments  39,481 chars: BIQAI-FULL
  c160  1 sources  17 segments  41,399 chars: BIQAI-FULL
  c161  1 sources  16 segments  40,412 chars: BIQAI-FULL
  c162  1 sources  17 segments  39,721 chars: BIQAI-FULL
  c163  1 sources  17 segments  41,668 chars: BIQAI-FULL
  c164  1 sources  16 segments  40,032 chars: BIQAI-FULL
  c165  1 sources  18 segments  41,275 chars: BIQAI-FULL
  c166  1 sources  15 segments  41,727 chars: BIQAI-FULL
  c167  1 sources  17 segments  39,865 chars: BIQAI-FULL
  c168  1 sources  15 segments  40,426 chars: BIQAI-FULL
  c169  1 sources  18 segments  41,232 chars: BIQAI-FULL
  c170  1 sources  17 segments  40,418 chars: BIQAI-FULL
  c171  1 sources  12 segments  25,899 chars: BIQAI-FULL
  c172  1 sources  26 segments  40,999 chars: DURR-FULL
  c173  1 sources  26 segments  41,567 chars: DURR-FULL
  c174  1 sources  25 segments  40,694 chars: DURR-FULL
  c175  1 sources  25 segments  41,893 chars: DURR-FULL
  c176  1 sources  24 segments  41,148 chars: DURR-FULL
  c177  1 sources  25 segments  40,701 chars: DURR-FULL
  c178  1 sources  25 segments  41,129 chars: DURR-FULL
  c179  1 sources  25 segments  41,604 chars: DURR-FULL
  c180  1 sources  27 segments  41,892 chars: DURR-FULL
  c181  1 sources  24 segments  40,737 chars: DURR-FULL
  c182  1 sources   3 segments   4,112 chars: DURR-FULL
  c183  1 sources  38 segments  44,269 chars: IBNABIHATIM
  c184  1 sources  38 segments  43,625 chars: IBNABIHATIM
  c185  1 sources  36 segments  43,307 chars: IBNABIHATIM
  c186  1 sources  17 segments  19,999 chars: IBNABIHATIM
  c187  1 sources  29 segments  43,007 chars: IBNASHUR-FULL
  c188  1 sources  31 segments  42,781 chars: IBNASHUR-FULL
  c189  1 sources  34 segments  43,448 chars: IBNASHUR-FULL
  c190  1 sources  34 segments  43,501 chars: IBNASHUR-FULL
  c191  1 sources  28 segments  43,358 chars: IBNASHUR-FULL
  c192  1 sources  30 segments  43,123 chars: IBNASHUR-FULL
  c193  1 sources  30 segments  43,575 chars: IBNASHUR-FULL
  c194  1 sources  29 segments  43,962 chars: IBNASHUR-FULL
  c195  1 sources  26 segments  42,845 chars: IBNASHUR-FULL
  c196  1 sources  30 segments  42,659 chars: IBNASHUR-FULL
  c197  1 sources  31 segments  44,225 chars: IBNASHUR-FULL
  c198  1 sources  34 segments  42,546 chars: IBNASHUR-FULL
  c199  1 sources  28 segments  43,800 chars: IBNASHUR-FULL
  c200  1 sources  30 segments  42,992 chars: IBNASHUR-FULL
  c201  1 sources  25 segments  42,114 chars: IBNASHUR-FULL
  c202  1 sources  26 segments  40,843 chars: IBNASHUR-FULL
  c203  1 sources  29 segments  42,866 chars: IBNATIYYA-FULL
  c204  1 sources  31 segments  43,719 chars: IBNATIYYA-FULL
  c205  1 sources  28 segments  43,350 chars: IBNATIYYA-FULL
  c206  1 sources  26 segments  42,831 chars: IBNATIYYA-FULL
  c207  1 sources  27 segments  42,198 chars: IBNATIYYA-FULL
  c208  1 sources  26 segments  42,666 chars: IBNATIYYA-FULL
  c209  1 sources  32 segments  43,556 chars: IBNATIYYA-FULL
  c210  1 sources  26 segments  40,957 chars: IBNATIYYA-FULL
  c211  1 sources  29 segments  43,127 chars: IBNATIYYA-FULL
  c212  1 sources  29 segments  42,272 chars: IBNATIYYA-FULL
  c213  1 sources  17 segments  25,503 chars: IBNATIYYA-FULL
  c214  1 sources  43 segments  44,032 chars: IBNJAWZI-ZAD
  c215  1 sources  49 segments  45,053 chars: IBNJAWZI-ZAD
  c216  1 sources  56 segments  46,463 chars: IBNJAWZI-ZAD
  c217  1 sources  62 segments  47,388 chars: IBNJAWZI-ZAD
  c218  1 sources  51 segments  45,161 chars: IBNJAWZI-ZAD
  c219  1 sources  52 segments  46,056 chars: IBNJAWZI-ZAD
  c220  1 sources  52 segments  45,492 chars: IBNJAWZI-ZAD
  c221  1 sources  65 segments  47,258 chars: IBNJAWZI-ZAD
  c222  1 sources  51 segments  35,197 chars: IBNJAWZI-ZAD
  c223  1 sources  19 segments  24,630 chars: IBNKATHIR-FULL
  c224  1 sources  18 segments  25,486 chars: IBNKATHIR-FULL
  c225  1 sources  22 segments  25,434 chars: IBNKATHIR-FULL
  c226  1 sources  18 segments  26,754 chars: IBNKATHIR-FULL
  c227  1 sources  25 segments  44,691 chars: IBNKATHIR-FULL
  c228  1 sources  22 segments  44,546 chars: IBNKATHIR-FULL
  c229  1 sources  27 segments  45,845 chars: IBNKATHIR-FULL
  c230  1 sources  41 segments  50,091 chars: IBNKATHIR-FULL
  c231  1 sources  37 segments  48,401 chars: IBNKATHIR-FULL
  c232  1 sources  36 segments  49,737 chars: IBNKATHIR-FULL
  c233  1 sources  18 segments  25,319 chars: IBNKATHIR-FULL
  c234  1 sources  19 segments  26,382 chars: IBNKATHIR-FULL
  c235  1 sources  32 segments  49,906 chars: IBNKATHIR-FULL
  c236  1 sources  37 segments  50,114 chars: IBNKATHIR-FULL
  c237  1 sources  37 segments  50,272 chars: IBNKATHIR-FULL
  c238  1 sources  32 segments  46,298 chars: IBNKATHIR-FULL
  c239  1 sources  25 segments  41,986 chars: JISHUMI
  c240  1 sources  23 segments  41,228 chars: JISHUMI
  c241  1 sources  26 segments  42,958 chars: JISHUMI
  c242  1 sources  25 segments  41,937 chars: JISHUMI
  c243  1 sources  27 segments  42,588 chars: JISHUMI
  c244  1 sources  25 segments  42,597 chars: JISHUMI
  c245  1 sources  23 segments  42,069 chars: JISHUMI
  c246  1 sources   5 segments   8,505 chars: JISHUMI
  c247  1 sources  31 segments  41,846 chars: KASHSHAF-FULL
  c248  1 sources  22 segments  22,230 chars: KASHSHAF-FULL
  c249  1 sources  22 segments  22,444 chars: KASHSHAF-FULL
  c250  1 sources  41 segments  42,113 chars: KASHSHAF-FULL
  c251  1 sources  40 segments  44,230 chars: KASHSHAF-FULL
  c252  1 sources  39 segments  43,683 chars: KASHSHAF-FULL
  c253  1 sources  22 segments  22,455 chars: KASHSHAF-FULL
  c254  1 sources  22 segments  22,409 chars: KASHSHAF-FULL
  c255  1 sources  26 segments  22,230 chars: KASHSHAF-FULL
  c256  1 sources  24 segments  22,914 chars: KASHSHAF-FULL
  c257  1 sources  30 segments  34,362 chars: KASHSHAF-FULL
  c258  1 sources  17 segments  21,119 chars: MAWARDI-FULL
  c259  1 sources  14 segments  22,525 chars: MAWARDI-FULL
  c260  1 sources  14 segments  20,391 chars: MAWARDI-FULL
  c261  1 sources  15 segments  22,825 chars: MAWARDI-FULL
  c262  1 sources  28 segments  22,630 chars: MAWARDI-FULL
  c263  1 sources  21 segments  21,971 chars: MAWARDI-FULL
  c264  1 sources  18 segments  22,266 chars: MAWARDI-FULL
  c265  1 sources  16 segments  21,454 chars: MAWARDI-FULL
  c266  1 sources  14 segments  21,387 chars: MAWARDI-FULL
  c267  1 sources  18 segments  21,249 chars: MAWARDI-FULL
  c268  1 sources  23 segments  26,339 chars: MAWARDI-FULL
  c269  1 sources  62 segments  19,188 chars: MUJAHID
  c270  1 sources  69 segments  18,983 chars: MUJAHID
  c271  1 sources  24 segments  22,364 chars: MUQATIL
  c272  1 sources  24 segments  21,885 chars: MUQATIL
  c273  1 sources  25 segments  22,820 chars: MUQATIL
  c274  1 sources  25 segments  22,222 chars: MUQATIL
  c275  1 sources  26 segments  23,144 chars: MUQATIL
  c276  1 sources  30 segments  22,025 chars: MUQATIL
  c277  1 sources   6 segments   4,160 chars: MUQATIL
  c278  1 sources  69 segments  47,907 chars: NASAFI-FULL
  c279  1 sources  41 segments  24,535 chars: NASAFI-FULL
  c280  1 sources  41 segments  25,012 chars: NASAFI-FULL
  c281  1 sources  47 segments  24,761 chars: NASAFI-FULL
  c282  1 sources  43 segments  24,630 chars: NASAFI-FULL
  c283  1 sources  51 segments  25,283 chars: NASAFI-FULL
  c284  1 sources  53 segments  26,405 chars: NASAFI-FULL
  c285  1 sources  41 segments  22,429 chars: NASAFI-FULL
  c286  1 sources  28 segments  42,726 chars: QURTUBI-FULL
  c287  1 sources  25 segments  42,473 chars: QURTUBI-FULL
  c288  1 sources  31 segments  42,909 chars: QURTUBI-FULL
  c289  1 sources  25 segments  40,821 chars: QURTUBI-FULL
  c290  1 sources  24 segments  41,612 chars: QURTUBI-FULL
  c291  1 sources  28 segments  40,974 chars: QURTUBI-FULL
  c292  1 sources  31 segments  42,109 chars: QURTUBI-FULL
  c293  1 sources  37 segments  43,626 chars: QURTUBI-FULL
  c294  1 sources  28 segments  42,531 chars: QURTUBI-FULL
  c295  1 sources  33 segments  41,981 chars: QURTUBI-FULL
  c296  1 sources  29 segments  41,530 chars: QURTUBI-FULL
  c297  1 sources  25 segments  41,595 chars: QURTUBI-FULL
  c298  1 sources  21 segments  41,422 chars: QURTUBI-FULL
  c299  1 sources  24 segments  42,207 chars: QURTUBI-FULL
  c300  1 sources  22 segments  41,355 chars: QURTUBI-FULL
  c301  1 sources  26 segments  42,297 chars: QURTUBI-FULL
  c302  1 sources  26 segments  37,624 chars: QURTUBI-FULL
  c303  1 sources  29 segments  42,287 chars: RAZI-FULL
  c304  1 sources  24 segments  42,035 chars: RAZI-FULL
  c305  1 sources  26 segments  42,861 chars: RAZI-FULL
  c306  1 sources  28 segments  41,971 chars: RAZI-FULL
  c307  1 sources  27 segments  42,546 chars: RAZI-FULL
  c308  1 sources  25 segments  42,248 chars: RAZI-FULL
  c309  1 sources  26 segments  42,618 chars: RAZI-FULL
  c310  1 sources  26 segments  41,984 chars: RAZI-FULL
  c311  1 sources  26 segments  42,998 chars: RAZI-FULL
  c312  1 sources  26 segments  42,649 chars: RAZI-FULL
  c313  1 sources  26 segments  42,193 chars: RAZI-FULL
  c314  1 sources  25 segments  42,959 chars: RAZI-FULL
  c315  1 sources  19 segments  41,528 chars: RAZI-FULL
  c316  1 sources  23 segments  42,426 chars: RAZI-FULL
  c317  1 sources  24 segments  41,706 chars: RAZI-FULL
  c318  1 sources  27 segments  43,037 chars: RAZI-FULL
  c319  1 sources  28 segments  42,957 chars: RAZI-FULL
  c320  1 sources  28 segments  42,065 chars: RAZI-FULL
  c321  1 sources  27 segments  42,107 chars: RAZI-FULL
  c322  1 sources  25 segments  42,181 chars: RAZI-FULL
  c323  1 sources  22 segments  41,288 chars: RAZI-FULL
  c324  1 sources  28 segments  43,302 chars: RAZI-FULL
  c325  1 sources  18 segments  25,886 chars: RAZI-FULL
  c326  1 sources  27 segments  42,173 chars: STUDYQURAN
  c327  1 sources  47 segments  40,887 chars: STUDYQURAN
  c328  1 sources  23 segments  39,633 chars: STUDYQURAN
  c329  1 sources  26 segments  42,476 chars: STUDYQURAN
  c330  1 sources  22 segments  40,594 chars: STUDYQURAN
  c331  1 sources  27 segments  40,762 chars: STUDYQURAN
  c332  1 sources  18 segments  27,532 chars: STUDYQURAN
  c333  1 sources   3 segments  39,197 chars: STUDYQURAN
  c334  1 sources  19 segments  21,837 chars: STUDYQURAN
  c335  1 sources   5 segments  40,252 chars: STUDYQURAN
  c336  1 sources  29 segments  43,027 chars: STUDYQURAN
  c337  1 sources  11 segments  13,320 chars: STUDYQURAN
  c338  1 sources  41 segments  51,766 chars: TAB-FULL
  c339  1 sources  34 segments  48,889 chars: TAB-FULL
  c340  1 sources  40 segments  52,163 chars: TAB-FULL
  c341  1 sources  40 segments  51,288 chars: TAB-FULL
  c342  1 sources  33 segments  49,438 chars: TAB-FULL
  c343  1 sources  36 segments  48,886 chars: TAB-FULL
  c344  1 sources  26 segments  46,144 chars: TAB-FULL
  c345  1 sources  28 segments  47,978 chars: TAB-FULL
  c346  1 sources  28 segments  49,015 chars: TAB-FULL
  c347  1 sources  34 segments  50,477 chars: TAB-FULL
  c348  1 sources  21 segments  26,572 chars: TAB-FULL
  c349  1 sources  21 segments  26,126 chars: TAB-FULL
  c350  1 sources  36 segments  50,025 chars: TAB-FULL
  c351  1 sources  28 segments  48,446 chars: TAB-FULL
  c352  1 sources  41 segments  51,939 chars: TAB-FULL
  c353  1 sources  33 segments  48,381 chars: TAB-FULL
  c354  1 sources  41 segments  52,320 chars: TAB-FULL
  c355  1 sources  45 segments  51,489 chars: TAB-FULL
  c356  1 sources  36 segments  49,423 chars: TAB-FULL
  c357  1 sources  29 segments  28,009 chars: TAB-FULL
  c358  1 sources  20 segments  26,681 chars: TAB-FULL
  c359  1 sources  38 segments  51,183 chars: TAB-FULL
  c360  1 sources   3 segments   5,108 chars: TAB-FULL
  c361  1 sources  21 segments  41,985 chars: TABATABAI
  c362  1 sources  20 segments  40,315 chars: TABATABAI
  c363  1 sources  19 segments  41,605 chars: TABATABAI
  c364  1 sources  19 segments  40,497 chars: TABATABAI
  c365  1 sources  20 segments  41,604 chars: TABATABAI
  c366  1 sources  20 segments  40,203 chars: TABATABAI
  c367  1 sources  20 segments  41,082 chars: TABATABAI
  c368  1 sources  18 segments  41,364 chars: TABATABAI
  c369  1 sources  22 segments  41,685 chars: TABATABAI
  c370  1 sources  19 segments  40,960 chars: TABATABAI
  c371  1 sources  21 segments  41,754 chars: TABATABAI
  c372  1 sources  22 segments  41,967 chars: TABATABAI
  c373  1 sources  23 segments  42,334 chars: TABATABAI
  c374  1 sources  23 segments  41,116 chars: TABATABAI
  c375  1 sources  21 segments  41,006 chars: TABATABAI
  c376  1 sources  19 segments  41,999 chars: TABATABAI
  c377  1 sources  23 segments  41,587 chars: TABATABAI
  c378  1 sources  20 segments  41,140 chars: TABATABAI
  c379  1 sources  20 segments  41,284 chars: TABATABAI
  c380  1 sources  23 segments  41,553 chars: TABATABAI
  c381  1 sources  13 segments  24,503 chars: TABATABAI
  c382  1 sources  26 segments  41,311 chars: TABRISI
  c383  1 sources  21 segments  41,583 chars: TABRISI
  c384  1 sources  21 segments  40,070 chars: TABRISI
  c385  1 sources  24 segments  40,874 chars: TABRISI
  c386  1 sources  24 segments  42,000 chars: TABRISI
  c387  1 sources  22 segments  41,393 chars: TABRISI
  c388  1 sources  25 segments  42,235 chars: TABRISI
  c389  1 sources  26 segments  42,274 chars: TABRISI
  c390  1 sources  26 segments  41,437 chars: TABRISI
  c391  1 sources  23 segments  40,969 chars: TABRISI
  c392  1 sources  23 segments  40,660 chars: TABRISI
  c393  1 sources   9 segments  16,521 chars: TABRISI
  c394  1 sources  25 segments  43,017 chars: THALABI
  c395  1 sources  25 segments  41,708 chars: THALABI
  c396  1 sources  24 segments  43,392 chars: THALABI
  c397  1 sources  24 segments  43,244 chars: THALABI
  c398  1 sources  28 segments  43,203 chars: THALABI
  c399  1 sources  25 segments  43,761 chars: THALABI
  c400  1 sources  27 segments  43,579 chars: THALABI
  c401  1 sources  24 segments  41,903 chars: THALABI
  c402  1 sources  26 segments  42,480 chars: THALABI
  c403  1 sources  48 segments  44,063 chars: WAHIDI-BASIT
  c404  1 sources  45 segments  43,506 chars: WAHIDI-BASIT
  c405  1 sources  46 segments  44,247 chars: WAHIDI-BASIT
  c406  1 sources  49 segments  44,559 chars: WAHIDI-BASIT
  c407  1 sources  49 segments  44,965 chars: WAHIDI-BASIT
  c408  1 sources  44 segments  44,004 chars: WAHIDI-BASIT
  c409  1 sources  42 segments  44,450 chars: WAHIDI-BASIT
  c410  1 sources  56 segments  45,546 chars: WAHIDI-BASIT
  c411  1 sources  42 segments  43,791 chars: WAHIDI-BASIT
  c412  1 sources  45 segments  44,028 chars: WAHIDI-BASIT
  c413  1 sources  50 segments  44,864 chars: WAHIDI-BASIT
  c414  1 sources  54 segments  45,596 chars: WAHIDI-BASIT
  c415  1 sources  45 segments  44,971 chars: WAHIDI-BASIT
  c416  1 sources   7 segments   5,915 chars: WAHIDI-BASIT
  c417  1 sources  36 segments  23,474 chars: WAHIDI-WAJIZ
  c418  1 sources  37 segments  23,942 chars: WAHIDI-WAJIZ
  c419  1 sources  27 segments  16,500 chars: WAHIDI-WAJIZ
  c420  1 sources  27 segments  16,741 chars: WAHIDI-WAJIZ
  c421  1 sources  20 segments  21,928 chars: YAHYA-SALLAM
  c422  1 sources  25 segments  22,579 chars: YAHYA-SALLAM
  c423  1 sources  20 segments  21,554 chars: YAHYA-SALLAM
  c424  1 sources  22 segments  21,795 chars: YAHYA-SALLAM
  c425  1 sources  25 segments  22,128 chars: YAHYA-SALLAM
  c426  1 sources  21 segments  22,629 chars: YAHYA-SALLAM
  c427  1 sources   5 segments   6,036 chars: YAHYA-SALLAM
  c428  1 sources  20 segments  41,681 chars: ELMALILI
  c429  1 sources  19 segments  39,188 chars: ELMALILI
  c430  1 sources  10 segments  39,074 chars: ELMALILI
  c431  1 sources  17 segments  40,618 chars: ELMALILI
  c432  1 sources  16 segments  40,967 chars: ELMALILI
  c433  1 sources  18 segments  40,425 chars: ELMALILI
  c434  1 sources  15 segments  36,986 chars: ELMALILI
  c435  1 sources  15 segments  24,099 chars: ELMALILI
  c436  1 sources  55 segments  43,840 chars: KURANYOLU-TEFSIR
  c437  1 sources  25 segments  41,628 chars: KURANYOLU-TEFSIR
  c438  1 sources  34 segments  42,094 chars: KURANYOLU-TEFSIR
  c439  1 sources  26 segments  41,726 chars: KURANYOLU-TEFSIR
  c440  1 sources  39 segments  42,396 chars: KURANYOLU-TEFSIR
  c441  1 sources  37 segments  42,525 chars: KURANYOLU-TEFSIR
  c442  2 sources  28 segments  30,950 chars: KURANYOLU-TEFSIR SUYUTI-LUBAB
  c443  1 sources   9 segments  14,233 chars: WAHIDI-ASBAB
SKIPPED 2312 segment(s): already digested in s103-1 (each listed in manifest.json)
SKIPPED 211 segment(s): already digested in s103-23 (each listed in manifest.json)
SKIPPED 35204 segment(s): kind meal (each listed in manifest.json)
SKIPPED 430 segment(s): kind quran (each listed in manifest.json)
SKIPPED 860 segment(s): kind translation (each listed in manifest.json)
