ABDURRAZZAQ                2097
ABUDAWUD                   5274
ABUHAYYAN                   296
ABUHAYYAN-FULL             6666
CUYPERS-COMPOSITION         216
EQ                         3954
ISLAHI-TADABBUR            3688
JEFFERY-FOREIGN             325
NOLDEKE-GDQ                 884
SINAI-KEYTERMS             1015
STUDYQURAN                 5967
ZAMMIT-COMPARATIVE          671
AKHFASH                     561
ALUSI                       296
ALUSI-FULL                12030
ARBERRY                    6236
ASAD-EN                    6236
ASAD-NOTES                 8374
ASAS                       3823
ASMAIYYAT                   117
AYN                        2576
AZRAQI                      651
BAGHAWI                     296
BAGHAWI-FULL               4768
BAQILLANI                   198
BAYDAWI                     296
BAYDAWI-FULL               3630
BINTSHATI                   420
BINTSHATI-IJAZ              584
BIQAI                       296
BIQAI-FULL                 4542
BUKHARI                    7589
BURHAN                     1273
BURSEVI                    9298
CORPUSCORANICUM             430
DAMGHANI                    205
DURR                        296
DURR-FULL                  5319
ELMALILI                   2796
FARISI-HUJJA               2111
FARRA                       912
FURUQ                       932
GHARNATI                    215
HAMASA                     1434
HANSWEHR                  24799
IBNABIHATIM                4316
IBNASHUR                    296
IBNASHUR-FULL             11136
IBNATIYYA                   296
IBNATIYYA-FULL             4726
IBNHIBBAN                  9047
IBNHISHAM                  2307
IBNJAWZI-NUZHA              413
IBNJAWZI-ZAD               7066
IBNJINNI-MUHTASAB           542
IBNKATHIR                   296
IBNKATHIR-FULL             6749
IBNKHALAWAYH-HUJJA          484
IBNMAJAH                   4343
IBNMUJAHID                  390
IBNQUTAYBA-GHARIB          2502
IBNQUTAYBA-MUSHKIL          296
ITQAN                      1437
JAMHARA                    1375
JISHUMI                    5909
JURJANI-ASRAR               233
JURJANI-DALAIL              308
KALBI-ASNAM                  22
KASHSHAF                    296
KASHSHAF-FULL              4687
KHATTABI                     34
KUBBEALTI                    36
KURANYOLU-TEFSIR           2972
LANE                      60221
LISAN                      9411
MAJAZ                       869
MALIK                      1858
MAQAYIS                    3092
MAWARDI                     296
MAWARDI-FULL               2355
MEAL-AFYAVUZ               6215
MEAL-AKDEMIR               3461
MEAL-AKGUL                 6236
MEAL-ALIMIHR               6236
MEAL-ATALAY                5999
MEAL-ATAY                  4784
MEAL-ATES                  6236
MEAL-BALTACIOGLU           6229
MEAL-BAYRAKLI              5524
MEAL-BILMEN                6229
MEAL-BULAC                 6236
MEAL-CAKIR                 5880
MEAL-CANTAY                6073
MEAL-CAVDAR                6229
MEAL-CEMILSAID             5403
MEAL-CEVIK                 2819
MEAL-COBAN                 6236
MEAL-CYILDIRIM             5921
MEAL-DEMIRYENT             5809
MEAL-DIB                   5796
MEAL-DIB1961               5398
MEAL-DOGRUL                6037
MEAL-EAKTAS                6236
MEAL-EAT-SIVAS-DELICE       417
MEAL-EAT-SIVAS-KUTUKCU     1278
MEAL-EAT-TOPKAPI-SIMSEK     6050
MEAL-ELIACIK               7336
MEAL-ELMALILI              6195
MEAL-ELMALILI-HDKD         6173
MEAL-ELMALILI-SADE         6181
MEAL-ELMALILI-SADE-B       6211
MEAL-ERDOGDU               6230
MEAL-EROGLU                5784
MEAL-ESED                  6236
MEAL-ESKIANADOLU           5936
MEAL-FIZILAL               6233
MEAL-GOLPINARLI            6236
MEAL-HAMIDULLAH            6392
MEAL-HARUNYILDIRIM         6225
MEAL-HAYRAT                5938
MEAL-HOZTURK-SYILMAZ       6190
MEAL-HULUSI                6236
MEAL-HYILMAZ               4816
MEAL-IAKTAS                5882
MEAL-IBNKESIR-ANON         6235
MEAL-ISLAMOGLU             6236
MEAL-ISLAMOGLU-ESKI        6236
MEAL-IZMIRLI               5956
MEAL-KARAHANLI-RYLANDS     1198
MEAL-KARAHANLI-TIEM73      1951
MEAL-KARAHANLI-TIEM73-UNLU     6048
MEAL-KCELIK                6236
MEAL-KISA                  6232
MEAL-KULUNKOGLU            6017
MEAL-KUNTMAN               5929
MEAL-KURANYOLU             5868
MEAL-MOZDEMIR              6235
MEAL-MOZTURK               5187
MEAL-MTURK                 5766
MEAL-OCELIK                6233
MEAL-OFIRAT                6209
MEAL-OKUYAN                5911
MEAL-ONAN                  6232
MEAL-ONGUT                 6235
MEAL-PARLIYAN              6236
MEAL-PIRIS                 6168
MEAL-PIRIS-REV             6234
MEAL-RWWAD                 6236
MEAL-SAFA                  6236
MEAL-SAGLAM                6063
MEAL-SATIRALTI             6233
MEAL-SEMS                  5890
MEAL-SIMSEK                6219
MEAL-STEVFIK               6039
MEAL-SULEYMANIYE           6236
MEAL-SULEYMANIYE-ESKI      6236
MEAL-SYILDIRIM             5634
MEAL-TDV                   5680
MEAL-TDV-DUZ               6226
MEAL-TDV-QE                6236
MEAL-TEFHIM                6232
MEAL-TEKIN                 6236
MEAL-TURKMEN               6236
MEAL-UNAL                  6236
MEAL-VAROL                 6235
MEAL-VEHBI                 4587
MEAL-YAKIT                 6236
MEAL-YNOZTURK              6236
MEAL-YORULMAZ              6236
MEAL-YUKSEL                6236
MEAL-ZDUMAN                 707
MUALLAQAT                   679
MUFADDALIYYAT               173
MUFRADAT                   1634
MUHIT                     38944
MUJAHID                    1710
MUQATIL                    2503
MUSLIM                     7563
MUSNAD-AHMAD              27320
NAHHAS                     1024
NASAFI                      296
NASAFI-FULL                6232
NASAI                      5765
NASHR                       995
NISANYAN                     37
PROJE                     11773
QAMUS                     10370
QASHANI                    1430
QIRAAT-ER                  3812
QURAN                      6236
QURTUBI                     296
QURTUBI-FULL               7416
QUSHAYRI                    843
QUTB-ZILAL                  312
RAZI                        296
RAZI-FULL                 11121
REF-EAT-BERLIN-TUNA-NOTES        7
REF-EAT-SIVAS-DELICE-NOTES      431
REF-EAT-SIVAS-KUTUKCU-NOTES      511
REF-EAT-TOPKAPI-SIMSEK-NOTES      279
REF-KARAHANLI-RYLANDS-NOTES      625
REF-KARAHANLI-TIEM73-NOTES      739
REF-KARAHANLI-TIEM73-UNLU-NOTES     6895
RIFAI-KHULI                   8
RIYAD                      2269
RIYAD-TR                   1055
RUMMANI                      28
SAMARRAI-ASRAR               67
SAMARRAI-ASRAR-MUH          133
SAMARRAI-LAMASAT            283
SAMARRAI-LAMASAT-HALAQAT     1108
SAMIN-DURR                 7556
SAMIN-UMDA                 1453
SIBAWAYH                    812
SIHAH                      3134
SULAMI                     2603
SUYUTI-LUBAB                316
SUYUTI-TANASUQ              126
TAB                         296
TAB-FULL                  12846
TABATABAI                  6605
TABRISI                    4217
TAFSIR-OCELIK              3299
TAFSIR-VEHBI               4850
TAFSIR-ZDUMAN              4382
TAHDHIB                    2536
TAJ                       21694
TDK                          45
TDVIA                        76
THALABI                    4013
TIRMIDHI                   3998
TUSTARI                     910
VASIT                      6763
WAHIDI-ASBAB                372
WAHIDI-BASIT               9847
WAHIDI-QT                   296
WAHIDI-WAJIZ               1833
YAHYA-SALLAM                955
YKHULI-TAJDID                 6
ZAJJAJ                     2216
indexed 1087243 segments -> enrichment/corpus/corpus.sqlite
