SKIPPED 1:1: already mapped (work/map_s096_20261009/map/out/sol-high/1-1.jsonl); new notes go through update-all
SKIPPED 1:2: already mapped (work/map_s096_20261009/map/out/sol-high/1-2.jsonl); new notes go through update-all
SKIPPED 1:6: already mapped (work/map_s096_20261009/map/out/sol-high/1-6.jsonl); new notes go through update-all
SKIPPED 1:7: already mapped (work/map_s096_20261009/map/out/sol-high/1-7.jsonl); new notes go through update-all
2:24: 656 notes from 45 sources, 132,323 characters, 14 parts — NOTE: over 90,000 characters, one agent still reads it all
2:28: 536 notes from 48 sources, 115,671 characters, 12 parts — NOTE: over 90,000 characters, one agent still reads it all
2:29: 764 notes from 46 sources, 162,916 characters, 17 parts — NOTE: over 90,000 characters, one agent still reads it all
2:30: 1788 notes from 59 sources, 366,733 characters, 37 parts — NOTE: over 90,000 characters, one agent still reads it all
SKIPPED 2:31: already mapped (work/map_s096_20261009/map/out/sol-high/2-31.jsonl); new notes go through update-all
SKIPPED 2:32: already mapped (work/map_s096_20261009/map/out/sol-high/2-32.jsonl); new notes go through update-all
2:45: 564 notes from 45 sources, 112,397 characters, 12 parts — NOTE: over 90,000 characters, one agent still reads it all
2:55: 414 notes from 37 sources, 82,399 characters, 9 parts
2:61: 1657 notes from 52 sources, 320,311 characters, 33 parts — NOTE: over 90,000 characters, one agent still reads it all
2:86: 137 notes from 31 sources, 26,274 characters, 3 parts
2:106: 1178 notes from 50 sources, 240,966 characters, 25 parts — NOTE: over 90,000 characters, one agent still reads it all
2:129: 441 notes from 38 sources, 82,722 characters, 9 parts
2:180: 911 notes from 44 sources, 181,512 characters, 19 parts — NOTE: over 90,000 characters, one agent still reads it all
2:185: 1947 notes from 50 sources, 402,241 characters, 41 parts — NOTE: over 90,000 characters, one agent still reads it all
2:200: 498 notes from 44 sources, 101,346 characters, 11 parts — NOTE: over 90,000 characters, one agent still reads it all
2:219: 1587 notes from 50 sources, 325,327 characters, 33 parts — NOTE: over 90,000 characters, one agent still reads it all
2:258: 778 notes from 47 sources, 162,531 characters, 17 parts — NOTE: over 90,000 characters, one agent still reads it all
2:280: 649 notes from 48 sources, 127,439 characters, 13 parts — NOTE: over 90,000 characters, one agent still reads it all
SKIPPED 2:286: already mapped (work/map_s096_20261009/map/out/sol-high/2-286.jsonl); new notes go through update-all
3:5: 133 notes from 29 sources, 27,747 characters, 3 parts
3:49: 960 notes from 52 sources, 184,869 characters, 19 parts — NOTE: over 90,000 characters, one agent still reads it all
3:64: 623 notes from 47 sources, 124,809 characters, 13 parts — NOTE: over 90,000 characters, one agent still reads it all
4:36: 982 notes from 52 sources, 193,865 characters, 20 parts — NOTE: over 90,000 characters, one agent still reads it all
4:42: 366 notes from 44 sources, 72,677 characters, 8 parts
4:43: 2088 notes from 51 sources, 427,321 characters, 43 parts — NOTE: over 90,000 characters, one agent still reads it all
4:49: 348 notes from 48 sources, 68,804 characters, 7 parts
4:56: 330 notes from 40 sources, 63,832 characters, 7 parts
5:90: 523 notes from 38 sources, 103,932 characters, 11 parts — NOTE: over 90,000 characters, one agent still reads it all
6:68: 439 notes from 45 sources, 87,878 characters, 9 parts
6:76: 497 notes from 44 sources, 105,237 characters, 11 parts — NOTE: over 90,000 characters, one agent still reads it all
6:77: 179 notes from 37 sources, 38,028 characters, 4 parts
6:95: 471 notes from 44 sources, 92,884 characters, 10 parts — NOTE: over 90,000 characters, one agent still reads it all
6:96: 620 notes from 53 sources, 117,675 characters, 12 parts — NOTE: over 90,000 characters, one agent still reads it all
6:97: 190 notes from 32 sources, 38,083 characters, 4 parts
6:99: 1015 notes from 48 sources, 191,606 characters, 20 parts — NOTE: over 90,000 characters, one agent still reads it all
6:122: 463 notes from 49 sources, 90,121 characters, 10 parts — NOTE: over 90,000 characters, one agent still reads it all
6:128: 603 notes from 48 sources, 120,538 characters, 13 parts — NOTE: over 90,000 characters, one agent still reads it all
6:146: 611 notes from 42 sources, 116,831 characters, 12 parts — NOTE: over 90,000 characters, one agent still reads it all
7:24: 162 notes from 26 sources, 30,919 characters, 4 parts
7:25: 83 notes from 31 sources, 16,860 characters, 2 parts
7:57: 787 notes from 51 sources, 150,258 characters, 16 parts — NOTE: over 90,000 characters, one agent still reads it all
7:164: 309 notes from 40 sources, 64,253 characters, 7 parts
7:165: 418 notes from 43 sources, 75,316 characters, 8 parts
7:169: 661 notes from 50 sources, 126,433 characters, 13 parts — NOTE: over 90,000 characters, one agent still reads it all
7:170: 231 notes from 43 sources, 44,536 characters, 5 parts
7:180: 703 notes from 49 sources, 149,127 characters, 15 parts — NOTE: over 90,000 characters, one agent still reads it all
7:201: 372 notes from 44 sources, 65,244 characters, 7 parts
7:204: 463 notes from 40 sources, 92,597 characters, 10 parts — NOTE: over 90,000 characters, one agent still reads it all
7:205: 469 notes from 45 sources, 91,499 characters, 10 parts — NOTE: over 90,000 characters, one agent still reads it all
8:24: 616 notes from 48 sources, 122,123 characters, 13 parts — NOTE: over 90,000 characters, one agent still reads it all
8:42: 651 notes from 49 sources, 128,807 characters, 13 parts — NOTE: over 90,000 characters, one agent still reads it all
9:102: 341 notes from 42 sources, 71,271 characters, 8 parts
SKIPPED 9:103: already mapped (work/map_s096_20261009/map/out/sol-high/9-103.jsonl); new notes go through update-all
11:105: 395 notes from 42 sources, 86,490 characters, 9 parts
11:106: 271 notes from 37 sources, 53,038 characters, 6 parts
11:108: 506 notes from 44 sources, 107,481 characters, 11 parts — NOTE: over 90,000 characters, one agent still reads it all
11:116: 383 notes from 44 sources, 74,992 characters, 8 parts
SKIPPED 12:91: already mapped (work/map_s096_20261009/map/out/sol-high/12-91.jsonl); new notes go through update-all
13:9: 162 notes from 39 sources, 31,168 characters, 4 parts
13:10: 290 notes from 40 sources, 55,491 characters, 6 parts
SKIPPED 13:17: already mapped (work/map_s096r_20261009/map/out/sol-high/13-17.jsonl); new notes go through update-all
14:1: 379 notes from 46 sources, 74,484 characters, 8 parts
14:17: 258 notes from 41 sources, 49,067 characters, 5 parts
14:35: 281 notes from 39 sources, 58,180 characters, 6 parts
14:36: 234 notes from 40 sources, 50,073 characters, 6 parts
14:37: 675 notes from 46 sources, 138,595 characters, 14 parts — NOTE: over 90,000 characters, one agent still reads it all
14:38: 118 notes from 31 sources, 24,211 characters, 3 parts
14:40: 130 notes from 35 sources, 25,684 characters, 3 parts
14:44: 221 notes from 35 sources, 43,467 characters, 5 parts
15:6: 86 notes from 28 sources, 17,649 characters, 2 parts
15:9: 372 notes from 34 sources, 84,158 characters, 9 parts
15:29: 255 notes from 29 sources, 54,824 characters, 6 parts
16:17: 124 notes from 31 sources, 26,322 characters, 3 parts
16:20: 106 notes from 28 sources, 20,004 characters, 3 parts
SKIPPED 16:36: already mapped (work/map_s096_20261009/map/out/sol-high/16-36.jsonl); new notes go through update-all
16:68: 234 notes from 43 sources, 43,869 characters, 5 parts
16:69: 540 notes from 40 sources, 109,416 characters, 11 parts — NOTE: over 90,000 characters, one agent still reads it all
SKIPPED 16:78: already mapped (work/map_s096_20261009/map/out/sol-high/16-78.jsonl); new notes go through update-all
16:96: 195 notes from 37 sources, 37,014 characters, 4 parts
17:18: 173 notes from 41 sources, 36,106 characters, 4 parts
17:19: 146 notes from 37 sources, 30,518 characters, 4 parts
17:44: 415 notes from 43 sources, 86,662 characters, 9 parts
17:83: 225 notes from 47 sources, 43,926 characters, 5 parts
17:86: 109 notes from 30 sources, 22,473 characters, 3 parts
17:87: 90 notes from 29 sources, 18,880 characters, 2 parts
SKIPPED 17:106: already mapped (work/map_s096_20261009/map/out/sol-high/17-106.jsonl); new notes go through update-all
18:7: 251 notes from 44 sources, 47,955 characters, 5 parts
18:8: 168 notes from 42 sources, 31,237 characters, 4 parts
18:22: 546 notes from 51 sources, 110,766 characters, 12 parts — NOTE: over 90,000 characters, one agent still reads it all
18:23: 111 notes from 34 sources, 25,493 characters, 3 parts
18:24: 461 notes from 48 sources, 98,164 characters, 10 parts — NOTE: over 90,000 characters, one agent still reads it all
SKIPPED 18:37: already mapped (work/map_s096_20261009/map/out/sol-high/18-37.jsonl); new notes go through update-all
SKIPPED 18:45: already mapped (work/map_s103_20261009/map/out/sol-high/18-45.jsonl); new notes go through update-all
SKIPPED 18:46: already mapped (work/map_s103_20261009/map/out/sol-high/18-46.jsonl); new notes go through update-all
SKIPPED 19:7: already mapped (work/map_s096_20261009/map/out/sol-high/19-7.jsonl); new notes go through update-all
19:12: 204 notes from 40 sources, 36,804 characters, 4 parts
19:13: 302 notes from 42 sources, 49,248 characters, 5 parts
19:15: 130 notes from 33 sources, 26,368 characters, 3 parts
19:17: 219 notes from 39 sources, 42,686 characters, 5 parts
19:22: 180 notes from 37 sources, 34,501 characters, 4 parts
19:24: 326 notes from 49 sources, 58,787 characters, 6 parts
19:33: 122 notes from 37 sources, 25,393 characters, 3 parts
SKIPPED 19:42: already mapped (work/map_s096_20261009/map/out/sol-high/19-42.jsonl); new notes go through update-all
SKIPPED 19:43: already mapped (work/map_s096_20261009/map/out/sol-high/19-43.jsonl); new notes go through update-all
SKIPPED 19:46: already mapped (work/map_s096_20261009/map/out/sol-high/19-46.jsonl); new notes go through update-all
19:47: 224 notes from 43 sources, 45,684 characters, 5 parts
19:48: 80 notes from 31 sources, 15,669 characters, 2 parts
19:49: 81 notes from 30 sources, 16,813 characters, 2 parts
SKIPPED 19:64: already mapped (work/map_s096_20261009/map/out/sol-high/19-64.jsonl); new notes go through update-all
SKIPPED 19:65: already mapped (work/map_s096_20261009/map/out/sol-high/19-65.jsonl); new notes go through update-all
19:97: 187 notes from 41 sources, 33,436 characters, 4 parts
20:2: 192 notes from 45 sources, 41,081 characters, 5 parts
20:3: 135 notes from 36 sources, 26,915 characters, 3 parts
20:7: 260 notes from 44 sources, 54,383 characters, 6 parts
SKIPPED 20:10: already mapped (work/map_s103w_20261009/map/out/sol-high/20-10.jsonl); new notes go through update-all
SKIPPED 20:13: already mapped (work/map_s096_20261009/map/out/sol-high/20-13.jsonl); new notes go through update-all
20:14: 326 notes from 44 sources, 66,417 characters, 7 parts
20:17: 144 notes from 39 sources, 29,290 characters, 3 parts
20:18: 404 notes from 46 sources, 75,691 characters, 8 parts
20:21: 186 notes from 38 sources, 36,222 characters, 4 parts
20:26: 122 notes from 36 sources, 25,999 characters, 3 parts
20:42: 188 notes from 38 sources, 34,207 characters, 4 parts
SKIPPED 20:44: already mapped (work/map_s096_20261009/map/out/sol-high/20-44.jsonl); new notes go through update-all
SKIPPED 20:49: already mapped (work/map_s096_20261009/map/out/sol-high/20-49.jsonl); new notes go through update-all
SKIPPED 20:50: already mapped (work/map_s096_20261009/map/out/sol-high/20-50.jsonl); new notes go through update-all
20:51: 140 notes from 36 sources, 29,738 characters, 3 parts
20:52: 267 notes from 36 sources, 53,955 characters, 6 parts
SKIPPED 20:53: already mapped (work/map_s096_20261009/map/out/sol-high/20-53.jsonl); new notes go through update-all
SKIPPED 20:54: already mapped (work/map_s096_20261009/map/out/sol-high/20-54.jsonl); new notes go through update-all
20:55: 142 notes from 34 sources, 27,303 characters, 3 parts
20:61: 204 notes from 41 sources, 36,188 characters, 4 parts
20:64: 257 notes from 39 sources, 45,572 characters, 5 parts
20:68: 52 notes from 26 sources, 10,229 characters, 2 parts
SKIPPED 20:69: already mapped (work/map_s096_20261009/map/out/sol-high/20-69.jsonl); new notes go through update-all
SKIPPED 20:71: already mapped (work/map_s096_20261009/map/out/sol-high/20-71.jsonl); new notes go through update-all
20:72: 251 notes from 43 sources, 47,077 characters, 5 parts
20:73: 163 notes from 33 sources, 31,898 characters, 4 parts
20:74: 138 notes from 33 sources, 26,927 characters, 3 parts
20:76: 102 notes from 26 sources, 19,054 characters, 2 parts
20:114: 321 notes from 44 sources, 64,960 characters, 7 parts
20:115: 374 notes from 43 sources, 73,007 characters, 8 parts
20:117: 172 notes from 35 sources, 34,060 characters, 4 parts
20:118: 83 notes from 30 sources, 16,686 characters, 2 parts
20:119: 191 notes from 39 sources, 36,323 characters, 4 parts
20:123: 198 notes from 35 sources, 38,172 characters, 4 parts
20:124: 417 notes from 46 sources, 78,923 characters, 8 parts
20:125: 99 notes from 34 sources, 18,879 characters, 2 parts
20:126: 114 notes from 32 sources, 21,661 characters, 3 parts
20:127: 80 notes from 28 sources, 14,854 characters, 2 parts
SKIPPED 20:130: already mapped (work/map_s096_20261009/map/out/sol-high/20-130.jsonl); new notes go through update-all
SKIPPED 20:131: already mapped (work/map_s096_20261009/map/out/sol-high/20-131.jsonl); new notes go through update-all
SKIPPED 20:132: already mapped (work/map_s096_20261009/map/out/sol-high/20-132.jsonl); new notes go through update-all
20:133: 160 notes from 38 sources, 33,511 characters, 4 parts
20:135: 172 notes from 34 sources, 32,766 characters, 4 parts
21:32: 192 notes from 38 sources, 35,670 characters, 4 parts
21:33: 342 notes from 41 sources, 70,337 characters, 8 parts
21:66: 54 notes from 26 sources, 11,223 characters, 2 parts
21:87: 776 notes from 53 sources, 159,586 characters, 16 parts — NOTE: over 90,000 characters, one agent still reads it all
21:105: 417 notes from 48 sources, 80,371 characters, 9 parts
SKIPPED 22:5: already mapped (work/map_s096_20261009/map/out/sol-high/22-5.jsonl); new notes go through update-all
22:30: 468 notes from 44 sources, 90,649 characters, 10 parts — NOTE: over 90,000 characters, one agent still reads it all
SKIPPED 22:40: already mapped (work/map_s096_20261009/map/out/sol-high/22-40.jsonl); new notes go through update-all
23:1: 271 notes from 45 sources, 55,571 characters, 6 parts
23:2: 355 notes from 46 sources, 68,448 characters, 7 parts
23:4: 153 notes from 35 sources, 31,347 characters, 4 parts
23:8: 169 notes from 40 sources, 33,057 characters, 4 parts
23:31: 58 notes from 23 sources, 10,231 characters, 2 parts
23:33: 135 notes from 29 sources, 26,703 characters, 3 parts
23:35: 140 notes from 33 sources, 29,062 characters, 3 parts
23:37: 113 notes from 31 sources, 20,179 characters, 3 parts
23:41: 193 notes from 34 sources, 32,512 characters, 4 parts
23:71: 257 notes from 41 sources, 49,910 characters, 5 parts
23:72: 187 notes from 39 sources, 33,749 characters, 4 parts
23:73: 41 notes from 24 sources, 7,643 characters, 1 parts
23:105: 42 notes from 26 sources, 7,915 characters, 1 parts
23:106: 152 notes from 39 sources, 28,742 characters, 3 parts
24:21: 267 notes from 37 sources, 47,980 characters, 5 parts
24:36: 759 notes from 51 sources, 149,109 characters, 15 parts — NOTE: over 90,000 characters, one agent still reads it all
24:37: 454 notes from 49 sources, 90,776 characters, 10 parts — NOTE: over 90,000 characters, one agent still reads it all
25:2: 212 notes from 36 sources, 41,453 characters, 5 parts
25:32: 442 notes from 45 sources, 88,059 characters, 9 parts
25:47: 200 notes from 37 sources, 36,089 characters, 4 parts
26:72: 108 notes from 30 sources, 20,064 characters, 3 parts
26:73: 38 notes from 25 sources, 7,194 characters, 1 parts
26:74: 46 notes from 26 sources, 8,717 characters, 1 parts
26:76: 26 notes from 18 sources, 4,750 characters, 1 parts
26:77: 213 notes from 41 sources, 43,506 characters, 5 parts
26:78: 138 notes from 36 sources, 27,888 characters, 3 parts
26:79: 102 notes from 35 sources, 20,571 characters, 3 parts
26:81: 86 notes from 31 sources, 16,565 characters, 2 parts
26:84: 144 notes from 37 sources, 28,265 characters, 3 parts
26:88: 57 notes from 23 sources, 11,820 characters, 2 parts
26:89: 238 notes from 34 sources, 45,906 characters, 5 parts
26:196: 98 notes from 35 sources, 18,850 characters, 2 parts
26:197: 186 notes from 38 sources, 37,957 characters, 4 parts
27:7: 349 notes from 47 sources, 64,484 characters, 7 parts
27:25: 380 notes from 44 sources, 71,068 characters, 8 parts
28:14: 268 notes from 41 sources, 45,971 characters, 5 parts
28:22: 225 notes from 51 sources, 41,684 characters, 5 parts
28:23: 531 notes from 52 sources, 98,443 characters, 10 parts — NOTE: over 90,000 characters, one agent still reads it all
28:27: 424 notes from 47 sources, 84,158 characters, 9 parts
28:60: 119 notes from 35 sources, 22,740 characters, 3 parts
28:70: 120 notes from 27 sources, 23,341 characters, 3 parts
SKIPPED 29:17: already mapped (work/map_s096_20261009/map/out/sol-high/29-17.jsonl); new notes go through update-all
29:48: 242 notes from 39 sources, 49,095 characters, 5 parts
29:64: 169 notes from 33 sources, 30,811 characters, 4 parts
30:39: 405 notes from 43 sources, 79,419 characters, 8 parts
SKIPPED 32:21: already mapped (work/map_s096_20261009/map/out/sol-high/32-21.jsonl); new notes go through update-all
32:27: 212 notes from 39 sources, 36,220 characters, 4 parts
33:41: 158 notes from 33 sources, 31,425 characters, 4 parts
33:42: 154 notes from 35 sources, 29,180 characters, 3 parts
SKIPPED 33:43: already mapped (work/map_s096_20261009/map/out/sol-high/33-43.jsonl); new notes go through update-all
34:10: 474 notes from 47 sources, 91,598 characters, 10 parts — NOTE: over 90,000 characters, one agent still reads it all
34:11: 311 notes from 40 sources, 57,897 characters, 6 parts
35:18: 452 notes from 44 sources, 86,371 characters, 9 parts
35:22: 204 notes from 35 sources, 42,086 characters, 5 parts
35:28: 381 notes from 45 sources, 75,362 characters, 8 parts
35:36: 145 notes from 34 sources, 27,539 characters, 3 parts
SKIPPED 35:37: already mapped (work/map-103_1-20261008/map/out/sol-high/35-37.jsonl); new notes go through update-all
36:11: 172 notes from 37 sources, 32,783 characters, 4 parts
36:12: 443 notes from 44 sources, 84,051 characters, 9 parts
36:39: 322 notes from 39 sources, 63,422 characters, 7 parts
36:69: 434 notes from 46 sources, 92,715 characters, 10 parts — NOTE: over 90,000 characters, one agent still reads it all
36:70: 188 notes from 46 sources, 34,747 characters, 4 parts
37:55: 78 notes from 27 sources, 14,790 characters, 2 parts
37:140: 158 notes from 36 sources, 31,619 characters, 4 parts
37:141: 141 notes from 35 sources, 27,061 characters, 3 parts
37:142: 168 notes from 37 sources, 29,649 characters, 3 parts
37:143: 211 notes from 37 sources, 40,002 characters, 5 parts
37:144: 124 notes from 30 sources, 23,326 characters, 3 parts
SKIPPED 38:7: already mapped (work/map_s096_20261009/map/out/sol-high/38-7.jsonl); new notes go through update-all
39:17: 271 notes from 48 sources, 50,401 characters, 6 parts
39:18: 197 notes from 35 sources, 39,107 characters, 4 parts
39:21: 266 notes from 36 sources, 50,145 characters, 6 parts
39:42: 400 notes from 45 sources, 83,640 characters, 9 parts
39:53: 527 notes from 55 sources, 112,905 characters, 12 parts — NOTE: over 90,000 characters, one agent still reads it all
39:55: 123 notes from 28 sources, 24,172 characters, 3 parts
39:56: 410 notes from 45 sources, 74,710 characters, 8 parts
39:57: 96 notes from 30 sources, 20,911 characters, 3 parts
39:58: 78 notes from 27 sources, 15,439 characters, 2 parts
40:16: 210 notes from 35 sources, 43,570 characters, 5 parts
40:60: 324 notes from 46 sources, 64,275 characters, 7 parts
41:39: 181 notes from 34 sources, 34,331 characters, 4 parts
42:13: 534 notes from 47 sources, 106,080 characters, 11 parts — NOTE: over 90,000 characters, one agent still reads it all
42:36: 111 notes from 31 sources, 21,990 characters, 3 parts
43:9: 73 notes from 27 sources, 15,489 characters, 2 parts
43:10: 103 notes from 31 sources, 17,459 characters, 2 parts
43:11: 128 notes from 32 sources, 24,147 characters, 3 parts
43:12: 126 notes from 31 sources, 22,967 characters, 3 parts
43:13: 309 notes from 48 sources, 61,166 characters, 7 parts
43:14: 73 notes from 28 sources, 15,944 characters, 2 parts
43:23: 107 notes from 35 sources, 19,857 characters, 2 parts
43:43: 71 notes from 26 sources, 13,277 characters, 2 parts
43:44: 188 notes from 37 sources, 37,279 characters, 4 parts
43:75: 85 notes from 28 sources, 13,797 characters, 2 parts
43:77: 161 notes from 32 sources, 28,708 characters, 3 parts
44:56: 187 notes from 34 sources, 37,119 characters, 4 parts
44:58: 91 notes from 26 sources, 17,853 characters, 2 parts
46:4: 410 notes from 46 sources, 74,792 characters, 8 parts
50:3: 135 notes from 40 sources, 27,518 characters, 3 parts
50:11: 152 notes from 34 sources, 28,858 characters, 3 parts
51:2: 131 notes from 34 sources, 24,841 characters, 3 parts
51:3: 118 notes from 37 sources, 22,784 characters, 3 parts
51:54: 72 notes from 29 sources, 13,727 characters, 2 parts
51:55: 63 notes from 27 sources, 11,750 characters, 2 parts
SKIPPED 53:5: already mapped (work/map_s096_20261009/map/out/sol-high/53-5.jsonl); new notes go through update-all
53:7: 139 notes from 33 sources, 27,155 characters, 3 parts
SKIPPED 53:23: already mapped (work/map_s096_20261009/map/out/sol-high/53-23.jsonl); new notes go through update-all
53:25: 79 notes from 30 sources, 16,462 characters, 2 parts
53:32: 841 notes from 48 sources, 163,971 characters, 17 parts — NOTE: over 90,000 characters, one agent still reads it all
SKIPPED 53:33: already mapped (work/map_s096_20261009/map/out/sol-high/53-33.jsonl); new notes go through update-all
SKIPPED 53:34: already mapped (work/map_s096_20261009/map/out/sol-high/53-34.jsonl); new notes go through update-all
SKIPPED 53:35: already mapped (work/map_s096_20261009/map/out/sol-high/53-35.jsonl); new notes go through update-all
SKIPPED 53:36: already mapped (work/map_s096_20261009/map/out/sol-high/53-36.jsonl); new notes go through update-all
53:37: 247 notes from 40 sources, 47,631 characters, 5 parts
53:38: 120 notes from 35 sources, 23,897 characters, 3 parts
SKIPPED 53:39: already mapped (work/map_s096_20261009/map/out/sol-high/53-39.jsonl); new notes go through update-all
SKIPPED 53:40: already mapped (work/map_s096_20261009/map/out/sol-high/53-40.jsonl); new notes go through update-all
53:41: 75 notes from 33 sources, 14,227 characters, 2 parts
SKIPPED 53:42: already mapped (work/map_s096_20261009/map/out/sol-high/53-42.jsonl); new notes go through update-all
53:44: 86 notes from 29 sources, 16,291 characters, 2 parts
53:47: 74 notes from 32 sources, 14,529 characters, 2 parts
54:17: 216 notes from 42 sources, 41,887 characters, 5 parts
54:49: 308 notes from 40 sources, 67,121 characters, 7 parts
55:26: 101 notes from 32 sources, 20,160 characters, 3 parts
55:27: 199 notes from 32 sources, 41,194 characters, 5 parts
55:62: 118 notes from 31 sources, 22,960 characters, 3 parts
55:64: 121 notes from 36 sources, 21,558 characters, 3 parts
55:78: 162 notes from 35 sources, 31,969 characters, 4 parts
56:71: 54 notes from 29 sources, 9,884 characters, 1 parts
56:73: 210 notes from 40 sources, 38,564 characters, 4 parts
56:74: 90 notes from 24 sources, 17,978 characters, 2 parts
58:6: 141 notes from 32 sources, 26,463 characters, 3 parts
59:9: 774 notes from 47 sources, 157,376 characters, 16 parts — NOTE: over 90,000 characters, one agent still reads it all
59:24: 371 notes from 36 sources, 74,826 characters, 8 parts
62:2: 319 notes from 39 sources, 60,334 characters, 7 parts
SKIPPED 67:22: already mapped (work/map_s096_20261009/map/out/sol-high/67-22.jsonl); new notes go through update-all
69:18: 158 notes from 40 sources, 31,768 characters, 4 parts
SKIPPED 70:15: already mapped (work/map_s096_20261009/map/out/sol-high/70-15.jsonl); new notes go through update-all
SKIPPED 70:22: already mapped (work/map_s103_20261009/map/out/sol-high/70-22.jsonl); new notes go through update-all
71:17: 135 notes from 37 sources, 26,329 characters, 3 parts
71:18: 75 notes from 28 sources, 14,161 characters, 2 parts
73:2: 255 notes from 37 sources, 53,840 characters, 6 parts
73:4: 225 notes from 39 sources, 42,494 characters, 5 parts
73:7: 154 notes from 40 sources, 28,679 characters, 3 parts
73:8: 234 notes from 42 sources, 44,547 characters, 5 parts
73:20: 1272 notes from 53 sources, 256,318 characters, 26 parts — NOTE: over 90,000 characters, one agent still reads it all
74:3: 132 notes from 34 sources, 27,978 characters, 3 parts
SKIPPED 74:11: already mapped (work/map_s096_20261009/map/out/sol-high/74-11.jsonl); new notes go through update-all
74:18: 89 notes from 35 sources, 18,945 characters, 2 parts
74:19: 108 notes from 34 sources, 21,848 characters, 3 parts
74:23: 53 notes from 28 sources, 9,232 characters, 1 parts
74:24: 96 notes from 32 sources, 19,459 characters, 2 parts
SKIPPED 74:26: already mapped (work/map_s096_20261009/map/out/sol-high/74-26.jsonl); new notes go through update-all
74:28: 86 notes from 32 sources, 15,137 characters, 2 parts
SKIPPED 74:31: already mapped (work/map_s096_20261009/map/out/sol-high/74-31.jsonl); new notes go through update-all
74:35: 120 notes from 37 sources, 22,824 characters, 3 parts
74:42: 74 notes from 28 sources, 14,163 characters, 2 parts
SKIPPED 74:43: already mapped (work/map_s096_20261009/map/out/sol-high/74-43.jsonl); new notes go through update-all
74:49: 65 notes from 29 sources, 11,961 characters, 2 parts
74:50: 134 notes from 33 sources, 24,478 characters, 3 parts
74:51: 207 notes from 37 sources, 33,919 characters, 4 parts
74:52: 157 notes from 37 sources, 31,268 characters, 4 parts
74:53: 46 notes from 26 sources, 8,411 characters, 1 parts
74:54: 52 notes from 28 sources, 8,127 characters, 1 parts
74:55: 57 notes from 22 sources, 10,746 characters, 2 parts
75:4: 199 notes from 36 sources, 38,453 characters, 4 parts
SKIPPED 75:16: already mapped (work/map_s096_20261009/map/out/sol-high/75-16.jsonl); new notes go through update-all
SKIPPED 75:17: already mapped (work/map_s096_20261009/map/out/sol-high/75-17.jsonl); new notes go through update-all
SKIPPED 75:18: already mapped (work/map_s096_20261009/map/out/sol-high/75-18.jsonl); new notes go through update-all
SKIPPED 75:19: already mapped (work/map_s096_20261009/map/out/sol-high/75-19.jsonl); new notes go through update-all
75:20: 131 notes from 37 sources, 26,949 characters, 3 parts
75:21: 92 notes from 30 sources, 18,926 characters, 2 parts
75:26: 141 notes from 39 sources, 26,055 characters, 3 parts
SKIPPED 75:30: already mapped (work/map_s096_20261009/map/out/sol-high/75-30.jsonl); new notes go through update-all
SKIPPED 75:31: already mapped (work/map_s096_20261009/map/out/sol-high/75-31.jsonl); new notes go through update-all
SKIPPED 75:32: already mapped (work/map_s096_20261009/map/out/sol-high/75-32.jsonl); new notes go through update-all
SKIPPED 75:33: already mapped (work/map_s096_20261009/map/out/sol-high/75-33.jsonl); new notes go through update-all
75:36: 111 notes from 36 sources, 20,468 characters, 3 parts
75:37: 98 notes from 34 sources, 18,161 characters, 2 parts
SKIPPED 75:38: already mapped (work/map_s096_20261009/map/out/sol-high/75-38.jsonl); new notes go through update-all
75:40: 108 notes from 36 sources, 22,374 characters, 3 parts
SKIPPED 76:3: already mapped (work/map_s103_20261009/map/out/sol-high/76-3.jsonl); new notes go through update-all
76:23: 65 notes from 24 sources, 13,533 characters, 2 parts
SKIPPED 76:25: already mapped (work/map_s096_20261009/map/out/sol-high/76-25.jsonl); new notes go through update-all
SKIPPED 76:26: already mapped (work/map_s096_20261009/map/out/sol-high/76-26.jsonl); new notes go through update-all
SKIPPED 79:17: already mapped (work/map_s096_20261009/map/out/sol-high/79-17.jsonl); new notes go through update-all
SKIPPED 79:18: already mapped (work/map_s096_20261009/map/out/sol-high/79-18.jsonl); new notes go through update-all
SKIPPED 79:19: already mapped (work/map_s096_20261009/map/out/sol-high/79-19.jsonl); new notes go through update-all
79:20: 80 notes from 32 sources, 14,347 characters, 2 parts
SKIPPED 79:23: already mapped (work/map_s096_20261009/map/out/sol-high/79-23.jsonl); new notes go through update-all
SKIPPED 79:24: already mapped (work/map_s096_20261009/map/out/sol-high/79-24.jsonl); new notes go through update-all
SKIPPED 79:25: already mapped (work/map_s096_20261009/map/out/sol-high/79-25.jsonl); new notes go through update-all
79:26: 61 notes from 28 sources, 11,210 characters, 2 parts
79:27: 125 notes from 36 sources, 24,932 characters, 3 parts
79:28: 80 notes from 29 sources, 14,268 characters, 2 parts
79:31: 75 notes from 29 sources, 14,714 characters, 2 parts
79:33: 53 notes from 29 sources, 10,795 characters, 2 parts
79:34: 110 notes from 36 sources, 20,780 characters, 3 parts
SKIPPED 79:35: already mapped (work/map_s096_20261009/map/out/sol-high/79-35.jsonl); new notes go through update-all
SKIPPED 79:37: already mapped (work/map_s096_20261009/map/out/sol-high/79-37.jsonl); new notes go through update-all
SKIPPED 79:38: already mapped (work/map_s096_20261009/map/out/sol-high/79-38.jsonl); new notes go through update-all
SKIPPED 79:39: already mapped (work/map_s096_20261009/map/out/sol-high/79-39.jsonl); new notes go through update-all
SKIPPED 79:40: already mapped (work/map_s096_20261009/map/out/sol-high/79-40.jsonl); new notes go through update-all
80:1: 249 notes from 41 sources, 51,796 characters, 6 parts
SKIPPED 80:2: already mapped (work/map_s096_20261009/map/out/sol-high/80-2.jsonl); new notes go through update-all
80:3: 120 notes from 28 sources, 24,835 characters, 3 parts
80:4: 126 notes from 31 sources, 24,356 characters, 3 parts
SKIPPED 80:5: already mapped (work/map_s096_20261009/map/out/sol-high/80-5.jsonl); new notes go through update-all
80:7: 63 notes from 26 sources, 13,416 characters, 2 parts
80:8: 73 notes from 25 sources, 14,703 characters, 2 parts
80:9: 60 notes from 25 sources, 11,654 characters, 2 parts
SKIPPED 80:19: already mapped (work/map_s096_20261009/map/out/sol-high/80-19.jsonl); new notes go through update-all
80:20: 144 notes from 38 sources, 27,317 characters, 3 parts
80:24: 70 notes from 29 sources, 13,772 characters, 2 parts
80:26: 49 notes from 27 sources, 9,240 characters, 1 parts
80:27: 55 notes from 27 sources, 10,358 characters, 2 parts
81:10: 128 notes from 35 sources, 25,556 characters, 3 parts
SKIPPED 82:7: already mapped (work/map_s096_20261009/map/out/sol-high/82-7.jsonl); new notes go through update-all
SKIPPED 87:1: already mapped (work/map_s096_20261009/map/out/sol-high/87-1.jsonl); new notes go through update-all
SKIPPED 87:2: already mapped (work/map_s096_20261009/map/out/sol-high/87-2.jsonl); new notes go through update-all
SKIPPED 87:3: already mapped (work/map_s096_20261009/map/out/sol-high/87-3.jsonl); new notes go through update-all
87:4: 78 notes from 47 sources, 13,218 characters, 2 parts
87:5: 257 notes from 59 sources, 47,611 characters, 5 parts
SKIPPED 87:6: already mapped (work/map_s096_20261009/map/out/sol-high/87-6.jsonl); new notes go through update-all
87:7: 301 notes from 54 sources, 59,930 characters, 6 parts
87:8: 194 notes from 52 sources, 37,083 characters, 4 parts
87:9: 199 notes from 52 sources, 39,965 characters, 4 parts
87:10: 111 notes from 48 sources, 21,787 characters, 3 parts
87:11: 112 notes from 49 sources, 21,951 characters, 3 parts
SKIPPED 87:12: already mapped (work/map_s096_20261009/map/out/sol-high/87-12.jsonl); new notes go through update-all
87:13: 157 notes from 51 sources, 31,873 characters, 4 parts
SKIPPED 87:14: already mapped (work/map_s096_20261009/map/out/sol-high/87-14.jsonl); new notes go through update-all
SKIPPED 87:15: already mapped (work/map_s096_20261009/map/out/sol-high/87-15.jsonl); new notes go through update-all
87:16: 199 notes from 60 sources, 39,678 characters, 4 parts
87:17: 112 notes from 48 sources, 22,016 characters, 3 parts
87:18: 234 notes from 51 sources, 48,836 characters, 5 parts
87:19: 218 notes from 48 sources, 45,664 characters, 5 parts
88:21: 82 notes from 51 sources, 16,941 characters, 2 parts
88:22: 205 notes from 62 sources, 36,877 characters, 4 parts
SKIPPED 89:16: already mapped (work/map_s096_20261009/map/out/sol-high/89-16.jsonl); new notes go through update-all
SKIPPED 89:17: already mapped (work/map_s096_20261009/map/out/sol-high/89-17.jsonl); new notes go through update-all
89:23: 251 notes from 56 sources, 51,029 characters, 6 parts
SKIPPED 89:24: already mapped (work/map_s096_20261009/map/out/sol-high/89-24.jsonl); new notes go through update-all
90:10: 301 notes from 59 sources, 56,403 characters, 6 parts
91:7: 221 notes from 50 sources, 46,312 characters, 5 parts
91:8: 344 notes from 56 sources, 68,382 characters, 7 parts
91:9: 304 notes from 60 sources, 60,637 characters, 7 parts
91:10: 332 notes from 57 sources, 62,927 characters, 7 parts
SKIPPED 91:14: already mapped (work/map_s096_20261009/map/out/sol-high/91-14.jsonl); new notes go through update-all
SKIPPED 92:7: already mapped (work/map_s096_20261009/map/out/sol-high/92-7.jsonl); new notes go through update-all
SKIPPED 92:8: already mapped (work/map_s096_20261009/map/out/sol-high/92-8.jsonl); new notes go through update-all
SKIPPED 92:10: already mapped (work/map_s096_20261009/map/out/sol-high/92-10.jsonl); new notes go through update-all
SKIPPED 92:11: already mapped (work/map_s096_20261009/map/out/sol-high/92-11.jsonl); new notes go through update-all
SKIPPED 92:12: already mapped (work/map_s096_20261009/map/out/sol-high/92-12.jsonl); new notes go through update-all
SKIPPED 92:13: already mapped (work/map_s096_20261009/map/out/sol-high/92-13.jsonl); new notes go through update-all
92:14: 132 notes from 54 sources, 24,441 characters, 3 parts
SKIPPED 92:15: already mapped (work/map_s096_20261009/map/out/sol-high/92-15.jsonl); new notes go through update-all
SKIPPED 92:16: already mapped (work/map_s096_20261009/map/out/sol-high/92-16.jsonl); new notes go through update-all
SKIPPED 92:17: already mapped (work/map_s096_20261009/map/out/sol-high/92-17.jsonl); new notes go through update-all
SKIPPED 92:18: already mapped (work/map_s096_20261009/map/out/sol-high/92-18.jsonl); new notes go through update-all
92:20: 217 notes from 52 sources, 45,025 characters, 5 parts
93:3: 514 notes from 65 sources, 105,071 characters, 11 parts — NOTE: over 90,000 characters, one agent still reads it all
93:4: 189 notes from 51 sources, 41,388 characters, 5 parts
93:5: 386 notes from 59 sources, 78,574 characters, 8 parts
94:2: 318 notes from 61 sources, 60,246 characters, 7 parts
94:3: 239 notes from 52 sources, 47,393 characters, 5 parts
94:4: 284 notes from 60 sources, 59,951 characters, 6 parts
94:6: 385 notes from 55 sources, 78,137 characters, 8 parts
94:7: 431 notes from 61 sources, 79,305 characters, 8 parts
94:8: 170 notes from 52 sources, 29,688 characters, 3 parts
SKIPPED 96:1: already mapped (work/map_s096_20261009/map/out/sol-high/96-1.jsonl); new notes go through update-all
SKIPPED 96:4: already mapped (work/map_s096_20261009/map/out/sol-high/96-4.jsonl); new notes go through update-all
SKIPPED 96:5: already mapped (work/map_s096_20261009/map/out/sol-high/96-5.jsonl); new notes go through update-all
98:1: 697 notes from 59 sources, 148,037 characters, 15 parts — NOTE: over 90,000 characters, one agent still reads it all
98:2: 258 notes from 54 sources, 51,207 characters, 6 parts
98:3: 156 notes from 50 sources, 30,799 characters, 4 parts
SKIPPED 100:8: already mapped (work/map_s096_20261009/map/out/sol-high/100-8.jsonl); new notes go through update-all
105:5: 293 notes from 60 sources, 53,941 characters, 6 parts
  spawn enrichment/v9/work/map_s087_20261009/map/spawn/sol-high_2-24.md
  spawn enrichment/v9/work/map_s087_20261009/map/spawn/sol-high_2-28.md
  spawn enrichment/v9/work/map_s087_20261009/map/spawn/sol-high_2-29.md
  spawn enrichment/v9/work/map_s087_20261009/map/spawn/sol-high_2-30.md
  spawn enrichment/v9/work/map_s087_20261009/map/spawn/sol-high_2-45.md
  spawn enrichment/v9/work/map_s087_20261009/map/spawn/sol-high_2-55.md
  spawn enrichment/v9/work/map_s087_20261009/map/spawn/sol-high_2-61.md
  spawn enrichment/v9/work/map_s087_20261009/map/spawn/sol-high_2-86.md
  spawn enrichment/v9/work/map_s087_20261009/map/spawn/sol-high_2-106.md
  spawn enrichment/v9/work/map_s087_20261009/map/spawn/sol-high_2-129.md
  spawn enrichment/v9/work/map_s087_20261009/map/spawn/sol-high_2-180.md
  spawn enrichment/v9/work/map_s087_20261009/map/spawn/sol-high_2-185.md
  spawn enrichment/v9/work/map_s087_20261009/map/spawn/sol-high_2-200.md
  spawn enrichment/v9/work/map_s087_20261009/map/spawn/sol-high_2-219.md
  spawn enrichment/v9/work/map_s087_20261009/map/spawn/sol-high_2-258.md
  spawn enrichment/v9/work/map_s087_20261009/map/spawn/sol-high_2-280.md
  spawn enrichment/v9/work/map_s087_20261009/map/spawn/sol-high_3-5.md
  spawn enrichment/v9/work/map_s087_20261009/map/spawn/sol-high_3-49.md
  spawn enrichment/v9/work/map_s087_20261009/map/spawn/sol-high_3-64.md
  spawn enrichment/v9/work/map_s087_20261009/map/spawn/sol-high_4-36.md
  spawn enrichment/v9/work/map_s087_20261009/map/spawn/sol-high_4-42.md
  spawn enrichment/v9/work/map_s087_20261009/map/spawn/sol-high_4-43.md
  spawn enrichment/v9/work/map_s087_20261009/map/spawn/sol-high_4-49.md
  spawn enrichment/v9/work/map_s087_20261009/map/spawn/sol-high_4-56.md
  spawn enrichment/v9/work/map_s087_20261009/map/spawn/sol-high_5-90.md
  spawn enrichment/v9/work/map_s087_20261009/map/spawn/sol-high_6-68.md
  spawn enrichment/v9/work/map_s087_20261009/map/spawn/sol-high_6-76.md
  spawn enrichment/v9/work/map_s087_20261009/map/spawn/sol-high_6-77.md
  spawn enrichment/v9/work/map_s087_20261009/map/spawn/sol-high_6-95.md
  spawn enrichment/v9/work/map_s087_20261009/map/spawn/sol-high_6-96.md
  spawn enrichment/v9/work/map_s087_20261009/map/spawn/sol-high_6-97.md
  spawn enrichment/v9/work/map_s087_20261009/map/spawn/sol-high_6-99.md
  spawn enrichment/v9/work/map_s087_20261009/map/spawn/sol-high_6-122.md
  spawn enrichment/v9/work/map_s087_20261009/map/spawn/sol-high_6-128.md
  spawn enrichment/v9/work/map_s087_20261009/map/spawn/sol-high_6-146.md
  spawn enrichment/v9/work/map_s087_20261009/map/spawn/sol-high_7-24.md
  spawn enrichment/v9/work/map_s087_20261009/map/spawn/sol-high_7-25.md
  spawn enrichment/v9/work/map_s087_20261009/map/spawn/sol-high_7-57.md
  spawn enrichment/v9/work/map_s087_20261009/map/spawn/sol-high_7-164.md
  spawn enrichment/v9/work/map_s087_20261009/map/spawn/sol-high_7-165.md
  spawn enrichment/v9/work/map_s087_20261009/map/spawn/sol-high_7-169.md
  spawn enrichment/v9/work/map_s087_20261009/map/spawn/sol-high_7-170.md
  spawn enrichment/v9/work/map_s087_20261009/map/spawn/sol-high_7-180.md
  spawn enrichment/v9/work/map_s087_20261009/map/spawn/sol-high_7-201.md
  spawn enrichment/v9/work/map_s087_20261009/map/spawn/sol-high_7-204.md
  spawn enrichment/v9/work/map_s087_20261009/map/spawn/sol-high_7-205.md
  spawn enrichment/v9/work/map_s087_20261009/map/spawn/sol-high_8-24.md
  spawn enrichment/v9/work/map_s087_20261009/map/spawn/sol-high_8-42.md
  spawn enrichment/v9/work/map_s087_20261009/map/spawn/sol-high_9-102.md
  spawn enrichment/v9/work/map_s087_20261009/map/spawn/sol-high_11-105.md
  spawn enrichment/v9/work/map_s087_20261009/map/spawn/sol-high_11-106.md
  spawn enrichment/v9/work/map_s087_20261009/map/spawn/sol-high_11-108.md
  spawn enrichment/v9/work/map_s087_20261009/map/spawn/sol-high_11-116.md
  spawn enrichment/v9/work/map_s087_20261009/map/spawn/sol-high_13-9.md
  spawn enrichment/v9/work/map_s087_20261009/map/spawn/sol-high_13-10.md
  spawn enrichment/v9/work/map_s087_20261009/map/spawn/sol-high_14-1.md
  spawn enrichment/v9/work/map_s087_20261009/map/spawn/sol-high_14-17.md
  spawn enrichment/v9/work/map_s087_20261009/map/spawn/sol-high_14-35.md
  spawn enrichment/v9/work/map_s087_20261009/map/spawn/sol-high_14-36.md
  spawn enrichment/v9/work/map_s087_20261009/map/spawn/sol-high_14-37.md
  spawn enrichment/v9/work/map_s087_20261009/map/spawn/sol-high_14-38.md
  spawn enrichment/v9/work/map_s087_20261009/map/spawn/sol-high_14-40.md
  spawn enrichment/v9/work/map_s087_20261009/map/spawn/sol-high_14-44.md
  spawn enrichment/v9/work/map_s087_20261009/map/spawn/sol-high_15-6.md
  spawn enrichment/v9/work/map_s087_20261009/map/spawn/sol-high_15-9.md
  spawn enrichment/v9/work/map_s087_20261009/map/spawn/sol-high_15-29.md
  spawn enrichment/v9/work/map_s087_20261009/map/spawn/sol-high_16-17.md
  spawn enrichment/v9/work/map_s087_20261009/map/spawn/sol-high_16-20.md
  spawn enrichment/v9/work/map_s087_20261009/map/spawn/sol-high_16-68.md
  spawn enrichment/v9/work/map_s087_20261009/map/spawn/sol-high_16-69.md
  spawn enrichment/v9/work/map_s087_20261009/map/spawn/sol-high_16-96.md
  spawn enrichment/v9/work/map_s087_20261009/map/spawn/sol-high_17-18.md
  spawn enrichment/v9/work/map_s087_20261009/map/spawn/sol-high_17-19.md
  spawn enrichment/v9/work/map_s087_20261009/map/spawn/sol-high_17-44.md
  spawn enrichment/v9/work/map_s087_20261009/map/spawn/sol-high_17-83.md
  spawn enrichment/v9/work/map_s087_20261009/map/spawn/sol-high_17-86.md
  spawn enrichment/v9/work/map_s087_20261009/map/spawn/sol-high_17-87.md
  spawn enrichment/v9/work/map_s087_20261009/map/spawn/sol-high_18-7.md
  spawn enrichment/v9/work/map_s087_20261009/map/spawn/sol-high_18-8.md
  spawn enrichment/v9/work/map_s087_20261009/map/spawn/sol-high_18-22.md
  spawn enrichment/v9/work/map_s087_20261009/map/spawn/sol-high_18-23.md
  spawn enrichment/v9/work/map_s087_20261009/map/spawn/sol-high_18-24.md
  spawn enrichment/v9/work/map_s087_20261009/map/spawn/sol-high_19-12.md
  spawn enrichment/v9/work/map_s087_20261009/map/spawn/sol-high_19-13.md
  spawn enrichment/v9/work/map_s087_20261009/map/spawn/sol-high_19-15.md
  spawn enrichment/v9/work/map_s087_20261009/map/spawn/sol-high_19-17.md
  spawn enrichment/v9/work/map_s087_20261009/map/spawn/sol-high_19-22.md
  spawn enrichment/v9/work/map_s087_20261009/map/spawn/sol-high_19-24.md
  spawn enrichment/v9/work/map_s087_20261009/map/spawn/sol-high_19-33.md
  spawn enrichment/v9/work/map_s087_20261009/map/spawn/sol-high_19-47.md
  spawn enrichment/v9/work/map_s087_20261009/map/spawn/sol-high_19-48.md
  spawn enrichment/v9/work/map_s087_20261009/map/spawn/sol-high_19-49.md
  spawn enrichment/v9/work/map_s087_20261009/map/spawn/sol-high_19-97.md
  spawn enrichment/v9/work/map_s087_20261009/map/spawn/sol-high_20-2.md
  spawn enrichment/v9/work/map_s087_20261009/map/spawn/sol-high_20-3.md
  spawn enrichment/v9/work/map_s087_20261009/map/spawn/sol-high_20-7.md
  spawn enrichment/v9/work/map_s087_20261009/map/spawn/sol-high_20-14.md
  spawn enrichment/v9/work/map_s087_20261009/map/spawn/sol-high_20-17.md
  spawn enrichment/v9/work/map_s087_20261009/map/spawn/sol-high_20-18.md
  spawn enrichment/v9/work/map_s087_20261009/map/spawn/sol-high_20-21.md
  spawn enrichment/v9/work/map_s087_20261009/map/spawn/sol-high_20-26.md
  spawn enrichment/v9/work/map_s087_20261009/map/spawn/sol-high_20-42.md
  spawn enrichment/v9/work/map_s087_20261009/map/spawn/sol-high_20-51.md
  spawn enrichment/v9/work/map_s087_20261009/map/spawn/sol-high_20-52.md
  spawn enrichment/v9/work/map_s087_20261009/map/spawn/sol-high_20-55.md
  spawn enrichment/v9/work/map_s087_20261009/map/spawn/sol-high_20-61.md
  spawn enrichment/v9/work/map_s087_20261009/map/spawn/sol-high_20-64.md
  spawn enrichment/v9/work/map_s087_20261009/map/spawn/sol-high_20-68.md
  spawn enrichment/v9/work/map_s087_20261009/map/spawn/sol-high_20-72.md
  spawn enrichment/v9/work/map_s087_20261009/map/spawn/sol-high_20-73.md
  spawn enrichment/v9/work/map_s087_20261009/map/spawn/sol-high_20-74.md
  spawn enrichment/v9/work/map_s087_20261009/map/spawn/sol-high_20-76.md
  spawn enrichment/v9/work/map_s087_20261009/map/spawn/sol-high_20-114.md
  spawn enrichment/v9/work/map_s087_20261009/map/spawn/sol-high_20-115.md
  spawn enrichment/v9/work/map_s087_20261009/map/spawn/sol-high_20-117.md
  spawn enrichment/v9/work/map_s087_20261009/map/spawn/sol-high_20-118.md
  spawn enrichment/v9/work/map_s087_20261009/map/spawn/sol-high_20-119.md
  spawn enrichment/v9/work/map_s087_20261009/map/spawn/sol-high_20-123.md
  spawn enrichment/v9/work/map_s087_20261009/map/spawn/sol-high_20-124.md
  spawn enrichment/v9/work/map_s087_20261009/map/spawn/sol-high_20-125.md
  spawn enrichment/v9/work/map_s087_20261009/map/spawn/sol-high_20-126.md
  spawn enrichment/v9/work/map_s087_20261009/map/spawn/sol-high_20-127.md
  spawn enrichment/v9/work/map_s087_20261009/map/spawn/sol-high_20-133.md
  spawn enrichment/v9/work/map_s087_20261009/map/spawn/sol-high_20-135.md
  spawn enrichment/v9/work/map_s087_20261009/map/spawn/sol-high_21-32.md
  spawn enrichment/v9/work/map_s087_20261009/map/spawn/sol-high_21-33.md
  spawn enrichment/v9/work/map_s087_20261009/map/spawn/sol-high_21-66.md
  spawn enrichment/v9/work/map_s087_20261009/map/spawn/sol-high_21-87.md
  spawn enrichment/v9/work/map_s087_20261009/map/spawn/sol-high_21-105.md
  spawn enrichment/v9/work/map_s087_20261009/map/spawn/sol-high_22-30.md
  spawn enrichment/v9/work/map_s087_20261009/map/spawn/sol-high_23-1.md
  spawn enrichment/v9/work/map_s087_20261009/map/spawn/sol-high_23-2.md
  spawn enrichment/v9/work/map_s087_20261009/map/spawn/sol-high_23-4.md
  spawn enrichment/v9/work/map_s087_20261009/map/spawn/sol-high_23-8.md
  spawn enrichment/v9/work/map_s087_20261009/map/spawn/sol-high_23-31.md
  spawn enrichment/v9/work/map_s087_20261009/map/spawn/sol-high_23-33.md
  spawn enrichment/v9/work/map_s087_20261009/map/spawn/sol-high_23-35.md
  spawn enrichment/v9/work/map_s087_20261009/map/spawn/sol-high_23-37.md
  spawn enrichment/v9/work/map_s087_20261009/map/spawn/sol-high_23-41.md
  spawn enrichment/v9/work/map_s087_20261009/map/spawn/sol-high_23-71.md
  spawn enrichment/v9/work/map_s087_20261009/map/spawn/sol-high_23-72.md
  spawn enrichment/v9/work/map_s087_20261009/map/spawn/sol-high_23-73.md
  spawn enrichment/v9/work/map_s087_20261009/map/spawn/sol-high_23-105.md
  spawn enrichment/v9/work/map_s087_20261009/map/spawn/sol-high_23-106.md
  spawn enrichment/v9/work/map_s087_20261009/map/spawn/sol-high_24-21.md
  spawn enrichment/v9/work/map_s087_20261009/map/spawn/sol-high_24-36.md
  spawn enrichment/v9/work/map_s087_20261009/map/spawn/sol-high_24-37.md
  spawn enrichment/v9/work/map_s087_20261009/map/spawn/sol-high_25-2.md
  spawn enrichment/v9/work/map_s087_20261009/map/spawn/sol-high_25-32.md
  spawn enrichment/v9/work/map_s087_20261009/map/spawn/sol-high_25-47.md
  spawn enrichment/v9/work/map_s087_20261009/map/spawn/sol-high_26-72.md
  spawn enrichment/v9/work/map_s087_20261009/map/spawn/sol-high_26-73.md
  spawn enrichment/v9/work/map_s087_20261009/map/spawn/sol-high_26-74.md
  spawn enrichment/v9/work/map_s087_20261009/map/spawn/sol-high_26-76.md
  spawn enrichment/v9/work/map_s087_20261009/map/spawn/sol-high_26-77.md
  spawn enrichment/v9/work/map_s087_20261009/map/spawn/sol-high_26-78.md
  spawn enrichment/v9/work/map_s087_20261009/map/spawn/sol-high_26-79.md
  spawn enrichment/v9/work/map_s087_20261009/map/spawn/sol-high_26-81.md
  spawn enrichment/v9/work/map_s087_20261009/map/spawn/sol-high_26-84.md
  spawn enrichment/v9/work/map_s087_20261009/map/spawn/sol-high_26-88.md
  spawn enrichment/v9/work/map_s087_20261009/map/spawn/sol-high_26-89.md
  spawn enrichment/v9/work/map_s087_20261009/map/spawn/sol-high_26-196.md
  spawn enrichment/v9/work/map_s087_20261009/map/spawn/sol-high_26-197.md
  spawn enrichment/v9/work/map_s087_20261009/map/spawn/sol-high_27-7.md
  spawn enrichment/v9/work/map_s087_20261009/map/spawn/sol-high_27-25.md
  spawn enrichment/v9/work/map_s087_20261009/map/spawn/sol-high_28-14.md
  spawn enrichment/v9/work/map_s087_20261009/map/spawn/sol-high_28-22.md
  spawn enrichment/v9/work/map_s087_20261009/map/spawn/sol-high_28-23.md
  spawn enrichment/v9/work/map_s087_20261009/map/spawn/sol-high_28-27.md
  spawn enrichment/v9/work/map_s087_20261009/map/spawn/sol-high_28-60.md
  spawn enrichment/v9/work/map_s087_20261009/map/spawn/sol-high_28-70.md
  spawn enrichment/v9/work/map_s087_20261009/map/spawn/sol-high_29-48.md
  spawn enrichment/v9/work/map_s087_20261009/map/spawn/sol-high_29-64.md
  spawn enrichment/v9/work/map_s087_20261009/map/spawn/sol-high_30-39.md
  spawn enrichment/v9/work/map_s087_20261009/map/spawn/sol-high_32-27.md
  spawn enrichment/v9/work/map_s087_20261009/map/spawn/sol-high_33-41.md
  spawn enrichment/v9/work/map_s087_20261009/map/spawn/sol-high_33-42.md
  spawn enrichment/v9/work/map_s087_20261009/map/spawn/sol-high_34-10.md
  spawn enrichment/v9/work/map_s087_20261009/map/spawn/sol-high_34-11.md
  spawn enrichment/v9/work/map_s087_20261009/map/spawn/sol-high_35-18.md
  spawn enrichment/v9/work/map_s087_20261009/map/spawn/sol-high_35-22.md
  spawn enrichment/v9/work/map_s087_20261009/map/spawn/sol-high_35-28.md
  spawn enrichment/v9/work/map_s087_20261009/map/spawn/sol-high_35-36.md
  spawn enrichment/v9/work/map_s087_20261009/map/spawn/sol-high_36-11.md
  spawn enrichment/v9/work/map_s087_20261009/map/spawn/sol-high_36-12.md
  spawn enrichment/v9/work/map_s087_20261009/map/spawn/sol-high_36-39.md
  spawn enrichment/v9/work/map_s087_20261009/map/spawn/sol-high_36-69.md
  spawn enrichment/v9/work/map_s087_20261009/map/spawn/sol-high_36-70.md
  spawn enrichment/v9/work/map_s087_20261009/map/spawn/sol-high_37-55.md
  spawn enrichment/v9/work/map_s087_20261009/map/spawn/sol-high_37-140.md
  spawn enrichment/v9/work/map_s087_20261009/map/spawn/sol-high_37-141.md
  spawn enrichment/v9/work/map_s087_20261009/map/spawn/sol-high_37-142.md
  spawn enrichment/v9/work/map_s087_20261009/map/spawn/sol-high_37-143.md
  spawn enrichment/v9/work/map_s087_20261009/map/spawn/sol-high_37-144.md
  spawn enrichment/v9/work/map_s087_20261009/map/spawn/sol-high_39-17.md
  spawn enrichment/v9/work/map_s087_20261009/map/spawn/sol-high_39-18.md
  spawn enrichment/v9/work/map_s087_20261009/map/spawn/sol-high_39-21.md
  spawn enrichment/v9/work/map_s087_20261009/map/spawn/sol-high_39-42.md
  spawn enrichment/v9/work/map_s087_20261009/map/spawn/sol-high_39-53.md
  spawn enrichment/v9/work/map_s087_20261009/map/spawn/sol-high_39-55.md
  spawn enrichment/v9/work/map_s087_20261009/map/spawn/sol-high_39-56.md
  spawn enrichment/v9/work/map_s087_20261009/map/spawn/sol-high_39-57.md
  spawn enrichment/v9/work/map_s087_20261009/map/spawn/sol-high_39-58.md
  spawn enrichment/v9/work/map_s087_20261009/map/spawn/sol-high_40-16.md
  spawn enrichment/v9/work/map_s087_20261009/map/spawn/sol-high_40-60.md
  spawn enrichment/v9/work/map_s087_20261009/map/spawn/sol-high_41-39.md
  spawn enrichment/v9/work/map_s087_20261009/map/spawn/sol-high_42-13.md
  spawn enrichment/v9/work/map_s087_20261009/map/spawn/sol-high_42-36.md
  spawn enrichment/v9/work/map_s087_20261009/map/spawn/sol-high_43-9.md
  spawn enrichment/v9/work/map_s087_20261009/map/spawn/sol-high_43-10.md
  spawn enrichment/v9/work/map_s087_20261009/map/spawn/sol-high_43-11.md
  spawn enrichment/v9/work/map_s087_20261009/map/spawn/sol-high_43-12.md
  spawn enrichment/v9/work/map_s087_20261009/map/spawn/sol-high_43-13.md
  spawn enrichment/v9/work/map_s087_20261009/map/spawn/sol-high_43-14.md
  spawn enrichment/v9/work/map_s087_20261009/map/spawn/sol-high_43-23.md
  spawn enrichment/v9/work/map_s087_20261009/map/spawn/sol-high_43-43.md
  spawn enrichment/v9/work/map_s087_20261009/map/spawn/sol-high_43-44.md
  spawn enrichment/v9/work/map_s087_20261009/map/spawn/sol-high_43-75.md
  spawn enrichment/v9/work/map_s087_20261009/map/spawn/sol-high_43-77.md
  spawn enrichment/v9/work/map_s087_20261009/map/spawn/sol-high_44-56.md
  spawn enrichment/v9/work/map_s087_20261009/map/spawn/sol-high_44-58.md
  spawn enrichment/v9/work/map_s087_20261009/map/spawn/sol-high_46-4.md
  spawn enrichment/v9/work/map_s087_20261009/map/spawn/sol-high_50-3.md
  spawn enrichment/v9/work/map_s087_20261009/map/spawn/sol-high_50-11.md
  spawn enrichment/v9/work/map_s087_20261009/map/spawn/sol-high_51-2.md
  spawn enrichment/v9/work/map_s087_20261009/map/spawn/sol-high_51-3.md
  spawn enrichment/v9/work/map_s087_20261009/map/spawn/sol-high_51-54.md
  spawn enrichment/v9/work/map_s087_20261009/map/spawn/sol-high_51-55.md
  spawn enrichment/v9/work/map_s087_20261009/map/spawn/sol-high_53-7.md
  spawn enrichment/v9/work/map_s087_20261009/map/spawn/sol-high_53-25.md
  spawn enrichment/v9/work/map_s087_20261009/map/spawn/sol-high_53-32.md
  spawn enrichment/v9/work/map_s087_20261009/map/spawn/sol-high_53-37.md
  spawn enrichment/v9/work/map_s087_20261009/map/spawn/sol-high_53-38.md
  spawn enrichment/v9/work/map_s087_20261009/map/spawn/sol-high_53-41.md
  spawn enrichment/v9/work/map_s087_20261009/map/spawn/sol-high_53-44.md
  spawn enrichment/v9/work/map_s087_20261009/map/spawn/sol-high_53-47.md
  spawn enrichment/v9/work/map_s087_20261009/map/spawn/sol-high_54-17.md
  spawn enrichment/v9/work/map_s087_20261009/map/spawn/sol-high_54-49.md
  spawn enrichment/v9/work/map_s087_20261009/map/spawn/sol-high_55-26.md
  spawn enrichment/v9/work/map_s087_20261009/map/spawn/sol-high_55-27.md
  spawn enrichment/v9/work/map_s087_20261009/map/spawn/sol-high_55-62.md
  spawn enrichment/v9/work/map_s087_20261009/map/spawn/sol-high_55-64.md
  spawn enrichment/v9/work/map_s087_20261009/map/spawn/sol-high_55-78.md
  spawn enrichment/v9/work/map_s087_20261009/map/spawn/sol-high_56-71.md
  spawn enrichment/v9/work/map_s087_20261009/map/spawn/sol-high_56-73.md
  spawn enrichment/v9/work/map_s087_20261009/map/spawn/sol-high_56-74.md
  spawn enrichment/v9/work/map_s087_20261009/map/spawn/sol-high_58-6.md
  spawn enrichment/v9/work/map_s087_20261009/map/spawn/sol-high_59-9.md
  spawn enrichment/v9/work/map_s087_20261009/map/spawn/sol-high_59-24.md
  spawn enrichment/v9/work/map_s087_20261009/map/spawn/sol-high_62-2.md
  spawn enrichment/v9/work/map_s087_20261009/map/spawn/sol-high_69-18.md
  spawn enrichment/v9/work/map_s087_20261009/map/spawn/sol-high_71-17.md
  spawn enrichment/v9/work/map_s087_20261009/map/spawn/sol-high_71-18.md
  spawn enrichment/v9/work/map_s087_20261009/map/spawn/sol-high_73-2.md
  spawn enrichment/v9/work/map_s087_20261009/map/spawn/sol-high_73-4.md
  spawn enrichment/v9/work/map_s087_20261009/map/spawn/sol-high_73-7.md
  spawn enrichment/v9/work/map_s087_20261009/map/spawn/sol-high_73-8.md
  spawn enrichment/v9/work/map_s087_20261009/map/spawn/sol-high_73-20.md
  spawn enrichment/v9/work/map_s087_20261009/map/spawn/sol-high_74-3.md
  spawn enrichment/v9/work/map_s087_20261009/map/spawn/sol-high_74-18.md
  spawn enrichment/v9/work/map_s087_20261009/map/spawn/sol-high_74-19.md
  spawn enrichment/v9/work/map_s087_20261009/map/spawn/sol-high_74-23.md
  spawn enrichment/v9/work/map_s087_20261009/map/spawn/sol-high_74-24.md
  spawn enrichment/v9/work/map_s087_20261009/map/spawn/sol-high_74-28.md
  spawn enrichment/v9/work/map_s087_20261009/map/spawn/sol-high_74-35.md
  spawn enrichment/v9/work/map_s087_20261009/map/spawn/sol-high_74-42.md
  spawn enrichment/v9/work/map_s087_20261009/map/spawn/sol-high_74-49.md
  spawn enrichment/v9/work/map_s087_20261009/map/spawn/sol-high_74-50.md
  spawn enrichment/v9/work/map_s087_20261009/map/spawn/sol-high_74-51.md
  spawn enrichment/v9/work/map_s087_20261009/map/spawn/sol-high_74-52.md
  spawn enrichment/v9/work/map_s087_20261009/map/spawn/sol-high_74-53.md
  spawn enrichment/v9/work/map_s087_20261009/map/spawn/sol-high_74-54.md
  spawn enrichment/v9/work/map_s087_20261009/map/spawn/sol-high_74-55.md
  spawn enrichment/v9/work/map_s087_20261009/map/spawn/sol-high_75-4.md
  spawn enrichment/v9/work/map_s087_20261009/map/spawn/sol-high_75-20.md
  spawn enrichment/v9/work/map_s087_20261009/map/spawn/sol-high_75-21.md
  spawn enrichment/v9/work/map_s087_20261009/map/spawn/sol-high_75-26.md
  spawn enrichment/v9/work/map_s087_20261009/map/spawn/sol-high_75-36.md
  spawn enrichment/v9/work/map_s087_20261009/map/spawn/sol-high_75-37.md
  spawn enrichment/v9/work/map_s087_20261009/map/spawn/sol-high_75-40.md
  spawn enrichment/v9/work/map_s087_20261009/map/spawn/sol-high_76-23.md
  spawn enrichment/v9/work/map_s087_20261009/map/spawn/sol-high_79-20.md
  spawn enrichment/v9/work/map_s087_20261009/map/spawn/sol-high_79-26.md
  spawn enrichment/v9/work/map_s087_20261009/map/spawn/sol-high_79-27.md
  spawn enrichment/v9/work/map_s087_20261009/map/spawn/sol-high_79-28.md
  spawn enrichment/v9/work/map_s087_20261009/map/spawn/sol-high_79-31.md
  spawn enrichment/v9/work/map_s087_20261009/map/spawn/sol-high_79-33.md
  spawn enrichment/v9/work/map_s087_20261009/map/spawn/sol-high_79-34.md
  spawn enrichment/v9/work/map_s087_20261009/map/spawn/sol-high_80-1.md
  spawn enrichment/v9/work/map_s087_20261009/map/spawn/sol-high_80-3.md
  spawn enrichment/v9/work/map_s087_20261009/map/spawn/sol-high_80-4.md
  spawn enrichment/v9/work/map_s087_20261009/map/spawn/sol-high_80-7.md
  spawn enrichment/v9/work/map_s087_20261009/map/spawn/sol-high_80-8.md
  spawn enrichment/v9/work/map_s087_20261009/map/spawn/sol-high_80-9.md
  spawn enrichment/v9/work/map_s087_20261009/map/spawn/sol-high_80-20.md
  spawn enrichment/v9/work/map_s087_20261009/map/spawn/sol-high_80-24.md
  spawn enrichment/v9/work/map_s087_20261009/map/spawn/sol-high_80-26.md
  spawn enrichment/v9/work/map_s087_20261009/map/spawn/sol-high_80-27.md
  spawn enrichment/v9/work/map_s087_20261009/map/spawn/sol-high_81-10.md
  spawn enrichment/v9/work/map_s087_20261009/map/spawn/sol-high_87-4.md
  spawn enrichment/v9/work/map_s087_20261009/map/spawn/sol-high_87-5.md
  spawn enrichment/v9/work/map_s087_20261009/map/spawn/sol-high_87-7.md
  spawn enrichment/v9/work/map_s087_20261009/map/spawn/sol-high_87-8.md
  spawn enrichment/v9/work/map_s087_20261009/map/spawn/sol-high_87-9.md
  spawn enrichment/v9/work/map_s087_20261009/map/spawn/sol-high_87-10.md
  spawn enrichment/v9/work/map_s087_20261009/map/spawn/sol-high_87-11.md
  spawn enrichment/v9/work/map_s087_20261009/map/spawn/sol-high_87-13.md
  spawn enrichment/v9/work/map_s087_20261009/map/spawn/sol-high_87-16.md
  spawn enrichment/v9/work/map_s087_20261009/map/spawn/sol-high_87-17.md
  spawn enrichment/v9/work/map_s087_20261009/map/spawn/sol-high_87-18.md
  spawn enrichment/v9/work/map_s087_20261009/map/spawn/sol-high_87-19.md
  spawn enrichment/v9/work/map_s087_20261009/map/spawn/sol-high_88-21.md
  spawn enrichment/v9/work/map_s087_20261009/map/spawn/sol-high_88-22.md
  spawn enrichment/v9/work/map_s087_20261009/map/spawn/sol-high_89-23.md
  spawn enrichment/v9/work/map_s087_20261009/map/spawn/sol-high_90-10.md
  spawn enrichment/v9/work/map_s087_20261009/map/spawn/sol-high_91-7.md
  spawn enrichment/v9/work/map_s087_20261009/map/spawn/sol-high_91-8.md
  spawn enrichment/v9/work/map_s087_20261009/map/spawn/sol-high_91-9.md
  spawn enrichment/v9/work/map_s087_20261009/map/spawn/sol-high_91-10.md
  spawn enrichment/v9/work/map_s087_20261009/map/spawn/sol-high_92-14.md
  spawn enrichment/v9/work/map_s087_20261009/map/spawn/sol-high_92-20.md
  spawn enrichment/v9/work/map_s087_20261009/map/spawn/sol-high_93-3.md
  spawn enrichment/v9/work/map_s087_20261009/map/spawn/sol-high_93-4.md
  spawn enrichment/v9/work/map_s087_20261009/map/spawn/sol-high_93-5.md
  spawn enrichment/v9/work/map_s087_20261009/map/spawn/sol-high_94-2.md
  spawn enrichment/v9/work/map_s087_20261009/map/spawn/sol-high_94-3.md
  spawn enrichment/v9/work/map_s087_20261009/map/spawn/sol-high_94-4.md
  spawn enrichment/v9/work/map_s087_20261009/map/spawn/sol-high_94-6.md
  spawn enrichment/v9/work/map_s087_20261009/map/spawn/sol-high_94-7.md
  spawn enrichment/v9/work/map_s087_20261009/map/spawn/sol-high_94-8.md
  spawn enrichment/v9/work/map_s087_20261009/map/spawn/sol-high_98-1.md
  spawn enrichment/v9/work/map_s087_20261009/map/spawn/sol-high_98-2.md
  spawn enrichment/v9/work/map_s087_20261009/map/spawn/sol-high_98-3.md
  spawn enrichment/v9/work/map_s087_20261009/map/spawn/sol-high_105-5.md
