== map-103_1-20261008
35:37: update 3, 15 new notes, 37,540 characters  spawn enrichment/v9/work/map-103_1-20261008/map/spawn/sol-high_35-37.u3.md
1 update(s) built
== map_s087_20261009
2:24: no new notes
2:28: no new notes
2:29: no new notes
2:30: no new notes
2:45: no new notes
2:55: no new notes
2:61: no new notes
2:86: no new notes
2:106: no new notes
2:129: no new notes
2:180: no new notes
2:185: no new notes
2:200: no new notes
2:219: no new notes
2:258: no new notes
2:280: no new notes
3:5: no new notes
3:49: no new notes
3:64: no new notes
4:36: no new notes
4:42: no new notes
4:43: no new notes
4:49: no new notes
4:56: no new notes
5:90: no new notes
6:68: no new notes
6:76: no new notes
6:77: no new notes
6:95: no new notes
6:96: no new notes
6:97: no new notes
6:99: no new notes
6:122: no new notes
6:128: no new notes
6:146: no new notes
7:24: no new notes
7:25: no new notes
7:57: no new notes
7:164: no new notes
7:165: no new notes
7:169: no new notes
7:170: no new notes
7:180: no new notes
7:201: no new notes
7:204: no new notes
7:205: no new notes
8:24: no new notes
8:42: no new notes
9:102: no new notes
11:105: no new notes
11:106: no new notes
11:108: no new notes
11:116: no new notes
13:9: no new notes
13:10: no new notes
14:1: no new notes
14:17: no new notes
14:35: no new notes
14:36: no new notes
14:37: no new notes
14:38: no new notes
14:40: no new notes
14:44: no new notes
15:6: no new notes
15:9: no new notes
15:29: no new notes
16:17: no new notes
16:20: no new notes
16:68: no new notes
16:69: no new notes
16:96: no new notes
17:18: no new notes
17:19: no new notes
17:44: no new notes
17:83: no new notes
17:86: no new notes
17:87: no new notes
18:7: no new notes
18:8: no new notes
18:22: no new notes
18:23: no new notes
18:24: no new notes
19:12: no new notes
19:13: no new notes
19:15: no new notes
19:17: no new notes
19:22: no new notes
19:24: no new notes
19:33: no new notes
19:47: no new notes
19:48: no new notes
19:49: no new notes
19:97: no new notes
20:2: no new notes
20:3: no new notes
20:7: no new notes
20:14: no new notes
20:17: no new notes
20:18: no new notes
20:21: no new notes
20:26: no new notes
20:42: no new notes
20:51: no new notes
20:52: no new notes
20:55: no new notes
20:61: no new notes
20:64: no new notes
20:68: no new notes
20:72: no new notes
20:73: no new notes
20:74: no new notes
20:76: no new notes
20:114: no new notes
20:115: no new notes
20:117: no new notes
20:118: no new notes
20:119: no new notes
20:123: no new notes
20:124: no new notes
20:125: no new notes
20:126: no new notes
20:127: no new notes
20:133: no new notes
20:135: no new notes
21:32: no new notes
21:33: no new notes
21:66: no new notes
21:87: no new notes
21:105: no new notes
22:30: no new notes
23:1: no new notes
23:2: no new notes
23:4: no new notes
23:8: no new notes
23:31: no new notes
23:33: no new notes
23:35: no new notes
23:37: no new notes
23:41: no new notes
23:71: no new notes
23:72: no new notes
23:73: no new notes
23:105: no new notes
23:106: no new notes
24:21: no new notes
24:36: no new notes
24:37: no new notes
25:2: no new notes
25:32: no new notes
25:47: no new notes
26:72: no new notes
26:73: no new notes
26:74: no new notes
26:76: no new notes
26:77: no new notes
26:78: no new notes
26:79: no new notes
26:81: no new notes
26:84: no new notes
26:88: no new notes
26:89: no new notes
26:196: no new notes
26:197: no new notes
27:7: no new notes
27:25: no new notes
28:14: no new notes
28:22: no new notes
28:23: no new notes
28:27: no new notes
28:60: no new notes
28:70: no new notes
29:48: no new notes
29:64: no new notes
30:39: no new notes
32:27: no new notes
33:41: no new notes
33:42: no new notes
34:10: no new notes
34:11: no new notes
35:18: no new notes
35:22: no new notes
35:28: no new notes
35:36: no new notes
36:11: no new notes
36:12: no new notes
36:39: no new notes
36:69: no new notes
36:70: no new notes
37:55: no new notes
37:140: no new notes
37:141: no new notes
37:142: no new notes
37:143: no new notes
37:144: no new notes
39:17: no new notes
39:18: no new notes
39:21: no new notes
39:42: no new notes
39:53: no new notes
39:55: no new notes
39:56: no new notes
39:57: no new notes
39:58: no new notes
40:16: no new notes
40:60: no new notes
41:39: no new notes
42:13: no new notes
42:36: no new notes
43:9: no new notes
43:10: no new notes
43:11: no new notes
43:12: no new notes
43:13: no new notes
43:14: no new notes
43:23: no new notes
43:43: no new notes
43:44: no new notes
43:75: no new notes
43:77: no new notes
44:56: no new notes
44:58: no new notes
46:4: no new notes
50:3: no new notes
50:11: no new notes
51:2: no new notes
51:3: no new notes
51:54: no new notes
51:55: no new notes
53:7: no new notes
53:25: no new notes
53:32: no new notes
53:37: no new notes
53:38: no new notes
53:41: no new notes
53:44: no new notes
53:47: no new notes
54:17: no new notes
54:49: no new notes
55:26: no new notes
55:27: no new notes
55:62: no new notes
55:64: no new notes
55:78: no new notes
56:71: no new notes
56:73: no new notes
56:74: no new notes
58:6: no new notes
59:9: no new notes
59:24: no new notes
62:2: no new notes
69:18: no new notes
71:17: no new notes
71:18: no new notes
73:2: no new notes
73:4: no new notes
73:7: no new notes
73:8: no new notes
73:20: no new notes
74:3: no new notes
74:18: no new notes
74:19: no new notes
74:23: no new notes
74:24: no new notes
74:28: no new notes
74:35: no new notes
74:42: no new notes
74:49: no new notes
74:50: no new notes
74:51: no new notes
74:52: no new notes
74:53: no new notes
74:54: no new notes
74:55: no new notes
75:4: no new notes
75:20: no new notes
75:21: no new notes
75:26: no new notes
75:36: no new notes
75:37: no new notes
75:40: no new notes
76:23: no new notes
79:20: no new notes
79:26: no new notes
79:27: no new notes
79:28: no new notes
79:31: no new notes
79:33: no new notes
79:34: no new notes
80:1: no new notes
80:3: no new notes
80:4: no new notes
80:7: no new notes
80:8: no new notes
80:9: no new notes
80:20: no new notes
80:24: no new notes
80:26: no new notes
80:27: no new notes
81:10: no new notes
87:4: no new notes
87:5: no new notes
87:7: no new notes
87:8: no new notes
87:9: no new notes
87:10: no new notes
87:11: no new notes
87:13: no new notes
87:16: no new notes
87:17: no new notes
87:18: no new notes
87:19: no new notes
88:21: no new notes
88:22: no new notes
89:23: no new notes
90:10: no new notes
91:7: no new notes
91:8: no new notes
91:9: no new notes
91:10: no new notes
92:14: no new notes
92:20: no new notes
93:3: no new notes
93:4: no new notes
93:5: no new notes
94:2: no new notes
94:3: no new notes
94:4: no new notes
94:6: no new notes
94:7: no new notes
94:8: no new notes
98:1: no new notes
98:2: no new notes
98:3: no new notes
105:5: no new notes
0 update(s) built
== map_s096_20261009
1:1: update 2, 23 new notes, 1,135,006 characters  spawn enrichment/v9/work/map_s096_20261009/map/spawn/sol-high_1-1.u2.md
1:2: update 2, 6 new notes, 803,279 characters  spawn enrichment/v9/work/map_s096_20261009/map/spawn/sol-high_1-2.u2.md
1:6: no new notes
1:7: no new notes
2:31: update 2, 9 new notes, 57,712 characters  spawn enrichment/v9/work/map_s096_20261009/map/spawn/sol-high_2-31.u2.md
2:32: update 1, 4 new notes, 29,841 characters  spawn enrichment/v9/work/map_s096_20261009/map/spawn/sol-high_2-32.u1.md
2:286: no new notes
9:103: update 2, 2 new notes, 44,277 characters  spawn enrichment/v9/work/map_s096_20261009/map/spawn/sol-high_9-103.u2.md
12:91: no new notes
16:36: no new notes
16:78: no new notes
17:106: no new notes
18:37: no new notes
19:7: no new notes
19:42: no new notes
19:43: no new notes
19:46: no new notes
19:64: no new notes
19:65: no new notes
20:13: update 2, 2 new notes, 20,137 characters  spawn enrichment/v9/work/map_s096_20261009/map/spawn/sol-high_20-13.u2.md
20:44: no new notes
20:49: update 1, 1 new notes, 18,551 characters  spawn enrichment/v9/work/map_s096_20261009/map/spawn/sol-high_20-49.u1.md
20:50: update 1, 1 new notes, 18,344 characters  spawn enrichment/v9/work/map_s096_20261009/map/spawn/sol-high_20-50.u1.md
20:53: update 2, 1 new notes, 22,180 characters  spawn enrichment/v9/work/map_s096_20261009/map/spawn/sol-high_20-53.u2.md
20:54: update 1, 1 new notes, 14,140 characters  spawn enrichment/v9/work/map_s096_20261009/map/spawn/sol-high_20-54.u1.md
20:69: update 2, 6 new notes, 25,026 characters  spawn enrichment/v9/work/map_s096_20261009/map/spawn/sol-high_20-69.u2.md
20:71: update 2, 12 new notes, 25,908 characters  spawn enrichment/v9/work/map_s096_20261009/map/spawn/sol-high_20-71.u2.md
20:130: update 1, 21 new notes, 42,594 characters  spawn enrichment/v9/work/map_s096_20261009/map/spawn/sol-high_20-130.u1.md
20:131: update 1, 9 new notes, 29,090 characters  spawn enrichment/v9/work/map_s096_20261009/map/spawn/sol-high_20-131.u1.md
20:132: update 2, 2 new notes, 34,231 characters  spawn enrichment/v9/work/map_s096_20261009/map/spawn/sol-high_20-132.u2.md
22:5: update 1, 1 new notes, 43,435 characters  spawn enrichment/v9/work/map_s096_20261009/map/spawn/sol-high_22-5.u1.md
22:40: no new notes
29:17: no new notes
32:21: no new notes
33:43: update 1, 7 new notes, 25,681 characters  spawn enrichment/v9/work/map_s096_20261009/map/spawn/sol-high_33-43.u1.md
38:7: no new notes
53:5: no new notes
53:23: no new notes
53:33: update 1, 1 new notes, 17,529 characters  spawn enrichment/v9/work/map_s096_20261009/map/spawn/sol-high_53-33.u1.md
53:34: update 1, 6 new notes, 14,996 characters  spawn enrichment/v9/work/map_s096_20261009/map/spawn/sol-high_53-34.u1.md
53:35: update 1, 3 new notes, 16,744 characters  spawn enrichment/v9/work/map_s096_20261009/map/spawn/sol-high_53-35.u1.md
53:36: update 1, 2 new notes, 14,944 characters  spawn enrichment/v9/work/map_s096_20261009/map/spawn/sol-high_53-36.u1.md
53:39: update 1, 5 new notes, 20,758 characters  spawn enrichment/v9/work/map_s096_20261009/map/spawn/sol-high_53-39.u1.md
53:40: update 1, 3 new notes, 17,400 characters  spawn enrichment/v9/work/map_s096_20261009/map/spawn/sol-high_53-40.u1.md
53:42: update 1, 7 new notes, 18,674 characters  spawn enrichment/v9/work/map_s096_20261009/map/spawn/sol-high_53-42.u1.md
67:22: no new notes
70:15: no new notes
74:11: update 1, 9 new notes, 18,824 characters  spawn enrichment/v9/work/map_s096_20261009/map/spawn/sol-high_74-11.u1.md
74:26: update 2, 3 new notes, 12,943 characters  spawn enrichment/v9/work/map_s096_20261009/map/spawn/sol-high_74-26.u2.md
74:31: update 2, 2 new notes, 33,983 characters  spawn enrichment/v9/work/map_s096_20261009/map/spawn/sol-high_74-31.u2.md
74:43: update 1, 1 new notes, 11,874 characters  spawn enrichment/v9/work/map_s096_20261009/map/spawn/sol-high_74-43.u1.md
75:16: no new notes
75:17: no new notes
75:18: no new notes
75:19: no new notes
75:30: update 2, 2 new notes, 17,080 characters  spawn enrichment/v9/work/map_s096_20261009/map/spawn/sol-high_75-30.u2.md
75:31: no new notes
75:32: no new notes
75:33: update 1, 2 new notes, 12,301 characters  spawn enrichment/v9/work/map_s096_20261009/map/spawn/sol-high_75-33.u1.md
75:38: update 1, 3 new notes, 11,091 characters  spawn enrichment/v9/work/map_s096_20261009/map/spawn/sol-high_75-38.u1.md
76:25: update 1, 1 new notes, 11,901 characters  spawn enrichment/v9/work/map_s096_20261009/map/spawn/sol-high_76-25.u1.md
76:26: update 1, 3 new notes, 15,957 characters  spawn enrichment/v9/work/map_s096_20261009/map/spawn/sol-high_76-26.u1.md
79:17: update 1, 1 new notes, 10,850 characters  spawn enrichment/v9/work/map_s096_20261009/map/spawn/sol-high_79-17.u1.md
79:18: update 2, 1 new notes, 17,179 characters  spawn enrichment/v9/work/map_s096_20261009/map/spawn/sol-high_79-18.u2.md
79:19: update 2, 3 new notes, 19,274 characters  spawn enrichment/v9/work/map_s096_20261009/map/spawn/sol-high_79-19.u2.md
79:23: update 1, 1 new notes, 9,976 characters  spawn enrichment/v9/work/map_s096_20261009/map/spawn/sol-high_79-23.u1.md
79:24: update 1, 8 new notes, 19,330 characters  spawn enrichment/v9/work/map_s096_20261009/map/spawn/sol-high_79-24.u1.md
79:25: update 2, 19 new notes, 17,780 characters  spawn enrichment/v9/work/map_s096_20261009/map/spawn/sol-high_79-25.u2.md
79:35: update 1, 1 new notes, 8,415 characters  spawn enrichment/v9/work/map_s096_20261009/map/spawn/sol-high_79-35.u1.md
79:37: no new notes
79:38: no new notes
79:39: no new notes
79:40: no new notes
80:2: update 2, 15 new notes, 27,088 characters  spawn enrichment/v9/work/map_s096_20261009/map/spawn/sol-high_80-2.u2.md
80:5: update 2, 11 new notes, 14,600 characters  spawn enrichment/v9/work/map_s096_20261009/map/spawn/sol-high_80-5.u2.md
80:19: update 1, 1 new notes, 13,022 characters  spawn enrichment/v9/work/map_s096_20261009/map/spawn/sol-high_80-19.u1.md
82:7: no new notes
87:1: no new notes
87:2: update 1, 1 new notes, 18,869 characters  spawn enrichment/v9/work/map_s096_20261009/map/spawn/sol-high_87-2.u1.md
87:3: update 1, 1 new notes, 20,868 characters  spawn enrichment/v9/work/map_s096_20261009/map/spawn/sol-high_87-3.u1.md
87:6: update 2, 1 new notes, 24,148 characters  spawn enrichment/v9/work/map_s096_20261009/map/spawn/sol-high_87-6.u2.md
87:12: no new notes
87:14: no new notes
87:15: no new notes
89:16: no new notes
89:17: no new notes
89:24: no new notes
91:14: no new notes
92:7: update 2, 1 new notes, 15,609 characters  spawn enrichment/v9/work/map_s096_20261009/map/spawn/sol-high_92-7.u2.md
92:8: update 1, 1 new notes, 14,144 characters  spawn enrichment/v9/work/map_s096_20261009/map/spawn/sol-high_92-8.u1.md
92:10: update 2, 1 new notes, 16,702 characters  spawn enrichment/v9/work/map_s096_20261009/map/spawn/sol-high_92-10.u2.md
92:11: update 1, 1 new notes, 15,447 characters  spawn enrichment/v9/work/map_s096_20261009/map/spawn/sol-high_92-11.u1.md
92:12: no new notes
92:13: no new notes
92:15: no new notes
92:16: update 1, 1 new notes, 17,494 characters  spawn enrichment/v9/work/map_s096_20261009/map/spawn/sol-high_92-16.u1.md
92:17: update 1, 1 new notes, 16,733 characters  spawn enrichment/v9/work/map_s096_20261009/map/spawn/sol-high_92-17.u1.md
92:18: update 1, 1 new notes, 15,951 characters  spawn enrichment/v9/work/map_s096_20261009/map/spawn/sol-high_92-18.u1.md
96:1: no new notes
96:4: no new notes
96:5: no new notes
100:8: no new notes
53 update(s) built
== map_s096r_20261009
13:17: no new notes
0 update(s) built
== map_s103_20261009
18:45: no new notes
18:46: update 2, 2 new notes, 25,701 characters  spawn enrichment/v9/work/map_s103_20261009/map/spawn/sol-high_18-46.u2.md
70:22: update 2, 1 new notes, 12,973 characters  spawn enrichment/v9/work/map_s103_20261009/map/spawn/sol-high_70-22.u2.md
76:3: no new notes
2 update(s) built
== map_s103w_20261009
20:10: update 3, 3 new notes, 28,003 characters  spawn enrichment/v9/work/map_s103w_20261009/map/spawn/sol-high_20-10.u3.md
1 update(s) built
== maptest-20261008
0 update(s) built
