12715 segments, 391 chunks, 16,039,136 characters, 391 spawn files
  c01  1 sources  23 segments  40,505 chars: BURSEVI
  c02  1 sources  23 segments  40,861 chars: BURSEVI
  c03  1 sources  26 segments  41,631 chars: BURSEVI
  c04  1 sources  29 segments  41,702 chars: BURSEVI
  c05  1 sources  26 segments  40,835 chars: BURSEVI
  c06  1 sources  25 segments  41,352 chars: BURSEVI
  c07  1 sources  30 segments  41,495 chars: BURSEVI
  c08  1 sources  28 segments  41,243 chars: BURSEVI
  c09  1 sources  25 segments  41,395 chars: BURSEVI
  c10  1 sources  24 segments  40,978 chars: BURSEVI
  c11  1 sources  29 segments  41,737 chars: BURSEVI
  c12  1 sources  29 segments  41,339 chars: BURSEVI
  c13  1 sources  30 segments  42,016 chars: BURSEVI
  c14  1 sources  11 segments  13,856 chars: BURSEVI
  c15  1 sources  39 segments  43,432 chars: QASHANI
  c16  1 sources  42 segments  43,895 chars: QASHANI
  c17  1 sources  20 segments  18,596 chars: QASHANI
  c18  1 sources  20 segments  41,823 chars: QUSHAYRI
  c19  1 sources  16 segments  39,904 chars: QUSHAYRI
  c20  1 sources   1 segments   4,119 chars: QUSHAYRI
  c21  1 sources  94 segments  49,943 chars: SULAMI
  c22  2 sources 101 segments  45,568 chars: SULAMI TUSTARI
  c23  1 sources  26 segments  22,193 chars: AKHFASH
  c24  1 sources  32 segments  41,229 chars: FARRA
  c25  2 sources 159 segments  56,133 chars: FARRA IBNQUTAYBA-GHARIB
  c26  1 sources  41 segments  32,125 chars: MAJAZ
  c27  1 sources  22 segments  40,792 chars: NAHHAS
  c28  1 sources  24 segments  42,057 chars: NAHHAS
  c29  1 sources  15 segments  27,020 chars: NAHHAS
  c30  1 sources  47 segments  44,620 chars: SAMIN-DURR
  c31  1 sources  43 segments  43,771 chars: SAMIN-DURR
  c32  1 sources  54 segments  45,416 chars: SAMIN-DURR
  c33  1 sources  42 segments  43,184 chars: SAMIN-DURR
  c34  1 sources  53 segments  45,122 chars: SAMIN-DURR
  c35  1 sources  50 segments  44,085 chars: SAMIN-DURR
  c36  1 sources  48 segments  43,771 chars: SAMIN-DURR
  c37  1 sources  58 segments  45,143 chars: SAMIN-DURR
  c38  1 sources  54 segments  45,299 chars: SAMIN-DURR
  c39  1 sources  31 segments  32,447 chars: SAMIN-DURR
  c40  1 sources  35 segments  41,940 chars: ZAJJAJ
  c41  1 sources  43 segments  42,369 chars: ZAJJAJ
  c42  1 sources  39 segments  42,383 chars: ZAJJAJ
  c43  1 sources  22 segments  23,529 chars: ZAJJAJ
  c44  1 sources 128 segments  53,206 chars: ASAD-NOTES
  c45  1 sources 126 segments  52,417 chars: ASAD-NOTES
  c46  1 sources 110 segments  51,364 chars: ASAD-NOTES
  c47  1 sources 129 segments  53,121 chars: ASAD-NOTES
  c48  1 sources 101 segments  43,209 chars: ASAD-NOTES
  c49  1 sources   8 segments  11,788 chars: SAMARRAI-LAMASAT-HALAQAT
  c50  1 sources  13 segments  39,294 chars: ISLAHI-TADABBUR
  c51  1 sources  12 segments  39,807 chars: ISLAHI-TADABBUR
  c52  1 sources  13 segments  39,734 chars: ISLAHI-TADABBUR
  c53  1 sources  12 segments  39,422 chars: ISLAHI-TADABBUR
  c54  1 sources  12 segments  40,526 chars: ISLAHI-TADABBUR
  c55  1 sources   3 segments  10,765 chars: ISLAHI-TADABBUR
  c56  1 sources  34 segments  41,156 chars: FARISI-HUJJA
  c57  1 sources  34 segments  42,132 chars: FARISI-HUJJA
  c58  1 sources  40 segments  43,249 chars: FARISI-HUJJA
  c59  1 sources  15 segments  22,812 chars: IBNJINNI-MUHTASAB
  c60  1 sources  34 segments  32,254 chars: IBNKHALAWAYH-HUJJA
  c61  1 sources  24 segments  31,385 chars: IBNMUJAHID
  c62  1 sources 234 segments  59,720 chars: QIRAAT-ER
  c63  1 sources 148 segments  41,341 chars: QIRAAT-ER
  c64  1 sources 105 segments  52,278 chars: ABDURRAZZAQ
  c65  1 sources  62 segments  24,064 chars: ABDURRAZZAQ
  c66  1 sources  23 segments  42,897 chars: ABUHAYYAN-FULL
  c67  1 sources  23 segments  42,551 chars: ABUHAYYAN-FULL
  c68  1 sources  24 segments  41,930 chars: ABUHAYYAN-FULL
  c69  1 sources  22 segments  42,262 chars: ABUHAYYAN-FULL
  c70  1 sources  23 segments  42,910 chars: ABUHAYYAN-FULL
  c71  1 sources  22 segments  42,294 chars: ABUHAYYAN-FULL
  c72  1 sources  23 segments  41,649 chars: ABUHAYYAN-FULL
  c73  1 sources  24 segments  42,758 chars: ABUHAYYAN-FULL
  c74  1 sources  23 segments  41,932 chars: ABUHAYYAN-FULL
  c75  1 sources  12 segments  21,904 chars: ABUHAYYAN-FULL
  c76  1 sources  22 segments  41,774 chars: ALUSI-FULL
  c77  1 sources  24 segments  41,648 chars: ALUSI-FULL
  c78  1 sources  21 segments  42,091 chars: ALUSI-FULL
  c79  1 sources  20 segments  40,538 chars: ALUSI-FULL
  c80  1 sources  21 segments  40,890 chars: ALUSI-FULL
  c81  1 sources  25 segments  42,333 chars: ALUSI-FULL
  c82  1 sources  25 segments  39,955 chars: ALUSI-FULL
  c83  1 sources  23 segments  42,100 chars: ALUSI-FULL
  c84  1 sources  23 segments  41,403 chars: ALUSI-FULL
  c85  1 sources  23 segments  41,849 chars: ALUSI-FULL
  c86  1 sources  19 segments  40,654 chars: ALUSI-FULL
  c87  1 sources  20 segments  40,474 chars: ALUSI-FULL
  c88  1 sources  20 segments  40,660 chars: ALUSI-FULL
  c89  1 sources  18 segments  40,933 chars: ALUSI-FULL
  c90  1 sources  20 segments  40,086 chars: ALUSI-FULL
  c91  1 sources  21 segments  42,251 chars: ALUSI-FULL
  c92  1 sources  26 segments  41,902 chars: ALUSI-FULL
  c93  1 sources  18 segments  41,996 chars: ALUSI-FULL
  c94  1 sources  26 segments  42,887 chars: ALUSI-FULL
  c95  1 sources  21 segments  42,027 chars: ALUSI-FULL
  c96  1 sources  22 segments  42,276 chars: ALUSI-FULL
  c97  1 sources  16 segments  39,044 chars: ALUSI-FULL
  c98  1 sources  21 segments  41,584 chars: ALUSI-FULL
  c99  1 sources  24 segments  41,189 chars: ALUSI-FULL
  c100  1 sources  23 segments  40,495 chars: ALUSI-FULL
  c101  1 sources  20 segments  41,529 chars: ALUSI-FULL
  c102  1 sources  25 segments  41,021 chars: ALUSI-FULL
  c103  1 sources  24 segments  42,107 chars: ALUSI-FULL
  c104  1 sources  24 segments  41,786 chars: ALUSI-FULL
  c105  1 sources  19 segments  42,080 chars: ALUSI-FULL
  c106  1 sources  24 segments  41,977 chars: ALUSI-FULL
  c107  1 sources  22 segments  41,481 chars: ALUSI-FULL
  c108  1 sources  19 segments  41,395 chars: ALUSI-FULL
  c109  1 sources  30 segments  42,758 chars: ALUSI-FULL
  c110  1 sources  23 segments  42,336 chars: ALUSI-FULL
  c111  1 sources  27 segments  42,220 chars: ALUSI-FULL
  c112  1 sources  28 segments  43,068 chars: ALUSI-FULL
  c113  1 sources  29 segments  42,324 chars: ALUSI-FULL
  c114  1 sources  24 segments  41,253 chars: ALUSI-FULL
  c115  1 sources  27 segments  42,693 chars: ALUSI-FULL
  c116  1 sources  13 segments  19,470 chars: ALUSI-FULL
  c117  1 sources  43 segments  43,300 chars: BAGHAWI-FULL
  c118  1 sources  49 segments  44,169 chars: BAGHAWI-FULL
  c119  1 sources  41 segments  42,721 chars: BAGHAWI-FULL
  c120  1 sources  42 segments  42,835 chars: BAGHAWI-FULL
  c121  1 sources  42 segments  42,838 chars: BAGHAWI-FULL
  c122  1 sources  47 segments  43,900 chars: BAGHAWI-FULL
  c123  1 sources  38 segments  35,658 chars: BAGHAWI-FULL
  c124  1 sources  61 segments  45,957 chars: BAYDAWI-FULL
  c125  1 sources  65 segments  46,367 chars: BAYDAWI-FULL
  c126  1 sources  63 segments  46,740 chars: BAYDAWI-FULL
  c127  1 sources  71 segments  47,039 chars: BAYDAWI-FULL
  c128  1 sources  43 segments  27,423 chars: BAYDAWI-FULL
  c129  1 sources  20 segments  42,311 chars: BIQAI-FULL
  c130  1 sources  15 segments  40,443 chars: BIQAI-FULL
  c131  1 sources  17 segments  41,702 chars: BIQAI-FULL
  c132  1 sources  16 segments  39,481 chars: BIQAI-FULL
  c133  1 sources  17 segments  41,399 chars: BIQAI-FULL
  c134  1 sources  16 segments  40,412 chars: BIQAI-FULL
  c135  1 sources  17 segments  39,721 chars: BIQAI-FULL
  c136  1 sources  17 segments  41,668 chars: BIQAI-FULL
  c137  1 sources  16 segments  40,032 chars: BIQAI-FULL
  c138  1 sources  18 segments  41,275 chars: BIQAI-FULL
  c139  1 sources  15 segments  41,727 chars: BIQAI-FULL
  c140  1 sources  17 segments  39,865 chars: BIQAI-FULL
  c141  1 sources  15 segments  40,426 chars: BIQAI-FULL
  c142  1 sources  18 segments  41,232 chars: BIQAI-FULL
  c143  1 sources  17 segments  40,418 chars: BIQAI-FULL
  c144  1 sources  12 segments  25,899 chars: BIQAI-FULL
  c145  1 sources  26 segments  40,999 chars: DURR-FULL
  c146  1 sources  26 segments  41,567 chars: DURR-FULL
  c147  1 sources  25 segments  40,694 chars: DURR-FULL
  c148  1 sources  25 segments  41,893 chars: DURR-FULL
  c149  1 sources  24 segments  41,148 chars: DURR-FULL
  c150  1 sources  25 segments  40,701 chars: DURR-FULL
  c151  1 sources  25 segments  41,129 chars: DURR-FULL
  c152  1 sources  25 segments  41,604 chars: DURR-FULL
  c153  1 sources  27 segments  41,892 chars: DURR-FULL
  c154  1 sources  24 segments  40,737 chars: DURR-FULL
  c155  1 sources   3 segments   4,112 chars: DURR-FULL
  c156  1 sources  38 segments  44,269 chars: IBNABIHATIM
  c157  1 sources  38 segments  43,625 chars: IBNABIHATIM
  c158  1 sources  36 segments  43,307 chars: IBNABIHATIM
  c159  1 sources  17 segments  19,999 chars: IBNABIHATIM
  c160  1 sources  29 segments  43,007 chars: IBNASHUR-FULL
  c161  1 sources  31 segments  42,781 chars: IBNASHUR-FULL
  c162  1 sources  34 segments  43,448 chars: IBNASHUR-FULL
  c163  1 sources  34 segments  43,501 chars: IBNASHUR-FULL
  c164  1 sources  28 segments  43,358 chars: IBNASHUR-FULL
  c165  1 sources  30 segments  43,123 chars: IBNASHUR-FULL
  c166  1 sources  30 segments  43,575 chars: IBNASHUR-FULL
  c167  1 sources  29 segments  43,962 chars: IBNASHUR-FULL
  c168  1 sources  26 segments  42,845 chars: IBNASHUR-FULL
  c169  1 sources  30 segments  42,659 chars: IBNASHUR-FULL
  c170  1 sources  31 segments  44,225 chars: IBNASHUR-FULL
  c171  1 sources  34 segments  42,546 chars: IBNASHUR-FULL
  c172  1 sources  28 segments  43,800 chars: IBNASHUR-FULL
  c173  1 sources  30 segments  42,992 chars: IBNASHUR-FULL
  c174  1 sources  25 segments  42,114 chars: IBNASHUR-FULL
  c175  1 sources  26 segments  40,843 chars: IBNASHUR-FULL
  c176  1 sources  29 segments  42,866 chars: IBNATIYYA-FULL
  c177  1 sources  31 segments  43,719 chars: IBNATIYYA-FULL
  c178  1 sources  28 segments  43,350 chars: IBNATIYYA-FULL
  c179  1 sources  26 segments  42,831 chars: IBNATIYYA-FULL
  c180  1 sources  27 segments  42,198 chars: IBNATIYYA-FULL
  c181  1 sources  26 segments  42,666 chars: IBNATIYYA-FULL
  c182  1 sources  32 segments  43,556 chars: IBNATIYYA-FULL
  c183  1 sources  26 segments  40,957 chars: IBNATIYYA-FULL
  c184  1 sources  29 segments  43,127 chars: IBNATIYYA-FULL
  c185  1 sources  29 segments  42,272 chars: IBNATIYYA-FULL
  c186  1 sources  17 segments  25,503 chars: IBNATIYYA-FULL
  c187  1 sources  43 segments  44,032 chars: IBNJAWZI-ZAD
  c188  1 sources  49 segments  45,053 chars: IBNJAWZI-ZAD
  c189  1 sources  56 segments  46,463 chars: IBNJAWZI-ZAD
  c190  1 sources  62 segments  47,388 chars: IBNJAWZI-ZAD
  c191  1 sources  51 segments  45,161 chars: IBNJAWZI-ZAD
  c192  1 sources  52 segments  46,056 chars: IBNJAWZI-ZAD
  c193  1 sources  52 segments  45,492 chars: IBNJAWZI-ZAD
  c194  1 sources  65 segments  47,258 chars: IBNJAWZI-ZAD
  c195  1 sources  51 segments  35,197 chars: IBNJAWZI-ZAD
  c196  1 sources  37 segments  50,116 chars: IBNKATHIR-FULL
  c197  1 sources  40 segments  52,188 chars: IBNKATHIR-FULL
  c198  1 sources  25 segments  44,691 chars: IBNKATHIR-FULL
  c199  1 sources  22 segments  44,546 chars: IBNKATHIR-FULL
  c200  1 sources  27 segments  45,845 chars: IBNKATHIR-FULL
  c201  1 sources  41 segments  50,091 chars: IBNKATHIR-FULL
  c202  1 sources  37 segments  48,401 chars: IBNKATHIR-FULL
  c203  1 sources  36 segments  49,737 chars: IBNKATHIR-FULL
  c204  1 sources  37 segments  51,701 chars: IBNKATHIR-FULL
  c205  1 sources  32 segments  49,906 chars: IBNKATHIR-FULL
  c206  1 sources  37 segments  50,114 chars: IBNKATHIR-FULL
  c207  1 sources  37 segments  50,272 chars: IBNKATHIR-FULL
  c208  1 sources  32 segments  46,298 chars: IBNKATHIR-FULL
  c209  1 sources  25 segments  41,986 chars: JISHUMI
  c210  1 sources  23 segments  41,228 chars: JISHUMI
  c211  1 sources  26 segments  42,958 chars: JISHUMI
  c212  1 sources  25 segments  41,937 chars: JISHUMI
  c213  1 sources  27 segments  42,588 chars: JISHUMI
  c214  1 sources  25 segments  42,597 chars: JISHUMI
  c215  1 sources  23 segments  42,069 chars: JISHUMI
  c216  1 sources   5 segments   8,505 chars: JISHUMI
  c217  1 sources  31 segments  41,846 chars: KASHSHAF-FULL
  c218  1 sources  44 segments  44,674 chars: KASHSHAF-FULL
  c219  1 sources  41 segments  42,113 chars: KASHSHAF-FULL
  c220  1 sources  40 segments  44,230 chars: KASHSHAF-FULL
  c221  1 sources  39 segments  43,683 chars: KASHSHAF-FULL
  c222  1 sources  44 segments  44,864 chars: KASHSHAF-FULL
  c223  1 sources  50 segments  45,144 chars: KASHSHAF-FULL
  c224  1 sources  30 segments  34,362 chars: KASHSHAF-FULL
  c225  1 sources  31 segments  43,644 chars: MAWARDI-FULL
  c226  1 sources  29 segments  43,216 chars: MAWARDI-FULL
  c227  1 sources  49 segments  44,601 chars: MAWARDI-FULL
  c228  1 sources  34 segments  43,720 chars: MAWARDI-FULL
  c229  1 sources  32 segments  42,636 chars: MAWARDI-FULL
  c230  1 sources  23 segments  26,339 chars: MAWARDI-FULL
  c231  1 sources 131 segments  38,171 chars: MUJAHID
  c232  1 sources  48 segments  44,249 chars: MUQATIL
  c233  1 sources  50 segments  45,042 chars: MUQATIL
  c234  1 sources  56 segments  45,169 chars: MUQATIL
  c235  1 sources   6 segments   4,160 chars: MUQATIL
  c236  1 sources  69 segments  47,907 chars: NASAFI-FULL
  c237  1 sources  82 segments  49,547 chars: NASAFI-FULL
  c238  1 sources  90 segments  49,391 chars: NASAFI-FULL
  c239  1 sources 104 segments  51,688 chars: NASAFI-FULL
  c240  1 sources  41 segments  22,429 chars: NASAFI-FULL
  c241  1 sources  28 segments  42,726 chars: QURTUBI-FULL
  c242  1 sources  25 segments  42,473 chars: QURTUBI-FULL
  c243  1 sources  31 segments  42,909 chars: QURTUBI-FULL
  c244  1 sources  25 segments  40,821 chars: QURTUBI-FULL
  c245  1 sources  24 segments  41,612 chars: QURTUBI-FULL
  c246  1 sources  28 segments  40,974 chars: QURTUBI-FULL
  c247  1 sources  31 segments  42,109 chars: QURTUBI-FULL
  c248  1 sources  37 segments  43,626 chars: QURTUBI-FULL
  c249  1 sources  28 segments  42,531 chars: QURTUBI-FULL
  c250  1 sources  33 segments  41,981 chars: QURTUBI-FULL
  c251  1 sources  29 segments  41,530 chars: QURTUBI-FULL
  c252  1 sources  25 segments  41,595 chars: QURTUBI-FULL
  c253  1 sources  21 segments  41,422 chars: QURTUBI-FULL
  c254  1 sources  24 segments  42,207 chars: QURTUBI-FULL
  c255  1 sources  22 segments  41,355 chars: QURTUBI-FULL
  c256  1 sources  26 segments  42,297 chars: QURTUBI-FULL
  c257  1 sources  26 segments  37,624 chars: QURTUBI-FULL
  c258  1 sources  29 segments  42,287 chars: RAZI-FULL
  c259  1 sources  24 segments  42,035 chars: RAZI-FULL
  c260  1 sources  26 segments  42,861 chars: RAZI-FULL
  c261  1 sources  28 segments  41,971 chars: RAZI-FULL
  c262  1 sources  27 segments  42,546 chars: RAZI-FULL
  c263  1 sources  25 segments  42,248 chars: RAZI-FULL
  c264  1 sources  26 segments  42,618 chars: RAZI-FULL
  c265  1 sources  26 segments  41,984 chars: RAZI-FULL
  c266  1 sources  26 segments  42,998 chars: RAZI-FULL
  c267  1 sources  26 segments  42,649 chars: RAZI-FULL
  c268  1 sources  26 segments  42,193 chars: RAZI-FULL
  c269  1 sources  25 segments  42,959 chars: RAZI-FULL
  c270  1 sources  19 segments  41,528 chars: RAZI-FULL
  c271  1 sources  23 segments  42,426 chars: RAZI-FULL
  c272  1 sources  24 segments  41,706 chars: RAZI-FULL
  c273  1 sources  27 segments  43,037 chars: RAZI-FULL
  c274  1 sources  28 segments  42,957 chars: RAZI-FULL
  c275  1 sources  28 segments  42,065 chars: RAZI-FULL
  c276  1 sources  27 segments  42,107 chars: RAZI-FULL
  c277  1 sources  25 segments  42,181 chars: RAZI-FULL
  c278  1 sources  22 segments  41,288 chars: RAZI-FULL
  c279  1 sources  28 segments  43,302 chars: RAZI-FULL
  c280  1 sources  18 segments  25,886 chars: RAZI-FULL
  c281  1 sources  27 segments  42,173 chars: STUDYQURAN
  c282  1 sources  47 segments  40,887 chars: STUDYQURAN
  c283  1 sources  23 segments  39,633 chars: STUDYQURAN
  c284  1 sources  26 segments  42,476 chars: STUDYQURAN
  c285  1 sources  22 segments  40,594 chars: STUDYQURAN
  c286  1 sources  27 segments  40,762 chars: STUDYQURAN
  c287  1 sources  18 segments  27,532 chars: STUDYQURAN
  c288  1 sources   3 segments  39,197 chars: STUDYQURAN
  c289  1 sources  19 segments  21,837 chars: STUDYQURAN
  c290  1 sources   5 segments  40,252 chars: STUDYQURAN
  c291  1 sources  29 segments  43,027 chars: STUDYQURAN
  c292  1 sources  11 segments  13,320 chars: STUDYQURAN
  c293  1 sources  41 segments  51,766 chars: TAB-FULL
  c294  1 sources  34 segments  48,889 chars: TAB-FULL
  c295  1 sources  40 segments  52,163 chars: TAB-FULL
  c296  1 sources  40 segments  51,288 chars: TAB-FULL
  c297  1 sources  33 segments  49,438 chars: TAB-FULL
  c298  1 sources  36 segments  48,886 chars: TAB-FULL
  c299  1 sources  26 segments  46,144 chars: TAB-FULL
  c300  1 sources  28 segments  47,978 chars: TAB-FULL
  c301  1 sources  28 segments  49,015 chars: TAB-FULL
  c302  1 sources  34 segments  50,477 chars: TAB-FULL
  c303  1 sources  42 segments  52,698 chars: TAB-FULL
  c304  1 sources  36 segments  50,025 chars: TAB-FULL
  c305  1 sources  28 segments  48,446 chars: TAB-FULL
  c306  1 sources  41 segments  51,939 chars: TAB-FULL
  c307  1 sources  33 segments  48,381 chars: TAB-FULL
  c308  1 sources  41 segments  52,320 chars: TAB-FULL
  c309  1 sources  45 segments  51,489 chars: TAB-FULL
  c310  1 sources  36 segments  49,423 chars: TAB-FULL
  c311  1 sources  49 segments  54,690 chars: TAB-FULL
  c312  1 sources  38 segments  51,183 chars: TAB-FULL
  c313  1 sources   3 segments   5,108 chars: TAB-FULL
  c314  1 sources  21 segments  41,985 chars: TABATABAI
  c315  1 sources  20 segments  40,315 chars: TABATABAI
  c316  1 sources  19 segments  41,605 chars: TABATABAI
  c317  1 sources  19 segments  40,497 chars: TABATABAI
  c318  1 sources  20 segments  41,604 chars: TABATABAI
  c319  1 sources  20 segments  40,203 chars: TABATABAI
  c320  1 sources  20 segments  41,082 chars: TABATABAI
  c321  1 sources  18 segments  41,364 chars: TABATABAI
  c322  1 sources  22 segments  41,685 chars: TABATABAI
  c323  1 sources  19 segments  40,960 chars: TABATABAI
  c324  1 sources  21 segments  41,754 chars: TABATABAI
  c325  1 sources  22 segments  41,967 chars: TABATABAI
  c326  1 sources  23 segments  42,334 chars: TABATABAI
  c327  1 sources  23 segments  41,116 chars: TABATABAI
  c328  1 sources  21 segments  41,006 chars: TABATABAI
  c329  1 sources  19 segments  41,999 chars: TABATABAI
  c330  1 sources  23 segments  41,587 chars: TABATABAI
  c331  1 sources  20 segments  41,140 chars: TABATABAI
  c332  1 sources  20 segments  41,284 chars: TABATABAI
  c333  1 sources  23 segments  41,553 chars: TABATABAI
  c334  1 sources  13 segments  24,503 chars: TABATABAI
  c335  1 sources  26 segments  41,311 chars: TABRISI
  c336  1 sources  21 segments  41,583 chars: TABRISI
  c337  1 sources  21 segments  40,070 chars: TABRISI
  c338  1 sources  24 segments  40,874 chars: TABRISI
  c339  1 sources  24 segments  42,000 chars: TABRISI
  c340  1 sources  22 segments  41,393 chars: TABRISI
  c341  1 sources  25 segments  42,235 chars: TABRISI
  c342  1 sources  26 segments  42,274 chars: TABRISI
  c343  1 sources  26 segments  41,437 chars: TABRISI
  c344  1 sources  23 segments  40,969 chars: TABRISI
  c345  1 sources  23 segments  40,660 chars: TABRISI
  c346  1 sources   9 segments  16,521 chars: TABRISI
  c347  1 sources  25 segments  43,017 chars: THALABI
  c348  1 sources  25 segments  41,708 chars: THALABI
  c349  1 sources  24 segments  43,392 chars: THALABI
  c350  1 sources  24 segments  43,244 chars: THALABI
  c351  1 sources  28 segments  43,203 chars: THALABI
  c352  1 sources  25 segments  43,761 chars: THALABI
  c353  1 sources  27 segments  43,579 chars: THALABI
  c354  1 sources  24 segments  41,903 chars: THALABI
  c355  1 sources  26 segments  42,480 chars: THALABI
  c356  1 sources  48 segments  44,063 chars: WAHIDI-BASIT
  c357  1 sources  45 segments  43,506 chars: WAHIDI-BASIT
  c358  1 sources  46 segments  44,247 chars: WAHIDI-BASIT
  c359  1 sources  49 segments  44,559 chars: WAHIDI-BASIT
  c360  1 sources  49 segments  44,965 chars: WAHIDI-BASIT
  c361  1 sources  44 segments  44,004 chars: WAHIDI-BASIT
  c362  1 sources  42 segments  44,450 chars: WAHIDI-BASIT
  c363  1 sources  56 segments  45,546 chars: WAHIDI-BASIT
  c364  1 sources  42 segments  43,791 chars: WAHIDI-BASIT
  c365  1 sources  45 segments  44,028 chars: WAHIDI-BASIT
  c366  1 sources  50 segments  44,864 chars: WAHIDI-BASIT
  c367  1 sources  54 segments  45,596 chars: WAHIDI-BASIT
  c368  1 sources  45 segments  44,971 chars: WAHIDI-BASIT
  c369  1 sources   7 segments   5,915 chars: WAHIDI-BASIT
  c370  1 sources  73 segments  47,416 chars: WAHIDI-WAJIZ
  c371  1 sources  54 segments  33,241 chars: WAHIDI-WAJIZ
  c372  1 sources  45 segments  44,507 chars: YAHYA-SALLAM
  c373  1 sources  42 segments  43,349 chars: YAHYA-SALLAM
  c374  1 sources  46 segments  44,757 chars: YAHYA-SALLAM
  c375  1 sources   5 segments   6,036 chars: YAHYA-SALLAM
  c376  1 sources  20 segments  41,681 chars: ELMALILI
  c377  1 sources  19 segments  39,188 chars: ELMALILI
  c378  1 sources  10 segments  39,074 chars: ELMALILI
  c379  1 sources  17 segments  40,618 chars: ELMALILI
  c380  1 sources  16 segments  40,967 chars: ELMALILI
  c381  1 sources  18 segments  40,425 chars: ELMALILI
  c382  1 sources  15 segments  36,986 chars: ELMALILI
  c383  1 sources  15 segments  24,099 chars: ELMALILI
  c384  1 sources  55 segments  43,840 chars: KURANYOLU-TEFSIR
  c385  1 sources  25 segments  41,628 chars: KURANYOLU-TEFSIR
  c386  1 sources  34 segments  42,094 chars: KURANYOLU-TEFSIR
  c387  1 sources  26 segments  41,726 chars: KURANYOLU-TEFSIR
  c388  1 sources  39 segments  42,396 chars: KURANYOLU-TEFSIR
  c389  1 sources  37 segments  42,525 chars: KURANYOLU-TEFSIR
  c390  2 sources  28 segments  30,950 chars: KURANYOLU-TEFSIR SUYUTI-LUBAB
  c391  1 sources   9 segments  14,233 chars: WAHIDI-ASBAB
SKIPPED 2312 segment(s): already digested in s103-1 (each listed in manifest.json)
SKIPPED 211 segment(s): already digested in s103-23 (each listed in manifest.json)
SKIPPED 35204 segment(s): kind meal (each listed in manifest.json)
SKIPPED 430 segment(s): kind quran (each listed in manifest.json)
SKIPPED 860 segment(s): kind translation (each listed in manifest.json)
